Archive member included because of file (symbol)

/Users/edwinfinch/Library/Application Support/Pebble SDK/SDKs/current/sdk-core/pebble/aplite/lib/libpebble.a(tmpxtwnPTpebble.o)
                              src/ipod.c.33.o (app_event_loop)

Allocating common symbols
Common symbol       size              file

ipod_state_callback
                    0x4               src/ipod_state.c.33.o
now_playing_timer   0x4               src/windows/now_playing.c.33.o
connection_window   0x4               src/windows/connection_window.c.33.o
main_menu_window    0x4               src/windows/main_menu.c.33.o
main_menu_items     0x60              src/windows/main_menu.c.33.o
main_menu_icons     0x18              src/windows/main_menu.c.33.o
artist_font         0x4               src/windows/now_playing.c.33.o
s_shuffle_mode      0x1               src/ipod_state.c.33.o
repeat_icon_inverted
                    0x4               src/windows/library_menus.c.33.o
current_callback    0x4               src/settings.c.33.o
now_playing_window  0x4               src/windows/now_playing.c.33.o
background_colour   0x1               src/windows/now_playing.c.33.o
now_playing_settings
                    0x4               src/windows/now_playing.c.33.o
now_playing_progress_bar
                    0x4               src/windows/now_playing.c.33.o
now_playing_artist_layer
                    0x4               src/windows/now_playing.c.33.o
shuffle_icon        0x4               src/windows/library_menus.c.33.o
now_playing_album_art_layer
                    0x8               src/windows/now_playing.c.33.o
menu_stack_count    0x1               src/windows/library_menus.c.33.o
now_playing_title_layer
                    0x4               src/windows/now_playing.c.33.o
action_bar_timer    0x4               src/windows/now_playing.c.33.o
highlight_index     0x4               src/windows/main_menu.c.33.o
s_current_time      0x4               src/ipod_state.c.33.o
main_menu_icons_inverted
                    0x18              src/windows/main_menu.c.33.o
current_type        0x1               src/ipod_state.c.33.o
s_repeat_mode       0x1               src/ipod_state.c.33.o
current_settings    0x4               src/settings.c.33.o
album_art_bitmap    0x8               src/ipod_state.c.33.o
repeat_icon         0x4               src/windows/library_menus.c.33.o
shuffle_icon_inverted
                    0x4               src/windows/library_menus.c.33.o
s_duration          0x4               src/ipod_state.c.33.o
menu_stack          0x10              src/windows/library_menus.c.33.o
window              0x4               src/ipod.c.33.o
artist_frame        0x8               src/windows/now_playing.c.33.o
control_action_bar  0x4               src/windows/now_playing.c.33.o
now_playing_graphics_layer
                    0x4               src/windows/now_playing.c.33.o
s_playback_state    0x1               src/ipod_state.c.33.o
invert_controls_timer
                    0x4               src/windows/now_playing.c.33.o
now_playing_album_art_bitmap
                    0x8               src/windows/now_playing.c.33.o
current_tasty_cookie
                    0x1               src/windows/connection_window.c.33.o

Discarded input sections

 .text          0x0000000000000000        0x0 /usr/local/Cellar/pebble-toolchain/2.0/arm-cs-tools/bin/../lib/gcc/arm-none-eabi/4.7.2/thumb2/crti.o
 .bss           0x0000000000000000        0x0 /usr/local/Cellar/pebble-toolchain/2.0/arm-cs-tools/bin/../lib/gcc/arm-none-eabi/4.7.2/thumb2/crti.o
 .init          0x0000000000000000        0x4 /usr/local/Cellar/pebble-toolchain/2.0/arm-cs-tools/bin/../lib/gcc/arm-none-eabi/4.7.2/thumb2/crti.o
 .fini          0x0000000000000000        0x4 /usr/local/Cellar/pebble-toolchain/2.0/arm-cs-tools/bin/../lib/gcc/arm-none-eabi/4.7.2/thumb2/crti.o
 .text          0x0000000000000000       0xc8 /usr/local/Cellar/pebble-toolchain/2.0/arm-cs-tools/bin/../lib/gcc/arm-none-eabi/4.7.2/thumb2/crtbegin.o
 .bss           0x0000000000000000       0x1c /usr/local/Cellar/pebble-toolchain/2.0/arm-cs-tools/bin/../lib/gcc/arm-none-eabi/4.7.2/thumb2/crtbegin.o
 .init_array    0x0000000000000000        0x4 /usr/local/Cellar/pebble-toolchain/2.0/arm-cs-tools/bin/../lib/gcc/arm-none-eabi/4.7.2/thumb2/crtbegin.o
 .fini_array    0x0000000000000000        0x4 /usr/local/Cellar/pebble-toolchain/2.0/arm-cs-tools/bin/../lib/gcc/arm-none-eabi/4.7.2/thumb2/crtbegin.o
 .eh_frame      0x0000000000000000        0x0 /usr/local/Cellar/pebble-toolchain/2.0/arm-cs-tools/bin/../lib/gcc/arm-none-eabi/4.7.2/thumb2/crtbegin.o
 .jcr           0x0000000000000000        0x0 /usr/local/Cellar/pebble-toolchain/2.0/arm-cs-tools/bin/../lib/gcc/arm-none-eabi/4.7.2/thumb2/crtbegin.o
 .tm_clone_table
                0x0000000000000000        0x0 /usr/local/Cellar/pebble-toolchain/2.0/arm-cs-tools/bin/../lib/gcc/arm-none-eabi/4.7.2/thumb2/crtbegin.o
 .text          0x0000000000000000        0x0 src/common.c.33.o
[...]
Memory Configuration

Name             Origin             Length             Attributes
APP              0x0000000000000000 0x0000000000006000 xrw
*default*        0x0000000000000000 0xffffffffffffffff

Linker script and memory map

LOAD /usr/local/Cellar/pebble-toolchain/2.0/arm-cs-tools/bin/../lib/gcc/arm-none-eabi/4.7.2/thumb2/crti.o
LOAD /usr/local/Cellar/pebble-toolchain/2.0/arm-cs-tools/bin/../lib/gcc/arm-none-eabi/4.7.2/thumb2/crtbegin.o
LOAD src/common.c.33.o
LOAD src/gbitmap.c.33.o
LOAD src/ipod.c.33.o
LOAD src/ipod_state.c.33.o
LOAD src/layers/marquee_text.c.33.o
LOAD src/layers/progress_bar.c.33.o
LOAD src/settings.c.33.o
LOAD src/windows/connection_window.c.33.o
LOAD src/windows/library_menus.c.33.o
LOAD src/windows/main_menu.c.33.o
LOAD src/windows/message_window.c.33.o
LOAD src/windows/now_playing.c.33.o
LOAD aplite/appinfo.auto.c.33.o
LOAD aplite/src/resource_ids.auto.c.33.o
LOAD /Users/edwinfinch/Library/Application Support/Pebble SDK/SDKs/current/sdk-core/pebble/aplite/lib/libpebble.a
START GROUP
LOAD /usr/local/Cellar/pebble-toolchain/2.0/arm-cs-tools/bin/../lib/gcc/arm-none-eabi/4.7.2/thumb2/libgcc.a
LOAD /usr/local/Cellar/pebble-toolchain/2.0/arm-cs-tools/bin/../lib/gcc/arm-none-eabi/4.7.2/../../../../arm-none-eabi/lib/thumb2/libc.a
END GROUP
LOAD /usr/local/Cellar/pebble-toolchain/2.0/arm-cs-tools/bin/../lib/gcc/arm-none-eabi/4.7.2/thumb2/crtend.o
LOAD /usr/local/Cellar/pebble-toolchain/2.0/arm-cs-tools/bin/../lib/gcc/arm-none-eabi/4.7.2/thumb2/crtn.o

.header         0x0000000000000000       0x82
 *(.pbl_header)
 .pbl_header    0x0000000000000000       0x82 aplite/appinfo.auto.c.33.o
                0x0000000000000000                __pbl_app_info

.note.gnu.build-id
                0x0000000000000082       0x26
                0x0000000000000082                PROVIDE (BUILD_ID, .)
 *(.note.gnu.build-id)
 *fill*         0x0000000000000082        0x2 
 .note.gnu.build-id
                0x0000000000000084       0x24 linker stubs

.text           0x00000000000000a8     0x3538
 *(.text)
 .text          0x00000000000000a8       0x14 /Users/edwinfinch/Library/Application Support/Pebble SDK/SDKs/current/sdk-core/pebble/aplite/lib/libpebble.a(tmpxtwnPTpebble.o)
 *(.text.*)
 .text.ipod_message_timer_fire
                0x00000000000000bc        0x4 src/common.c.33.o
                0x00000000000000bc                ipod_message_timer_fire
 .text.ipod_message_destroy
                0x00000000000000c0       0x14 src/common.c.33.o
                0x00000000000000c0                ipod_message_destroy
 .text.ipod_message_outbox_get
                0x00000000000000d4       0x3c src/common.c.33.o
                0x00000000000000d4                ipod_message_outbox_get
 .text.tick_handler
                0x0000000000000110        0xe src/ipod.c.33.o
                0x0000000000000110                tick_handler
 *fill*         0x000000000000011e        0x2 
 .text.ipod_create
                0x0000000000000120       0x30 src/ipod.c.33.o
                0x0000000000000120                ipod_create
 .text.ipod_app_timer_handler
                0x0000000000000150        0xe src/ipod.c.33.o
                0x0000000000000150                ipod_app_timer_handler
 *fill*         0x000000000000015e        0x2 
 .text.startup.main
                0x0000000000000160       0x34 src/ipod.c.33.o
                0x0000000000000160                main
 .text.ipod_state_set_callback
                0x0000000000000194       0x14 src/ipod_state.c.33.o
                0x0000000000000194                ipod_state_set_callback
 .text.ipod_state_current_time
                0x00000000000001a8       0x14 src/ipod_state.c.33.o
                0x00000000000001a8                ipod_state_current_time
 .text.ipod_state_duration
                0x00000000000001bc       0x14 src/ipod_state.c.33.o
                0x00000000000001bc                ipod_state_duration
 .text.ipod_get_playback_state
                0x00000000000001d0       0x14 src/ipod_state.c.33.o
                0x00000000000001d0                ipod_get_playback_state
 .text.ipod_get_artist
                0x00000000000001e4        0xc src/ipod_state.c.33.o
                0x00000000000001e4                ipod_get_artist
 .text.ipod_get_title
                0x00000000000001f0        0xc src/ipod_state.c.33.o
                0x00000000000001f0                ipod_get_title
 .text.now_playing_request
                0x00000000000001fc       0x64 src/ipod_state.c.33.o
                0x00000000000001fc                now_playing_request
 .text.ipod_state_tick
                0x0000000000000260       0x58 src/ipod_state.c.33.o
                0x0000000000000260                ipod_state_tick
 .text.call_callback
                0x00000000000002b8       0x4c src/ipod_state.c.33.o
                0x00000000000002b8                call_callback
 .text.destroy_all_album_art
                0x0000000000000304       0x40 src/ipod_state.c.33.o
                0x0000000000000304                destroy_all_album_art
 .text.create_bitmap
                0x0000000000000344       0x74 src/ipod_state.c.33.o
                0x0000000000000344                create_bitmap
 .text.process_album_art_tuple
                0x00000000000003b8      0x108 src/ipod_state.c.33.o
                0x00000000000003b8                process_album_art_tuple
 .text.process_tuple
                0x00000000000004c0      0x184 src/ipod_state.c.33.o
                0x00000000000004c0                process_tuple
 .text.ipod_received_handler
                0x0000000000000644       0x20 src/ipod_state.c.33.o
                0x0000000000000644                ipod_received_handler
 .text.ipod_state_create
                0x0000000000000664       0x28 src/ipod_state.c.33.o
                0x0000000000000664                ipod_state_create
 .text.marquee_text_layer_update_proc
                0x000000000000068c      0x186 src/layers/marquee_text.c.33.o
                0x000000000000068c                marquee_text_layer_update_proc
 *fill*         0x0000000000000812        0x2 
 .text.marquee_text_layer_destroy
                0x0000000000000814       0x34 src/layers/marquee_text.c.33.o
                0x0000000000000814                marquee_text_layer_destroy
 .text.marquee_text_layer_get_layer
                0x0000000000000848        0x4 src/layers/marquee_text.c.33.o
                0x0000000000000848                marquee_text_layer_get_layer
 .text.marquee_text_layer_mark_dirty
                0x000000000000084c       0x14 src/layers/marquee_text.c.33.o
                0x000000000000084c                marquee_text_layer_mark_dirty
 .text.marquee_text_layer_set_font
                0x0000000000000860        0x6 src/layers/marquee_text.c.33.o
                0x0000000000000860                marquee_text_layer_set_font
 .text.marquee_text_layer_set_text
                0x0000000000000866        0x6 src/layers/marquee_text.c.33.o
                0x0000000000000866                marquee_text_layer_set_text
 .text.marquee_text_layer_create
                0x000000000000086c       0x90 src/layers/marquee_text.c.33.o
                0x000000000000086c                marquee_text_layer_create
 .text.marquee_text_layer_tick
                0x00000000000008fc       0x30 src/layers/marquee_text.c.33.o
                0x00000000000008fc                marquee_text_layer_tick
 .text.progress_bar_update_proc
                0x000000000000092c       0x64 src/layers/progress_bar.c.33.o
 .text.progress_bar_layer_create
                0x0000000000000990       0x40 src/layers/progress_bar.c.33.o
                0x0000000000000990                progress_bar_layer_create
 .text.progress_bar_layer_destroy
                0x00000000000009d0       0x14 src/layers/progress_bar.c.33.o
                0x00000000000009d0                progress_bar_layer_destroy
 .text.progress_bar_layer_get_layer
                0x00000000000009e4        0x4 src/layers/progress_bar.c.33.o
                0x00000000000009e4                progress_bar_layer_get_layer
 .text.progress_bar_layer_set_range
                0x00000000000009e8        0xe src/layers/progress_bar.c.33.o
                0x00000000000009e8                progress_bar_layer_set_range
 .text.progress_bar_layer_set_value
                0x00000000000009f6        0xc src/layers/progress_bar.c.33.o
                0x00000000000009f6                progress_bar_layer_set_value
 *fill*         0x0000000000000a02        0x2 
 .text.settings_service_subscribe
                0x0000000000000a04       0x14 src/settings.c.33.o
                0x0000000000000a04                settings_service_subscribe
 .text.settings_get_settings
                0x0000000000000a18       0x3c src/settings.c.33.o
                0x0000000000000a18                settings_get_settings
 .text.settings_prepare_defaults
                0x0000000000000a54       0x20 src/settings.c.33.o
                0x0000000000000a54                settings_prepare_defaults
 .text.settings_load
                0x0000000000000a74       0x28 src/settings.c.33.o
                0x0000000000000a74                settings_load
 .text.settings_save
                0x0000000000000a9c       0x18 src/settings.c.33.o
                0x0000000000000a9c                settings_save
 .text.settings_set_settings
                0x0000000000000ab4       0x34 src/settings.c.33.o
                0x0000000000000ab4                settings_set_settings
 .text.connection_window_unload
                0x0000000000000ae8       0x38 src/windows/connection_window.c.33.o
                0x0000000000000ae8                connection_window_unload
 .text.connection_window_load
                0x0000000000000b20      0x2d0 src/windows/connection_window.c.33.o
                0x0000000000000b20                connection_window_load
 .text.connection_window_background_proc
                0x0000000000000df0       0x2e src/windows/connection_window.c.33.o
                0x0000000000000df0                connection_window_background_proc
 *fill*         0x0000000000000e1e        0x2 
 .text.connection_window_click_config_provider
                0x0000000000000e20       0x24 src/windows/connection_window.c.33.o
                0x0000000000000e20                connection_window_click_config_provider
 .text.connection_window_click_back
                0x0000000000000e44        0x6 src/windows/connection_window.c.33.o
                0x0000000000000e44                connection_window_click_back
 *fill*         0x0000000000000e4a        0x2 
 .text.connection_window_click_select
                0x0000000000000e4c       0x34 src/windows/connection_window.c.33.o
                0x0000000000000e4c                connection_window_click_select
 .text.connection_window_send_test_message
                0x0000000000000e80       0x48 src/windows/connection_window.c.33.o
                0x0000000000000e80                connection_window_send_test_message
 .text.connection_window_reload
                0x0000000000000ec8       0x5c src/windows/connection_window.c.33.o
                0x0000000000000ec8                connection_window_reload
 .text.connection_window_push
                0x0000000000000f24       0x98 src/windows/connection_window.c.33.o
                0x0000000000000f24                connection_window_push
 .text.connection_window_pebblekit_connection_handler
                0x0000000000000fbc       0x24 src/windows/connection_window.c.33.o
                0x0000000000000fbc                connection_window_pebblekit_connection_handler
 .text.connection_window_pebble_app_connection_handler
                0x0000000000000fe0       0x24 src/windows/connection_window.c.33.o
                0x0000000000000fe0                connection_window_pebble_app_connection_handler
 .text.connection_window_outbox_failed_handler
                0x0000000000001004        0x6 src/windows/connection_window.c.33.o
                0x0000000000001004                connection_window_outbox_failed_handler
 .text.connection_window_inbox_dropped_handler
                0x000000000000100a        0xe src/windows/connection_window.c.33.o
                0x000000000000100a                connection_window_inbox_dropped_handler
 .text.connection_window_got_test_message
                0x0000000000001018       0x20 src/windows/connection_window.c.33.o
                0x0000000000001018                connection_window_got_test_message
 .text.connection_window_set_wakeup_cookie
                0x0000000000001038       0x14 src/windows/connection_window.c.33.o
                0x0000000000001038                connection_window_set_wakeup_cookie
 .text.connection_window_attach
                0x000000000000104c       0x34 src/windows/connection_window.c.33.o
                0x000000000000104c                connection_window_attach
 .text.get_num_rows
                0x0000000000001080       0x34 src/windows/library_menus.c.33.o
                0x0000000000001080                get_num_rows
 .text.draw_row
                0x00000000000010b4      0x28c src/windows/library_menus.c.33.o
                0x00000000000010b4                draw_row
 .text.library_menus_window_unload
                0x0000000000001340       0x78 src/windows/library_menus.c.33.o
                0x0000000000001340                library_menus_window_unload
 .text.library_menus_create
                0x00000000000013b8       0x18 src/windows/library_menus.c.33.o
                0x00000000000013b8                library_menus_create
 .text.library_menus_pop_all
                0x00000000000013d0       0x28 src/windows/library_menus.c.33.o
                0x00000000000013d0                library_menus_pop_all
 .text.build_parent_history
                0x00000000000013f8       0x7c src/windows/library_menus.c.33.o
                0x00000000000013f8                build_parent_history
 .text.send_library_request
                0x0000000000001474       0x54 src/windows/library_menus.c.33.o
                0x0000000000001474                send_library_request
 .text.selection_changed
                0x00000000000014c8       0x9c src/windows/library_menus.c.33.o
                0x00000000000014c8                selection_changed
 .text.play_track
                0x0000000000001564       0x6c src/windows/library_menus.c.33.o
                0x0000000000001564                play_track
 .text.clear_library_entry_data
                0x00000000000015d0       0x16 src/windows/library_menus.c.33.o
                0x00000000000015d0                clear_library_entry_data
 *fill*         0x00000000000015e6        0x2 
 .text.library_menus_display_view
                0x00000000000015e8      0x1b4 src/windows/library_menus.c.33.o
                0x00000000000015e8                library_menus_display_view
 .text.select_click
                0x000000000000179c       0xbc src/windows/library_menus.c.33.o
                0x000000000000179c                select_click
 .text.library_menus_inbox
                0x0000000000001858      0x1c4 src/windows/library_menus.c.33.o
                0x0000000000001858                library_menus_inbox
 .text.main_menu_get_num_sections
                0x0000000000001a1c        0x4 src/windows/main_menu.c.33.o
                0x0000000000001a1c                main_menu_get_num_sections
 .text.menu_get_num_rows_callback
                0x0000000000001a20        0x4 src/windows/main_menu.c.33.o
                0x0000000000001a20                menu_get_num_rows_callback
 .text.menu_get_header_height_callback
                0x0000000000001a24        0x4 src/windows/main_menu.c.33.o
                0x0000000000001a24                menu_get_header_height_callback
 .text.update_highlight_colours
                0x0000000000001a28        0x2 src/windows/main_menu.c.33.o
                0x0000000000001a28                update_highlight_colours
 *fill*         0x0000000000001a2a        0x2 
 .text.menu_select_callback
                0x0000000000001a2c       0x20 src/windows/main_menu.c.33.o
                0x0000000000001a2c                menu_select_callback
 .text.open_composer_list
                0x0000000000001a4c       0x10 src/windows/main_menu.c.33.o
                0x0000000000001a4c                open_composer_list
 .text.open_genre_list
                0x0000000000001a5c       0x10 src/windows/main_menu.c.33.o
                0x0000000000001a5c                open_genre_list
 .text.open_playlist_list
                0x0000000000001a6c       0x10 src/windows/main_menu.c.33.o
                0x0000000000001a6c                open_playlist_list
 .text.open_album_list
                0x0000000000001a7c       0x10 src/windows/main_menu.c.33.o
                0x0000000000001a7c                open_album_list
 .text.open_artist_list
                0x0000000000001a8c       0x10 src/windows/main_menu.c.33.o
                0x0000000000001a8c                open_artist_list
 .text.open_now_playing
                0x0000000000001a9c        0x4 src/windows/main_menu.c.33.o
                0x0000000000001a9c                open_now_playing
 .text.menu_selection_changed
                0x0000000000001aa0       0x2c src/windows/main_menu.c.33.o
                0x0000000000001aa0                menu_selection_changed
 .text.main_menu_appear
                0x0000000000001acc        0x6 src/windows/main_menu.c.33.o
                0x0000000000001acc                main_menu_appear
 .text.main_menu_send_now_playing_request
                0x0000000000001ad2        0x6 src/windows/main_menu.c.33.o
                0x0000000000001ad2                main_menu_send_now_playing_request
 .text.menu_draw_row_callback
                0x0000000000001ad8       0x28 src/windows/main_menu.c.33.o
                0x0000000000001ad8                menu_draw_row_callback
 .text.main_menu_create
                0x0000000000001b00      0x1a4 src/windows/main_menu.c.33.o
                0x0000000000001b00                main_menu_create
 .text.main_menu_destroy
                0x0000000000001ca4       0x10 src/windows/main_menu.c.33.o
                0x0000000000001ca4                main_menu_destroy
 .text.now_playing_window_appear
                0x0000000000001cb4        0x6 src/windows/now_playing.c.33.o
                0x0000000000001cb4                now_playing_window_appear
 *fill*         0x0000000000001cba        0x2 
 .text.now_playing_window_unload
                0x0000000000001cbc      0x118 src/windows/now_playing.c.33.o
                0x0000000000001cbc                now_playing_window_unload
 .text.now_playing_click_config_provider
                0x0000000000001dd4       0x44 src/windows/now_playing.c.33.o
                0x0000000000001dd4                now_playing_click_config_provider
 .text.animate_action_bar
                0x0000000000001e18       0x20 src/windows/now_playing.c.33.o
                0x0000000000001e18                animate_action_bar
 .text.now_playing_graphics_proc
                0x0000000000001e38      0x268 src/windows/now_playing.c.33.o
                0x0000000000001e38                now_playing_graphics_proc
 .text.display_no_album
                0x00000000000020a0       0x40 src/windows/now_playing.c.33.o
                0x00000000000020a0                display_no_album
 .text.now_playing_is_playing_music
                0x00000000000020e0        0xe src/windows/now_playing.c.33.o
                0x00000000000020e0                now_playing_is_playing_music
 *fill*         0x00000000000020ee        0x2 
 .text.now_playing_invert_button_controls
                0x00000000000020f0       0xc8 src/windows/now_playing.c.33.o
                0x00000000000020f0                now_playing_invert_button_controls
 .text.now_playing_check_for_no_music
                0x00000000000021b8       0x48 src/windows/now_playing.c.33.o
                0x00000000000021b8                now_playing_check_for_no_music
 .text.now_playing_send_state_change
                0x0000000000002200       0x1e src/windows/now_playing.c.33.o
                0x0000000000002200                now_playing_send_state_change
 *fill*         0x000000000000221e        0x2 
 .text.now_playing_set_album_art
                0x0000000000002220       0x68 src/windows/now_playing.c.33.o
                0x0000000000002220                now_playing_set_album_art
 .text.now_playing_tick
                0x0000000000002288       0x58 src/windows/now_playing.c.33.o
                0x0000000000002288                now_playing_tick
 .text.now_playing_animation_tick
                0x00000000000022e0       0x3c src/windows/now_playing.c.33.o
                0x00000000000022e0                now_playing_animation_tick
 .text.now_playing_new_settings
                0x000000000000231c       0x88 src/windows/now_playing.c.33.o
                0x000000000000231c                now_playing_new_settings
 .text.now_playing_action_bar_handle
                0x00000000000023a4       0x98 src/windows/now_playing.c.33.o
                0x00000000000023a4                now_playing_action_bar_handle
 .text.now_playing_long_clicked_select
                0x000000000000243c       0x40 src/windows/now_playing.c.33.o
                0x000000000000243c                now_playing_long_clicked_select
 .text.now_playing_state_callback
                0x000000000000247c      0x134 src/windows/now_playing.c.33.o
                0x000000000000247c                now_playing_state_callback
 .text.now_playing_window_load
                0x00000000000025b0      0x350 src/windows/now_playing.c.33.o
                0x00000000000025b0                now_playing_window_load
 .text.now_playing_reset_invert_controls
                0x0000000000002900       0x40 src/windows/now_playing.c.33.o
                0x0000000000002900                now_playing_reset_invert_controls
 .text.now_playing_clicked_down
                0x0000000000002940       0x2c src/windows/now_playing.c.33.o
                0x0000000000002940                now_playing_clicked_down
 .text.now_playing_clicked_select
                0x000000000000296c       0x58 src/windows/now_playing.c.33.o
                0x000000000000296c                now_playing_clicked_select
 .text.now_playing_clicked_up
                0x00000000000029c4       0x2c src/windows/now_playing.c.33.o
                0x00000000000029c4                now_playing_clicked_up
 .text.now_playing_show
                0x00000000000029f0       0x84 src/windows/now_playing.c.33.o
                0x00000000000029f0                now_playing_show
 .text.app_event_loop
                0x0000000000002a74        0xc /Users/edwinfinch/Library/Application Support/Pebble SDK/SDKs/current/sdk-core/pebble/aplite/lib/libpebble.a(tmpxtwnPTpebble.o)
                0x0000000000002a74                app_event_loop
 .text.app_log  0x0000000000002a80        0xc /Users/edwinfinch/Library/Application Support/Pebble SDK/SDKs/current/sdk-core/pebble/aplite/lib/libpebble.a(tmpxtwnPTpebble.o)
                0x0000000000002a80                app_log
 .text.app_message_open
                0x0000000000002a8c        0xc /Users/edwinfinch/Library/Application Support/Pebble SDK/SDKs/current/sdk-core/pebble/aplite/lib/libpebble.a(tmpxtwnPTpebble.o)
                0x0000000000002a8c                app_message_open
 .text.app_timer_cancel
                0x0000000000002a98        0xc /Users/edwinfinch/Library/Application Support/Pebble SDK/SDKs/current/sdk-core/pebble/aplite/lib/libpebble.a(tmpxtwnPTpebble.o)
                0x0000000000002a98                app_timer_cancel
 .text.app_timer_register
                0x0000000000002aa4        0xc /Users/edwinfinch/Library/Application Support/Pebble SDK/SDKs/current/sdk-core/pebble/aplite/lib/libpebble.a(tmpxtwnPTpebble.o)
                0x0000000000002aa4                app_timer_register
 .text.bitmap_layer_create
                0x0000000000002ab0        0xc /Users/edwinfinch/Library/Application Support/Pebble SDK/SDKs/current/sdk-core/pebble/aplite/lib/libpebble.a(tmpxtwnPTpebble.o)
                0x0000000000002ab0                bitmap_layer_create
 .text.bitmap_layer_destroy
                0x0000000000002abc        0xc /Users/edwinfinch/Library/Application Support/Pebble SDK/SDKs/current/sdk-core/pebble/aplite/lib/libpebble.a(tmpxtwnPTpebble.o)
                0x0000000000002abc                bitmap_layer_destroy
 .text.bitmap_layer_get_layer
                0x0000000000002ac8        0xc /Users/edwinfinch/Library/Application Support/Pebble SDK/SDKs/current/sdk-core/pebble/aplite/lib/libpebble.a(tmpxtwnPTpebble.o)
                0x0000000000002ac8                bitmap_layer_get_layer
 .text.bitmap_layer_set_bitmap
                0x0000000000002ad4        0xc /Users/edwinfinch/Library/Application Support/Pebble SDK/SDKs/current/sdk-core/pebble/aplite/lib/libpebble.a(tmpxtwnPTpebble.o)
                0x0000000000002ad4                bitmap_layer_set_bitmap
 .text.clock_is_24h_style
                0x0000000000002ae0        0xc /Users/edwinfinch/Library/Application Support/Pebble SDK/SDKs/current/sdk-core/pebble/aplite/lib/libpebble.a(tmpxtwnPTpebble.o)
                0x0000000000002ae0                clock_is_24h_style
 .text.dict_find
                0x0000000000002aec        0xc /Users/edwinfinch/Library/Application Support/Pebble SDK/SDKs/current/sdk-core/pebble/aplite/lib/libpebble.a(tmpxtwnPTpebble.o)
                0x0000000000002aec                dict_find
 .text.dict_read_first
                0x0000000000002af8        0xc /Users/edwinfinch/Library/Application Support/Pebble SDK/SDKs/current/sdk-core/pebble/aplite/lib/libpebble.a(tmpxtwnPTpebble.o)
                0x0000000000002af8                dict_read_first
 .text.dict_read_next
                0x0000000000002b04        0xc /Users/edwinfinch/Library/Application Support/Pebble SDK/SDKs/current/sdk-core/pebble/aplite/lib/libpebble.a(tmpxtwnPTpebble.o)
                0x0000000000002b04                dict_read_next
 .text.dict_write_data
                0x0000000000002b10        0xc /Users/edwinfinch/Library/Application Support/Pebble SDK/SDKs/current/sdk-core/pebble/aplite/lib/libpebble.a(tmpxtwnPTpebble.o)
                0x0000000000002b10                dict_write_data
 .text.dict_write_int16
                0x0000000000002b1c        0xc /Users/edwinfinch/Library/Application Support/Pebble SDK/SDKs/current/sdk-core/pebble/aplite/lib/libpebble.a(tmpxtwnPTpebble.o)
                0x0000000000002b1c                dict_write_int16
 .text.dict_write_int32
                0x0000000000002b28        0xc /Users/edwinfinch/Library/Application Support/Pebble SDK/SDKs/current/sdk-core/pebble/aplite/lib/libpebble.a(tmpxtwnPTpebble.o)
                0x0000000000002b28                dict_write_int32
 .text.dict_write_int8
                0x0000000000002b34        0xc /Users/edwinfinch/Library/Application Support/Pebble SDK/SDKs/current/sdk-core/pebble/aplite/lib/libpebble.a(tmpxtwnPTpebble.o)
                0x0000000000002b34                dict_write_int8
 .text.dict_write_uint16
                0x0000000000002b40        0xc /Users/edwinfinch/Library/Application Support/Pebble SDK/SDKs/current/sdk-core/pebble/aplite/lib/libpebble.a(tmpxtwnPTpebble.o)
                0x0000000000002b40                dict_write_uint16
 .text.dict_write_uint32
                0x0000000000002b4c        0xc /Users/edwinfinch/Library/Application Support/Pebble SDK/SDKs/current/sdk-core/pebble/aplite/lib/libpebble.a(tmpxtwnPTpebble.o)
                0x0000000000002b4c                dict_write_uint32
 .text.dict_write_uint8
                0x0000000000002b58        0xc /Users/edwinfinch/Library/Application Support/Pebble SDK/SDKs/current/sdk-core/pebble/aplite/lib/libpebble.a(tmpxtwnPTpebble.o)
                0x0000000000002b58                dict_write_uint8
 .text.fonts_get_system_font
                0x0000000000002b64        0xc /Users/edwinfinch/Library/Application Support/Pebble SDK/SDKs/current/sdk-core/pebble/aplite/lib/libpebble.a(tmpxtwnPTpebble.o)
                0x0000000000002b64                fonts_get_system_font
 .text.free     0x0000000000002b70        0xc /Users/edwinfinch/Library/Application Support/Pebble SDK/SDKs/current/sdk-core/pebble/aplite/lib/libpebble.a(tmpxtwnPTpebble.o)
                0x0000000000002b70                free
 .text.gbitmap_create_with_resource
                0x0000000000002b7c        0xc /Users/edwinfinch/Library/Application Support/Pebble SDK/SDKs/current/sdk-core/pebble/aplite/lib/libpebble.a(tmpxtwnPTpebble.o)
                0x0000000000002b7c                gbitmap_create_with_resource
 .text.gbitmap_destroy
                0x0000000000002b88        0xc /Users/edwinfinch/Library/Application Support/Pebble SDK/SDKs/current/sdk-core/pebble/aplite/lib/libpebble.a(tmpxtwnPTpebble.o)
                0x0000000000002b88                gbitmap_destroy
 .text.graphics_context_set_compositing_mode
                0x0000000000002b94        0xc /Users/edwinfinch/Library/Application Support/Pebble SDK/SDKs/current/sdk-core/pebble/aplite/lib/libpebble.a(tmpxtwnPTpebble.o)
                0x0000000000002b94                graphics_context_set_compositing_mode
 .text.graphics_draw_bitmap_in_rect
                0x0000000000002ba0        0xc /Users/edwinfinch/Library/Application Support/Pebble SDK/SDKs/current/sdk-core/pebble/aplite/lib/libpebble.a(tmpxtwnPTpebble.o)
                0x0000000000002ba0                graphics_draw_bitmap_in_rect
 .text.graphics_fill_rect
                0x0000000000002bac        0xc /Users/edwinfinch/Library/Application Support/Pebble SDK/SDKs/current/sdk-core/pebble/aplite/lib/libpebble.a(tmpxtwnPTpebble.o)
                0x0000000000002bac                graphics_fill_rect
 .text.layer_add_child
                0x0000000000002bb8        0xc /Users/edwinfinch/Library/Application Support/Pebble SDK/SDKs/current/sdk-core/pebble/aplite/lib/libpebble.a(tmpxtwnPTpebble.o)
                0x0000000000002bb8                layer_add_child
 .text.layer_create
                0x0000000000002bc4        0xc /Users/edwinfinch/Library/Application Support/Pebble SDK/SDKs/current/sdk-core/pebble/aplite/lib/libpebble.a(tmpxtwnPTpebble.o)
                0x0000000000002bc4                layer_create
 .text.layer_create_with_data
                0x0000000000002bd0        0xc /Users/edwinfinch/Library/Application Support/Pebble SDK/SDKs/current/sdk-core/pebble/aplite/lib/libpebble.a(tmpxtwnPTpebble.o)
                0x0000000000002bd0                layer_create_with_data
 .text.layer_destroy
                0x0000000000002bdc        0xc /Users/edwinfinch/Library/Application Support/Pebble SDK/SDKs/current/sdk-core/pebble/aplite/lib/libpebble.a(tmpxtwnPTpebble.o)
                0x0000000000002bdc                layer_destroy
 .text.layer_get_bounds
                0x0000000000002be8        0xc /Users/edwinfinch/Library/Application Support/Pebble SDK/SDKs/current/sdk-core/pebble/aplite/lib/libpebble.a(tmpxtwnPTpebble.o)
                0x0000000000002be8                layer_get_bounds
 .text.layer_get_data
                0x0000000000002bf4        0xc /Users/edwinfinch/Library/Application Support/Pebble SDK/SDKs/current/sdk-core/pebble/aplite/lib/libpebble.a(tmpxtwnPTpebble.o)
                0x0000000000002bf4                layer_get_data
 .text.layer_get_frame
                0x0000000000002c00        0xc /Users/edwinfinch/Library/Application Support/Pebble SDK/SDKs/current/sdk-core/pebble/aplite/lib/libpebble.a(tmpxtwnPTpebble.o)
                0x0000000000002c00                layer_get_frame
 .text.layer_mark_dirty
                0x0000000000002c0c        0xc /Users/edwinfinch/Library/Application Support/Pebble SDK/SDKs/current/sdk-core/pebble/aplite/lib/libpebble.a(tmpxtwnPTpebble.o)
                0x0000000000002c0c                layer_mark_dirty
 .text.layer_set_bounds
                0x0000000000002c18        0xc /Users/edwinfinch/Library/Application Support/Pebble SDK/SDKs/current/sdk-core/pebble/aplite/lib/libpebble.a(tmpxtwnPTpebble.o)
                0x0000000000002c18                layer_set_bounds
 .text.layer_set_hidden
                0x0000000000002c24        0xc /Users/edwinfinch/Library/Application Support/Pebble SDK/SDKs/current/sdk-core/pebble/aplite/lib/libpebble.a(tmpxtwnPTpebble.o)
                0x0000000000002c24                layer_set_hidden
 .text.layer_set_update_proc
                0x0000000000002c30        0xc /Users/edwinfinch/Library/Application Support/Pebble SDK/SDKs/current/sdk-core/pebble/aplite/lib/libpebble.a(tmpxtwnPTpebble.o)
                0x0000000000002c30                layer_set_update_proc
 .text.malloc   0x0000000000002c3c        0xc /Users/edwinfinch/Library/Application Support/Pebble SDK/SDKs/current/sdk-core/pebble/aplite/lib/libpebble.a(tmpxtwnPTpebble.o)
                0x0000000000002c3c                malloc
 .text.memcpy   0x0000000000002c48        0xc /Users/edwinfinch/Library/Application Support/Pebble SDK/SDKs/current/sdk-core/pebble/aplite/lib/libpebble.a(tmpxtwnPTpebble.o)
                0x0000000000002c48                memcpy
 .text.memmove  0x0000000000002c54        0xc /Users/edwinfinch/Library/Application Support/Pebble SDK/SDKs/current/sdk-core/pebble/aplite/lib/libpebble.a(tmpxtwnPTpebble.o)
                0x0000000000002c54                memmove
 .text.memset   0x0000000000002c60        0xc /Users/edwinfinch/Library/Application Support/Pebble SDK/SDKs/current/sdk-core/pebble/aplite/lib/libpebble.a(tmpxtwnPTpebble.o)
                0x0000000000002c60                memset
 .text.menu_cell_basic_draw
                0x0000000000002c6c        0xc /Users/edwinfinch/Library/Application Support/Pebble SDK/SDKs/current/sdk-core/pebble/aplite/lib/libpebble.a(tmpxtwnPTpebble.o)
                0x0000000000002c6c                menu_cell_basic_draw
 .text.menu_layer_destroy
                0x0000000000002c78        0xc /Users/edwinfinch/Library/Application Support/Pebble SDK/SDKs/current/sdk-core/pebble/aplite/lib/libpebble.a(tmpxtwnPTpebble.o)
                0x0000000000002c78                menu_layer_destroy
 .text.menu_layer_get_layer
                0x0000000000002c84        0xc /Users/edwinfinch/Library/Application Support/Pebble SDK/SDKs/current/sdk-core/pebble/aplite/lib/libpebble.a(tmpxtwnPTpebble.o)
                0x0000000000002c84                menu_layer_get_layer
 .text.menu_layer_reload_data
                0x0000000000002c90        0xc /Users/edwinfinch/Library/Application Support/Pebble SDK/SDKs/current/sdk-core/pebble/aplite/lib/libpebble.a(tmpxtwnPTpebble.o)
                0x0000000000002c90                menu_layer_reload_data
 .text.menu_layer_set_click_config_onto_window
                0x0000000000002c9c        0xc /Users/edwinfinch/Library/Application Support/Pebble SDK/SDKs/current/sdk-core/pebble/aplite/lib/libpebble.a(tmpxtwnPTpebble.o)
                0x0000000000002c9c                menu_layer_set_click_config_onto_window
 .text.menu_layer_set_selected_index
                0x0000000000002ca8        0xc /Users/edwinfinch/Library/Application Support/Pebble SDK/SDKs/current/sdk-core/pebble/aplite/lib/libpebble.a(tmpxtwnPTpebble.o)
                0x0000000000002ca8                menu_layer_set_selected_index
 .text.scroll_layer_add_child
                0x0000000000002cb4        0xc /Users/edwinfinch/Library/Application Support/Pebble SDK/SDKs/current/sdk-core/pebble/aplite/lib/libpebble.a(tmpxtwnPTpebble.o)
                0x0000000000002cb4                scroll_layer_add_child
 .text.scroll_layer_create
                0x0000000000002cc0        0xc /Users/edwinfinch/Library/Application Support/Pebble SDK/SDKs/current/sdk-core/pebble/aplite/lib/libpebble.a(tmpxtwnPTpebble.o)
                0x0000000000002cc0                scroll_layer_create
 .text.scroll_layer_destroy
                0x0000000000002ccc        0xc /Users/edwinfinch/Library/Application Support/Pebble SDK/SDKs/current/sdk-core/pebble/aplite/lib/libpebble.a(tmpxtwnPTpebble.o)
                0x0000000000002ccc                scroll_layer_destroy
 .text.scroll_layer_get_layer
                0x0000000000002cd8        0xc /Users/edwinfinch/Library/Application Support/Pebble SDK/SDKs/current/sdk-core/pebble/aplite/lib/libpebble.a(tmpxtwnPTpebble.o)
                0x0000000000002cd8                scroll_layer_get_layer
 .text.scroll_layer_set_callbacks
                0x0000000000002ce4        0xc /Users/edwinfinch/Library/Application Support/Pebble SDK/SDKs/current/sdk-core/pebble/aplite/lib/libpebble.a(tmpxtwnPTpebble.o)
                0x0000000000002ce4                scroll_layer_set_callbacks
 .text.scroll_layer_set_click_config_onto_window
                0x0000000000002cf0        0xc /Users/edwinfinch/Library/Application Support/Pebble SDK/SDKs/current/sdk-core/pebble/aplite/lib/libpebble.a(tmpxtwnPTpebble.o)
                0x0000000000002cf0                scroll_layer_set_click_config_onto_window
 .text.scroll_layer_set_content_size
                0x0000000000002cfc        0xc /Users/edwinfinch/Library/Application Support/Pebble SDK/SDKs/current/sdk-core/pebble/aplite/lib/libpebble.a(tmpxtwnPTpebble.o)
                0x0000000000002cfc                scroll_layer_set_content_size
 .text.snprintf
                0x0000000000002d08        0xc /Users/edwinfinch/Library/Application Support/Pebble SDK/SDKs/current/sdk-core/pebble/aplite/lib/libpebble.a(tmpxtwnPTpebble.o)
                0x0000000000002d08                snprintf
 .text.strcmp   0x0000000000002d14        0xc /Users/edwinfinch/Library/Application Support/Pebble SDK/SDKs/current/sdk-core/pebble/aplite/lib/libpebble.a(tmpxtwnPTpebble.o)
                0x0000000000002d14                strcmp
 .text.strftime
                0x0000000000002d20        0xc /Users/edwinfinch/Library/Application Support/Pebble SDK/SDKs/current/sdk-core/pebble/aplite/lib/libpebble.a(tmpxtwnPTpebble.o)
                0x0000000000002d20                strftime
 .text.strlen   0x0000000000002d2c        0xc /Users/edwinfinch/Library/Application Support/Pebble SDK/SDKs/current/sdk-core/pebble/aplite/lib/libpebble.a(tmpxtwnPTpebble.o)
                0x0000000000002d2c                strlen
 .text.strncpy  0x0000000000002d38        0xc /Users/edwinfinch/Library/Application Support/Pebble SDK/SDKs/current/sdk-core/pebble/aplite/lib/libpebble.a(tmpxtwnPTpebble.o)
                0x0000000000002d38                strncpy
 .text.tick_timer_service_subscribe
                0x0000000000002d44        0xc /Users/edwinfinch/Library/Application Support/Pebble SDK/SDKs/current/sdk-core/pebble/aplite/lib/libpebble.a(tmpxtwnPTpebble.o)
                0x0000000000002d44                tick_timer_service_subscribe
 .text.vibes_double_pulse
                0x0000000000002d50        0xc /Users/edwinfinch/Library/Application Support/Pebble SDK/SDKs/current/sdk-core/pebble/aplite/lib/libpebble.a(tmpxtwnPTpebble.o)
                0x0000000000002d50                vibes_double_pulse
 .text.vibes_enqueue_custom_pattern
                0x0000000000002d5c        0xc /Users/edwinfinch/Library/Application Support/Pebble SDK/SDKs/current/sdk-core/pebble/aplite/lib/libpebble.a(tmpxtwnPTpebble.o)
                0x0000000000002d5c                vibes_enqueue_custom_pattern
 .text.window_create
                0x0000000000002d68        0xc /Users/edwinfinch/Library/Application Support/Pebble SDK/SDKs/current/sdk-core/pebble/aplite/lib/libpebble.a(tmpxtwnPTpebble.o)
                0x0000000000002d68                window_create
 .text.window_destroy
                0x0000000000002d74        0xc /Users/edwinfinch/Library/Application Support/Pebble SDK/SDKs/current/sdk-core/pebble/aplite/lib/libpebble.a(tmpxtwnPTpebble.o)
                0x0000000000002d74                window_destroy
 .text.window_get_root_layer
                0x0000000000002d80        0xc /Users/edwinfinch/Library/Application Support/Pebble SDK/SDKs/current/sdk-core/pebble/aplite/lib/libpebble.a(tmpxtwnPTpebble.o)
                0x0000000000002d80                window_get_root_layer
 .text.window_set_window_handlers
                0x0000000000002d8c        0xc /Users/edwinfinch/Library/Application Support/Pebble SDK/SDKs/current/sdk-core/pebble/aplite/lib/libpebble.a(tmpxtwnPTpebble.o)
                0x0000000000002d8c                window_set_window_handlers
 .text.window_stack_pop
                0x0000000000002d98        0xc /Users/edwinfinch/Library/Application Support/Pebble SDK/SDKs/current/sdk-core/pebble/aplite/lib/libpebble.a(tmpxtwnPTpebble.o)
                0x0000000000002d98                window_stack_pop
 .text.window_stack_pop_all
                0x0000000000002da4        0xc /Users/edwinfinch/Library/Application Support/Pebble SDK/SDKs/current/sdk-core/pebble/aplite/lib/libpebble.a(tmpxtwnPTpebble.o)
                0x0000000000002da4                window_stack_pop_all
 .text.window_stack_push
                0x0000000000002db0        0xc /Users/edwinfinch/Library/Application Support/Pebble SDK/SDKs/current/sdk-core/pebble/aplite/lib/libpebble.a(tmpxtwnPTpebble.o)
                0x0000000000002db0                window_stack_push
 .text.window_stack_remove
                0x0000000000002dbc        0xc /Users/edwinfinch/Library/Application Support/Pebble SDK/SDKs/current/sdk-core/pebble/aplite/lib/libpebble.a(tmpxtwnPTpebble.o)
                0x0000000000002dbc                window_stack_remove
 .text.app_message_outbox_begin
                0x0000000000002dc8        0xc /Users/edwinfinch/Library/Application Support/Pebble SDK/SDKs/current/sdk-core/pebble/aplite/lib/libpebble.a(tmpxtwnPTpebble.o)
                0x0000000000002dc8                app_message_outbox_begin
 .text.app_message_outbox_send
                0x0000000000002dd4        0xc /Users/edwinfinch/Library/Application Support/Pebble SDK/SDKs/current/sdk-core/pebble/aplite/lib/libpebble.a(tmpxtwnPTpebble.o)
                0x0000000000002dd4                app_message_outbox_send
 .text.app_message_register_inbox_dropped
                0x0000000000002de0        0xc /Users/edwinfinch/Library/Application Support/Pebble SDK/SDKs/current/sdk-core/pebble/aplite/lib/libpebble.a(tmpxtwnPTpebble.o)
                0x0000000000002de0                app_message_register_inbox_dropped
 .text.app_message_register_inbox_received
                0x0000000000002dec        0xc /Users/edwinfinch/Library/Application Support/Pebble SDK/SDKs/current/sdk-core/pebble/aplite/lib/libpebble.a(tmpxtwnPTpebble.o)
                0x0000000000002dec                app_message_register_inbox_received
 .text.app_message_register_outbox_failed
                0x0000000000002df8        0xc /Users/edwinfinch/Library/Application Support/Pebble SDK/SDKs/current/sdk-core/pebble/aplite/lib/libpebble.a(tmpxtwnPTpebble.o)
                0x0000000000002df8                app_message_register_outbox_failed
 .text.window_long_click_subscribe
                0x0000000000002e04        0xc /Users/edwinfinch/Library/Application Support/Pebble SDK/SDKs/current/sdk-core/pebble/aplite/lib/libpebble.a(tmpxtwnPTpebble.o)
                0x0000000000002e04                window_long_click_subscribe
 .text.window_single_click_subscribe
                0x0000000000002e10        0xc /Users/edwinfinch/Library/Application Support/Pebble SDK/SDKs/current/sdk-core/pebble/aplite/lib/libpebble.a(tmpxtwnPTpebble.o)
                0x0000000000002e10                window_single_click_subscribe
 .text.graphics_draw_text
                0x0000000000002e1c        0xc /Users/edwinfinch/Library/Application Support/Pebble SDK/SDKs/current/sdk-core/pebble/aplite/lib/libpebble.a(tmpxtwnPTpebble.o)
                0x0000000000002e1c                graphics_draw_text
 .text.persist_read_data
                0x0000000000002e28        0xc /Users/edwinfinch/Library/Application Support/Pebble SDK/SDKs/current/sdk-core/pebble/aplite/lib/libpebble.a(tmpxtwnPTpebble.o)
                0x0000000000002e28                persist_read_data
 .text.persist_write_data
                0x0000000000002e34        0xc /Users/edwinfinch/Library/Application Support/Pebble SDK/SDKs/current/sdk-core/pebble/aplite/lib/libpebble.a(tmpxtwnPTpebble.o)
                0x0000000000002e34                persist_write_data
 .text.graphics_text_layout_get_content_size
                0x0000000000002e40        0xc /Users/edwinfinch/Library/Application Support/Pebble SDK/SDKs/current/sdk-core/pebble/aplite/lib/libpebble.a(tmpxtwnPTpebble.o)
                0x0000000000002e40                graphics_text_layout_get_content_size
 .text.heap_bytes_free
                0x0000000000002e4c        0xc /Users/edwinfinch/Library/Application Support/Pebble SDK/SDKs/current/sdk-core/pebble/aplite/lib/libpebble.a(tmpxtwnPTpebble.o)
                0x0000000000002e4c                heap_bytes_free
 .text.watch_info_get_model
                0x0000000000002e58        0xc /Users/edwinfinch/Library/Application Support/Pebble SDK/SDKs/current/sdk-core/pebble/aplite/lib/libpebble.a(tmpxtwnPTpebble.o)
                0x0000000000002e58                watch_info_get_model
 .text.launch_reason
                0x0000000000002e64        0xc /Users/edwinfinch/Library/Application Support/Pebble SDK/SDKs/current/sdk-core/pebble/aplite/lib/libpebble.a(tmpxtwnPTpebble.o)
                0x0000000000002e64                launch_reason
 .text.wakeup_get_launch_event
                0x0000000000002e70        0xc /Users/edwinfinch/Library/Application Support/Pebble SDK/SDKs/current/sdk-core/pebble/aplite/lib/libpebble.a(tmpxtwnPTpebble.o)
                0x0000000000002e70                wakeup_get_launch_event
 .text.wakeup_schedule
                0x0000000000002e7c        0xc /Users/edwinfinch/Library/Application Support/Pebble SDK/SDKs/current/sdk-core/pebble/aplite/lib/libpebble.a(tmpxtwnPTpebble.o)
                0x0000000000002e7c                wakeup_schedule
 .text.graphics_context_set_fill_color
                0x0000000000002e88        0xc /Users/edwinfinch/Library/Application Support/Pebble SDK/SDKs/current/sdk-core/pebble/aplite/lib/libpebble.a(tmpxtwnPTpebble.o)
                0x0000000000002e88                graphics_context_set_fill_color
 .text.graphics_context_set_text_color
                0x0000000000002e94        0xc /Users/edwinfinch/Library/Application Support/Pebble SDK/SDKs/current/sdk-core/pebble/aplite/lib/libpebble.a(tmpxtwnPTpebble.o)
                0x0000000000002e94                graphics_context_set_text_color
 .text.window_set_background_color
                0x0000000000002ea0        0xc /Users/edwinfinch/Library/Application Support/Pebble SDK/SDKs/current/sdk-core/pebble/aplite/lib/libpebble.a(tmpxtwnPTpebble.o)
                0x0000000000002ea0                window_set_background_color
 .text.localtime
                0x0000000000002eac        0xc /Users/edwinfinch/Library/Application Support/Pebble SDK/SDKs/current/sdk-core/pebble/aplite/lib/libpebble.a(tmpxtwnPTpebble.o)
                0x0000000000002eac                localtime
 .text.gbitmap_get_bounds
                0x0000000000002eb8        0xc /Users/edwinfinch/Library/Application Support/Pebble SDK/SDKs/current/sdk-core/pebble/aplite/lib/libpebble.a(tmpxtwnPTpebble.o)
                0x0000000000002eb8                gbitmap_get_bounds
 .text.gbitmap_create_from_png_data
                0x0000000000002ec4        0xc /Users/edwinfinch/Library/Application Support/Pebble SDK/SDKs/current/sdk-core/pebble/aplite/lib/libpebble.a(tmpxtwnPTpebble.o)
                0x0000000000002ec4                gbitmap_create_from_png_data
 .text.menu_layer_create
                0x0000000000002ed0        0xc /Users/edwinfinch/Library/Application Support/Pebble SDK/SDKs/current/sdk-core/pebble/aplite/lib/libpebble.a(tmpxtwnPTpebble.o)
                0x0000000000002ed0                menu_layer_create
 .text.action_bar_layer_add_to_window
                0x0000000000002edc        0xc /Users/edwinfinch/Library/Application Support/Pebble SDK/SDKs/current/sdk-core/pebble/aplite/lib/libpebble.a(tmpxtwnPTpebble.o)
                0x0000000000002edc                action_bar_layer_add_to_window
 .text.action_bar_layer_create
                0x0000000000002ee8        0xc /Users/edwinfinch/Library/Application Support/Pebble SDK/SDKs/current/sdk-core/pebble/aplite/lib/libpebble.a(tmpxtwnPTpebble.o)
                0x0000000000002ee8                action_bar_layer_create
 .text.action_bar_layer_destroy
                0x0000000000002ef4        0xc /Users/edwinfinch/Library/Application Support/Pebble SDK/SDKs/current/sdk-core/pebble/aplite/lib/libpebble.a(tmpxtwnPTpebble.o)
                0x0000000000002ef4                action_bar_layer_destroy
 .text.action_bar_layer_get_layer
                0x0000000000002f00        0xc /Users/edwinfinch/Library/Application Support/Pebble SDK/SDKs/current/sdk-core/pebble/aplite/lib/libpebble.a(tmpxtwnPTpebble.o)
                0x0000000000002f00                action_bar_layer_get_layer
 .text.action_bar_layer_set_click_config_provider
                0x0000000000002f0c        0xc /Users/edwinfinch/Library/Application Support/Pebble SDK/SDKs/current/sdk-core/pebble/aplite/lib/libpebble.a(tmpxtwnPTpebble.o)
                0x0000000000002f0c                action_bar_layer_set_click_config_provider
 .text.action_bar_layer_set_icon_animated
                0x0000000000002f18        0xc /Users/edwinfinch/Library/Application Support/Pebble SDK/SDKs/current/sdk-core/pebble/aplite/lib/libpebble.a(tmpxtwnPTpebble.o)
                0x0000000000002f18                action_bar_layer_set_icon_animated
 .text.menu_cell_layer_is_highlighted
                0x0000000000002f24        0xc /Users/edwinfinch/Library/Application Support/Pebble SDK/SDKs/current/sdk-core/pebble/aplite/lib/libpebble.a(tmpxtwnPTpebble.o)
                0x0000000000002f24                menu_cell_layer_is_highlighted
 .text.text_layer_create
                0x0000000000002f30        0xc /Users/edwinfinch/Library/Application Support/Pebble SDK/SDKs/current/sdk-core/pebble/aplite/lib/libpebble.a(tmpxtwnPTpebble.o)
                0x0000000000002f30                text_layer_create
 .text.text_layer_destroy
                0x0000000000002f3c        0xc /Users/edwinfinch/Library/Application Support/Pebble SDK/SDKs/current/sdk-core/pebble/aplite/lib/libpebble.a(tmpxtwnPTpebble.o)
                0x0000000000002f3c                text_layer_destroy
 .text.text_layer_get_layer
                0x0000000000002f48        0xc /Users/edwinfinch/Library/Application Support/Pebble SDK/SDKs/current/sdk-core/pebble/aplite/lib/libpebble.a(tmpxtwnPTpebble.o)
                0x0000000000002f48                text_layer_get_layer
 .text.text_layer_set_background_color
                0x0000000000002f54        0xc /Users/edwinfinch/Library/Application Support/Pebble SDK/SDKs/current/sdk-core/pebble/aplite/lib/libpebble.a(tmpxtwnPTpebble.o)
                0x0000000000002f54                text_layer_set_background_color
 .text.text_layer_set_font
                0x0000000000002f60        0xc /Users/edwinfinch/Library/Application Support/Pebble SDK/SDKs/current/sdk-core/pebble/aplite/lib/libpebble.a(tmpxtwnPTpebble.o)
                0x0000000000002f60                text_layer_set_font
 .text.text_layer_set_overflow_mode
                0x0000000000002f6c        0xc /Users/edwinfinch/Library/Application Support/Pebble SDK/SDKs/current/sdk-core/pebble/aplite/lib/libpebble.a(tmpxtwnPTpebble.o)
                0x0000000000002f6c                text_layer_set_overflow_mode
 .text.text_layer_set_text
                0x0000000000002f78        0xc /Users/edwinfinch/Library/Application Support/Pebble SDK/SDKs/current/sdk-core/pebble/aplite/lib/libpebble.a(tmpxtwnPTpebble.o)
                0x0000000000002f78                text_layer_set_text
 .text.text_layer_set_text_color
                0x0000000000002f84        0xc /Users/edwinfinch/Library/Application Support/Pebble SDK/SDKs/current/sdk-core/pebble/aplite/lib/libpebble.a(tmpxtwnPTpebble.o)
                0x0000000000002f84                text_layer_set_text_color
 .text.time     0x0000000000002f90        0xc /Users/edwinfinch/Library/Application Support/Pebble SDK/SDKs/current/sdk-core/pebble/aplite/lib/libpebble.a(tmpxtwnPTpebble.o)
                0x0000000000002f90                time
 .text.menu_layer_set_highlight_colors
                0x0000000000002f9c        0xc /Users/edwinfinch/Library/Application Support/Pebble SDK/SDKs/current/sdk-core/pebble/aplite/lib/libpebble.a(tmpxtwnPTpebble.o)
                0x0000000000002f9c                menu_layer_set_highlight_colors
 .text.menu_layer_set_normal_colors
                0x0000000000002fa8        0xc /Users/edwinfinch/Library/Application Support/Pebble SDK/SDKs/current/sdk-core/pebble/aplite/lib/libpebble.a(tmpxtwnPTpebble.o)
                0x0000000000002fa8                menu_layer_set_normal_colors
 .text.menu_layer_set_callbacks
                0x0000000000002fb4        0xc /Users/edwinfinch/Library/Application Support/Pebble SDK/SDKs/current/sdk-core/pebble/aplite/lib/libpebble.a(tmpxtwnPTpebble.o)
                0x0000000000002fb4                menu_layer_set_callbacks
 .text.connection_service_peek_pebble_app_connection
                0x0000000000002fc0        0xc /Users/edwinfinch/Library/Application Support/Pebble SDK/SDKs/current/sdk-core/pebble/aplite/lib/libpebble.a(tmpxtwnPTpebble.o)
                0x0000000000002fc0                connection_service_peek_pebble_app_connection
 .text.connection_service_peek_pebblekit_connection
                0x0000000000002fcc        0xc /Users/edwinfinch/Library/Application Support/Pebble SDK/SDKs/current/sdk-core/pebble/aplite/lib/libpebble.a(tmpxtwnPTpebble.o)
                0x0000000000002fcc                connection_service_peek_pebblekit_connection
 .text.connection_service_subscribe
                0x0000000000002fd8        0xc /Users/edwinfinch/Library/Application Support/Pebble SDK/SDKs/current/sdk-core/pebble/aplite/lib/libpebble.a(tmpxtwnPTpebble.o)
                0x0000000000002fd8                connection_service_subscribe
 *(.rodata)
 .rodata        0x0000000000002fe4        0x8 src/windows/connection_window.c.33.o
 .rodata        0x0000000000002fec       0x10 src/windows/library_menus.c.33.o
 .rodata        0x0000000000002ffc        0x8 src/windows/main_menu.c.33.o
 .rodata        0x0000000000003004       0x20 src/windows/now_playing.c.33.o
 *(.rodata*)
 .rodata.str1.1
                0x0000000000003024       0x1a src/layers/marquee_text.c.33.o
 .rodata.str1.1
                0x000000000000303e      0x3be src/windows/connection_window.c.33.o
                                        0x3c5 (size before relaxing)
 .rodata.str1.1
                0x00000000000033fc      0x151 src/windows/library_menus.c.33.o
                                        0x152 (size before relaxing)
 .rodata.str1.1
                0x000000000000354d       0x36 src/windows/main_menu.c.33.o
                                         0x37 (size before relaxing)
 .rodata.str1.1
                0x0000000000003583       0x53 src/windows/now_playing.c.33.o
                                         0x69 (size before relaxing)
 *fill*         0x00000000000035d6        0x2 
 .rodata.segments.7856
                0x00000000000035d8        0x8 src/windows/now_playing.c.33.o

.glue_7         0x00000000000035e0        0x0
 .glue_7        0x0000000000000000        0x0 linker stubs

.glue_7t        0x00000000000035e0        0x0
 .glue_7t       0x0000000000000000        0x0 linker stubs

.vfp11_veneer   0x00000000000035e0        0x0
 .vfp11_veneer  0x0000000000000000        0x0 linker stubs

.v4_bx          0x00000000000035e0        0x0
 .v4_bx         0x0000000000000000        0x0 linker stubs

.iplt           0x00000000000035e0        0x0
 .iplt          0x0000000000000000        0x0 /usr/local/Cellar/pebble-toolchain/2.0/arm-cs-tools/bin/../lib/gcc/arm-none-eabi/4.7.2/thumb2/crtbegin.o

.rel.dyn        0x00000000000035e0        0x0
 .rel.iplt      0x0000000000000000        0x0 /usr/local/Cellar/pebble-toolchain/2.0/arm-cs-tools/bin/../lib/gcc/arm-none-eabi/4.7.2/thumb2/crtbegin.o
 .rel.got       0x0000000000000000        0x0 /usr/local/Cellar/pebble-toolchain/2.0/arm-cs-tools/bin/../lib/gcc/arm-none-eabi/4.7.2/thumb2/crtbegin.o

.data           0x00000000000035e0       0x93
 *(.data)
 .data          0x00000000000035e0        0x0 /usr/local/Cellar/pebble-toolchain/2.0/arm-cs-tools/bin/../lib/gcc/arm-none-eabi/4.7.2/thumb2/crti.o
 .data          0x00000000000035e0        0x4 /usr/local/Cellar/pebble-toolchain/2.0/arm-cs-tools/bin/../lib/gcc/arm-none-eabi/4.7.2/thumb2/crtbegin.o
                0x00000000000035e0                __dso_handle
 .data          0x00000000000035e4        0x0 src/common.c.33.o
 .data          0x00000000000035e4        0x0 src/gbitmap.c.33.o
 .data          0x00000000000035e4        0x0 src/ipod.c.33.o
 .data          0x00000000000035e4        0x0 src/ipod_state.c.33.o
 .data          0x00000000000035e4        0x0 src/layers/marquee_text.c.33.o
 .data          0x00000000000035e4        0x0 src/layers/progress_bar.c.33.o
 .data          0x00000000000035e4        0x0 src/settings.c.33.o
 .data          0x00000000000035e4        0x8 src/windows/connection_window.c.33.o
 .data          0x00000000000035ec        0x0 src/windows/library_menus.c.33.o
 .data          0x00000000000035ec        0x0 src/windows/main_menu.c.33.o
 .data          0x00000000000035ec        0x0 src/windows/message_window.c.33.o
 .data          0x00000000000035ec        0x8 src/windows/now_playing.c.33.o
 .data          0x00000000000035f4        0x0 aplite/appinfo.auto.c.33.o
 .data          0x00000000000035f4        0x0 aplite/src/resource_ids.auto.c.33.o
 .data          0x00000000000035f4        0x0 /Users/edwinfinch/Library/Application Support/Pebble SDK/SDKs/current/sdk-core/pebble/aplite/lib/libpebble.a(tmpxtwnPTpebble.o)
 .data          0x00000000000035f4        0x0 /usr/local/Cellar/pebble-toolchain/2.0/arm-cs-tools/bin/../lib/gcc/arm-none-eabi/4.7.2/thumb2/crtend.o
 .data          0x00000000000035f4        0x0 /usr/local/Cellar/pebble-toolchain/2.0/arm-cs-tools/bin/../lib/gcc/arm-none-eabi/4.7.2/thumb2/crtn.o
 *(.data.*)
 .data.s_sequence_number
                0x00000000000035f4        0x4 src/common.c.33.o
 .data.first_open
                0x00000000000035f8        0x1 src/ipod_state.c.33.o
                0x00000000000035f8                first_open
 .data.first_call
                0x00000000000035f9        0x1 src/ipod_state.c.33.o
                0x00000000000035f9                first_call
 *fill*         0x00000000000035fa        0x2 
 .data.rel.local.connection_titles
                0x00000000000035fc       0x18 src/windows/connection_window.c.33.o
                0x00000000000035fc                connection_titles
 .data.rel.local.connection_descriptions
                0x0000000000003614       0x18 src/windows/connection_window.c.33.o
                0x0000000000003614                connection_descriptions
 .data.rel.local.repeat_modes
                0x000000000000362c       0x10 src/windows/library_menus.c.33.o
                0x000000000000362c                repeat_modes
 .data.rel.ro.local.titles.7807
                0x000000000000363c       0x18 src/windows/main_menu.c.33.o
 .data.rel.ro.callbacks.7808
                0x0000000000003654       0x18 src/windows/main_menu.c.33.o
 .data.now_playing_action_bar_is_showing
                0x000000000000366c        0x1 src/windows/now_playing.c.33.o
                0x000000000000366c                now_playing_action_bar_is_showing
 .data.time_buffer.7824
                0x000000000000366d        0x6 src/windows/now_playing.c.33.o

.igot.plt       0x0000000000003674        0x0
 .igot.plt      0x0000000000000000        0x0 /usr/local/Cellar/pebble-toolchain/2.0/arm-cs-tools/bin/../lib/gcc/arm-none-eabi/4.7.2/thumb2/crtbegin.o

.got            0x0000000000003674       0x8c
 .got           0x0000000000003674       0x8c /usr/local/Cellar/pebble-toolchain/2.0/arm-cs-tools/bin/../lib/gcc/arm-none-eabi/4.7.2/thumb2/crtbegin.o

.got.plt        0x0000000000003700        0xc
 .got.plt       0x0000000000003700        0xc /usr/local/Cellar/pebble-toolchain/2.0/arm-cs-tools/bin/../lib/gcc/arm-none-eabi/4.7.2/thumb2/crtbegin.o
                0x0000000000003700                _GLOBAL_OFFSET_TABLE_

.bss            0x000000000000370c      0x32c
 *(.bss)
 *(.bss.*)
 .bss.s_artist  0x000000000000370c       0x64 src/ipod_state.c.33.o
 .bss.s_title   0x0000000000003770       0x64 src/ipod_state.c.33.o
 .bss.now_playing_album_art_size
                0x00000000000037d4        0x8 src/ipod_state.c.33.o
 .bss.already_requested_new_song
                0x00000000000037dc        0x1 src/ipod_state.c.33.o
                0x00000000000037dc                already_requested_new_song
 *fill*         0x00000000000037dd        0x3 
 .bss.album_art_data
                0x00000000000037e0        0x8 src/ipod_state.c.33.o
 .bss.head      0x00000000000037e8        0x4 src/layers/marquee_text.c.33.o
 .bss.title.7766
                0x00000000000037ec       0x1e src/windows/connection_window.c.33.o
 .bss.description.7767
                0x000000000000380a       0xbe src/windows/connection_window.c.33.o
 .bss.poppedt   0x00000000000038c8        0x1 src/windows/library_menus.c.33.o
                0x00000000000038c8                poppedt
 *fill*         0x00000000000038c9        0x3 
 .bss.main_menu_layer
                0x00000000000038cc        0x4 src/windows/main_menu.c.33.o
                0x00000000000038cc                main_menu_layer
 .bss.already_requested
                0x00000000000038d0        0x1 src/windows/main_menu.c.33.o
                0x00000000000038d0                already_requested
 .bss.draw_no_album
                0x00000000000038d1        0x1 src/windows/now_playing.c.33.o
 *fill*         0x00000000000038d2        0x2 
 .bss.no_album_art_bitmap
                0x00000000000038d4        0x4 src/windows/now_playing.c.33.o
                0x00000000000038d4                no_album_art_bitmap
 .bss.icon_fast_forward
                0x00000000000038d8        0x4 src/windows/now_playing.c.33.o
 .bss.controlling_volume
                0x00000000000038dc        0x1 src/windows/now_playing.c.33.o
 *fill*         0x00000000000038dd        0x3 
 .bss.icon_play
                0x00000000000038e0        0x4 src/windows/now_playing.c.33.o
 .bss.icon_pause
                0x00000000000038e4        0x4 src/windows/now_playing.c.33.o
 .bss.icon_more
                0x00000000000038e8        0x4 src/windows/now_playing.c.33.o
 .bss.icon_volume_up
                0x00000000000038ec        0x4 src/windows/now_playing.c.33.o
 .bss.icon_rewind
                0x00000000000038f0        0x4 src/windows/now_playing.c.33.o
 .bss.previous_play_status
                0x00000000000038f4        0x1 src/windows/now_playing.c.33.o
                0x00000000000038f4                previous_play_status
 *fill*         0x00000000000038f5        0x3 
 .bss.icon_volume_down
                0x00000000000038f8        0x4 src/windows/now_playing.c.33.o
 .bss.current_jump.7789
                0x00000000000038fc        0x1 src/windows/now_playing.c.33.o
 .bss.pebble_controls_pushed_select
                0x00000000000038fd        0x1 src/windows/now_playing.c.33.o
                0x00000000000038fd                pebble_controls_pushed_select
 .bss.action_bar_timer_registered
                0x00000000000038fe        0x1 src/windows/now_playing.c.33.o
                0x00000000000038fe                action_bar_timer_registered
 .bss.is_shown  0x00000000000038ff        0x1 src/windows/now_playing.c.33.o
 COMMON         0x0000000000003900        0x4 src/ipod.c.33.o
                0x0000000000003900                window
 COMMON         0x0000000000003904       0x1d src/ipod_state.c.33.o
                0x0000000000003904                ipod_state_callback
                0x0000000000003908                s_shuffle_mode
                0x000000000000390c                s_current_time
                0x0000000000003910                current_type
                0x0000000000003911                s_repeat_mode
                0x0000000000003914                album_art_bitmap
                0x000000000000391c                s_duration
                0x0000000000003920                s_playback_state
 *fill*         0x0000000000003921        0x3 
 COMMON         0x0000000000003924        0x8 src/settings.c.33.o
                0x0000000000003924                current_callback
                0x0000000000003928                current_settings
 COMMON         0x000000000000392c        0x5 src/windows/connection_window.c.33.o
                0x000000000000392c                connection_window
                0x0000000000003930                current_tasty_cookie
 *fill*         0x0000000000003931        0x3 
 COMMON         0x0000000000003934       0x24 src/windows/library_menus.c.33.o
                0x0000000000003934                repeat_icon_inverted
                0x0000000000003938                shuffle_icon
                0x000000000000393c                menu_stack_count
                0x0000000000003940                repeat_icon
                0x0000000000003944                shuffle_icon_inverted
                0x0000000000003948                menu_stack
 COMMON         0x0000000000003958       0x98 src/windows/main_menu.c.33.o
                0x0000000000003958                main_menu_window
                0x000000000000395c                main_menu_items
                0x00000000000039bc                main_menu_icons
                0x00000000000039d4                highlight_index
                0x00000000000039d8                main_menu_icons_inverted
 COMMON         0x00000000000039f0       0x48 src/windows/now_playing.c.33.o
                0x00000000000039f0                now_playing_timer
                0x00000000000039f4                artist_font
                0x00000000000039f8                now_playing_window
                0x00000000000039fc                background_colour
                0x00000000000039fd                now_playing_settings
                0x0000000000003a04                now_playing_progress_bar
                0x0000000000003a08                now_playing_artist_layer
                0x0000000000003a0c                now_playing_album_art_layer
                0x0000000000003a14                now_playing_title_layer
                0x0000000000003a18                action_bar_timer
                0x0000000000003a1c                artist_frame
                0x0000000000003a24                control_action_bar
                0x0000000000003a28                now_playing_graphics_layer
                0x0000000000003a2c                invert_controls_timer
                0x0000000000003a30                now_playing_album_art_bitmap

DISCARD
 libc.a(*)
 libm.a(*)
 libgcc.a(*)
 *(.eh_frame)
OUTPUT(/Users/edwinfinch/Desktop/Lignite Music/music-pebble/build/aplite/pebble-app.elf elf32-littlearm)

.ARM.attributes
                0x0000000000000000       0x27
 .ARM.attributes
                0x0000000000000000       0x19 /usr/local/Cellar/pebble-toolchain/2.0/arm-cs-tools/bin/../lib/gcc/arm-none-eabi/4.7.2/thumb2/crti.o
 .ARM.attributes
                0x0000000000000019       0x29 /usr/local/Cellar/pebble-toolchain/2.0/arm-cs-tools/bin/../lib/gcc/arm-none-eabi/4.7.2/thumb2/crtbegin.o
 .ARM.attributes
                0x0000000000000042       0x33 src/common.c.33.o
 .ARM.attributes
                0x0000000000000075       0x33 src/gbitmap.c.33.o
 .ARM.attributes
                0x00000000000000a8       0x33 src/ipod.c.33.o
 .ARM.attributes
                0x00000000000000db       0x33 src/ipod_state.c.33.o
 .ARM.attributes
                0x000000000000010e       0x33 src/layers/marquee_text.c.33.o
 .ARM.attributes
                0x0000000000000141       0x33 src/layers/progress_bar.c.33.o
 .ARM.attributes
                0x0000000000000174       0x33 src/settings.c.33.o
 .ARM.attributes
                0x00000000000001a7       0x33 src/windows/connection_window.c.33.o
 .ARM.attributes
                0x00000000000001da       0x33 src/windows/library_menus.c.33.o
 .ARM.attributes
                0x000000000000020d       0x33 src/windows/main_menu.c.33.o
 .ARM.attributes
                0x0000000000000240       0x33 src/windows/message_window.c.33.o
 .ARM.attributes
                0x0000000000000273       0x33 src/windows/now_playing.c.33.o
 .ARM.attributes
                0x00000000000002a6       0x33 aplite/appinfo.auto.c.33.o
 .ARM.attributes
                0x00000000000002d9       0x33 aplite/src/resource_ids.auto.c.33.o
 .ARM.attributes
                0x000000000000030c       0x21 /Users/edwinfinch/Library/Application Support/Pebble SDK/SDKs/current/sdk-core/pebble/aplite/lib/libpebble.a(tmpxtwnPTpebble.o)
 .ARM.attributes
                0x000000000000032d       0x29 /usr/local/Cellar/pebble-toolchain/2.0/arm-cs-tools/bin/../lib/gcc/arm-none-eabi/4.7.2/thumb2/crtend.o
 .ARM.attributes
                0x0000000000000356       0x19 /usr/local/Cellar/pebble-toolchain/2.0/arm-cs-tools/bin/../lib/gcc/arm-none-eabi/4.7.2/thumb2/crtn.o

.comment        0x0000000000000000       0x4e
 .comment       0x0000000000000000       0x4e /usr/local/Cellar/pebble-toolchain/2.0/arm-cs-tools/bin/../lib/gcc/arm-none-eabi/4.7.2/thumb2/crtbegin.o
                                         0x4f (size before relaxing)
 .comment       0x0000000000000000       0x4f src/common.c.33.o
 .comment       0x0000000000000000       0x4f src/gbitmap.c.33.o
 .comment       0x0000000000000000       0x4f src/ipod.c.33.o
 .comment       0x0000000000000000       0x4f src/ipod_state.c.33.o
 .comment       0x0000000000000000       0x4f src/layers/marquee_text.c.33.o
 .comment       0x0000000000000000       0x4f src/layers/progress_bar.c.33.o
 .comment       0x0000000000000000       0x4f src/settings.c.33.o
 .comment       0x0000000000000000       0x4f src/windows/connection_window.c.33.o
 .comment       0x0000000000000000       0x4f src/windows/library_menus.c.33.o
 .comment       0x0000000000000000       0x4f src/windows/main_menu.c.33.o
 .comment       0x0000000000000000       0x4f src/windows/message_window.c.33.o
 .comment       0x0000000000000000       0x4f src/windows/now_playing.c.33.o
 .comment       0x0000000000000000       0x4f aplite/appinfo.auto.c.33.o
 .comment       0x0000000000000000       0x4f aplite/src/resource_ids.auto.c.33.o
 .comment       0x0000000000000000       0x4f /usr/local/Cellar/pebble-toolchain/2.0/arm-cs-tools/bin/../lib/gcc/arm-none-eabi/4.7.2/thumb2/crtend.o

.debug_info     0x0000000000000000     0xa496
 .debug_info    0x0000000000000000      0xa22 src/common.c.33.o
 .debug_info    0x0000000000000a22       0x79 src/gbitmap.c.33.o
 .debug_info    0x0000000000000a9b      0x4a5 src/ipod.c.33.o
 .debug_info    0x0000000000000f40     0x10f7 src/ipod_state.c.33.o
 .debug_info    0x0000000000002037      0x9cc src/layers/marquee_text.c.33.o
 .debug_info    0x0000000000002a03      0x66d src/layers/progress_bar.c.33.o
 .debug_info    0x0000000000003070      0x27e src/settings.c.33.o
 .debug_info    0x00000000000032ee     0x16e8 src/windows/connection_window.c.33.o
 .debug_info    0x00000000000049d6     0x1ee6 src/windows/library_menus.c.33.o
 .debug_info    0x00000000000068bc     0x107f src/windows/main_menu.c.33.o
 .debug_info    0x000000000000793b       0x79 src/windows/message_window.c.33.o
 .debug_info    0x00000000000079b4     0x2615 src/windows/now_playing.c.33.o
 .debug_info    0x0000000000009fc9      0x31a aplite/appinfo.auto.c.33.o
 .debug_info    0x000000000000a2e3      0x1b3 aplite/src/resource_ids.auto.c.33.o

.debug_abbrev   0x0000000000000000     0x2047
 .debug_abbrev  0x0000000000000000      0x290 src/common.c.33.o
 .debug_abbrev  0x0000000000000290       0x26 src/gbitmap.c.33.o
 .debug_abbrev  0x00000000000002b6      0x1e6 src/ipod.c.33.o
 .debug_abbrev  0x000000000000049c      0x3a9 src/ipod_state.c.33.o
 .debug_abbrev  0x0000000000000845      0x2be src/layers/marquee_text.c.33.o
 .debug_abbrev  0x0000000000000b03      0x2a4 src/layers/progress_bar.c.33.o
 .debug_abbrev  0x0000000000000da7      0x1aa src/settings.c.33.o
 .debug_abbrev  0x0000000000000f51      0x341 src/windows/connection_window.c.33.o
 .debug_abbrev  0x0000000000001292      0x481 src/windows/library_menus.c.33.o
 .debug_abbrev  0x0000000000001713      0x308 src/windows/main_menu.c.33.o
 .debug_abbrev  0x0000000000001a1b       0x26 src/windows/message_window.c.33.o
 .debug_abbrev  0x0000000000001a41      0x524 src/windows/now_playing.c.33.o
 .debug_abbrev  0x0000000000001f65       0x9e aplite/appinfo.auto.c.33.o
 .debug_abbrev  0x0000000000002003       0x44 aplite/src/resource_ids.auto.c.33.o

.debug_loc      0x0000000000000000     0x2dee
 .debug_loc     0x0000000000000000      0x1e0 src/common.c.33.o
 .debug_loc     0x00000000000001e0       0xc2 src/ipod.c.33.o
 .debug_loc     0x00000000000002a2      0x568 src/ipod_state.c.33.o
 .debug_loc     0x000000000000080a      0x2b5 src/layers/marquee_text.c.33.o
 .debug_loc     0x0000000000000abf      0x22a src/layers/progress_bar.c.33.o
 .debug_loc     0x0000000000000ce9       0x7e src/settings.c.33.o
 .debug_loc     0x0000000000000d67      0x5a6 src/windows/connection_window.c.33.o
 .debug_loc     0x000000000000130d      0xf02 src/windows/library_menus.c.33.o
 .debug_loc     0x000000000000220f      0x43c src/windows/main_menu.c.33.o
 .debug_loc     0x000000000000264b      0x7a3 src/windows/now_playing.c.33.o

.debug_aranges  0x0000000000000000      0x518
 .debug_aranges
                0x0000000000000000       0x48 src/common.c.33.o
 .debug_aranges
                0x0000000000000048       0x18 src/gbitmap.c.33.o
 .debug_aranges
                0x0000000000000060       0x38 src/ipod.c.33.o
 .debug_aranges
                0x0000000000000098       0xa0 src/ipod_state.c.33.o
 .debug_aranges
                0x0000000000000138       0x68 src/layers/marquee_text.c.33.o
 .debug_aranges
                0x00000000000001a0       0x48 src/layers/progress_bar.c.33.o
 .debug_aranges
                0x00000000000001e8       0x48 src/settings.c.33.o
 .debug_aranges
                0x0000000000000230       0xa0 src/windows/connection_window.c.33.o
 .debug_aranges
                0x00000000000002d0       0x88 src/windows/library_menus.c.33.o
 .debug_aranges
                0x0000000000000358       0xa0 src/windows/main_menu.c.33.o
 .debug_aranges
                0x00000000000003f8       0x18 src/windows/message_window.c.33.o
 .debug_aranges
                0x0000000000000410       0xd8 src/windows/now_playing.c.33.o
 .debug_aranges
                0x00000000000004e8       0x18 aplite/appinfo.auto.c.33.o
 .debug_aranges
                0x0000000000000500       0x18 aplite/src/resource_ids.auto.c.33.o

.debug_ranges   0x0000000000000000      0x5f8
 .debug_ranges  0x0000000000000000       0x38 src/common.c.33.o
 .debug_ranges  0x0000000000000038       0x28 src/ipod.c.33.o
 .debug_ranges  0x0000000000000060       0xf0 src/ipod_state.c.33.o
 .debug_ranges  0x0000000000000150       0x58 src/layers/marquee_text.c.33.o
 .debug_ranges  0x00000000000001a8       0x38 src/layers/progress_bar.c.33.o
 .debug_ranges  0x00000000000001e0       0x38 src/settings.c.33.o
 .debug_ranges  0x0000000000000218       0xa8 src/windows/connection_window.c.33.o
 .debug_ranges  0x00000000000002c0      0x110 src/windows/library_menus.c.33.o
 .debug_ranges  0x00000000000003d0       0xa8 src/windows/main_menu.c.33.o
 .debug_ranges  0x0000000000000478      0x180 src/windows/now_playing.c.33.o

.debug_line     0x0000000000000000     0x2925
 .debug_line    0x0000000000000000      0x25d src/common.c.33.o
 .debug_line    0x000000000000025d       0x1d src/gbitmap.c.33.o
 .debug_line    0x000000000000027a      0x2ac src/ipod.c.33.o
 .debug_line    0x0000000000000526      0x473 src/ipod_state.c.33.o
 .debug_line    0x0000000000000999      0x312 src/layers/marquee_text.c.33.o
 .debug_line    0x0000000000000cab      0x286 src/layers/progress_bar.c.33.o
 .debug_line    0x0000000000000f31      0x25b src/settings.c.33.o
 .debug_line    0x000000000000118c      0x4c9 src/windows/connection_window.c.33.o
 .debug_line    0x0000000000001655      0x60b src/windows/library_menus.c.33.o
 .debug_line    0x0000000000001c60      0x3be src/windows/main_menu.c.33.o
 .debug_line    0x000000000000201e       0x1d src/windows/message_window.c.33.o
 .debug_line    0x000000000000203b      0x6ed src/windows/now_playing.c.33.o
 .debug_line    0x0000000000002728      0x139 aplite/appinfo.auto.c.33.o
 .debug_line    0x0000000000002861       0xc4 aplite/src/resource_ids.auto.c.33.o

.debug_str      0x0000000000000000     0x39ab
 .debug_str     0x0000000000000000      0x827 src/common.c.33.o
                                        0x900 (size before relaxing)
 .debug_str     0x0000000000000827       0x11 src/gbitmap.c.33.o
                                         0xf0 (size before relaxing)
 .debug_str     0x0000000000000838      0x215 src/ipod.c.33.o
                                        0x469 (size before relaxing)
 .debug_str     0x0000000000000a4d      0x8a1 src/ipod_state.c.33.o
                                        0xfae (size before relaxing)
 .debug_str     0x00000000000012ee      0x3b6 src/layers/marquee_text.c.33.o
                                        0x550 (size before relaxing)
 .debug_str     0x00000000000016a4      0x1ac src/layers/progress_bar.c.33.o
                                        0x3da (size before relaxing)
 .debug_str     0x0000000000001850       0xab src/settings.c.33.o
                                        0x23e (size before relaxing)
 .debug_str     0x00000000000018fb      0x822 src/windows/connection_window.c.33.o
                                       0x1309 (size before relaxing)
 .debug_str     0x000000000000211d      0x952 src/windows/library_menus.c.33.o
                                       0x150f (size before relaxing)
 .debug_str     0x0000000000002a6f      0x302 src/windows/main_menu.c.33.o
                                        0xafc (size before relaxing)
 .debug_str     0x0000000000002d71       0x20 src/windows/message_window.c.33.o
                                         0xff (size before relaxing)
 .debug_str     0x0000000000002d91      0x80f src/windows/now_playing.c.33.o
                                       0x196e (size before relaxing)
 .debug_str     0x00000000000035a0      0x228 aplite/appinfo.auto.c.33.o
                                        0x329 (size before relaxing)
 .debug_str     0x00000000000037c8      0x1e3 aplite/src/resource_ids.auto.c.33.o
                                        0x2b7 (size before relaxing)

.debug_frame    0x0000000000000000      0xbbc
 .debug_frame   0x0000000000000000       0x98 src/common.c.33.o
 .debug_frame   0x0000000000000098       0x70 src/ipod.c.33.o
 .debug_frame   0x0000000000000108      0x194 src/ipod_state.c.33.o
 .debug_frame   0x000000000000029c       0xe4 src/layers/marquee_text.c.33.o
 .debug_frame   0x0000000000000380       0x98 src/layers/progress_bar.c.33.o
 .debug_frame   0x0000000000000418       0x8c src/settings.c.33.o
 .debug_frame   0x00000000000004a4      0x1a0 src/windows/connection_window.c.33.o
 .debug_frame   0x0000000000000644      0x19c src/windows/library_menus.c.33.o
 .debug_frame   0x00000000000007e0      0x150 src/windows/main_menu.c.33.o
 .debug_frame   0x0000000000000930      0x28c src/windows/now_playing.c.33.o
