Archive member included because of file (symbol)

/Users/edwinfinch/Library/Application Support/Pebble SDK/SDKs/current/sdk-core/pebble/basalt/lib/libpebble.a(tmpzgFxQqpebble.o)
                              src/ipod.c.10.o (app_event_loop)

Allocating common symbols
Common symbol       size              file

ipod_state_callback
                    0x4               src/ipod_state.c.10.o
now_playing_timer   0x4               src/windows/now_playing.c.10.o
main_menu_items     0x60              src/windows/main_menu.c.10.o
main_menu_icons     0x18              src/windows/main_menu.c.10.o
artist_font         0x4               src/windows/now_playing.c.10.o
s_shuffle_mode      0x1               src/ipod_state.c.10.o
current_callback    0x4               src/settings.c.10.o
now_playing_window  0x4               src/windows/now_playing.c.10.o
background_colour   0x1               src/windows/now_playing.c.10.o
now_playing_settings
                    0x3               src/windows/now_playing.c.10.o
now_playing_progress_bar
                    0x4               src/windows/now_playing.c.10.o
now_playing_artist_layer
                    0x4               src/windows/now_playing.c.10.o
now_playing_album_art_layer
                    0x4               src/windows/now_playing.c.10.o
menu_stack_count    0x1               src/windows/library_menus.c.10.o
now_playing_title_layer
                    0x4               src/windows/now_playing.c.10.o
action_bar_timer    0x4               src/windows/now_playing.c.10.o
highlight_index     0x4               src/windows/main_menu.c.10.o
s_current_time      0x4               src/ipod_state.c.10.o
main_menu_icons_inverted
                    0x18              src/windows/main_menu.c.10.o
current_type        0x1               src/ipod_state.c.10.o
no_album_art_bitmap
                    0x4               src/windows/now_playing.c.10.o
s_repeat_mode       0x1               src/ipod_state.c.10.o
current_settings    0x3               src/settings.c.10.o
album_art_bitmap    0x4               src/ipod_state.c.10.o
s_duration          0x4               src/ipod_state.c.10.o
main_menu_layer     0x4               src/windows/main_menu.c.10.o
menu_stack          0x10              src/windows/library_menus.c.10.o
window              0x4               src/ipod.c.10.o
control_action_bar  0x4               src/windows/now_playing.c.10.o
now_playing_graphics_layer
                    0x4               src/windows/now_playing.c.10.o
s_playback_state    0x1               src/ipod_state.c.10.o
invert_controls_timer
                    0x4               src/windows/now_playing.c.10.o
now_playing_album_art_bitmap
                    0x4               src/windows/now_playing.c.10.o

Discarded input sections

 .text          0x0000000000000000        0x0 /usr/local/Cellar/pebble-toolchain/2.0/arm-cs-tools/bin/../lib/gcc/arm-none-eabi/4.7.2/thumb2/crti.o
 .bss           0x0000000000000000        0x0 /usr/local/Cellar/pebble-toolchain/2.0/arm-cs-tools/bin/../lib/gcc/arm-none-eabi/4.7.2/thumb2/crti.o
 .init          0x0000000000000000        0x4 /usr/local/Cellar/pebble-toolchain/2.0/arm-cs-tools/bin/../lib/gcc/arm-none-eabi/4.7.2/thumb2/crti.o
 .fini          0x0000000000000000        0x4 /usr/local/Cellar/pebble-toolchain/2.0/arm-cs-tools/bin/../lib/gcc/arm-none-eabi/4.7.2/thumb2/crti.o
 .text          0x0000000000000000       0xc8 /usr/local/Cellar/pebble-toolchain/2.0/arm-cs-tools/bin/../lib/gcc/arm-none-eabi/4.7.2/thumb2/crtbegin.o
 .bss           0x0000000000000000       0x1c /usr/local/Cellar/pebble-toolchain/2.0/arm-cs-tools/bin/../lib/gcc/arm-none-eabi/4.7.2/thumb2/crtbegin.o
 .init_array    0x0000000000000000        0x4 /usr/local/Cellar/pebble-toolchain/2.0/arm-cs-tools/bin/../lib/gcc/arm-none-eabi/4.7.2/thumb2/crtbegin.o
 .fini_array    0x0000000000000000        0x4 /usr/local/Cellar/pebble-toolchain/2.0/arm-cs-tools/bin/../lib/gcc/arm-none-eabi/4.7.2/thumb2/crtbegin.o
 .eh_frame      0x0000000000000000        0x0 /usr/local/Cellar/pebble-toolchain/2.0/arm-cs-tools/bin/../lib/gcc/arm-none-eabi/4.7.2/thumb2/crtbegin.o
 .jcr           0x0000000000000000        0x0 /usr/local/Cellar/pebble-toolchain/2.0/arm-cs-tools/bin/../lib/gcc/arm-none-eabi/4.7.2/thumb2/crtbegin.o
 .tm_clone_table
                0x0000000000000000        0x0 /usr/local/Cellar/pebble-toolchain/2.0/arm-cs-tools/bin/../lib/gcc/arm-none-eabi/4.7.2/thumb2/crtbegin.o
 .text          0x0000000000000000        0x0 src/common.c.10.o
 .bss           0x0000000000000000        0x0 src/common.c.10.o
 .text.reset_sequence_number
                0x0000000000000000       0x22 src/common.c.10.o
 .text          0x0000000000000000        0x0 src/gbitmap.c.10.o
 .bss           0x0000000000000000        0x0 src/gbitmap.c.10.o
 .text.get_gbitmapformat_text
                0x0000000000000000       0x4c src/gbitmap.c.10.o
 .text.gbitmap_fill_all_except
                0x0000000000000000       0x6e src/gbitmap.c.10.o
[...]
Memory Configuration

Name             Origin             Length             Attributes
APP              0x0000000000000000 0x0000000000010000 xrw
*default*        0x0000000000000000 0xffffffffffffffff

Linker script and memory map

LOAD /usr/local/Cellar/pebble-toolchain/2.0/arm-cs-tools/bin/../lib/gcc/arm-none-eabi/4.7.2/thumb2/crti.o
LOAD /usr/local/Cellar/pebble-toolchain/2.0/arm-cs-tools/bin/../lib/gcc/arm-none-eabi/4.7.2/thumb2/crtbegin.o
LOAD src/common.c.10.o
LOAD src/gbitmap.c.10.o
LOAD src/ipod.c.10.o
LOAD src/ipod_state.c.10.o
LOAD src/layers/marquee_text.c.10.o
LOAD src/layers/progress_bar.c.10.o
LOAD src/settings.c.10.o
LOAD src/windows/library_menus.c.10.o
LOAD src/windows/main_menu.c.10.o
LOAD src/windows/message_window.c.10.o
LOAD src/windows/now_playing.c.10.o
LOAD basalt/appinfo.auto.c.10.o
LOAD basalt/src/resource_ids.auto.c.10.o
LOAD /Users/edwinfinch/Library/Application Support/Pebble SDK/SDKs/current/sdk-core/pebble/basalt/lib/libpebble.a
START GROUP
LOAD /usr/local/Cellar/pebble-toolchain/2.0/arm-cs-tools/bin/../lib/gcc/arm-none-eabi/4.7.2/thumb2/libgcc.a
LOAD /usr/local/Cellar/pebble-toolchain/2.0/arm-cs-tools/bin/../lib/gcc/arm-none-eabi/4.7.2/../../../../arm-none-eabi/lib/thumb2/libc.a
END GROUP
LOAD /usr/local/Cellar/pebble-toolchain/2.0/arm-cs-tools/bin/../lib/gcc/arm-none-eabi/4.7.2/thumb2/crtend.o
LOAD /usr/local/Cellar/pebble-toolchain/2.0/arm-cs-tools/bin/../lib/gcc/arm-none-eabi/4.7.2/thumb2/crtn.o

.header         0x0000000000000000       0x82
 *(.pbl_header)
 .pbl_header    0x0000000000000000       0x82 basalt/appinfo.auto.c.10.o
                0x0000000000000000                __pbl_app_info

.note.gnu.build-id
                0x0000000000000082       0x26
                0x0000000000000082                PROVIDE (BUILD_ID, .)
 *(.note.gnu.build-id)
 *fill*         0x0000000000000082        0x2 
 .note.gnu.build-id
                0x0000000000000084       0x24 linker stubs

.text           0x00000000000000a8     0x32db
 *(.text)
 .text          0x00000000000000a8       0x14 /Users/edwinfinch/Library/Application Support/Pebble SDK/SDKs/current/sdk-core/pebble/basalt/lib/libpebble.a(tmpzgFxQqpebble.o)
 *(.text.*)
 .text.on_animation_stopped
                0x00000000000000bc        0x2 src/common.c.10.o
                0x00000000000000bc                on_animation_stopped
 *fill*         0x00000000000000be        0x2 
 .text.ipod_message_timer_fire
                0x00000000000000c0       0x2c src/common.c.10.o
                0x00000000000000c0                ipod_message_timer_fire
 .text.animate_layer
                0x00000000000000ec       0x54 src/common.c.10.o
                0x00000000000000ec                animate_layer
 .text.ipod_message_outbox_get
                0x0000000000000140       0x38 src/common.c.10.o
                0x0000000000000140                ipod_message_outbox_get
 .text.ipod_message_destroy
                0x0000000000000178       0x14 src/common.c.10.o
                0x0000000000000178                ipod_message_destroy
 .text.get_num_palette_colors
                0x000000000000018c       0x20 src/gbitmap.c.10.o
                0x000000000000018c                get_num_palette_colors
 .text.replace_gbitmap_color
                0x00000000000001ac       0x50 src/gbitmap.c.10.o
                0x00000000000001ac                replace_gbitmap_color
 .text.dropped_inbox
                0x00000000000001fc       0x20 src/ipod.c.10.o
                0x00000000000001fc                dropped_inbox
 .text.failed_outbox
                0x000000000000021c       0x5c src/ipod.c.10.o
                0x000000000000021c                failed_outbox
 .text.tick_handler
                0x0000000000000278        0xe src/ipod.c.10.o
                0x0000000000000278                tick_handler
 *fill*         0x0000000000000286        0x2 
 .text.ipod_init
                0x0000000000000288       0x30 src/ipod.c.10.o
                0x0000000000000288                ipod_init
 .text.ipod_app_timer_handler
                0x00000000000002b8        0xe src/ipod.c.10.o
                0x00000000000002b8                ipod_app_timer_handler
 *fill*         0x00000000000002c6        0x2 
 .text.startup.main
                0x00000000000002c8       0x80 src/ipod.c.10.o
                0x00000000000002c8                main
 .text.create_bitmap
                0x0000000000000348       0xb8 src/ipod_state.c.10.o
                0x0000000000000348                create_bitmap
 .text.ipod_state_tick
                0x0000000000000400       0x5c src/ipod_state.c.10.o
                0x0000000000000400                ipod_state_tick
 .text.ipod_state_set_callback
                0x000000000000045c       0x14 src/ipod_state.c.10.o
                0x000000000000045c                ipod_state_set_callback
 .text.ipod_state_current_time
                0x0000000000000470       0x14 src/ipod_state.c.10.o
                0x0000000000000470                ipod_state_current_time
 .text.ipod_state_duration
                0x0000000000000484       0x14 src/ipod_state.c.10.o
                0x0000000000000484                ipod_state_duration
 .text.ipod_get_playback_state
                0x0000000000000498       0x14 src/ipod_state.c.10.o
                0x0000000000000498                ipod_get_playback_state
 .text.ipod_get_artist
                0x00000000000004ac        0xc src/ipod_state.c.10.o
                0x00000000000004ac                ipod_get_artist
 .text.ipod_get_title
                0x00000000000004b8        0xc src/ipod_state.c.10.o
                0x00000000000004b8                ipod_get_title
 .text.now_playing_request
                0x00000000000004c4       0x48 src/ipod_state.c.10.o
                0x00000000000004c4                now_playing_request
 .text.call_callback
                0x000000000000050c       0x4c src/ipod_state.c.10.o
                0x000000000000050c                call_callback
 .text.process_album_art_tuple
                0x0000000000000558      0x198 src/ipod_state.c.10.o
                0x0000000000000558                process_album_art_tuple
 .text.process_tuple
                0x00000000000006f0      0x1cc src/ipod_state.c.10.o
                0x00000000000006f0                process_tuple
 .text.ipod_received_handler
                0x00000000000008bc       0x20 src/ipod_state.c.10.o
                0x00000000000008bc                ipod_received_handler
 .text.ipod_state_create
                0x00000000000008dc       0x30 src/ipod_state.c.10.o
                0x00000000000008dc                ipod_state_create
 .text.marquee_text_layer_update_proc
                0x000000000000090c      0x186 src/layers/marquee_text.c.10.o
                0x000000000000090c                marquee_text_layer_update_proc
 *fill*         0x0000000000000a92        0x2 
 .text.marquee_text_layer_destroy
                0x0000000000000a94       0x34 src/layers/marquee_text.c.10.o
                0x0000000000000a94                marquee_text_layer_destroy
 .text.marquee_text_layer_get_layer
                0x0000000000000ac8        0x4 src/layers/marquee_text.c.10.o
                0x0000000000000ac8                marquee_text_layer_get_layer
 .text.marquee_text_layer_mark_dirty
                0x0000000000000acc       0x14 src/layers/marquee_text.c.10.o
                0x0000000000000acc                marquee_text_layer_mark_dirty
 .text.marquee_text_layer_set_font
                0x0000000000000ae0        0x6 src/layers/marquee_text.c.10.o
                0x0000000000000ae0                marquee_text_layer_set_font
 .text.marquee_text_layer_set_text
                0x0000000000000ae6        0x6 src/layers/marquee_text.c.10.o
                0x0000000000000ae6                marquee_text_layer_set_text
 .text.marquee_text_layer_create
                0x0000000000000aec       0x90 src/layers/marquee_text.c.10.o
                0x0000000000000aec                marquee_text_layer_create
 .text.marquee_text_layer_tick
                0x0000000000000b7c       0x30 src/layers/marquee_text.c.10.o
                0x0000000000000b7c                marquee_text_layer_tick
 .text.progress_bar_update_proc
                0x0000000000000bac       0x64 src/layers/progress_bar.c.10.o
 .text.progress_bar_layer_create
                0x0000000000000c10       0x44 src/layers/progress_bar.c.10.o
                0x0000000000000c10                progress_bar_layer_create
 .text.progress_bar_layer_destroy
                0x0000000000000c54       0x14 src/layers/progress_bar.c.10.o
                0x0000000000000c54                progress_bar_layer_destroy
 .text.progress_bar_layer_get_layer
                0x0000000000000c68        0x4 src/layers/progress_bar.c.10.o
                0x0000000000000c68                progress_bar_layer_get_layer
 .text.progress_bar_layer_set_range
                0x0000000000000c6c        0xe src/layers/progress_bar.c.10.o
                0x0000000000000c6c                progress_bar_layer_set_range
 .text.progress_bar_layer_set_value
                0x0000000000000c7a        0xc src/layers/progress_bar.c.10.o
                0x0000000000000c7a                progress_bar_layer_set_value
 *fill*         0x0000000000000c86        0x2 
 .text.settings_service_subscribe
                0x0000000000000c88       0x14 src/settings.c.10.o
                0x0000000000000c88                settings_service_subscribe
 .text.settings_get_settings
                0x0000000000000c9c       0x34 src/settings.c.10.o
                0x0000000000000c9c                settings_get_settings
 .text.settings_prepare_defaults
                0x0000000000000cd0       0x1c src/settings.c.10.o
                0x0000000000000cd0                settings_prepare_defaults
 .text.settings_load
                0x0000000000000cec       0x44 src/settings.c.10.o
                0x0000000000000cec                settings_load
 .text.settings_save
                0x0000000000000d30       0x3c src/settings.c.10.o
                0x0000000000000d30                settings_save
 .text.settings_set_settings
                0x0000000000000d6c       0x44 src/settings.c.10.o
                0x0000000000000d6c                settings_set_settings
 .text.library_menus_clean_up
                0x0000000000000db0        0x6 src/windows/library_menus.c.10.o
                0x0000000000000db0                library_menus_clean_up
 .text.get_num_rows
                0x0000000000000db6       0x18 src/windows/library_menus.c.10.o
                0x0000000000000db6                get_num_rows
 *fill*         0x0000000000000dce        0x2 
 .text.draw_row
                0x0000000000000dd0       0x5c src/windows/library_menus.c.10.o
                0x0000000000000dd0                draw_row
 .text.library_menus_window_unload
                0x0000000000000e2c       0x80 src/windows/library_menus.c.10.o
                0x0000000000000e2c                library_menus_window_unload
 .text.library_menus_create
                0x0000000000000eac       0x18 src/windows/library_menus.c.10.o
                0x0000000000000eac                library_menus_create
 .text.library_menus_pop_all
                0x0000000000000ec4       0x4c src/windows/library_menus.c.10.o
                0x0000000000000ec4                library_menus_pop_all
 .text.build_parent_history
                0x0000000000000f10       0x78 src/windows/library_menus.c.10.o
                0x0000000000000f10                build_parent_history
 .text.send_library_request
                0x0000000000000f88       0x58 src/windows/library_menus.c.10.o
                0x0000000000000f88                send_library_request
 .text.selection_changed
                0x0000000000000fe0       0x56 src/windows/library_menus.c.10.o
                0x0000000000000fe0                selection_changed
 *fill*         0x0000000000001036        0x2 
 .text.play_track
                0x0000000000001038       0x74 src/windows/library_menus.c.10.o
                0x0000000000001038                play_track
 .text.clear_library_entry_data
                0x00000000000010ac       0x16 src/windows/library_menus.c.10.o
                0x00000000000010ac                clear_library_entry_data
 *fill*         0x00000000000010c2        0x2 
 .text.library_menus_gbitmap_from_media_grouping
                0x00000000000010c4       0x3c src/windows/library_menus.c.10.o
                0x00000000000010c4                library_menus_gbitmap_from_media_grouping
 .text.library_menus_display_view
                0x0000000000001100      0x208 src/windows/library_menus.c.10.o
                0x0000000000001100                library_menus_display_view
 .text.select_click
                0x0000000000001308       0x4c src/windows/library_menus.c.10.o
                0x0000000000001308                select_click
 .text.library_menus_inbox
                0x0000000000001354      0x234 src/windows/library_menus.c.10.o
                0x0000000000001354                library_menus_inbox
 .text.main_menu_get_num_sections
                0x0000000000001588        0x4 src/windows/main_menu.c.10.o
                0x0000000000001588                main_menu_get_num_sections
 .text.menu_get_num_rows_callback
                0x000000000000158c        0x4 src/windows/main_menu.c.10.o
                0x000000000000158c                menu_get_num_rows_callback
 .text.menu_get_header_height_callback
                0x0000000000001590        0x4 src/windows/main_menu.c.10.o
                0x0000000000001590                menu_get_header_height_callback
 .text.menu_select_callback
                0x0000000000001594       0x20 src/windows/main_menu.c.10.o
                0x0000000000001594                menu_select_callback
 .text.open_composer_list
                0x00000000000015b4        0x6 src/windows/main_menu.c.10.o
                0x00000000000015b4                open_composer_list
 .text.open_genre_list
                0x00000000000015ba        0x6 src/windows/main_menu.c.10.o
                0x00000000000015ba                open_genre_list
 .text.open_playlist_list
                0x00000000000015c0        0x6 src/windows/main_menu.c.10.o
                0x00000000000015c0                open_playlist_list
 .text.open_album_list
                0x00000000000015c6        0x6 src/windows/main_menu.c.10.o
                0x00000000000015c6                open_album_list
 .text.open_artist_list
                0x00000000000015cc        0x6 src/windows/main_menu.c.10.o
                0x00000000000015cc                open_artist_list
 .text.open_now_playing
                0x00000000000015d2        0x4 src/windows/main_menu.c.10.o
                0x00000000000015d2                open_now_playing
 *fill*         0x00000000000015d6        0x2 
 .text.menu_selection_changed
                0x00000000000015d8       0x2c src/windows/main_menu.c.10.o
                0x00000000000015d8                menu_selection_changed
 .text.main_menu_send_now_playing_request
                0x0000000000001604        0x6 src/windows/main_menu.c.10.o
                0x0000000000001604                main_menu_send_now_playing_request
 *fill*         0x000000000000160a        0x2 
 .text.menu_draw_row_callback
                0x000000000000160c       0x70 src/windows/main_menu.c.10.o
                0x000000000000160c                menu_draw_row_callback
 .text.update_highlight_colours
                0x000000000000167c       0x38 src/windows/main_menu.c.10.o
                0x000000000000167c                update_highlight_colours
 .text.main_menu_create
                0x00000000000016b4      0x178 src/windows/main_menu.c.10.o
                0x00000000000016b4                main_menu_create
 .text.message_window_update_proc
                0x000000000000182c       0x2a src/windows/message_window.c.10.o
                0x000000000000182c                message_window_update_proc
 .text.message_window_update_frames
                0x0000000000001856       0x66 src/windows/message_window.c.10.o
                0x0000000000001856                message_window_update_frames
 .text.message_window_create
                0x00000000000018bc       0xd0 src/windows/message_window.c.10.o
                0x00000000000018bc                message_window_create
 .text.message_window_destroy
                0x000000000000198c       0x34 src/windows/message_window.c.10.o
                0x000000000000198c                message_window_destroy
 .text.message_window_auto_destroy
                0x00000000000019c0        0x4 src/windows/message_window.c.10.o
                0x00000000000019c0                message_window_auto_destroy
 .text.message_window_push_on_window
                0x00000000000019c4       0x74 src/windows/message_window.c.10.o
                0x00000000000019c4                message_window_push_on_window
 .text.message_window_pop_off_window
                0x0000000000001a38       0x90 src/windows/message_window.c.10.o
                0x0000000000001a38                message_window_pop_off_window
 .text.message_window_set_text
                0x0000000000001ac8       0x22 src/windows/message_window.c.10.o
                0x0000000000001ac8                message_window_set_text
 .text.message_window_set_icon
                0x0000000000001aea       0x1a src/windows/message_window.c.10.o
                0x0000000000001aea                message_window_set_icon
 .text.now_playing_window_unload
                0x0000000000001b04       0xf4 src/windows/now_playing.c.10.o
                0x0000000000001b04                now_playing_window_unload
 .text.now_playing_click_config_provider
                0x0000000000001bf8       0x44 src/windows/now_playing.c.10.o
                0x0000000000001bf8                now_playing_click_config_provider
 .text.animate_action_bar
                0x0000000000001c3c       0x8c src/windows/now_playing.c.10.o
                0x0000000000001c3c                animate_action_bar
 .text.now_playing_graphics_proc
                0x0000000000001cc8       0xc8 src/windows/now_playing.c.10.o
                0x0000000000001cc8                now_playing_graphics_proc
 .text.display_no_album
                0x0000000000001d90       0x20 src/windows/now_playing.c.10.o
                0x0000000000001d90                display_no_album
 .text.now_playing_is_playing_music
                0x0000000000001db0        0xe src/windows/now_playing.c.10.o
                0x0000000000001db0                now_playing_is_playing_music
 *fill*         0x0000000000001dbe        0x2 
 .text.now_playing_invert_button_controls
                0x0000000000001dc0       0xc8 src/windows/now_playing.c.10.o
                0x0000000000001dc0                now_playing_invert_button_controls
 .text.now_playing_check_for_no_music
                0x0000000000001e88       0x54 src/windows/now_playing.c.10.o
                0x0000000000001e88                now_playing_check_for_no_music
 .text.now_playing_send_state_change
                0x0000000000001edc       0x26 src/windows/now_playing.c.10.o
                0x0000000000001edc                now_playing_send_state_change
 *fill*         0x0000000000001f02        0x2 
 .text.now_playing_set_album_art
                0x0000000000001f04       0x50 src/windows/now_playing.c.10.o
                0x0000000000001f04                now_playing_set_album_art
 .text.now_playing_tick
                0x0000000000001f54       0x58 src/windows/now_playing.c.10.o
                0x0000000000001f54                now_playing_tick
 .text.now_playing_animation_tick
                0x0000000000001fac       0x3c src/windows/now_playing.c.10.o
                0x0000000000001fac                now_playing_animation_tick
 .text.now_playing_new_settings
                0x0000000000001fe8       0xf8 src/windows/now_playing.c.10.o
                0x0000000000001fe8                now_playing_new_settings
 .text.now_playing_action_bar_handle
                0x00000000000020e0       0xe0 src/windows/now_playing.c.10.o
                0x00000000000020e0                now_playing_action_bar_handle
 .text.now_playing_long_clicked_select
                0x00000000000021c0       0x40 src/windows/now_playing.c.10.o
                0x00000000000021c0                now_playing_long_clicked_select
 .text.now_playing_state_callback
                0x0000000000002200      0x134 src/windows/now_playing.c.10.o
                0x0000000000002200                now_playing_state_callback
 .text.now_playing_window_load
                0x0000000000002334      0x32c src/windows/now_playing.c.10.o
                0x0000000000002334                now_playing_window_load
 .text.now_playing_reset_invert_controls
                0x0000000000002660       0x40 src/windows/now_playing.c.10.o
                0x0000000000002660                now_playing_reset_invert_controls
 .text.now_playing_clicked_down
                0x00000000000026a0       0x2c src/windows/now_playing.c.10.o
                0x00000000000026a0                now_playing_clicked_down
 .text.now_playing_clicked_select
                0x00000000000026cc       0x58 src/windows/now_playing.c.10.o
                0x00000000000026cc                now_playing_clicked_select
 .text.now_playing_clicked_up
                0x0000000000002724       0x2c src/windows/now_playing.c.10.o
                0x0000000000002724                now_playing_clicked_up
 .text.now_playing_show
                0x0000000000002750       0x7c src/windows/now_playing.c.10.o
                0x0000000000002750                now_playing_show
 .text.app_event_loop
                0x00000000000027cc        0xc /Users/edwinfinch/Library/Application Support/Pebble SDK/SDKs/current/sdk-core/pebble/basalt/lib/libpebble.a(tmpzgFxQqpebble.o)
                0x00000000000027cc                app_event_loop
 .text.app_log  0x00000000000027d8        0xc /Users/edwinfinch/Library/Application Support/Pebble SDK/SDKs/current/sdk-core/pebble/basalt/lib/libpebble.a(tmpzgFxQqpebble.o)
                0x00000000000027d8                app_log
 .text.app_message_open
                0x00000000000027e4        0xc /Users/edwinfinch/Library/Application Support/Pebble SDK/SDKs/current/sdk-core/pebble/basalt/lib/libpebble.a(tmpzgFxQqpebble.o)
                0x00000000000027e4                app_message_open
 .text.app_timer_cancel
                0x00000000000027f0        0xc /Users/edwinfinch/Library/Application Support/Pebble SDK/SDKs/current/sdk-core/pebble/basalt/lib/libpebble.a(tmpzgFxQqpebble.o)
                0x00000000000027f0                app_timer_cancel
 .text.app_timer_register
                0x00000000000027fc        0xc /Users/edwinfinch/Library/Application Support/Pebble SDK/SDKs/current/sdk-core/pebble/basalt/lib/libpebble.a(tmpzgFxQqpebble.o)
                0x00000000000027fc                app_timer_register
 .text.bitmap_layer_create
                0x0000000000002808        0xc /Users/edwinfinch/Library/Application Support/Pebble SDK/SDKs/current/sdk-core/pebble/basalt/lib/libpebble.a(tmpzgFxQqpebble.o)
                0x0000000000002808                bitmap_layer_create
 .text.bitmap_layer_destroy
                0x0000000000002814        0xc /Users/edwinfinch/Library/Application Support/Pebble SDK/SDKs/current/sdk-core/pebble/basalt/lib/libpebble.a(tmpzgFxQqpebble.o)
                0x0000000000002814                bitmap_layer_destroy
 .text.bitmap_layer_get_layer
                0x0000000000002820        0xc /Users/edwinfinch/Library/Application Support/Pebble SDK/SDKs/current/sdk-core/pebble/basalt/lib/libpebble.a(tmpzgFxQqpebble.o)
                0x0000000000002820                bitmap_layer_get_layer
 .text.bitmap_layer_set_bitmap
                0x000000000000282c        0xc /Users/edwinfinch/Library/Application Support/Pebble SDK/SDKs/current/sdk-core/pebble/basalt/lib/libpebble.a(tmpzgFxQqpebble.o)
                0x000000000000282c                bitmap_layer_set_bitmap
 .text.dict_find
                0x0000000000002838        0xc /Users/edwinfinch/Library/Application Support/Pebble SDK/SDKs/current/sdk-core/pebble/basalt/lib/libpebble.a(tmpzgFxQqpebble.o)
                0x0000000000002838                dict_find
 .text.dict_read_first
                0x0000000000002844        0xc /Users/edwinfinch/Library/Application Support/Pebble SDK/SDKs/current/sdk-core/pebble/basalt/lib/libpebble.a(tmpzgFxQqpebble.o)
                0x0000000000002844                dict_read_first
 .text.dict_read_next
                0x0000000000002850        0xc /Users/edwinfinch/Library/Application Support/Pebble SDK/SDKs/current/sdk-core/pebble/basalt/lib/libpebble.a(tmpzgFxQqpebble.o)
                0x0000000000002850                dict_read_next
 .text.dict_write_data
                0x000000000000285c        0xc /Users/edwinfinch/Library/Application Support/Pebble SDK/SDKs/current/sdk-core/pebble/basalt/lib/libpebble.a(tmpzgFxQqpebble.o)
                0x000000000000285c                dict_write_data
 .text.dict_write_int32
                0x0000000000002868        0xc /Users/edwinfinch/Library/Application Support/Pebble SDK/SDKs/current/sdk-core/pebble/basalt/lib/libpebble.a(tmpzgFxQqpebble.o)
                0x0000000000002868                dict_write_int32
 .text.dict_write_int8
                0x0000000000002874        0xc /Users/edwinfinch/Library/Application Support/Pebble SDK/SDKs/current/sdk-core/pebble/basalt/lib/libpebble.a(tmpzgFxQqpebble.o)
                0x0000000000002874                dict_write_int8
 .text.dict_write_uint16
                0x0000000000002880        0xc /Users/edwinfinch/Library/Application Support/Pebble SDK/SDKs/current/sdk-core/pebble/basalt/lib/libpebble.a(tmpzgFxQqpebble.o)
                0x0000000000002880                dict_write_uint16
 .text.dict_write_uint32
                0x000000000000288c        0xc /Users/edwinfinch/Library/Application Support/Pebble SDK/SDKs/current/sdk-core/pebble/basalt/lib/libpebble.a(tmpzgFxQqpebble.o)
                0x000000000000288c                dict_write_uint32
 .text.dict_write_uint8
                0x0000000000002898        0xc /Users/edwinfinch/Library/Application Support/Pebble SDK/SDKs/current/sdk-core/pebble/basalt/lib/libpebble.a(tmpzgFxQqpebble.o)
                0x0000000000002898                dict_write_uint8
 .text.fonts_get_system_font
                0x00000000000028a4        0xc /Users/edwinfinch/Library/Application Support/Pebble SDK/SDKs/current/sdk-core/pebble/basalt/lib/libpebble.a(tmpzgFxQqpebble.o)
                0x00000000000028a4                fonts_get_system_font
 .text.free     0x00000000000028b0        0xc /Users/edwinfinch/Library/Application Support/Pebble SDK/SDKs/current/sdk-core/pebble/basalt/lib/libpebble.a(tmpzgFxQqpebble.o)
                0x00000000000028b0                free
 .text.gbitmap_create_with_resource
                0x00000000000028bc        0xc /Users/edwinfinch/Library/Application Support/Pebble SDK/SDKs/current/sdk-core/pebble/basalt/lib/libpebble.a(tmpzgFxQqpebble.o)
                0x00000000000028bc                gbitmap_create_with_resource
 .text.gbitmap_destroy
                0x00000000000028c8        0xc /Users/edwinfinch/Library/Application Support/Pebble SDK/SDKs/current/sdk-core/pebble/basalt/lib/libpebble.a(tmpzgFxQqpebble.o)
                0x00000000000028c8                gbitmap_destroy
 .text.graphics_context_set_compositing_mode
                0x00000000000028d4        0xc /Users/edwinfinch/Library/Application Support/Pebble SDK/SDKs/current/sdk-core/pebble/basalt/lib/libpebble.a(tmpzgFxQqpebble.o)
                0x00000000000028d4                graphics_context_set_compositing_mode
 .text.graphics_fill_rect
                0x00000000000028e0        0xc /Users/edwinfinch/Library/Application Support/Pebble SDK/SDKs/current/sdk-core/pebble/basalt/lib/libpebble.a(tmpzgFxQqpebble.o)
                0x00000000000028e0                graphics_fill_rect
 .text.layer_add_child
                0x00000000000028ec        0xc /Users/edwinfinch/Library/Application Support/Pebble SDK/SDKs/current/sdk-core/pebble/basalt/lib/libpebble.a(tmpzgFxQqpebble.o)
                0x00000000000028ec                layer_add_child
 .text.layer_create
                0x00000000000028f8        0xc /Users/edwinfinch/Library/Application Support/Pebble SDK/SDKs/current/sdk-core/pebble/basalt/lib/libpebble.a(tmpzgFxQqpebble.o)
                0x00000000000028f8                layer_create
 .text.layer_create_with_data
                0x0000000000002904        0xc /Users/edwinfinch/Library/Application Support/Pebble SDK/SDKs/current/sdk-core/pebble/basalt/lib/libpebble.a(tmpzgFxQqpebble.o)
                0x0000000000002904                layer_create_with_data
 .text.layer_destroy
                0x0000000000002910        0xc /Users/edwinfinch/Library/Application Support/Pebble SDK/SDKs/current/sdk-core/pebble/basalt/lib/libpebble.a(tmpzgFxQqpebble.o)
                0x0000000000002910                layer_destroy
 .text.layer_get_bounds
                0x000000000000291c        0xc /Users/edwinfinch/Library/Application Support/Pebble SDK/SDKs/current/sdk-core/pebble/basalt/lib/libpebble.a(tmpzgFxQqpebble.o)
                0x000000000000291c                layer_get_bounds
 .text.layer_get_data
                0x0000000000002928        0xc /Users/edwinfinch/Library/Application Support/Pebble SDK/SDKs/current/sdk-core/pebble/basalt/lib/libpebble.a(tmpzgFxQqpebble.o)
                0x0000000000002928                layer_get_data
 .text.layer_get_frame
                0x0000000000002934        0xc /Users/edwinfinch/Library/Application Support/Pebble SDK/SDKs/current/sdk-core/pebble/basalt/lib/libpebble.a(tmpzgFxQqpebble.o)
                0x0000000000002934                layer_get_frame
 .text.layer_mark_dirty
                0x0000000000002940        0xc /Users/edwinfinch/Library/Application Support/Pebble SDK/SDKs/current/sdk-core/pebble/basalt/lib/libpebble.a(tmpzgFxQqpebble.o)
                0x0000000000002940                layer_mark_dirty
 .text.layer_set_bounds
                0x000000000000294c        0xc /Users/edwinfinch/Library/Application Support/Pebble SDK/SDKs/current/sdk-core/pebble/basalt/lib/libpebble.a(tmpzgFxQqpebble.o)
                0x000000000000294c                layer_set_bounds
 .text.layer_set_frame
                0x0000000000002958        0xc /Users/edwinfinch/Library/Application Support/Pebble SDK/SDKs/current/sdk-core/pebble/basalt/lib/libpebble.a(tmpzgFxQqpebble.o)
                0x0000000000002958                layer_set_frame
 .text.layer_set_hidden
                0x0000000000002964        0xc /Users/edwinfinch/Library/Application Support/Pebble SDK/SDKs/current/sdk-core/pebble/basalt/lib/libpebble.a(tmpzgFxQqpebble.o)
                0x0000000000002964                layer_set_hidden
 .text.layer_set_update_proc
                0x0000000000002970        0xc /Users/edwinfinch/Library/Application Support/Pebble SDK/SDKs/current/sdk-core/pebble/basalt/lib/libpebble.a(tmpzgFxQqpebble.o)
                0x0000000000002970                layer_set_update_proc
 .text.malloc   0x000000000000297c        0xc /Users/edwinfinch/Library/Application Support/Pebble SDK/SDKs/current/sdk-core/pebble/basalt/lib/libpebble.a(tmpzgFxQqpebble.o)
                0x000000000000297c                malloc
 .text.memcpy   0x0000000000002988        0xc /Users/edwinfinch/Library/Application Support/Pebble SDK/SDKs/current/sdk-core/pebble/basalt/lib/libpebble.a(tmpzgFxQqpebble.o)
                0x0000000000002988                memcpy
 .text.memmove  0x0000000000002994        0xc /Users/edwinfinch/Library/Application Support/Pebble SDK/SDKs/current/sdk-core/pebble/basalt/lib/libpebble.a(tmpzgFxQqpebble.o)
                0x0000000000002994                memmove
 .text.memset   0x00000000000029a0        0xc /Users/edwinfinch/Library/Application Support/Pebble SDK/SDKs/current/sdk-core/pebble/basalt/lib/libpebble.a(tmpzgFxQqpebble.o)
                0x00000000000029a0                memset
 .text.menu_cell_basic_draw
                0x00000000000029ac        0xc /Users/edwinfinch/Library/Application Support/Pebble SDK/SDKs/current/sdk-core/pebble/basalt/lib/libpebble.a(tmpzgFxQqpebble.o)
                0x00000000000029ac                menu_cell_basic_draw
 .text.menu_layer_destroy
                0x00000000000029b8        0xc /Users/edwinfinch/Library/Application Support/Pebble SDK/SDKs/current/sdk-core/pebble/basalt/lib/libpebble.a(tmpzgFxQqpebble.o)
                0x00000000000029b8                menu_layer_destroy
 .text.menu_layer_get_layer
                0x00000000000029c4        0xc /Users/edwinfinch/Library/Application Support/Pebble SDK/SDKs/current/sdk-core/pebble/basalt/lib/libpebble.a(tmpzgFxQqpebble.o)
                0x00000000000029c4                menu_layer_get_layer
 .text.menu_layer_reload_data
                0x00000000000029d0        0xc /Users/edwinfinch/Library/Application Support/Pebble SDK/SDKs/current/sdk-core/pebble/basalt/lib/libpebble.a(tmpzgFxQqpebble.o)
                0x00000000000029d0                menu_layer_reload_data
 .text.menu_layer_set_click_config_onto_window
                0x00000000000029dc        0xc /Users/edwinfinch/Library/Application Support/Pebble SDK/SDKs/current/sdk-core/pebble/basalt/lib/libpebble.a(tmpzgFxQqpebble.o)
                0x00000000000029dc                menu_layer_set_click_config_onto_window
 .text.snprintf
                0x00000000000029e8        0xc /Users/edwinfinch/Library/Application Support/Pebble SDK/SDKs/current/sdk-core/pebble/basalt/lib/libpebble.a(tmpzgFxQqpebble.o)
                0x00000000000029e8                snprintf
 .text.strcmp   0x00000000000029f4        0xc /Users/edwinfinch/Library/Application Support/Pebble SDK/SDKs/current/sdk-core/pebble/basalt/lib/libpebble.a(tmpzgFxQqpebble.o)
                0x00000000000029f4                strcmp
 .text.strlen   0x0000000000002a00        0xc /Users/edwinfinch/Library/Application Support/Pebble SDK/SDKs/current/sdk-core/pebble/basalt/lib/libpebble.a(tmpzgFxQqpebble.o)
                0x0000000000002a00                strlen
 .text.strncpy  0x0000000000002a0c        0xc /Users/edwinfinch/Library/Application Support/Pebble SDK/SDKs/current/sdk-core/pebble/basalt/lib/libpebble.a(tmpzgFxQqpebble.o)
                0x0000000000002a0c                strncpy
 .text.tick_timer_service_subscribe
                0x0000000000002a18        0xc /Users/edwinfinch/Library/Application Support/Pebble SDK/SDKs/current/sdk-core/pebble/basalt/lib/libpebble.a(tmpzgFxQqpebble.o)
                0x0000000000002a18                tick_timer_service_subscribe
 .text.vibes_double_pulse
                0x0000000000002a24        0xc /Users/edwinfinch/Library/Application Support/Pebble SDK/SDKs/current/sdk-core/pebble/basalt/lib/libpebble.a(tmpzgFxQqpebble.o)
                0x0000000000002a24                vibes_double_pulse
 .text.vibes_enqueue_custom_pattern
                0x0000000000002a30        0xc /Users/edwinfinch/Library/Application Support/Pebble SDK/SDKs/current/sdk-core/pebble/basalt/lib/libpebble.a(tmpzgFxQqpebble.o)
                0x0000000000002a30                vibes_enqueue_custom_pattern
 .text.window_create
                0x0000000000002a3c        0xc /Users/edwinfinch/Library/Application Support/Pebble SDK/SDKs/current/sdk-core/pebble/basalt/lib/libpebble.a(tmpzgFxQqpebble.o)
                0x0000000000002a3c                window_create
 .text.window_destroy
                0x0000000000002a48        0xc /Users/edwinfinch/Library/Application Support/Pebble SDK/SDKs/current/sdk-core/pebble/basalt/lib/libpebble.a(tmpzgFxQqpebble.o)
                0x0000000000002a48                window_destroy
 .text.window_get_root_layer
                0x0000000000002a54        0xc /Users/edwinfinch/Library/Application Support/Pebble SDK/SDKs/current/sdk-core/pebble/basalt/lib/libpebble.a(tmpzgFxQqpebble.o)
                0x0000000000002a54                window_get_root_layer
 .text.window_set_window_handlers
                0x0000000000002a60        0xc /Users/edwinfinch/Library/Application Support/Pebble SDK/SDKs/current/sdk-core/pebble/basalt/lib/libpebble.a(tmpzgFxQqpebble.o)
                0x0000000000002a60                window_set_window_handlers
 .text.window_stack_get_top_window
                0x0000000000002a6c        0xc /Users/edwinfinch/Library/Application Support/Pebble SDK/SDKs/current/sdk-core/pebble/basalt/lib/libpebble.a(tmpzgFxQqpebble.o)
                0x0000000000002a6c                window_stack_get_top_window
 .text.window_stack_push
                0x0000000000002a78        0xc /Users/edwinfinch/Library/Application Support/Pebble SDK/SDKs/current/sdk-core/pebble/basalt/lib/libpebble.a(tmpzgFxQqpebble.o)
                0x0000000000002a78                window_stack_push
 .text.window_stack_remove
                0x0000000000002a84        0xc /Users/edwinfinch/Library/Application Support/Pebble SDK/SDKs/current/sdk-core/pebble/basalt/lib/libpebble.a(tmpzgFxQqpebble.o)
                0x0000000000002a84                window_stack_remove
 .text.app_message_outbox_begin
                0x0000000000002a90        0xc /Users/edwinfinch/Library/Application Support/Pebble SDK/SDKs/current/sdk-core/pebble/basalt/lib/libpebble.a(tmpzgFxQqpebble.o)
                0x0000000000002a90                app_message_outbox_begin
 .text.app_message_outbox_send
                0x0000000000002a9c        0xc /Users/edwinfinch/Library/Application Support/Pebble SDK/SDKs/current/sdk-core/pebble/basalt/lib/libpebble.a(tmpzgFxQqpebble.o)
                0x0000000000002a9c                app_message_outbox_send
 .text.app_message_register_inbox_dropped
                0x0000000000002aa8        0xc /Users/edwinfinch/Library/Application Support/Pebble SDK/SDKs/current/sdk-core/pebble/basalt/lib/libpebble.a(tmpzgFxQqpebble.o)
                0x0000000000002aa8                app_message_register_inbox_dropped
 .text.app_message_register_inbox_received
                0x0000000000002ab4        0xc /Users/edwinfinch/Library/Application Support/Pebble SDK/SDKs/current/sdk-core/pebble/basalt/lib/libpebble.a(tmpzgFxQqpebble.o)
                0x0000000000002ab4                app_message_register_inbox_received
 .text.app_message_register_outbox_failed
                0x0000000000002ac0        0xc /Users/edwinfinch/Library/Application Support/Pebble SDK/SDKs/current/sdk-core/pebble/basalt/lib/libpebble.a(tmpzgFxQqpebble.o)
                0x0000000000002ac0                app_message_register_outbox_failed
 .text.window_long_click_subscribe
                0x0000000000002acc        0xc /Users/edwinfinch/Library/Application Support/Pebble SDK/SDKs/current/sdk-core/pebble/basalt/lib/libpebble.a(tmpzgFxQqpebble.o)
                0x0000000000002acc                window_long_click_subscribe
 .text.window_single_click_subscribe
                0x0000000000002ad8        0xc /Users/edwinfinch/Library/Application Support/Pebble SDK/SDKs/current/sdk-core/pebble/basalt/lib/libpebble.a(tmpzgFxQqpebble.o)
                0x0000000000002ad8                window_single_click_subscribe
 .text.graphics_draw_text
                0x0000000000002ae4        0xc /Users/edwinfinch/Library/Application Support/Pebble SDK/SDKs/current/sdk-core/pebble/basalt/lib/libpebble.a(tmpzgFxQqpebble.o)
                0x0000000000002ae4                graphics_draw_text
 .text.persist_read_data
                0x0000000000002af0        0xc /Users/edwinfinch/Library/Application Support/Pebble SDK/SDKs/current/sdk-core/pebble/basalt/lib/libpebble.a(tmpzgFxQqpebble.o)
                0x0000000000002af0                persist_read_data
 .text.persist_write_data
                0x0000000000002afc        0xc /Users/edwinfinch/Library/Application Support/Pebble SDK/SDKs/current/sdk-core/pebble/basalt/lib/libpebble.a(tmpzgFxQqpebble.o)
                0x0000000000002afc                persist_write_data
 .text.graphics_text_layout_get_content_size
                0x0000000000002b08        0xc /Users/edwinfinch/Library/Application Support/Pebble SDK/SDKs/current/sdk-core/pebble/basalt/lib/libpebble.a(tmpzgFxQqpebble.o)
                0x0000000000002b08                graphics_text_layout_get_content_size
 .text.bitmap_layer_get_bitmap
                0x0000000000002b14        0xc /Users/edwinfinch/Library/Application Support/Pebble SDK/SDKs/current/sdk-core/pebble/basalt/lib/libpebble.a(tmpzgFxQqpebble.o)
                0x0000000000002b14                bitmap_layer_get_bitmap
 .text.heap_bytes_free
                0x0000000000002b20        0xc /Users/edwinfinch/Library/Application Support/Pebble SDK/SDKs/current/sdk-core/pebble/basalt/lib/libpebble.a(tmpzgFxQqpebble.o)
                0x0000000000002b20                heap_bytes_free
 .text.graphics_context_set_fill_color
                0x0000000000002b2c        0xc /Users/edwinfinch/Library/Application Support/Pebble SDK/SDKs/current/sdk-core/pebble/basalt/lib/libpebble.a(tmpzgFxQqpebble.o)
                0x0000000000002b2c                graphics_context_set_fill_color
 .text.graphics_context_set_text_color
                0x0000000000002b38        0xc /Users/edwinfinch/Library/Application Support/Pebble SDK/SDKs/current/sdk-core/pebble/basalt/lib/libpebble.a(tmpzgFxQqpebble.o)
                0x0000000000002b38                graphics_context_set_text_color
 .text.window_set_background_color
                0x0000000000002b44        0xc /Users/edwinfinch/Library/Application Support/Pebble SDK/SDKs/current/sdk-core/pebble/basalt/lib/libpebble.a(tmpzgFxQqpebble.o)
                0x0000000000002b44                window_set_background_color
 .text.animation_schedule
                0x0000000000002b50        0xc /Users/edwinfinch/Library/Application Support/Pebble SDK/SDKs/current/sdk-core/pebble/basalt/lib/libpebble.a(tmpzgFxQqpebble.o)
                0x0000000000002b50                animation_schedule
 .text.animation_set_delay
                0x0000000000002b5c        0xc /Users/edwinfinch/Library/Application Support/Pebble SDK/SDKs/current/sdk-core/pebble/basalt/lib/libpebble.a(tmpzgFxQqpebble.o)
                0x0000000000002b5c                animation_set_delay
 .text.animation_set_duration
                0x0000000000002b68        0xc /Users/edwinfinch/Library/Application Support/Pebble SDK/SDKs/current/sdk-core/pebble/basalt/lib/libpebble.a(tmpzgFxQqpebble.o)
                0x0000000000002b68                animation_set_duration
 .text.animation_set_handlers
                0x0000000000002b74        0xc /Users/edwinfinch/Library/Application Support/Pebble SDK/SDKs/current/sdk-core/pebble/basalt/lib/libpebble.a(tmpzgFxQqpebble.o)
                0x0000000000002b74                animation_set_handlers
 .text.property_animation_create_layer_frame
                0x0000000000002b80        0xc /Users/edwinfinch/Library/Application Support/Pebble SDK/SDKs/current/sdk-core/pebble/basalt/lib/libpebble.a(tmpzgFxQqpebble.o)
                0x0000000000002b80                property_animation_create_layer_frame
 .text.property_animation_get_animation
                0x0000000000002b8c        0xc /Users/edwinfinch/Library/Application Support/Pebble SDK/SDKs/current/sdk-core/pebble/basalt/lib/libpebble.a(tmpzgFxQqpebble.o)
                0x0000000000002b8c                property_animation_get_animation
 .text.gbitmap_get_bounds
                0x0000000000002b98        0xc /Users/edwinfinch/Library/Application Support/Pebble SDK/SDKs/current/sdk-core/pebble/basalt/lib/libpebble.a(tmpzgFxQqpebble.o)
                0x0000000000002b98                gbitmap_get_bounds
 .text.gbitmap_get_format
                0x0000000000002ba4        0xc /Users/edwinfinch/Library/Application Support/Pebble SDK/SDKs/current/sdk-core/pebble/basalt/lib/libpebble.a(tmpzgFxQqpebble.o)
                0x0000000000002ba4                gbitmap_get_format
 .text.gbitmap_get_palette
                0x0000000000002bb0        0xc /Users/edwinfinch/Library/Application Support/Pebble SDK/SDKs/current/sdk-core/pebble/basalt/lib/libpebble.a(tmpzgFxQqpebble.o)
                0x0000000000002bb0                gbitmap_get_palette
 .text.gbitmap_create_from_png_data
                0x0000000000002bbc        0xc /Users/edwinfinch/Library/Application Support/Pebble SDK/SDKs/current/sdk-core/pebble/basalt/lib/libpebble.a(tmpzgFxQqpebble.o)
                0x0000000000002bbc                gbitmap_create_from_png_data
 .text.menu_layer_create
                0x0000000000002bc8        0xc /Users/edwinfinch/Library/Application Support/Pebble SDK/SDKs/current/sdk-core/pebble/basalt/lib/libpebble.a(tmpzgFxQqpebble.o)
                0x0000000000002bc8                menu_layer_create
 .text.action_bar_layer_add_to_window
                0x0000000000002bd4        0xc /Users/edwinfinch/Library/Application Support/Pebble SDK/SDKs/current/sdk-core/pebble/basalt/lib/libpebble.a(tmpzgFxQqpebble.o)
                0x0000000000002bd4                action_bar_layer_add_to_window
 .text.action_bar_layer_create
                0x0000000000002be0        0xc /Users/edwinfinch/Library/Application Support/Pebble SDK/SDKs/current/sdk-core/pebble/basalt/lib/libpebble.a(tmpzgFxQqpebble.o)
                0x0000000000002be0                action_bar_layer_create
 .text.action_bar_layer_destroy
                0x0000000000002bec        0xc /Users/edwinfinch/Library/Application Support/Pebble SDK/SDKs/current/sdk-core/pebble/basalt/lib/libpebble.a(tmpzgFxQqpebble.o)
                0x0000000000002bec                action_bar_layer_destroy
 .text.action_bar_layer_get_layer
                0x0000000000002bf8        0xc /Users/edwinfinch/Library/Application Support/Pebble SDK/SDKs/current/sdk-core/pebble/basalt/lib/libpebble.a(tmpzgFxQqpebble.o)
                0x0000000000002bf8                action_bar_layer_get_layer
 .text.action_bar_layer_set_click_config_provider
                0x0000000000002c04        0xc /Users/edwinfinch/Library/Application Support/Pebble SDK/SDKs/current/sdk-core/pebble/basalt/lib/libpebble.a(tmpzgFxQqpebble.o)
                0x0000000000002c04                action_bar_layer_set_click_config_provider
 .text.action_bar_layer_set_icon_animated
                0x0000000000002c10        0xc /Users/edwinfinch/Library/Application Support/Pebble SDK/SDKs/current/sdk-core/pebble/basalt/lib/libpebble.a(tmpzgFxQqpebble.o)
                0x0000000000002c10                action_bar_layer_set_icon_animated
 .text.menu_cell_layer_is_highlighted
                0x0000000000002c1c        0xc /Users/edwinfinch/Library/Application Support/Pebble SDK/SDKs/current/sdk-core/pebble/basalt/lib/libpebble.a(tmpzgFxQqpebble.o)
                0x0000000000002c1c                menu_cell_layer_is_highlighted
 .text.text_layer_create
                0x0000000000002c28        0xc /Users/edwinfinch/Library/Application Support/Pebble SDK/SDKs/current/sdk-core/pebble/basalt/lib/libpebble.a(tmpzgFxQqpebble.o)
                0x0000000000002c28                text_layer_create
 .text.text_layer_destroy
                0x0000000000002c34        0xc /Users/edwinfinch/Library/Application Support/Pebble SDK/SDKs/current/sdk-core/pebble/basalt/lib/libpebble.a(tmpzgFxQqpebble.o)
                0x0000000000002c34                text_layer_destroy
 .text.text_layer_get_layer
                0x0000000000002c40        0xc /Users/edwinfinch/Library/Application Support/Pebble SDK/SDKs/current/sdk-core/pebble/basalt/lib/libpebble.a(tmpzgFxQqpebble.o)
                0x0000000000002c40                text_layer_get_layer
 .text.text_layer_set_background_color
                0x0000000000002c4c        0xc /Users/edwinfinch/Library/Application Support/Pebble SDK/SDKs/current/sdk-core/pebble/basalt/lib/libpebble.a(tmpzgFxQqpebble.o)
                0x0000000000002c4c                text_layer_set_background_color
 .text.text_layer_set_font
                0x0000000000002c58        0xc /Users/edwinfinch/Library/Application Support/Pebble SDK/SDKs/current/sdk-core/pebble/basalt/lib/libpebble.a(tmpzgFxQqpebble.o)
                0x0000000000002c58                text_layer_set_font
 .text.text_layer_set_text
                0x0000000000002c64        0xc /Users/edwinfinch/Library/Application Support/Pebble SDK/SDKs/current/sdk-core/pebble/basalt/lib/libpebble.a(tmpzgFxQqpebble.o)
                0x0000000000002c64                text_layer_set_text
 .text.text_layer_set_text_alignment
                0x0000000000002c70        0xc /Users/edwinfinch/Library/Application Support/Pebble SDK/SDKs/current/sdk-core/pebble/basalt/lib/libpebble.a(tmpzgFxQqpebble.o)
                0x0000000000002c70                text_layer_set_text_alignment
 .text.text_layer_set_text_color
                0x0000000000002c7c        0xc /Users/edwinfinch/Library/Application Support/Pebble SDK/SDKs/current/sdk-core/pebble/basalt/lib/libpebble.a(tmpzgFxQqpebble.o)
                0x0000000000002c7c                text_layer_set_text_color
 .text.menu_layer_set_highlight_colors
                0x0000000000002c88        0xc /Users/edwinfinch/Library/Application Support/Pebble SDK/SDKs/current/sdk-core/pebble/basalt/lib/libpebble.a(tmpzgFxQqpebble.o)
                0x0000000000002c88                menu_layer_set_highlight_colors
 .text.menu_layer_set_normal_colors
                0x0000000000002c94        0xc /Users/edwinfinch/Library/Application Support/Pebble SDK/SDKs/current/sdk-core/pebble/basalt/lib/libpebble.a(tmpzgFxQqpebble.o)
                0x0000000000002c94                menu_layer_set_normal_colors
 .text.menu_layer_set_callbacks
                0x0000000000002ca0        0xc /Users/edwinfinch/Library/Application Support/Pebble SDK/SDKs/current/sdk-core/pebble/basalt/lib/libpebble.a(tmpzgFxQqpebble.o)
                0x0000000000002ca0                menu_layer_set_callbacks
 *(.rodata)
 .rodata        0x0000000000002cac        0x8 src/windows/library_menus.c.10.o
 .rodata        0x0000000000002cb4       0x20 src/windows/main_menu.c.10.o
 .rodata        0x0000000000002cd4       0x10 src/windows/message_window.c.10.o
 .rodata        0x0000000000002ce4       0x28 src/windows/now_playing.c.10.o
 *(.rodata*)
 .rodata.str1.1
                0x0000000000002d0c       0x17 src/common.c.10.o
 .rodata.CSWTCH.7
                0x0000000000002d23        0x3 src/gbitmap.c.10.o
 .rodata.str1.1
                0x0000000000002d26      0x10b src/ipod.c.10.o
 .rodata.str1.1
                0x0000000000002e31      0x161 src/ipod_state.c.10.o
                                        0x170 (size before relaxing)
 .rodata.str1.1
                0x0000000000002f92       0x1a src/layers/marquee_text.c.10.o
 .rodata.str1.1
                0x0000000000002fac       0x60 src/settings.c.10.o
 .rodata.str1.1
                0x000000000000300c      0x21e src/windows/library_menus.c.10.o
 .rodata.CSWTCH.34
                0x000000000000322a        0x7 src/windows/library_menus.c.10.o
 .rodata.str1.1
                0x0000000000003231       0x36 src/windows/main_menu.c.10.o
 .rodata.str1.1
                0x0000000000003267       0x48 src/windows/message_window.c.10.o
 *fill*         0x00000000000032af        0x1 
 .rodata.segments.7735
                0x00000000000032b0        0x8 src/windows/now_playing.c.10.o
 .rodata.str1.1
                0x00000000000032b8       0xcb src/windows/now_playing.c.10.o

.glue_7         0x0000000000003384        0x0
 .glue_7        0x0000000000000000        0x0 linker stubs

.glue_7t        0x0000000000003384        0x0
 .glue_7t       0x0000000000000000        0x0 linker stubs

.vfp11_veneer   0x0000000000003384        0x0
 .vfp11_veneer  0x0000000000000000        0x0 linker stubs

.v4_bx          0x0000000000003384        0x0
 .v4_bx         0x0000000000000000        0x0 linker stubs

.iplt           0x0000000000003384        0x0
 .iplt          0x0000000000000000        0x0 /usr/local/Cellar/pebble-toolchain/2.0/arm-cs-tools/bin/../lib/gcc/arm-none-eabi/4.7.2/thumb2/crtbegin.o

.rel.dyn        0x0000000000003384        0x0
 .rel.iplt      0x0000000000000000        0x0 /usr/local/Cellar/pebble-toolchain/2.0/arm-cs-tools/bin/../lib/gcc/arm-none-eabi/4.7.2/thumb2/crtbegin.o
 .rel.got       0x0000000000000000        0x0 /usr/local/Cellar/pebble-toolchain/2.0/arm-cs-tools/bin/../lib/gcc/arm-none-eabi/4.7.2/thumb2/crtbegin.o

.data           0x0000000000003384       0x45
 *(.data)
 .data          0x0000000000003384        0x0 /usr/local/Cellar/pebble-toolchain/2.0/arm-cs-tools/bin/../lib/gcc/arm-none-eabi/4.7.2/thumb2/crti.o
 .data          0x0000000000003384        0x4 /usr/local/Cellar/pebble-toolchain/2.0/arm-cs-tools/bin/../lib/gcc/arm-none-eabi/4.7.2/thumb2/crtbegin.o
                0x0000000000003384                __dso_handle
 .data          0x0000000000003388        0x0 src/common.c.10.o
 .data          0x0000000000003388        0x0 src/gbitmap.c.10.o
 .data          0x0000000000003388        0x0 src/ipod.c.10.o
 .data          0x0000000000003388        0x0 src/ipod_state.c.10.o
 .data          0x0000000000003388        0x0 src/layers/marquee_text.c.10.o
 .data          0x0000000000003388        0x0 src/layers/progress_bar.c.10.o
 .data          0x0000000000003388        0x0 src/settings.c.10.o
 .data          0x0000000000003388        0x0 src/windows/library_menus.c.10.o
 .data          0x0000000000003388        0x0 src/windows/main_menu.c.10.o
 .data          0x0000000000003388        0x0 src/windows/message_window.c.10.o
 .data          0x0000000000003388        0x8 src/windows/now_playing.c.10.o
 .data          0x0000000000003390        0x0 basalt/appinfo.auto.c.10.o
 .data          0x0000000000003390        0x0 basalt/src/resource_ids.auto.c.10.o
 .data          0x0000000000003390        0x0 /Users/edwinfinch/Library/Application Support/Pebble SDK/SDKs/current/sdk-core/pebble/basalt/lib/libpebble.a(tmpzgFxQqpebble.o)
 .data          0x0000000000003390        0x0 /usr/local/Cellar/pebble-toolchain/2.0/arm-cs-tools/bin/../lib/gcc/arm-none-eabi/4.7.2/thumb2/crtend.o
 .data          0x0000000000003390        0x0 /usr/local/Cellar/pebble-toolchain/2.0/arm-cs-tools/bin/../lib/gcc/arm-none-eabi/4.7.2/thumb2/crtn.o
 *(.data.*)
 .data.s_sequence_number
                0x0000000000003390        0x4 src/common.c.10.o
 .data.first_call
                0x0000000000003394        0x1 src/ipod_state.c.10.o
                0x0000000000003394                first_call
 *fill*         0x0000000000003395        0x3 
 .data.rel.ro.local.titles.7705
                0x0000000000003398       0x18 src/windows/main_menu.c.10.o
 .data.rel.ro.callbacks.7706
                0x00000000000033b0       0x18 src/windows/main_menu.c.10.o
 .data.now_playing_action_bar_is_showing
                0x00000000000033c8        0x1 src/windows/now_playing.c.10.o
                0x00000000000033c8                now_playing_action_bar_is_showing

.igot.plt       0x00000000000033cc        0x0
 .igot.plt      0x0000000000000000        0x0 /usr/local/Cellar/pebble-toolchain/2.0/arm-cs-tools/bin/../lib/gcc/arm-none-eabi/4.7.2/thumb2/crtbegin.o

.got            0x00000000000033cc       0x88
 .got           0x00000000000033cc       0x88 /usr/local/Cellar/pebble-toolchain/2.0/arm-cs-tools/bin/../lib/gcc/arm-none-eabi/4.7.2/thumb2/crtbegin.o

.got.plt        0x0000000000003454        0xc
 .got.plt       0x0000000000003454        0xc /usr/local/Cellar/pebble-toolchain/2.0/arm-cs-tools/bin/../lib/gcc/arm-none-eabi/4.7.2/thumb2/crtbegin.o
                0x0000000000003454                _GLOBAL_OFFSET_TABLE_

.bss            0x0000000000003460      0x2b8
 *(.bss)
 *(.bss.*)
 .bss.outbox_buffer.7662
                0x0000000000003460       0x41 src/ipod.c.10.o
 .bss.s_artist  0x00000000000034a1       0x64 src/ipod_state.c.10.o
 .bss.s_title   0x0000000000003505       0x64 src/ipod_state.c.10.o
 *fill*         0x0000000000003569        0x3 
 .bss.current_album_art_size
                0x000000000000356c        0x4 src/ipod_state.c.10.o
 .bss.s_album   0x0000000000003570       0x64 src/ipod_state.c.10.o
 .bss.album_art_data
                0x00000000000035d4        0x4 src/ipod_state.c.10.o
 .bss.head      0x00000000000035d8        0x4 src/layers/marquee_text.c.10.o
 .bss.previous_play_status
                0x00000000000035dc        0x1 src/windows/now_playing.c.10.o
                0x00000000000035dc                previous_play_status
 *fill*         0x00000000000035dd        0x3 
 .bss.icon_fast_forward
                0x00000000000035e0        0x4 src/windows/now_playing.c.10.o
 .bss.action_bar_hidden
                0x00000000000035e4        0x2 src/windows/now_playing.c.10.o
                0x00000000000035e4                action_bar_hidden
 .bss.is_shown  0x00000000000035e6        0x1 src/windows/now_playing.c.10.o
 *fill*         0x00000000000035e7        0x1 
 .bss.icon_play
                0x00000000000035e8        0x4 src/windows/now_playing.c.10.o
 .bss.icon_pause
                0x00000000000035ec        0x4 src/windows/now_playing.c.10.o
 .bss.controlling_volume
                0x00000000000035f0        0x1 src/windows/now_playing.c.10.o
 *fill*         0x00000000000035f1        0x3 
 .bss.icon_more
                0x00000000000035f4        0x4 src/windows/now_playing.c.10.o
 .bss.icon_volume_up
                0x00000000000035f8        0x4 src/windows/now_playing.c.10.o
 .bss.action_bar_showing
                0x00000000000035fc        0x2 src/windows/now_playing.c.10.o
                0x00000000000035fc                action_bar_showing
 *fill*         0x00000000000035fe        0x2 
 .bss.icon_rewind
                0x0000000000003600        0x4 src/windows/now_playing.c.10.o
 .bss.icon_volume_down
                0x0000000000003604        0x4 src/windows/now_playing.c.10.o
 .bss.action_bar_timer_registered
                0x0000000000003608        0x1 src/windows/now_playing.c.10.o
                0x0000000000003608                action_bar_timer_registered
 .bss.current_jump.7686
                0x0000000000003609        0x1 src/windows/now_playing.c.10.o
 .bss.pebble_controls_pushed_select
                0x000000000000360a        0x1 src/windows/now_playing.c.10.o
                0x000000000000360a                pebble_controls_pushed_select
 *fill*         0x000000000000360b        0x1 
 COMMON         0x000000000000360c        0x4 src/ipod.c.10.o
                0x000000000000360c                window
 COMMON         0x0000000000003610       0x19 src/ipod_state.c.10.o
                0x0000000000003610                ipod_state_callback
                0x0000000000003614                s_shuffle_mode
                0x0000000000003618                s_current_time
                0x000000000000361c                current_type
                0x000000000000361d                s_repeat_mode
                0x0000000000003620                album_art_bitmap
                0x0000000000003624                s_duration
                0x0000000000003628                s_playback_state
 *fill*         0x0000000000003629        0x3 
 COMMON         0x000000000000362c        0x7 src/settings.c.10.o
                0x000000000000362c                current_callback
                0x0000000000003630                current_settings
 *fill*         0x0000000000003633        0x1 
 COMMON         0x0000000000003634       0x14 src/windows/library_menus.c.10.o
                0x0000000000003634                menu_stack_count
                0x0000000000003638                menu_stack
 COMMON         0x0000000000003648       0x98 src/windows/main_menu.c.10.o
                0x0000000000003648                main_menu_items
                0x00000000000036a8                main_menu_icons
                0x00000000000036c0                highlight_index
                0x00000000000036c4                main_menu_icons_inverted
                0x00000000000036dc                main_menu_layer
 COMMON         0x00000000000036e0       0x38 src/windows/now_playing.c.10.o
                0x00000000000036e0                now_playing_timer
                0x00000000000036e4                artist_font
                0x00000000000036e8                now_playing_window
                0x00000000000036ec                background_colour
                0x00000000000036ed                now_playing_settings
                0x00000000000036f0                now_playing_progress_bar
                0x00000000000036f4                now_playing_artist_layer
                0x00000000000036f8                now_playing_album_art_layer
                0x00000000000036fc                now_playing_title_layer
                0x0000000000003700                action_bar_timer
                0x0000000000003704                no_album_art_bitmap
                0x0000000000003708                control_action_bar
                0x000000000000370c                now_playing_graphics_layer
                0x0000000000003710                invert_controls_timer
                0x0000000000003714                now_playing_album_art_bitmap

DISCARD
 libc.a(*)
 libm.a(*)
 libgcc.a(*)
 *(.eh_frame)
OUTPUT(/Users/edwinfinch/Desktop/Lignite Music/music-pebble/build/basalt/pebble-app.elf elf32-littlearm)

.ARM.attributes
                0x0000000000000000       0x27
 .ARM.attributes
                0x0000000000000000       0x19 /usr/local/Cellar/pebble-toolchain/2.0/arm-cs-tools/bin/../lib/gcc/arm-none-eabi/4.7.2/thumb2/crti.o
 .ARM.attributes
                0x0000000000000019       0x29 /usr/local/Cellar/pebble-toolchain/2.0/arm-cs-tools/bin/../lib/gcc/arm-none-eabi/4.7.2/thumb2/crtbegin.o
 .ARM.attributes
                0x0000000000000042       0x33 src/common.c.10.o
 .ARM.attributes
                0x0000000000000075       0x33 src/gbitmap.c.10.o
 .ARM.attributes
                0x00000000000000a8       0x33 src/ipod.c.10.o
 .ARM.attributes
                0x00000000000000db       0x33 src/ipod_state.c.10.o
 .ARM.attributes
                0x000000000000010e       0x33 src/layers/marquee_text.c.10.o
 .ARM.attributes
                0x0000000000000141       0x33 src/layers/progress_bar.c.10.o
 .ARM.attributes
                0x0000000000000174       0x33 src/settings.c.10.o
 .ARM.attributes
                0x00000000000001a7       0x33 src/windows/library_menus.c.10.o
 .ARM.attributes
                0x00000000000001da       0x33 src/windows/main_menu.c.10.o
 .ARM.attributes
                0x000000000000020d       0x33 src/windows/message_window.c.10.o
 .ARM.attributes
                0x0000000000000240       0x33 src/windows/now_playing.c.10.o
 .ARM.attributes
                0x0000000000000273       0x33 basalt/appinfo.auto.c.10.o
 .ARM.attributes
                0x00000000000002a6       0x33 basalt/src/resource_ids.auto.c.10.o
 .ARM.attributes
                0x00000000000002d9       0x21 /Users/edwinfinch/Library/Application Support/Pebble SDK/SDKs/current/sdk-core/pebble/basalt/lib/libpebble.a(tmpzgFxQqpebble.o)
 .ARM.attributes
                0x00000000000002fa       0x29 /usr/local/Cellar/pebble-toolchain/2.0/arm-cs-tools/bin/../lib/gcc/arm-none-eabi/4.7.2/thumb2/crtend.o
 .ARM.attributes
                0x0000000000000323       0x19 /usr/local/Cellar/pebble-toolchain/2.0/arm-cs-tools/bin/../lib/gcc/arm-none-eabi/4.7.2/thumb2/crtn.o

.comment        0x0000000000000000       0x4e
 .comment       0x0000000000000000       0x4e /usr/local/Cellar/pebble-toolchain/2.0/arm-cs-tools/bin/../lib/gcc/arm-none-eabi/4.7.2/thumb2/crtbegin.o
                                         0x4f (size before relaxing)
 .comment       0x0000000000000000       0x4f src/common.c.10.o
 .comment       0x0000000000000000       0x4f src/gbitmap.c.10.o
 .comment       0x0000000000000000       0x4f src/ipod.c.10.o
 .comment       0x0000000000000000       0x4f src/ipod_state.c.10.o
 .comment       0x0000000000000000       0x4f src/layers/marquee_text.c.10.o
 .comment       0x0000000000000000       0x4f src/layers/progress_bar.c.10.o
 .comment       0x0000000000000000       0x4f src/settings.c.10.o
 .comment       0x0000000000000000       0x4f src/windows/library_menus.c.10.o
 .comment       0x0000000000000000       0x4f src/windows/main_menu.c.10.o
 .comment       0x0000000000000000       0x4f src/windows/message_window.c.10.o
 .comment       0x0000000000000000       0x4f src/windows/now_playing.c.10.o
 .comment       0x0000000000000000       0x4f basalt/appinfo.auto.c.10.o
 .comment       0x0000000000000000       0x4f basalt/src/resource_ids.auto.c.10.o
 .comment       0x0000000000000000       0x4f /usr/local/Cellar/pebble-toolchain/2.0/arm-cs-tools/bin/../lib/gcc/arm-none-eabi/4.7.2/thumb2/crtend.o

.debug_info     0x0000000000000000     0x9f69
 .debug_info    0x0000000000000000      0xa24 src/common.c.10.o
 .debug_info    0x0000000000000a24      0x6fb src/gbitmap.c.10.o
 .debug_info    0x000000000000111f      0xc38 src/ipod.c.10.o
 .debug_info    0x0000000000001d57     0x1051 src/ipod_state.c.10.o
 .debug_info    0x0000000000002da8      0x9cc src/layers/marquee_text.c.10.o
 .debug_info    0x0000000000003774      0x66d src/layers/progress_bar.c.10.o
 .debug_info    0x0000000000003de1      0x32e src/settings.c.10.o
 .debug_info    0x000000000000410f     0x1c0c src/windows/library_menus.c.10.o
 .debug_info    0x0000000000005d1b      0xf26 src/windows/main_menu.c.10.o
 .debug_info    0x0000000000006c41      0xd61 src/windows/message_window.c.10.o
 .debug_info    0x00000000000079a2     0x2164 src/windows/now_playing.c.10.o
 .debug_info    0x0000000000009b06      0x2e6 basalt/appinfo.auto.c.10.o
 .debug_info    0x0000000000009dec      0x17d basalt/src/resource_ids.auto.c.10.o

.debug_abbrev   0x0000000000000000     0x21cb
 .debug_abbrev  0x0000000000000000      0x288 src/common.c.10.o
 .debug_abbrev  0x0000000000000288      0x22d src/gbitmap.c.10.o
 .debug_abbrev  0x00000000000004b5      0x2d3 src/ipod.c.10.o
 .debug_abbrev  0x0000000000000788      0x3bc src/ipod_state.c.10.o
 .debug_abbrev  0x0000000000000b44      0x2be src/layers/marquee_text.c.10.o
 .debug_abbrev  0x0000000000000e02      0x2a4 src/layers/progress_bar.c.10.o
 .debug_abbrev  0x00000000000010a6      0x1b1 src/settings.c.10.o
 .debug_abbrev  0x0000000000001257      0x465 src/windows/library_menus.c.10.o
 .debug_abbrev  0x00000000000016bc      0x2f5 src/windows/main_menu.c.10.o
 .debug_abbrev  0x00000000000019b1      0x277 src/windows/message_window.c.10.o
 .debug_abbrev  0x0000000000001c28      0x4d7 src/windows/now_playing.c.10.o
 .debug_abbrev  0x00000000000020ff       0x88 basalt/appinfo.auto.c.10.o
 .debug_abbrev  0x0000000000002187       0x44 basalt/src/resource_ids.auto.c.10.o

.debug_loc      0x0000000000000000     0x2c33
 .debug_loc     0x0000000000000000      0x19a src/common.c.10.o
 .debug_loc     0x000000000000019a      0x488 src/gbitmap.c.10.o
 .debug_loc     0x0000000000000622      0x206 src/ipod.c.10.o
 .debug_loc     0x0000000000000828      0x4fc src/ipod_state.c.10.o
 .debug_loc     0x0000000000000d24      0x2b5 src/layers/marquee_text.c.10.o
 .debug_loc     0x0000000000000fd9      0x22a src/layers/progress_bar.c.10.o
 .debug_loc     0x0000000000001203       0xbc src/settings.c.10.o
 .debug_loc     0x00000000000012bf      0xae5 src/windows/library_menus.c.10.o
 .debug_loc     0x0000000000001da4      0x3ee src/windows/main_menu.c.10.o
 .debug_loc     0x0000000000002192      0x3cb src/windows/message_window.c.10.o
 .debug_loc     0x000000000000255d      0x6d6 src/windows/now_playing.c.10.o

.debug_aranges  0x0000000000000000      0x520
 .debug_aranges
                0x0000000000000000       0x48 src/common.c.10.o
 .debug_aranges
                0x0000000000000048       0x50 src/gbitmap.c.10.o
 .debug_aranges
                0x0000000000000098       0x58 src/ipod.c.10.o
 .debug_aranges
                0x00000000000000f0       0xb0 src/ipod_state.c.10.o
 .debug_aranges
                0x00000000000001a0       0x68 src/layers/marquee_text.c.10.o
 .debug_aranges
                0x0000000000000208       0x48 src/layers/progress_bar.c.10.o
 .debug_aranges
                0x0000000000000250       0x48 src/settings.c.10.o
 .debug_aranges
                0x0000000000000298       0x98 src/windows/library_menus.c.10.o
 .debug_aranges
                0x0000000000000330       0x90 src/windows/main_menu.c.10.o
 .debug_aranges
                0x00000000000003c0       0x60 src/windows/message_window.c.10.o
 .debug_aranges
                0x0000000000000420       0xd0 src/windows/now_playing.c.10.o
 .debug_aranges
                0x00000000000004f0       0x18 basalt/appinfo.auto.c.10.o
 .debug_aranges
                0x0000000000000508       0x18 basalt/src/resource_ids.auto.c.10.o

.debug_ranges   0x0000000000000000      0x658
 .debug_ranges  0x0000000000000000       0x38 src/common.c.10.o
 .debug_ranges  0x0000000000000038       0x70 src/gbitmap.c.10.o
 .debug_ranges  0x00000000000000a8       0x48 src/ipod.c.10.o
 .debug_ranges  0x00000000000000f0      0x150 src/ipod_state.c.10.o
 .debug_ranges  0x0000000000000240       0x58 src/layers/marquee_text.c.10.o
 .debug_ranges  0x0000000000000298       0x38 src/layers/progress_bar.c.10.o
 .debug_ranges  0x00000000000002d0       0x38 src/settings.c.10.o
 .debug_ranges  0x0000000000000308      0x128 src/windows/library_menus.c.10.o
 .debug_ranges  0x0000000000000430       0xb8 src/windows/main_menu.c.10.o
 .debug_ranges  0x00000000000004e8       0x50 src/windows/message_window.c.10.o
 .debug_ranges  0x0000000000000538      0x120 src/windows/now_playing.c.10.o

.debug_line     0x0000000000000000     0x28d1
 .debug_line    0x0000000000000000      0x25f src/common.c.10.o
 .debug_line    0x000000000000025f      0x234 src/gbitmap.c.10.o
 .debug_line    0x0000000000000493      0x378 src/ipod.c.10.o
 .debug_line    0x000000000000080b      0x48a src/ipod_state.c.10.o
 .debug_line    0x0000000000000c95      0x312 src/layers/marquee_text.c.10.o
 .debug_line    0x0000000000000fa7      0x284 src/layers/progress_bar.c.10.o
 .debug_line    0x000000000000122b      0x25c src/settings.c.10.o
 .debug_line    0x0000000000001487      0x573 src/windows/library_menus.c.10.o
 .debug_line    0x00000000000019fa      0x39c src/windows/main_menu.c.10.o
 .debug_line    0x0000000000001d96      0x33f src/windows/message_window.c.10.o
 .debug_line    0x00000000000020d5      0x5ff src/windows/now_playing.c.10.o
 .debug_line    0x00000000000026d4      0x139 basalt/appinfo.auto.c.10.o
 .debug_line    0x000000000000280d       0xc4 basalt/src/resource_ids.auto.c.10.o

.debug_str      0x0000000000000000     0x3004
 .debug_str     0x0000000000000000      0x79c src/common.c.10.o
                                        0x86e (size before relaxing)
 .debug_str     0x000000000000079c      0x247 src/gbitmap.c.10.o
                                        0x3cc (size before relaxing)
 .debug_str     0x00000000000009e3      0x3cb src/ipod.c.10.o
                                        0x884 (size before relaxing)
 .debug_str     0x0000000000000dae      0x62f src/ipod_state.c.10.o
                                        0xd00 (size before relaxing)
 .debug_str     0x00000000000013dd      0x3a2 src/layers/marquee_text.c.10.o
                                        0x550 (size before relaxing)
 .debug_str     0x000000000000177f      0x1ac src/layers/progress_bar.c.10.o
                                        0x3e2 (size before relaxing)
 .debug_str     0x000000000000192b       0xb9 src/settings.c.10.o
                                        0x2bf (size before relaxing)
 .debug_str     0x00000000000019e4      0x77a src/windows/library_menus.c.10.o
                                       0x1083 (size before relaxing)
 .debug_str     0x000000000000215e      0x284 src/windows/main_menu.c.10.o
                                        0x97e (size before relaxing)
 .debug_str     0x00000000000023e2      0x1a0 src/windows/message_window.c.10.o
                                        0x7a7 (size before relaxing)
 .debug_str     0x0000000000002582      0x789 src/windows/now_playing.c.10.o
                                       0x162a (size before relaxing)
 .debug_str     0x0000000000002d0b      0x15d basalt/appinfo.auto.c.10.o
                                        0x25e (size before relaxing)
 .debug_str     0x0000000000002e68      0x19c basalt/src/resource_ids.auto.c.10.o
                                        0x270 (size before relaxing)

.debug_frame    0x0000000000000000      0xcc8
 .debug_frame   0x0000000000000000       0xa4 src/common.c.10.o
 .debug_frame   0x00000000000000a4       0xdc src/gbitmap.c.10.o
 .debug_frame   0x0000000000000180       0xe0 src/ipod.c.10.o
 .debug_frame   0x0000000000000260      0x1b0 src/ipod_state.c.10.o
 .debug_frame   0x0000000000000410       0xe4 src/layers/marquee_text.c.10.o
 .debug_frame   0x00000000000004f4       0x98 src/layers/progress_bar.c.10.o
 .debug_frame   0x000000000000058c       0x9c src/settings.c.10.o
 .debug_frame   0x0000000000000628      0x1d8 src/windows/library_menus.c.10.o
 .debug_frame   0x0000000000000800      0x144 src/windows/main_menu.c.10.o
 .debug_frame   0x0000000000000944      0x114 src/windows/message_window.c.10.o
 .debug_frame   0x0000000000000a58      0x270 src/windows/now_playing.c.10.o
