Archive member included because of file (symbol)

/Users/edwinfinch/Library/Application Support/Pebble SDK/SDKs/current/sdk-core/pebble/basalt/lib/libpebble.a(tmpzgFxQqpebble.o)
                              src/ipod.c.19.o (app_event_loop)

Allocating common symbols
Common symbol       size              file

ipod_state_callback
                    0x4               src/ipod_state.c.19.o
now_playing_timer   0x4               src/now_playing.c.19.o
action_bar          0x4               src/now_playing.c.19.o
album_art_data      0x4               src/now_playing.c.19.o
main_menu_items     0x60              src/main_menu.c.19.o
artist_layer        0x1c              src/now_playing.c.19.o
currentType         0x1               src/ipod_state.c.19.o
album_layer         0x1c              src/now_playing.c.19.o
main_menu_icons     0x18              src/main_menu.c.19.o
s_shuffle_mode      0x1               src/ipod_state.c.19.o
icon_volume_down    0x4               src/now_playing.c.19.o
now_playing_window  0x4               src/now_playing.c.19.o
icon_volume_up      0x4               src/now_playing.c.19.o
menu_font           0x4               src/library_menus.c.19.o
album_art_layer     0x4               src/now_playing.c.19.o
menu_stack_pointer  0x1               src/library_menus.c.19.o
icon_rewind         0x4               src/now_playing.c.19.o
s_current_time      0x4               src/ipod_state.c.19.o
icon_pause          0x4               src/now_playing.c.19.o
title_layer         0x1c              src/now_playing.c.19.o
s_repeat_mode       0x1               src/ipod_state.c.19.o
album_art_bitmap    0x4               src/now_playing.c.19.o
icon_fast_forward   0x4               src/now_playing.c.19.o
icon_play           0x4               src/now_playing.c.19.o
progress_bar        0x14              src/now_playing.c.19.o
s_duration          0x4               src/ipod_state.c.19.o
main_menu_layer     0x4               src/main_menu.c.19.o
menu_stack          0x880             src/library_menus.c.19.o
window              0x4               src/ipod.c.19.o
s_playback_state    0x1               src/ipod_state.c.19.o

Discarded input sections

 .text          0x0000000000000000        0x0 /usr/local/Cellar/pebble-toolchain/2.0/arm-cs-tools/bin/../lib/gcc/arm-none-eabi/4.7.2/thumb2/crti.o
 .bss           0x0000000000000000        0x0 /usr/local/Cellar/pebble-toolchain/2.0/arm-cs-tools/bin/../lib/gcc/arm-none-eabi/4.7.2/thumb2/crti.o
 .init          0x0000000000000000        0x4 /usr/local/Cellar/pebble-toolchain/2.0/arm-cs-tools/bin/../lib/gcc/arm-none-eabi/4.7.2/thumb2/crti.o
 .fini          0x0000000000000000        0x4 /usr/local/Cellar/pebble-toolchain/2.0/arm-cs-tools/bin/../lib/gcc/arm-none-eabi/4.7.2/thumb2/crti.o
 .text          0x0000000000000000       0xc8 /usr/local/Cellar/pebble-toolchain/2.0/arm-cs-tools/bin/../lib/gcc/arm-none-eabi/4.7.2/thumb2/crtbegin.o
 .bss           0x0000000000000000       0x1c /usr/local/Cellar/pebble-toolchain/2.0/arm-cs-tools/bin/../lib/gcc/arm-none-eabi/4.7.2/thumb2/crtbegin.o
 .init_array    0x0000000000000000        0x4 /usr/local/Cellar/pebble-toolchain/2.0/arm-cs-tools/bin/../lib/gcc/arm-none-eabi/4.7.2/thumb2/crtbegin.o
 .fini_array    0x0000000000000000        0x4 /usr/local/Cellar/pebble-toolchain/2.0/arm-cs-tools/bin/../lib/gcc/arm-none-eabi/4.7.2/thumb2/crtbegin.o
 .eh_frame      0x0000000000000000        0x0 /usr/local/Cellar/pebble-toolchain/2.0/arm-cs-tools/bin/../lib/gcc/arm-none-eabi/4.7.2/thumb2/crtbegin.o
 .jcr           0x0000000000000000        0x0 /usr/local/Cellar/pebble-toolchain/2.0/arm-cs-tools/bin/../lib/gcc/arm-none-eabi/4.7.2/thumb2/crtbegin.o
 .tm_clone_table
                0x0000000000000000        0x0 /usr/local/Cellar/pebble-toolchain/2.0/arm-cs-tools/bin/../lib/gcc/arm-none-eabi/4.7.2/thumb2/crtbegin.o
 .text          0x0000000000000000        0x0 src/common.c.19.o
 .bss           0x0000000000000000        0x0 src/common.c.19.o
 .text.reset_sequence_number
                0x0000000000000000       0x24 src/common.c.19.o
 .text          0x0000000000000000        0x0 src/gbitmap_manipulator.c.19.o
 .bss           0x0000000000000000        0x0 src/gbitmap_manipulator.c.19.o
 .text.gbitmap_fill_all_except
                0x0000000000000000       0x6e src/gbitmap_manipulator.c.19.o
 .text.gbitmap_color_palette_contains_color
                0x0000000000000000       0x30 src/gbitmap_manipulator.c.19.o
 .text.get_gcolor_text
                0x0000000000000000       0x28 src/gbitmap_manipulator.c.19.o
 .text.spit_gbitmap_color_palette
                0x0000000000000000       0x98 src/gbitmap_manipulator.c.19.o
 .data.rel.local.GColorsNames
                0x0000000000000000      0x100 src/gbitmap_manipulator.c.19.o
 .text          0x0000000000000000        0x0 src/ipod.c.19.o
 .bss           0x0000000000000000        0x0 src/ipod.c.19.o
 .text          0x0000000000000000        0x0 src/ipod_state.c.19.o
[...]
Memory Configuration

Name             Origin             Length             Attributes
APP              0x0000000000000000 0x0000000000010000 xrw
*default*        0x0000000000000000 0xffffffffffffffff

Linker script and memory map

LOAD /usr/local/Cellar/pebble-toolchain/2.0/arm-cs-tools/bin/../lib/gcc/arm-none-eabi/4.7.2/thumb2/crti.o
LOAD /usr/local/Cellar/pebble-toolchain/2.0/arm-cs-tools/bin/../lib/gcc/arm-none-eabi/4.7.2/thumb2/crtbegin.o
LOAD src/common.c.19.o
LOAD src/gbitmap_manipulator.c.19.o
LOAD src/ipod.c.19.o
LOAD src/ipod_state.c.19.o
LOAD src/library_menus.c.19.o
LOAD src/main_menu.c.19.o
LOAD src/marquee_text.c.19.o
LOAD src/now_playing.c.19.o
LOAD src/progress_bar.c.19.o
LOAD basalt/appinfo.auto.c.19.o
LOAD basalt/src/resource_ids.auto.c.19.o
LOAD /Users/edwinfinch/Library/Application Support/Pebble SDK/SDKs/current/sdk-core/pebble/basalt/lib/libpebble.a
START GROUP
LOAD /usr/local/Cellar/pebble-toolchain/2.0/arm-cs-tools/bin/../lib/gcc/arm-none-eabi/4.7.2/thumb2/libgcc.a
LOAD /usr/local/Cellar/pebble-toolchain/2.0/arm-cs-tools/bin/../lib/gcc/arm-none-eabi/4.7.2/../../../../arm-none-eabi/lib/thumb2/libc.a
END GROUP
LOAD /usr/local/Cellar/pebble-toolchain/2.0/arm-cs-tools/bin/../lib/gcc/arm-none-eabi/4.7.2/thumb2/crtend.o
LOAD /usr/local/Cellar/pebble-toolchain/2.0/arm-cs-tools/bin/../lib/gcc/arm-none-eabi/4.7.2/thumb2/crtn.o

.header         0x0000000000000000       0x82
 *(.pbl_header)
 .pbl_header    0x0000000000000000       0x82 basalt/appinfo.auto.c.19.o
                0x0000000000000000                __pbl_app_info

.note.gnu.build-id
                0x0000000000000082       0x26
                0x0000000000000082                PROVIDE (BUILD_ID, .)
 *(.note.gnu.build-id)
 *fill*         0x0000000000000082        0x2 
 .note.gnu.build-id
                0x0000000000000084       0x24 linker stubs

.text           0x00000000000000a8     0x2581
 *(.text)
 .text          0x00000000000000a8       0x14 /Users/edwinfinch/Library/Application Support/Pebble SDK/SDKs/current/sdk-core/pebble/basalt/lib/libpebble.a(tmpzgFxQqpebble.o)
 *(.text.*)
 .text.ipod_message_timer_fire
                0x00000000000000bc       0x2c src/common.c.19.o
                0x00000000000000bc                ipod_message_timer_fire
 .text.ipod_message_outbox_get
                0x00000000000000e8       0x9c src/common.c.19.o
                0x00000000000000e8                ipod_message_outbox_get
 .text.ipod_message_destroy
                0x0000000000000184       0x14 src/common.c.19.o
                0x0000000000000184                ipod_message_destroy
 .text.get_gbitmapformat_text
                0x0000000000000198       0x4c src/gbitmap_manipulator.c.19.o
                0x0000000000000198                get_gbitmapformat_text
 .text.get_num_palette_colors
                0x00000000000001e4       0x20 src/gbitmap_manipulator.c.19.o
                0x00000000000001e4                get_num_palette_colors
 .text.replace_gbitmap_color
                0x0000000000000204       0x50 src/gbitmap_manipulator.c.19.o
                0x0000000000000204                replace_gbitmap_color
 .text.failed_outbox
                0x0000000000000254       0x20 src/ipod.c.19.o
                0x0000000000000254                failed_outbox
 .text.dropped_inbox
                0x0000000000000274       0x20 src/ipod.c.19.o
                0x0000000000000274                dropped_inbox
 .text.tick_handler
                0x0000000000000294        0xe src/ipod.c.19.o
                0x0000000000000294                tick_handler
 *fill*         0x00000000000002a2        0x2 
 .text.ipod_init
                0x00000000000002a4       0x30 src/ipod.c.19.o
                0x00000000000002a4                ipod_init
 .text.ipod_app_timer_handler
                0x00000000000002d4        0xe src/ipod.c.19.o
                0x00000000000002d4                ipod_app_timer_handler
 *fill*         0x00000000000002e2        0x2 
 .text.send_test_message
                0x00000000000002e4       0x64 src/ipod.c.19.o
                0x00000000000002e4                send_test_message
 .text.startup.main
                0x0000000000000348       0x44 src/ipod.c.19.o
                0x0000000000000348                main
 .text.ipod_state_init
                0x000000000000038c       0x30 src/ipod_state.c.19.o
                0x000000000000038c                ipod_state_init
 .text.ipod_state_tick
                0x00000000000003bc       0x5c src/ipod_state.c.19.o
                0x00000000000003bc                ipod_state_tick
 .text.ipod_state_set_callback
                0x0000000000000418       0x14 src/ipod_state.c.19.o
                0x0000000000000418                ipod_state_set_callback
 .text.ipod_state_current_time
                0x000000000000042c       0x14 src/ipod_state.c.19.o
                0x000000000000042c                ipod_state_current_time
 .text.ipod_state_duration
                0x0000000000000440       0x14 src/ipod_state.c.19.o
                0x0000000000000440                ipod_state_duration
 .text.ipod_get_playback_state
                0x0000000000000454       0x14 src/ipod_state.c.19.o
                0x0000000000000454                ipod_get_playback_state
 .text.ipod_get_album
                0x0000000000000468        0xc src/ipod_state.c.19.o
                0x0000000000000468                ipod_get_album
 .text.ipod_get_artist
                0x0000000000000474        0xc src/ipod_state.c.19.o
                0x0000000000000474                ipod_get_artist
 .text.ipod_get_title
                0x0000000000000480        0xc src/ipod_state.c.19.o
                0x0000000000000480                ipod_get_title
 .text.call_callback
                0x000000000000048c       0x38 src/ipod_state.c.19.o
                0x000000000000048c                call_callback
 .text.process_tuple
                0x00000000000004c4      0x140 src/ipod_state.c.19.o
                0x00000000000004c4                process_tuple
 .text.ipod_received_handler
                0x0000000000000604       0x3c src/ipod_state.c.19.o
                0x0000000000000604                ipod_received_handler
 .text.library_menus_window_unload
                0x0000000000000640       0x1c src/library_menus.c.19.o
                0x0000000000000640                library_menus_window_unload
 .text.get_num_rows
                0x000000000000065c       0x10 src/library_menus.c.19.o
                0x000000000000065c                get_num_rows
 .text.get_cell_height
                0x000000000000066c        0x4 src/library_menus.c.19.o
                0x000000000000066c                get_cell_height
 .text.draw_row
                0x0000000000000670       0x22 src/library_menus.c.19.o
                0x0000000000000670                draw_row
 *fill*         0x0000000000000692        0x2 
 .text.init_library_menus
                0x0000000000000694       0x30 src/library_menus.c.19.o
                0x0000000000000694                init_library_menus
 .text.build_parent_history
                0x00000000000006c4       0x80 src/library_menus.c.19.o
                0x00000000000006c4                build_parent_history
 .text.send_library_request
                0x0000000000000744       0x40 src/library_menus.c.19.o
                0x0000000000000744                send_library_request
 .text.selection_changed
                0x0000000000000784       0x58 src/library_menus.c.19.o
                0x0000000000000784                selection_changed
 .text.play_track
                0x00000000000007dc       0x64 src/library_menus.c.19.o
                0x00000000000007dc                play_track
 .text.display_library_view
                0x0000000000000840      0x150 src/library_menus.c.19.o
                0x0000000000000840                display_library_view
 .text.select_click
                0x0000000000000990       0x50 src/library_menus.c.19.o
                0x0000000000000990                select_click
 .text.menu_get_num_sections_callback
                0x00000000000009e0        0x4 src/main_menu.c.19.o
                0x00000000000009e0                menu_get_num_sections_callback
 .text.menu_get_num_rows_callback
                0x00000000000009e4        0x4 src/main_menu.c.19.o
                0x00000000000009e4                menu_get_num_rows_callback
 .text.menu_get_header_height_callback
                0x00000000000009e8        0x4 src/main_menu.c.19.o
                0x00000000000009e8                menu_get_header_height_callback
 .text.menu_draw_header_callback
                0x00000000000009ec        0x2 src/main_menu.c.19.o
                0x00000000000009ec                menu_draw_header_callback
 *fill*         0x00000000000009ee        0x2 
 .text.menu_select_callback
                0x00000000000009f0       0x20 src/main_menu.c.19.o
                0x00000000000009f0                menu_select_callback
 .text.open_composer_list
                0x0000000000000a10        0x6 src/main_menu.c.19.o
                0x0000000000000a10                open_composer_list
 .text.open_genre_list
                0x0000000000000a16        0x6 src/main_menu.c.19.o
                0x0000000000000a16                open_genre_list
 .text.open_playlist_list
                0x0000000000000a1c        0x6 src/main_menu.c.19.o
                0x0000000000000a1c                open_playlist_list
 .text.open_album_list
                0x0000000000000a22        0x6 src/main_menu.c.19.o
                0x0000000000000a22                open_album_list
 .text.open_artist_list
                0x0000000000000a28        0x6 src/main_menu.c.19.o
                0x0000000000000a28                open_artist_list
 .text.open_now_playing
                0x0000000000000a2e        0x4 src/main_menu.c.19.o
                0x0000000000000a2e                open_now_playing
 *fill*         0x0000000000000a32        0x2 
 .text.menu_draw_row_callback
                0x0000000000000a34       0x6c src/main_menu.c.19.o
                0x0000000000000a34                menu_draw_row_callback
 .text.menu_selection_changed
                0x0000000000000aa0       0x6c src/main_menu.c.19.o
                0x0000000000000aa0                menu_selection_changed
 .text.main_menu_init
                0x0000000000000b0c      0x13c src/main_menu.c.19.o
                0x0000000000000b0c                main_menu_init
 .text.do_draw  0x0000000000000c48      0x1e0 src/marquee_text.c.19.o
 .text.marquee_text_layer_deinit
                0x0000000000000e28       0x24 src/marquee_text.c.19.o
                0x0000000000000e28                marquee_text_layer_deinit
 .text.marquee_text_layer_mark_dirty
                0x0000000000000e4c       0x14 src/marquee_text.c.19.o
                0x0000000000000e4c                marquee_text_layer_mark_dirty
 .text.marquee_text_layer_set_font
                0x0000000000000e60        0x6 src/marquee_text.c.19.o
                0x0000000000000e60                marquee_text_layer_set_font
 .text.marquee_text_layer_set_text
                0x0000000000000e66        0x6 src/marquee_text.c.19.o
                0x0000000000000e66                marquee_text_layer_set_text
 .text.marquee_text_layer_init
                0x0000000000000e6c       0xa8 src/marquee_text.c.19.o
                0x0000000000000e6c                marquee_text_layer_init
 .text.marquee_text_layer_tick
                0x0000000000000f14       0x30 src/marquee_text.c.19.o
                0x0000000000000f14                marquee_text_layer_tick
 .text.create_bitmap
                0x0000000000000f44       0x68 src/now_playing.c.19.o
                0x0000000000000f44                create_bitmap
 .text.click_config_provider
                0x0000000000000fac       0x44 src/now_playing.c.19.o
                0x0000000000000fac                click_config_provider
 .text.window_unload
                0x0000000000000ff0       0xac src/now_playing.c.19.o
                0x0000000000000ff0                window_unload
 .text.long_clicked_select
                0x000000000000109c       0x6c src/now_playing.c.19.o
                0x000000000000109c                long_clicked_select
 .text.state_callback
                0x0000000000001108       0xf4 src/now_playing.c.19.o
                0x0000000000001108                state_callback
 .text.show_now_playing
                0x00000000000011fc       0x58 src/now_playing.c.19.o
                0x00000000000011fc                show_now_playing
 .text.now_playing_tick
                0x0000000000001254       0x20 src/now_playing.c.19.o
                0x0000000000001254                now_playing_tick
 .text.now_playing_animation_tick
                0x0000000000001274       0x34 src/now_playing.c.19.o
                0x0000000000001274                now_playing_animation_tick
 .text.send_state_change
                0x00000000000012a8       0x60 src/now_playing.c.19.o
                0x00000000000012a8                send_state_change
 .text.clicked_down
                0x0000000000001308       0x18 src/now_playing.c.19.o
                0x0000000000001308                clicked_down
 .text.clicked_select
                0x0000000000001320        0x6 src/now_playing.c.19.o
                0x0000000000001320                clicked_select
 *fill*         0x0000000000001326        0x2 
 .text.clicked_up
                0x0000000000001328       0x18 src/now_playing.c.19.o
                0x0000000000001328                clicked_up
 .text.request_now_playing
                0x0000000000001340       0x6c src/now_playing.c.19.o
                0x0000000000001340                request_now_playing
 .text.display_no_album
                0x00000000000013ac       0x60 src/now_playing.c.19.o
                0x00000000000013ac                display_no_album
 .text.now_playing_process_album_art_tuple
                0x000000000000140c      0x1b8 src/now_playing.c.19.o
                0x000000000000140c                now_playing_process_album_art_tuple
 .text.window_load
                0x00000000000015c4      0x23c src/now_playing.c.19.o
                0x00000000000015c4                window_load
 .text.update_proc
                0x0000000000001800       0x7e src/progress_bar.c.19.o
 *fill*         0x000000000000187e        0x2 
 .text.progress_bar_layer_init
                0x0000000000001880       0x3c src/progress_bar.c.19.o
                0x0000000000001880                progress_bar_layer_init
 .text.progress_bar_layer_set_range
                0x00000000000018bc        0xe src/progress_bar.c.19.o
                0x00000000000018bc                progress_bar_layer_set_range
 .text.progress_bar_layer_set_value
                0x00000000000018ca        0xc src/progress_bar.c.19.o
                0x00000000000018ca                progress_bar_layer_set_value
 *fill*         0x00000000000018d6        0x2 
 .text.app_event_loop
                0x00000000000018d8        0xc /Users/edwinfinch/Library/Application Support/Pebble SDK/SDKs/current/sdk-core/pebble/basalt/lib/libpebble.a(tmpzgFxQqpebble.o)
                0x00000000000018d8                app_event_loop
 .text.app_log  0x00000000000018e4        0xc /Users/edwinfinch/Library/Application Support/Pebble SDK/SDKs/current/sdk-core/pebble/basalt/lib/libpebble.a(tmpzgFxQqpebble.o)
                0x00000000000018e4                app_log
 .text.app_message_open
                0x00000000000018f0        0xc /Users/edwinfinch/Library/Application Support/Pebble SDK/SDKs/current/sdk-core/pebble/basalt/lib/libpebble.a(tmpzgFxQqpebble.o)
                0x00000000000018f0                app_message_open
 .text.app_timer_register
                0x00000000000018fc        0xc /Users/edwinfinch/Library/Application Support/Pebble SDK/SDKs/current/sdk-core/pebble/basalt/lib/libpebble.a(tmpzgFxQqpebble.o)
                0x00000000000018fc                app_timer_register
 .text.bitmap_layer_create
                0x0000000000001908        0xc /Users/edwinfinch/Library/Application Support/Pebble SDK/SDKs/current/sdk-core/pebble/basalt/lib/libpebble.a(tmpzgFxQqpebble.o)
                0x0000000000001908                bitmap_layer_create
 .text.bitmap_layer_get_layer
                0x0000000000001914        0xc /Users/edwinfinch/Library/Application Support/Pebble SDK/SDKs/current/sdk-core/pebble/basalt/lib/libpebble.a(tmpzgFxQqpebble.o)
                0x0000000000001914                bitmap_layer_get_layer
 .text.bitmap_layer_set_bitmap
                0x0000000000001920        0xc /Users/edwinfinch/Library/Application Support/Pebble SDK/SDKs/current/sdk-core/pebble/basalt/lib/libpebble.a(tmpzgFxQqpebble.o)
                0x0000000000001920                bitmap_layer_set_bitmap
 .text.dict_find
                0x000000000000192c        0xc /Users/edwinfinch/Library/Application Support/Pebble SDK/SDKs/current/sdk-core/pebble/basalt/lib/libpebble.a(tmpzgFxQqpebble.o)
                0x000000000000192c                dict_find
 .text.dict_read_first
                0x0000000000001938        0xc /Users/edwinfinch/Library/Application Support/Pebble SDK/SDKs/current/sdk-core/pebble/basalt/lib/libpebble.a(tmpzgFxQqpebble.o)
                0x0000000000001938                dict_read_first
 .text.dict_read_next
                0x0000000000001944        0xc /Users/edwinfinch/Library/Application Support/Pebble SDK/SDKs/current/sdk-core/pebble/basalt/lib/libpebble.a(tmpzgFxQqpebble.o)
                0x0000000000001944                dict_read_next
 .text.dict_write_data
                0x0000000000001950        0xc /Users/edwinfinch/Library/Application Support/Pebble SDK/SDKs/current/sdk-core/pebble/basalt/lib/libpebble.a(tmpzgFxQqpebble.o)
                0x0000000000001950                dict_write_data
 .text.dict_write_end
                0x000000000000195c        0xc /Users/edwinfinch/Library/Application Support/Pebble SDK/SDKs/current/sdk-core/pebble/basalt/lib/libpebble.a(tmpzgFxQqpebble.o)
                0x000000000000195c                dict_write_end
 .text.dict_write_int32
                0x0000000000001968        0xc /Users/edwinfinch/Library/Application Support/Pebble SDK/SDKs/current/sdk-core/pebble/basalt/lib/libpebble.a(tmpzgFxQqpebble.o)
                0x0000000000001968                dict_write_int32
 .text.dict_write_int8
                0x0000000000001974        0xc /Users/edwinfinch/Library/Application Support/Pebble SDK/SDKs/current/sdk-core/pebble/basalt/lib/libpebble.a(tmpzgFxQqpebble.o)
                0x0000000000001974                dict_write_int8
 .text.dict_write_uint16
                0x0000000000001980        0xc /Users/edwinfinch/Library/Application Support/Pebble SDK/SDKs/current/sdk-core/pebble/basalt/lib/libpebble.a(tmpzgFxQqpebble.o)
                0x0000000000001980                dict_write_uint16
 .text.dict_write_uint32
                0x000000000000198c        0xc /Users/edwinfinch/Library/Application Support/Pebble SDK/SDKs/current/sdk-core/pebble/basalt/lib/libpebble.a(tmpzgFxQqpebble.o)
                0x000000000000198c                dict_write_uint32
 .text.dict_write_uint8
                0x0000000000001998        0xc /Users/edwinfinch/Library/Application Support/Pebble SDK/SDKs/current/sdk-core/pebble/basalt/lib/libpebble.a(tmpzgFxQqpebble.o)
                0x0000000000001998                dict_write_uint8
 .text.fonts_get_system_font
                0x00000000000019a4        0xc /Users/edwinfinch/Library/Application Support/Pebble SDK/SDKs/current/sdk-core/pebble/basalt/lib/libpebble.a(tmpzgFxQqpebble.o)
                0x00000000000019a4                fonts_get_system_font
 .text.free     0x00000000000019b0        0xc /Users/edwinfinch/Library/Application Support/Pebble SDK/SDKs/current/sdk-core/pebble/basalt/lib/libpebble.a(tmpzgFxQqpebble.o)
                0x00000000000019b0                free
 .text.gbitmap_create_with_resource
                0x00000000000019bc        0xc /Users/edwinfinch/Library/Application Support/Pebble SDK/SDKs/current/sdk-core/pebble/basalt/lib/libpebble.a(tmpzgFxQqpebble.o)
                0x00000000000019bc                gbitmap_create_with_resource
 .text.gbitmap_destroy
                0x00000000000019c8        0xc /Users/edwinfinch/Library/Application Support/Pebble SDK/SDKs/current/sdk-core/pebble/basalt/lib/libpebble.a(tmpzgFxQqpebble.o)
                0x00000000000019c8                gbitmap_destroy
 .text.graphics_context_set_compositing_mode
                0x00000000000019d4        0xc /Users/edwinfinch/Library/Application Support/Pebble SDK/SDKs/current/sdk-core/pebble/basalt/lib/libpebble.a(tmpzgFxQqpebble.o)
                0x00000000000019d4                graphics_context_set_compositing_mode
 .text.graphics_draw_round_rect
                0x00000000000019e0        0xc /Users/edwinfinch/Library/Application Support/Pebble SDK/SDKs/current/sdk-core/pebble/basalt/lib/libpebble.a(tmpzgFxQqpebble.o)
                0x00000000000019e0                graphics_draw_round_rect
 .text.graphics_fill_rect
                0x00000000000019ec        0xc /Users/edwinfinch/Library/Application Support/Pebble SDK/SDKs/current/sdk-core/pebble/basalt/lib/libpebble.a(tmpzgFxQqpebble.o)
                0x00000000000019ec                graphics_fill_rect
 .text.layer_add_child
                0x00000000000019f8        0xc /Users/edwinfinch/Library/Application Support/Pebble SDK/SDKs/current/sdk-core/pebble/basalt/lib/libpebble.a(tmpzgFxQqpebble.o)
                0x00000000000019f8                layer_add_child
 .text.layer_create_with_data
                0x0000000000001a04        0xc /Users/edwinfinch/Library/Application Support/Pebble SDK/SDKs/current/sdk-core/pebble/basalt/lib/libpebble.a(tmpzgFxQqpebble.o)
                0x0000000000001a04                layer_create_with_data
 .text.layer_get_bounds
                0x0000000000001a10        0xc /Users/edwinfinch/Library/Application Support/Pebble SDK/SDKs/current/sdk-core/pebble/basalt/lib/libpebble.a(tmpzgFxQqpebble.o)
                0x0000000000001a10                layer_get_bounds
 .text.layer_get_data
                0x0000000000001a1c        0xc /Users/edwinfinch/Library/Application Support/Pebble SDK/SDKs/current/sdk-core/pebble/basalt/lib/libpebble.a(tmpzgFxQqpebble.o)
                0x0000000000001a1c                layer_get_data
 .text.layer_get_frame
                0x0000000000001a28        0xc /Users/edwinfinch/Library/Application Support/Pebble SDK/SDKs/current/sdk-core/pebble/basalt/lib/libpebble.a(tmpzgFxQqpebble.o)
                0x0000000000001a28                layer_get_frame
 .text.layer_mark_dirty
                0x0000000000001a34        0xc /Users/edwinfinch/Library/Application Support/Pebble SDK/SDKs/current/sdk-core/pebble/basalt/lib/libpebble.a(tmpzgFxQqpebble.o)
                0x0000000000001a34                layer_mark_dirty
 .text.layer_set_bounds
                0x0000000000001a40        0xc /Users/edwinfinch/Library/Application Support/Pebble SDK/SDKs/current/sdk-core/pebble/basalt/lib/libpebble.a(tmpzgFxQqpebble.o)
                0x0000000000001a40                layer_set_bounds
 .text.layer_set_frame
                0x0000000000001a4c        0xc /Users/edwinfinch/Library/Application Support/Pebble SDK/SDKs/current/sdk-core/pebble/basalt/lib/libpebble.a(tmpzgFxQqpebble.o)
                0x0000000000001a4c                layer_set_frame
 .text.layer_set_update_proc
                0x0000000000001a58        0xc /Users/edwinfinch/Library/Application Support/Pebble SDK/SDKs/current/sdk-core/pebble/basalt/lib/libpebble.a(tmpzgFxQqpebble.o)
                0x0000000000001a58                layer_set_update_proc
 .text.malloc   0x0000000000001a64        0xc /Users/edwinfinch/Library/Application Support/Pebble SDK/SDKs/current/sdk-core/pebble/basalt/lib/libpebble.a(tmpzgFxQqpebble.o)
                0x0000000000001a64                malloc
 .text.memcpy   0x0000000000001a70        0xc /Users/edwinfinch/Library/Application Support/Pebble SDK/SDKs/current/sdk-core/pebble/basalt/lib/libpebble.a(tmpzgFxQqpebble.o)
                0x0000000000001a70                memcpy
 .text.memset   0x0000000000001a7c        0xc /Users/edwinfinch/Library/Application Support/Pebble SDK/SDKs/current/sdk-core/pebble/basalt/lib/libpebble.a(tmpzgFxQqpebble.o)
                0x0000000000001a7c                memset
 .text.menu_cell_basic_draw
                0x0000000000001a88        0xc /Users/edwinfinch/Library/Application Support/Pebble SDK/SDKs/current/sdk-core/pebble/basalt/lib/libpebble.a(tmpzgFxQqpebble.o)
                0x0000000000001a88                menu_cell_basic_draw
 .text.menu_cell_title_draw
                0x0000000000001a94        0xc /Users/edwinfinch/Library/Application Support/Pebble SDK/SDKs/current/sdk-core/pebble/basalt/lib/libpebble.a(tmpzgFxQqpebble.o)
                0x0000000000001a94                menu_cell_title_draw
 .text.menu_layer_get_layer
                0x0000000000001aa0        0xc /Users/edwinfinch/Library/Application Support/Pebble SDK/SDKs/current/sdk-core/pebble/basalt/lib/libpebble.a(tmpzgFxQqpebble.o)
                0x0000000000001aa0                menu_layer_get_layer
 .text.menu_layer_set_click_config_onto_window
                0x0000000000001aac        0xc /Users/edwinfinch/Library/Application Support/Pebble SDK/SDKs/current/sdk-core/pebble/basalt/lib/libpebble.a(tmpzgFxQqpebble.o)
                0x0000000000001aac                menu_layer_set_click_config_onto_window
 .text.strcmp   0x0000000000001ab8        0xc /Users/edwinfinch/Library/Application Support/Pebble SDK/SDKs/current/sdk-core/pebble/basalt/lib/libpebble.a(tmpzgFxQqpebble.o)
                0x0000000000001ab8                strcmp
 .text.strlen   0x0000000000001ac4        0xc /Users/edwinfinch/Library/Application Support/Pebble SDK/SDKs/current/sdk-core/pebble/basalt/lib/libpebble.a(tmpzgFxQqpebble.o)
                0x0000000000001ac4                strlen
 .text.strncpy  0x0000000000001ad0        0xc /Users/edwinfinch/Library/Application Support/Pebble SDK/SDKs/current/sdk-core/pebble/basalt/lib/libpebble.a(tmpzgFxQqpebble.o)
                0x0000000000001ad0                strncpy
 .text.tick_timer_service_subscribe
                0x0000000000001adc        0xc /Users/edwinfinch/Library/Application Support/Pebble SDK/SDKs/current/sdk-core/pebble/basalt/lib/libpebble.a(tmpzgFxQqpebble.o)
                0x0000000000001adc                tick_timer_service_subscribe
 .text.window_create
                0x0000000000001ae8        0xc /Users/edwinfinch/Library/Application Support/Pebble SDK/SDKs/current/sdk-core/pebble/basalt/lib/libpebble.a(tmpzgFxQqpebble.o)
                0x0000000000001ae8                window_create
 .text.window_get_root_layer
                0x0000000000001af4        0xc /Users/edwinfinch/Library/Application Support/Pebble SDK/SDKs/current/sdk-core/pebble/basalt/lib/libpebble.a(tmpzgFxQqpebble.o)
                0x0000000000001af4                window_get_root_layer
 .text.window_set_window_handlers
                0x0000000000001b00        0xc /Users/edwinfinch/Library/Application Support/Pebble SDK/SDKs/current/sdk-core/pebble/basalt/lib/libpebble.a(tmpzgFxQqpebble.o)
                0x0000000000001b00                window_set_window_handlers
 .text.window_stack_push
                0x0000000000001b0c        0xc /Users/edwinfinch/Library/Application Support/Pebble SDK/SDKs/current/sdk-core/pebble/basalt/lib/libpebble.a(tmpzgFxQqpebble.o)
                0x0000000000001b0c                window_stack_push
 .text.app_message_outbox_begin
                0x0000000000001b18        0xc /Users/edwinfinch/Library/Application Support/Pebble SDK/SDKs/current/sdk-core/pebble/basalt/lib/libpebble.a(tmpzgFxQqpebble.o)
                0x0000000000001b18                app_message_outbox_begin
 .text.app_message_outbox_send
                0x0000000000001b24        0xc /Users/edwinfinch/Library/Application Support/Pebble SDK/SDKs/current/sdk-core/pebble/basalt/lib/libpebble.a(tmpzgFxQqpebble.o)
                0x0000000000001b24                app_message_outbox_send
 .text.app_message_register_inbox_dropped
                0x0000000000001b30        0xc /Users/edwinfinch/Library/Application Support/Pebble SDK/SDKs/current/sdk-core/pebble/basalt/lib/libpebble.a(tmpzgFxQqpebble.o)
                0x0000000000001b30                app_message_register_inbox_dropped
 .text.app_message_register_inbox_received
                0x0000000000001b3c        0xc /Users/edwinfinch/Library/Application Support/Pebble SDK/SDKs/current/sdk-core/pebble/basalt/lib/libpebble.a(tmpzgFxQqpebble.o)
                0x0000000000001b3c                app_message_register_inbox_received
 .text.app_message_register_outbox_failed
                0x0000000000001b48        0xc /Users/edwinfinch/Library/Application Support/Pebble SDK/SDKs/current/sdk-core/pebble/basalt/lib/libpebble.a(tmpzgFxQqpebble.o)
                0x0000000000001b48                app_message_register_outbox_failed
 .text.window_long_click_subscribe
                0x0000000000001b54        0xc /Users/edwinfinch/Library/Application Support/Pebble SDK/SDKs/current/sdk-core/pebble/basalt/lib/libpebble.a(tmpzgFxQqpebble.o)
                0x0000000000001b54                window_long_click_subscribe
 .text.window_single_click_subscribe
                0x0000000000001b60        0xc /Users/edwinfinch/Library/Application Support/Pebble SDK/SDKs/current/sdk-core/pebble/basalt/lib/libpebble.a(tmpzgFxQqpebble.o)
                0x0000000000001b60                window_single_click_subscribe
 .text.graphics_draw_text
                0x0000000000001b6c        0xc /Users/edwinfinch/Library/Application Support/Pebble SDK/SDKs/current/sdk-core/pebble/basalt/lib/libpebble.a(tmpzgFxQqpebble.o)
                0x0000000000001b6c                graphics_draw_text
 .text.graphics_text_layout_get_content_size
                0x0000000000001b78        0xc /Users/edwinfinch/Library/Application Support/Pebble SDK/SDKs/current/sdk-core/pebble/basalt/lib/libpebble.a(tmpzgFxQqpebble.o)
                0x0000000000001b78                graphics_text_layout_get_content_size
 .text.graphics_context_set_fill_color
                0x0000000000001b84        0xc /Users/edwinfinch/Library/Application Support/Pebble SDK/SDKs/current/sdk-core/pebble/basalt/lib/libpebble.a(tmpzgFxQqpebble.o)
                0x0000000000001b84                graphics_context_set_fill_color
 .text.graphics_context_set_text_color
                0x0000000000001b90        0xc /Users/edwinfinch/Library/Application Support/Pebble SDK/SDKs/current/sdk-core/pebble/basalt/lib/libpebble.a(tmpzgFxQqpebble.o)
                0x0000000000001b90                graphics_context_set_text_color
 .text.gbitmap_get_format
                0x0000000000001b9c        0xc /Users/edwinfinch/Library/Application Support/Pebble SDK/SDKs/current/sdk-core/pebble/basalt/lib/libpebble.a(tmpzgFxQqpebble.o)
                0x0000000000001b9c                gbitmap_get_format
 .text.gbitmap_get_palette
                0x0000000000001ba8        0xc /Users/edwinfinch/Library/Application Support/Pebble SDK/SDKs/current/sdk-core/pebble/basalt/lib/libpebble.a(tmpzgFxQqpebble.o)
                0x0000000000001ba8                gbitmap_get_palette
 .text.gbitmap_create_from_png_data
                0x0000000000001bb4        0xc /Users/edwinfinch/Library/Application Support/Pebble SDK/SDKs/current/sdk-core/pebble/basalt/lib/libpebble.a(tmpzgFxQqpebble.o)
                0x0000000000001bb4                gbitmap_create_from_png_data
 .text.menu_layer_create
                0x0000000000001bc0        0xc /Users/edwinfinch/Library/Application Support/Pebble SDK/SDKs/current/sdk-core/pebble/basalt/lib/libpebble.a(tmpzgFxQqpebble.o)
                0x0000000000001bc0                menu_layer_create
 .text.action_bar_layer_add_to_window
                0x0000000000001bcc        0xc /Users/edwinfinch/Library/Application Support/Pebble SDK/SDKs/current/sdk-core/pebble/basalt/lib/libpebble.a(tmpzgFxQqpebble.o)
                0x0000000000001bcc                action_bar_layer_add_to_window
 .text.action_bar_layer_create
                0x0000000000001bd8        0xc /Users/edwinfinch/Library/Application Support/Pebble SDK/SDKs/current/sdk-core/pebble/basalt/lib/libpebble.a(tmpzgFxQqpebble.o)
                0x0000000000001bd8                action_bar_layer_create
 .text.action_bar_layer_destroy
                0x0000000000001be4        0xc /Users/edwinfinch/Library/Application Support/Pebble SDK/SDKs/current/sdk-core/pebble/basalt/lib/libpebble.a(tmpzgFxQqpebble.o)
                0x0000000000001be4                action_bar_layer_destroy
 .text.action_bar_layer_remove_from_window
                0x0000000000001bf0        0xc /Users/edwinfinch/Library/Application Support/Pebble SDK/SDKs/current/sdk-core/pebble/basalt/lib/libpebble.a(tmpzgFxQqpebble.o)
                0x0000000000001bf0                action_bar_layer_remove_from_window
 .text.action_bar_layer_set_click_config_provider
                0x0000000000001bfc        0xc /Users/edwinfinch/Library/Application Support/Pebble SDK/SDKs/current/sdk-core/pebble/basalt/lib/libpebble.a(tmpzgFxQqpebble.o)
                0x0000000000001bfc                action_bar_layer_set_click_config_provider
 .text.action_bar_layer_set_icon
                0x0000000000001c08        0xc /Users/edwinfinch/Library/Application Support/Pebble SDK/SDKs/current/sdk-core/pebble/basalt/lib/libpebble.a(tmpzgFxQqpebble.o)
                0x0000000000001c08                action_bar_layer_set_icon
 .text.menu_layer_set_highlight_colors
                0x0000000000001c14        0xc /Users/edwinfinch/Library/Application Support/Pebble SDK/SDKs/current/sdk-core/pebble/basalt/lib/libpebble.a(tmpzgFxQqpebble.o)
                0x0000000000001c14                menu_layer_set_highlight_colors
 .text.menu_layer_set_normal_colors
                0x0000000000001c20        0xc /Users/edwinfinch/Library/Application Support/Pebble SDK/SDKs/current/sdk-core/pebble/basalt/lib/libpebble.a(tmpzgFxQqpebble.o)
                0x0000000000001c20                menu_layer_set_normal_colors
 .text.menu_layer_set_callbacks
                0x0000000000001c2c        0xc /Users/edwinfinch/Library/Application Support/Pebble SDK/SDKs/current/sdk-core/pebble/basalt/lib/libpebble.a(tmpzgFxQqpebble.o)
                0x0000000000001c2c                menu_layer_set_callbacks
 *(.rodata)
 .rodata        0x0000000000001c38        0x8 src/library_menus.c.19.o
 .rodata        0x0000000000001c40       0x20 src/main_menu.c.19.o
 .rodata        0x0000000000001c60       0x28 src/now_playing.c.19.o
 *(.rodata*)
 .rodata.str1.1
                0x0000000000001c88       0x66 src/common.c.19.o
 .rodata.CSWTCH.7
                0x0000000000001cee        0x3 src/gbitmap_manipulator.c.19.o
 .rodata.str1.1
                0x0000000000001cf1      0x530 src/gbitmap_manipulator.c.19.o
 .rodata.str1.1
                0x0000000000002221       0x87 src/ipod.c.19.o
 .rodata.str1.1
                0x00000000000022a8       0x96 src/ipod_state.c.19.o
 .rodata.str1.1
                0x000000000000233e       0x8f src/library_menus.c.19.o
 .rodata.str1.1
                0x00000000000023cd       0x36 src/main_menu.c.19.o
 .rodata.str1.1
                0x0000000000002403       0x1a src/marquee_text.c.19.o
 .rodata.str1.1
                0x000000000000241d      0x20c src/now_playing.c.19.o

.glue_7         0x000000000000262c        0x0
 .glue_7        0x0000000000000000        0x0 linker stubs

.glue_7t        0x000000000000262c        0x0
 .glue_7t       0x0000000000000000        0x0 linker stubs

.vfp11_veneer   0x000000000000262c        0x0
 .vfp11_veneer  0x0000000000000000        0x0 linker stubs

.v4_bx          0x000000000000262c        0x0
 .v4_bx         0x0000000000000000        0x0 linker stubs

.iplt           0x000000000000262c        0x0
 .iplt          0x0000000000000000        0x0 /usr/local/Cellar/pebble-toolchain/2.0/arm-cs-tools/bin/../lib/gcc/arm-none-eabi/4.7.2/thumb2/crtbegin.o

.rel.dyn        0x000000000000262c        0x0
 .rel.iplt      0x0000000000000000        0x0 /usr/local/Cellar/pebble-toolchain/2.0/arm-cs-tools/bin/../lib/gcc/arm-none-eabi/4.7.2/thumb2/crtbegin.o
 .rel.got       0x0000000000000000        0x0 /usr/local/Cellar/pebble-toolchain/2.0/arm-cs-tools/bin/../lib/gcc/arm-none-eabi/4.7.2/thumb2/crtbegin.o

.data           0x000000000000262c       0x38
 *(.data)
 .data          0x000000000000262c        0x0 /usr/local/Cellar/pebble-toolchain/2.0/arm-cs-tools/bin/../lib/gcc/arm-none-eabi/4.7.2/thumb2/crti.o
 .data          0x000000000000262c        0x4 /usr/local/Cellar/pebble-toolchain/2.0/arm-cs-tools/bin/../lib/gcc/arm-none-eabi/4.7.2/thumb2/crtbegin.o
                0x000000000000262c                __dso_handle
 .data          0x0000000000002630        0x0 src/common.c.19.o
 .data          0x0000000000002630        0x0 src/gbitmap_manipulator.c.19.o
 .data          0x0000000000002630        0x0 src/ipod.c.19.o
 .data          0x0000000000002630        0x0 src/ipod_state.c.19.o
 .data          0x0000000000002630        0x0 src/library_menus.c.19.o
 .data          0x0000000000002630        0x0 src/main_menu.c.19.o
 .data          0x0000000000002630        0x0 src/marquee_text.c.19.o
 .data          0x0000000000002630        0x0 src/now_playing.c.19.o
 .data          0x0000000000002630        0x0 src/progress_bar.c.19.o
 .data          0x0000000000002630        0x0 basalt/appinfo.auto.c.19.o
 .data          0x0000000000002630        0x0 basalt/src/resource_ids.auto.c.19.o
 .data          0x0000000000002630        0x0 /Users/edwinfinch/Library/Application Support/Pebble SDK/SDKs/current/sdk-core/pebble/basalt/lib/libpebble.a(tmpzgFxQqpebble.o)
 .data          0x0000000000002630        0x0 /usr/local/Cellar/pebble-toolchain/2.0/arm-cs-tools/bin/../lib/gcc/arm-none-eabi/4.7.2/thumb2/crtend.o
 .data          0x0000000000002630        0x0 /usr/local/Cellar/pebble-toolchain/2.0/arm-cs-tools/bin/../lib/gcc/arm-none-eabi/4.7.2/thumb2/crtn.o
 *(.data.*)
 .data.s_sequence_number
                0x0000000000002630        0x4 src/common.c.19.o
 .data.rel.ro.local.titles.7537
                0x0000000000002634       0x18 src/main_menu.c.19.o
 .data.rel.ro.callbacks.7538
                0x000000000000264c       0x18 src/main_menu.c.19.o

.igot.plt       0x0000000000002664        0x0
 .igot.plt      0x0000000000000000        0x0 /usr/local/Cellar/pebble-toolchain/2.0/arm-cs-tools/bin/../lib/gcc/arm-none-eabi/4.7.2/thumb2/crtbegin.o

.got            0x0000000000002664       0x78
 .got           0x0000000000002664       0x78 /usr/local/Cellar/pebble-toolchain/2.0/arm-cs-tools/bin/../lib/gcc/arm-none-eabi/4.7.2/thumb2/crtbegin.o

.got.plt        0x00000000000026dc        0xc
 .got.plt       0x00000000000026dc        0xc /usr/local/Cellar/pebble-toolchain/2.0/arm-cs-tools/bin/../lib/gcc/arm-none-eabi/4.7.2/thumb2/crtbegin.o
                0x00000000000026dc                _GLOBAL_OFFSET_TABLE_

.bss            0x00000000000026e8      0xaf4
 *(.bss)
 *(.bss.*)
 .bss.s_artist  0x00000000000026e8       0x64 src/ipod_state.c.19.o
 .bss.s_title   0x000000000000274c       0x64 src/ipod_state.c.19.o
 .bss.s_album   0x00000000000027b0       0x64 src/ipod_state.c.19.o
 .bss.head      0x0000000000002814        0x4 src/marquee_text.c.19.o
 .bss.controlling_volume
                0x0000000000002818        0x1 src/now_playing.c.19.o
                0x0000000000002818                controlling_volume
 *fill*         0x0000000000002819        0x3 
 .bss.currentAlbumArtLength
                0x000000000000281c        0x4 src/now_playing.c.19.o
                0x000000000000281c                currentAlbumArtLength
 .bss.is_shown  0x0000000000002820        0x1 src/now_playing.c.19.o
                0x0000000000002820                is_shown
 *fill*         0x0000000000002821        0x3 
 COMMON         0x0000000000002824        0x4 src/ipod.c.19.o
                0x0000000000002824                window
 COMMON         0x0000000000002828       0x15 src/ipod_state.c.19.o
                0x0000000000002828                ipod_state_callback
                0x000000000000282c                currentType
                0x000000000000282d                s_shuffle_mode
                0x0000000000002830                s_current_time
                0x0000000000002834                s_repeat_mode
                0x0000000000002838                s_duration
                0x000000000000283c                s_playback_state
 *fill*         0x000000000000283d        0x3 
 COMMON         0x0000000000002840      0x888 src/library_menus.c.19.o
                0x0000000000002840                menu_font
                0x0000000000002844                menu_stack_pointer
                0x0000000000002848                menu_stack
 COMMON         0x00000000000030c8       0x7c src/main_menu.c.19.o
                0x00000000000030c8                main_menu_items
                0x0000000000003128                main_menu_icons
                0x0000000000003140                main_menu_layer
 COMMON         0x0000000000003144       0x98 src/now_playing.c.19.o
                0x0000000000003144                now_playing_timer
                0x0000000000003148                action_bar
                0x000000000000314c                album_art_data
                0x0000000000003150                artist_layer
                0x000000000000316c                album_layer
                0x0000000000003188                icon_volume_down
                0x000000000000318c                now_playing_window
                0x0000000000003190                icon_volume_up
                0x0000000000003194                album_art_layer
                0x0000000000003198                icon_rewind
                0x000000000000319c                icon_pause
                0x00000000000031a0                title_layer
                0x00000000000031bc                album_art_bitmap
                0x00000000000031c0                icon_fast_forward
                0x00000000000031c4                icon_play
                0x00000000000031c8                progress_bar

DISCARD
 libc.a(*)
 libm.a(*)
 libgcc.a(*)
 *(.eh_frame)
OUTPUT(/Users/edwinfinch/Desktop/Lignite Music/music-pebble/build/basalt/pebble-app.elf elf32-littlearm)

.ARM.attributes
                0x0000000000000000       0x27
 .ARM.attributes
                0x0000000000000000       0x19 /usr/local/Cellar/pebble-toolchain/2.0/arm-cs-tools/bin/../lib/gcc/arm-none-eabi/4.7.2/thumb2/crti.o
 .ARM.attributes
                0x0000000000000019       0x29 /usr/local/Cellar/pebble-toolchain/2.0/arm-cs-tools/bin/../lib/gcc/arm-none-eabi/4.7.2/thumb2/crtbegin.o
 .ARM.attributes
                0x0000000000000042       0x33 src/common.c.19.o
 .ARM.attributes
                0x0000000000000075       0x33 src/gbitmap_manipulator.c.19.o
 .ARM.attributes
                0x00000000000000a8       0x33 src/ipod.c.19.o
 .ARM.attributes
                0x00000000000000db       0x33 src/ipod_state.c.19.o
 .ARM.attributes
                0x000000000000010e       0x33 src/library_menus.c.19.o
 .ARM.attributes
                0x0000000000000141       0x33 src/main_menu.c.19.o
 .ARM.attributes
                0x0000000000000174       0x33 src/marquee_text.c.19.o
 .ARM.attributes
                0x00000000000001a7       0x33 src/now_playing.c.19.o
 .ARM.attributes
                0x00000000000001da       0x33 src/progress_bar.c.19.o
 .ARM.attributes
                0x000000000000020d       0x33 basalt/appinfo.auto.c.19.o
 .ARM.attributes
                0x0000000000000240       0x33 basalt/src/resource_ids.auto.c.19.o
 .ARM.attributes
                0x0000000000000273       0x21 /Users/edwinfinch/Library/Application Support/Pebble SDK/SDKs/current/sdk-core/pebble/basalt/lib/libpebble.a(tmpzgFxQqpebble.o)
 .ARM.attributes
                0x0000000000000294       0x29 /usr/local/Cellar/pebble-toolchain/2.0/arm-cs-tools/bin/../lib/gcc/arm-none-eabi/4.7.2/thumb2/crtend.o
 .ARM.attributes
                0x00000000000002bd       0x19 /usr/local/Cellar/pebble-toolchain/2.0/arm-cs-tools/bin/../lib/gcc/arm-none-eabi/4.7.2/thumb2/crtn.o

.comment        0x0000000000000000       0x4e
 .comment       0x0000000000000000       0x4e /usr/local/Cellar/pebble-toolchain/2.0/arm-cs-tools/bin/../lib/gcc/arm-none-eabi/4.7.2/thumb2/crtbegin.o
                                         0x4f (size before relaxing)
 .comment       0x0000000000000000       0x4f src/common.c.19.o
 .comment       0x0000000000000000       0x4f src/gbitmap_manipulator.c.19.o
 .comment       0x0000000000000000       0x4f src/ipod.c.19.o
 .comment       0x0000000000000000       0x4f src/ipod_state.c.19.o
 .comment       0x0000000000000000       0x4f src/library_menus.c.19.o
 .comment       0x0000000000000000       0x4f src/main_menu.c.19.o
 .comment       0x0000000000000000       0x4f src/marquee_text.c.19.o
 .comment       0x0000000000000000       0x4f src/now_playing.c.19.o
 .comment       0x0000000000000000       0x4f src/progress_bar.c.19.o
 .comment       0x0000000000000000       0x4f basalt/appinfo.auto.c.19.o
 .comment       0x0000000000000000       0x4f basalt/src/resource_ids.auto.c.19.o
 .comment       0x0000000000000000       0x4f /usr/local/Cellar/pebble-toolchain/2.0/arm-cs-tools/bin/../lib/gcc/arm-none-eabi/4.7.2/thumb2/crtend.o

.debug_info     0x0000000000000000     0x7324
 .debug_info    0x0000000000000000      0x673 src/common.c.19.o
 .debug_info    0x0000000000000673      0x6fb src/gbitmap_manipulator.c.19.o
 .debug_info    0x0000000000000d6e      0x927 src/ipod.c.19.o
 .debug_info    0x0000000000001695      0xabb src/ipod_state.c.19.o
 .debug_info    0x0000000000002150     0x13c1 src/library_menus.c.19.o
 .debug_info    0x0000000000003511      0xf52 src/main_menu.c.19.o
 .debug_info    0x0000000000004463      0xa6b src/marquee_text.c.19.o
 .debug_info    0x0000000000004ece     0x1a13 src/now_playing.c.19.o
 .debug_info    0x00000000000068e1      0x604 src/progress_bar.c.19.o
 .debug_info    0x0000000000006ee5      0x2e6 basalt/appinfo.auto.c.19.o
 .debug_info    0x00000000000071cb      0x159 basalt/src/resource_ids.auto.c.19.o

.debug_abbrev   0x0000000000000000     0x19c2
 .debug_abbrev  0x0000000000000000      0x24f src/common.c.19.o
 .debug_abbrev  0x000000000000024f      0x22d src/gbitmap_manipulator.c.19.o
 .debug_abbrev  0x000000000000047c      0x24f src/ipod.c.19.o
 .debug_abbrev  0x00000000000006cb      0x337 src/ipod_state.c.19.o
 .debug_abbrev  0x0000000000000a02      0x3ae src/library_menus.c.19.o
 .debug_abbrev  0x0000000000000db0      0x2c7 src/main_menu.c.19.o
 .debug_abbrev  0x0000000000001077      0x276 src/marquee_text.c.19.o
 .debug_abbrev  0x00000000000012ed      0x3d3 src/now_playing.c.19.o
 .debug_abbrev  0x00000000000016c0      0x236 src/progress_bar.c.19.o
 .debug_abbrev  0x00000000000018f6       0x88 basalt/appinfo.auto.c.19.o
 .debug_abbrev  0x000000000000197e       0x44 basalt/src/resource_ids.auto.c.19.o

.debug_loc      0x0000000000000000     0x21b2
 .debug_loc     0x0000000000000000       0xe6 src/common.c.19.o
 .debug_loc     0x00000000000000e6      0x488 src/gbitmap_manipulator.c.19.o
 .debug_loc     0x000000000000056e      0x1c7 src/ipod.c.19.o
 .debug_loc     0x0000000000000735      0x2b8 src/ipod_state.c.19.o
 .debug_loc     0x00000000000009ed      0x95c src/library_menus.c.19.o
 .debug_loc     0x0000000000001349      0x41c src/main_menu.c.19.o
 .debug_loc     0x0000000000001765      0x2ff src/marquee_text.c.19.o
 .debug_loc     0x0000000000001a64      0x577 src/now_playing.c.19.o
 .debug_loc     0x0000000000001fdb      0x1d7 src/progress_bar.c.19.o

.debug_aranges  0x0000000000000000      0x3d0
 .debug_aranges
                0x0000000000000000       0x38 src/common.c.19.o
 .debug_aranges
                0x0000000000000038       0x50 src/gbitmap_manipulator.c.19.o
 .debug_aranges
                0x0000000000000088       0x50 src/ipod.c.19.o
 .debug_aranges
                0x00000000000000d8       0x98 src/ipod_state.c.19.o
 .debug_aranges
                0x0000000000000170       0x78 src/library_menus.c.19.o
 .debug_aranges
                0x00000000000001e8       0x88 src/main_menu.c.19.o
 .debug_aranges
                0x0000000000000270       0x60 src/marquee_text.c.19.o
 .debug_aranges
                0x00000000000002d0       0x98 src/now_playing.c.19.o
 .debug_aranges
                0x0000000000000368       0x38 src/progress_bar.c.19.o
 .debug_aranges
                0x00000000000003a0       0x18 basalt/appinfo.auto.c.19.o
 .debug_aranges
                0x00000000000003b8       0x18 basalt/src/resource_ids.auto.c.19.o

.debug_ranges   0x0000000000000000      0x4e0
 .debug_ranges  0x0000000000000000       0x28 src/common.c.19.o
 .debug_ranges  0x0000000000000028       0x70 src/gbitmap_manipulator.c.19.o
 .debug_ranges  0x0000000000000098       0x40 src/ipod.c.19.o
 .debug_ranges  0x00000000000000d8       0xf8 src/ipod_state.c.19.o
 .debug_ranges  0x00000000000001d0       0xf8 src/library_menus.c.19.o
 .debug_ranges  0x00000000000002c8       0x90 src/main_menu.c.19.o
 .debug_ranges  0x0000000000000358       0x50 src/marquee_text.c.19.o
 .debug_ranges  0x00000000000003a8      0x110 src/now_playing.c.19.o
 .debug_ranges  0x00000000000004b8       0x28 src/progress_bar.c.19.o

.debug_line     0x0000000000000000     0x1b0d
 .debug_line    0x0000000000000000      0x20e src/common.c.19.o
 .debug_line    0x000000000000020e      0x240 src/gbitmap_manipulator.c.19.o
 .debug_line    0x000000000000044e      0x209 src/ipod.c.19.o
 .debug_line    0x0000000000000657      0x347 src/ipod_state.c.19.o
 .debug_line    0x000000000000099e      0x3df src/library_menus.c.19.o
 .debug_line    0x0000000000000d7d      0x2d8 src/main_menu.c.19.o
 .debug_line    0x0000000000001055      0x2a6 src/marquee_text.c.19.o
 .debug_line    0x00000000000012fb      0x409 src/now_playing.c.19.o
 .debug_line    0x0000000000001704      0x20c src/progress_bar.c.19.o
 .debug_line    0x0000000000001910      0x139 basalt/appinfo.auto.c.19.o
 .debug_line    0x0000000000001a49       0xc4 basalt/src/resource_ids.auto.c.19.o

.debug_str      0x0000000000000000     0x2361
 .debug_str     0x0000000000000000      0x4a6 src/common.c.19.o
                                        0x539 (size before relaxing)
 .debug_str     0x00000000000004a6      0x253 src/gbitmap_manipulator.c.19.o
                                        0x3d8 (size before relaxing)
 .debug_str     0x00000000000006f9      0x2b2 src/ipod.c.19.o
                                        0x704 (size before relaxing)
 .debug_str     0x00000000000009ab      0x4b5 src/ipod_state.c.19.o
                                        0x94d (size before relaxing)
 .debug_str     0x0000000000000e60      0x663 src/library_menus.c.19.o
                                        0xbaa (size before relaxing)
 .debug_str     0x00000000000014c3      0x38c src/main_menu.c.19.o
                                        0x9ad (size before relaxing)
 .debug_str     0x000000000000184f      0x306 src/marquee_text.c.19.o
                                        0x5b2 (size before relaxing)
 .debug_str     0x0000000000001b55      0x4fd src/now_playing.c.19.o
                                        0xf03 (size before relaxing)
 .debug_str     0x0000000000002052       0x47 src/progress_bar.c.19.o
                                        0x39b (size before relaxing)
 .debug_str     0x0000000000002099      0x15d basalt/appinfo.auto.c.19.o
                                        0x25e (size before relaxing)
 .debug_str     0x00000000000021f6      0x16b basalt/src/resource_ids.auto.c.19.o
                                        0x23f (size before relaxing)

.debug_frame    0x0000000000000000      0x8e4
 .debug_frame   0x0000000000000000       0x78 src/common.c.19.o
 .debug_frame   0x0000000000000078       0xdc src/gbitmap_manipulator.c.19.o
 .debug_frame   0x0000000000000154       0xc8 src/ipod.c.19.o
 .debug_frame   0x000000000000021c      0x140 src/ipod_state.c.19.o
 .debug_frame   0x000000000000035c      0x150 src/library_menus.c.19.o
 .debug_frame   0x00000000000004ac      0x134 src/main_menu.c.19.o
 .debug_frame   0x00000000000005e0       0xcc src/marquee_text.c.19.o
 .debug_frame   0x00000000000006ac      0x1c8 src/now_playing.c.19.o
 .debug_frame   0x0000000000000874       0x70 src/progress_bar.c.19.o
