Archive member included because of file (symbol)

/Users/edwinfinch/Library/Application Support/Pebble SDK/SDKs/current/sdk-core/pebble/basalt/lib/libpebble.a(tmpzgFxQqpebble.o)
                              src/ipod.c.19.o (app_event_loop)

Allocating common symbols
Common symbol       size              file

ipod_state_callback
                    0x4               src/ipod_state.c.19.o
now_playing_timer   0x4               src/windows/now_playing.c.19.o
main_menu_items     0x60              src/windows/main_menu.c.19.o
main_menu_icons     0x18              src/windows/main_menu.c.19.o
artist_font         0x4               src/windows/now_playing.c.19.o
s_shuffle_mode      0x1               src/ipod_state.c.19.o
now_playing_window  0x4               src/windows/now_playing.c.19.o
background_colour   0x1               src/windows/now_playing.c.19.o
menu_font           0x4               src/windows/library_menus.c.19.o
now_playing_progress_bar
                    0x4               src/windows/now_playing.c.19.o
now_playing_artist_layer
                    0x4               src/windows/now_playing.c.19.o
now_playing_album_art_layer
                    0x4               src/windows/now_playing.c.19.o
now_playing_title_layer
                    0x4               src/windows/now_playing.c.19.o
action_bar_timer    0x4               src/windows/now_playing.c.19.o
menu_stack_pointer  0x1               src/windows/library_menus.c.19.o
highlight_index     0x4               src/windows/main_menu.c.19.o
s_current_time      0x4               src/ipod_state.c.19.o
main_menu_icons_inverted
                    0x18              src/windows/main_menu.c.19.o
now_playing_album_layer
                    0x4               src/windows/now_playing.c.19.o
current_type        0x1               src/ipod_state.c.19.o
no_album_art_bitmap
                    0x4               src/windows/now_playing.c.19.o
s_repeat_mode       0x1               src/ipod_state.c.19.o
album_art_bitmap    0x4               src/ipod_state.c.19.o
s_duration          0x4               src/ipod_state.c.19.o
main_menu_layer     0x4               src/windows/main_menu.c.19.o
menu_stack          0x880             src/windows/library_menus.c.19.o
window              0x4               src/ipod.c.19.o
control_action_bar  0x4               src/windows/now_playing.c.19.o
now_playing_graphics_layer
                    0x4               src/windows/now_playing.c.19.o
s_playback_state    0x1               src/ipod_state.c.19.o
now_playing_album_art_bitmap
                    0x4               src/windows/now_playing.c.19.o

Discarded input sections

 .text          0x0000000000000000        0x0 /usr/local/Cellar/pebble-toolchain/2.0/arm-cs-tools/bin/../lib/gcc/arm-none-eabi/4.7.2/thumb2/crti.o
 .bss           0x0000000000000000        0x0 /usr/local/Cellar/pebble-toolchain/2.0/arm-cs-tools/bin/../lib/gcc/arm-none-eabi/4.7.2/thumb2/crti.o
 .init          0x0000000000000000        0x4 /usr/local/Cellar/pebble-toolchain/2.0/arm-cs-tools/bin/../lib/gcc/arm-none-eabi/4.7.2/thumb2/crti.o
 .fini          0x0000000000000000        0x4 /usr/local/Cellar/pebble-toolchain/2.0/arm-cs-tools/bin/../lib/gcc/arm-none-eabi/4.7.2/thumb2/crti.o
 .text          0x0000000000000000       0xc8 /usr/local/Cellar/pebble-toolchain/2.0/arm-cs-tools/bin/../lib/gcc/arm-none-eabi/4.7.2/thumb2/crtbegin.o
 .bss           0x0000000000000000       0x1c /usr/local/Cellar/pebble-toolchain/2.0/arm-cs-tools/bin/../lib/gcc/arm-none-eabi/4.7.2/thumb2/crtbegin.o
 .init_array    0x0000000000000000        0x4 /usr/local/Cellar/pebble-toolchain/2.0/arm-cs-tools/bin/../lib/gcc/arm-none-eabi/4.7.2/thumb2/crtbegin.o
 .fini_array    0x0000000000000000        0x4 /usr/local/Cellar/pebble-toolchain/2.0/arm-cs-tools/bin/../lib/gcc/arm-none-eabi/4.7.2/thumb2/crtbegin.o
 .eh_frame      0x0000000000000000        0x0 /usr/local/Cellar/pebble-toolchain/2.0/arm-cs-tools/bin/../lib/gcc/arm-none-eabi/4.7.2/thumb2/crtbegin.o
 .jcr           0x0000000000000000        0x0 /usr/local/Cellar/pebble-toolchain/2.0/arm-cs-tools/bin/../lib/gcc/arm-none-eabi/4.7.2/thumb2/crtbegin.o
 .tm_clone_table
                0x0000000000000000        0x0 /usr/local/Cellar/pebble-toolchain/2.0/arm-cs-tools/bin/../lib/gcc/arm-none-eabi/4.7.2/thumb2/crtbegin.o
 .text          0x0000000000000000        0x0 src/common.c.19.o
 .bss           0x0000000000000000        0x0 src/common.c.19.o
 .text.reset_sequence_number
                0x0000000000000000       0x24 src/common.c.19.o
 .text          0x0000000000000000        0x0 src/gbitmap.c.19.o
 .bss           0x0000000000000000        0x0 src/gbitmap.c.19.o
 .text.get_gbitmapformat_text
                0x0000000000000000       0x4c src/gbitmap.c.19.o
 .text.gbitmap_fill_all_except
                0x0000000000000000       0x6e src/gbitmap.c.19.o
 .text.gbitmap_color_palette_contains_color
                0x0000000000000000       0x30 src/gbitmap.c.19.o
 .text.get_gcolor_text
[...]
Memory Configuration

Name             Origin             Length             Attributes
APP              0x0000000000000000 0x0000000000010000 xrw
*default*        0x0000000000000000 0xffffffffffffffff

Linker script and memory map

LOAD /usr/local/Cellar/pebble-toolchain/2.0/arm-cs-tools/bin/../lib/gcc/arm-none-eabi/4.7.2/thumb2/crti.o
LOAD /usr/local/Cellar/pebble-toolchain/2.0/arm-cs-tools/bin/../lib/gcc/arm-none-eabi/4.7.2/thumb2/crtbegin.o
LOAD src/common.c.19.o
LOAD src/gbitmap.c.19.o
LOAD src/ipod.c.19.o
LOAD src/ipod_state.c.19.o
LOAD src/layers/marquee_text.c.19.o
LOAD src/layers/progress_bar.c.19.o
LOAD src/windows/library_menus.c.19.o
LOAD src/windows/main_menu.c.19.o
LOAD src/windows/now_playing.c.19.o
LOAD basalt/appinfo.auto.c.19.o
LOAD basalt/src/resource_ids.auto.c.19.o
LOAD /Users/edwinfinch/Library/Application Support/Pebble SDK/SDKs/current/sdk-core/pebble/basalt/lib/libpebble.a
START GROUP
LOAD /usr/local/Cellar/pebble-toolchain/2.0/arm-cs-tools/bin/../lib/gcc/arm-none-eabi/4.7.2/thumb2/libgcc.a
LOAD /usr/local/Cellar/pebble-toolchain/2.0/arm-cs-tools/bin/../lib/gcc/arm-none-eabi/4.7.2/../../../../arm-none-eabi/lib/thumb2/libc.a
END GROUP
LOAD /usr/local/Cellar/pebble-toolchain/2.0/arm-cs-tools/bin/../lib/gcc/arm-none-eabi/4.7.2/thumb2/crtend.o
LOAD /usr/local/Cellar/pebble-toolchain/2.0/arm-cs-tools/bin/../lib/gcc/arm-none-eabi/4.7.2/thumb2/crtn.o

.header         0x0000000000000000       0x82
 *(.pbl_header)
 .pbl_header    0x0000000000000000       0x82 basalt/appinfo.auto.c.19.o
                0x0000000000000000                __pbl_app_info

.note.gnu.build-id
                0x0000000000000082       0x26
                0x0000000000000082                PROVIDE (BUILD_ID, .)
 *(.note.gnu.build-id)
 *fill*         0x0000000000000082        0x2 
 .note.gnu.build-id
                0x0000000000000084       0x24 linker stubs

.text           0x00000000000000a8     0x2020
 *(.text)
 .text          0x00000000000000a8       0x14 /Users/edwinfinch/Library/Application Support/Pebble SDK/SDKs/current/sdk-core/pebble/basalt/lib/libpebble.a(tmpzgFxQqpebble.o)
 *(.text.*)
 .text.on_animation_stopped
                0x00000000000000bc        0x2 src/common.c.19.o
                0x00000000000000bc                on_animation_stopped
 *fill*         0x00000000000000be        0x2 
 .text.ipod_message_timer_fire
                0x00000000000000c0       0x2c src/common.c.19.o
                0x00000000000000c0                ipod_message_timer_fire
 .text.animate_layer
                0x00000000000000ec       0x54 src/common.c.19.o
                0x00000000000000ec                animate_layer
 .text.ipod_message_outbox_get
                0x0000000000000140       0x9c src/common.c.19.o
                0x0000000000000140                ipod_message_outbox_get
 .text.ipod_message_destroy
                0x00000000000001dc       0x14 src/common.c.19.o
                0x00000000000001dc                ipod_message_destroy
 .text.get_num_palette_colors
                0x00000000000001f0       0x20 src/gbitmap.c.19.o
                0x00000000000001f0                get_num_palette_colors
 .text.replace_gbitmap_color
                0x0000000000000210       0x50 src/gbitmap.c.19.o
                0x0000000000000210                replace_gbitmap_color
 .text.failed_outbox
                0x0000000000000260       0x20 src/ipod.c.19.o
                0x0000000000000260                failed_outbox
 .text.dropped_inbox
                0x0000000000000280       0x20 src/ipod.c.19.o
                0x0000000000000280                dropped_inbox
 .text.ipod_init
                0x00000000000002a0       0x30 src/ipod.c.19.o
                0x00000000000002a0                ipod_init
 .text.ipod_app_timer_handler
                0x00000000000002d0        0xe src/ipod.c.19.o
                0x00000000000002d0                ipod_app_timer_handler
 *fill*         0x00000000000002de        0x2 
 .text.startup.main
                0x00000000000002e0       0x30 src/ipod.c.19.o
                0x00000000000002e0                main
 .text.create_bitmap
                0x0000000000000310       0x3c src/ipod_state.c.19.o
                0x0000000000000310                create_bitmap
 .text.ipod_state_set_callback
                0x000000000000034c       0x14 src/ipod_state.c.19.o
                0x000000000000034c                ipod_state_set_callback
 .text.ipod_state_current_time
                0x0000000000000360       0x14 src/ipod_state.c.19.o
                0x0000000000000360                ipod_state_current_time
 .text.ipod_state_duration
                0x0000000000000374       0x14 src/ipod_state.c.19.o
                0x0000000000000374                ipod_state_duration
 .text.ipod_get_playback_state
                0x0000000000000388       0x14 src/ipod_state.c.19.o
                0x0000000000000388                ipod_get_playback_state
 .text.ipod_get_album
                0x000000000000039c        0xc src/ipod_state.c.19.o
                0x000000000000039c                ipod_get_album
 .text.ipod_get_artist
                0x00000000000003a8        0xc src/ipod_state.c.19.o
                0x00000000000003a8                ipod_get_artist
 .text.ipod_get_title
                0x00000000000003b4        0xc src/ipod_state.c.19.o
                0x00000000000003b4                ipod_get_title
 .text.now_playing_request
                0x00000000000003c0       0x40 src/ipod_state.c.19.o
                0x00000000000003c0                now_playing_request
 .text.call_callback
                0x0000000000000400       0x38 src/ipod_state.c.19.o
                0x0000000000000400                call_callback
 .text.process_album_art_tuple
                0x0000000000000438      0x19c src/ipod_state.c.19.o
                0x0000000000000438                process_album_art_tuple
 .text.process_tuple
                0x00000000000005d4      0x140 src/ipod_state.c.19.o
                0x00000000000005d4                process_tuple
 .text.ipod_received_handler
                0x0000000000000714       0x3c src/ipod_state.c.19.o
                0x0000000000000714                ipod_received_handler
 .text.ipod_state_create
                0x0000000000000750       0x30 src/ipod_state.c.19.o
                0x0000000000000750                ipod_state_create
 .text.marquee_text_layer_update_proc
                0x0000000000000780      0x186 src/layers/marquee_text.c.19.o
                0x0000000000000780                marquee_text_layer_update_proc
 *fill*         0x0000000000000906        0x2 
 .text.marquee_text_layer_destroy
                0x0000000000000908       0x34 src/layers/marquee_text.c.19.o
                0x0000000000000908                marquee_text_layer_destroy
 .text.marquee_text_layer_get_layer
                0x000000000000093c        0x4 src/layers/marquee_text.c.19.o
                0x000000000000093c                marquee_text_layer_get_layer
 .text.marquee_text_layer_mark_dirty
                0x0000000000000940       0x14 src/layers/marquee_text.c.19.o
                0x0000000000000940                marquee_text_layer_mark_dirty
 .text.marquee_text_layer_set_font
                0x0000000000000954        0x6 src/layers/marquee_text.c.19.o
                0x0000000000000954                marquee_text_layer_set_font
 .text.marquee_text_layer_set_text
                0x000000000000095a        0x6 src/layers/marquee_text.c.19.o
                0x000000000000095a                marquee_text_layer_set_text
 .text.marquee_text_layer_create
                0x0000000000000960       0x90 src/layers/marquee_text.c.19.o
                0x0000000000000960                marquee_text_layer_create
 .text.marquee_text_layer_tick
                0x00000000000009f0       0x30 src/layers/marquee_text.c.19.o
                0x00000000000009f0                marquee_text_layer_tick
 .text.progress_bar_update_proc
                0x0000000000000a20       0x5e src/layers/progress_bar.c.19.o
 *fill*         0x0000000000000a7e        0x2 
 .text.progress_bar_layer_create
                0x0000000000000a80       0x44 src/layers/progress_bar.c.19.o
                0x0000000000000a80                progress_bar_layer_create
 .text.progress_bar_layer_destroy
                0x0000000000000ac4       0x14 src/layers/progress_bar.c.19.o
                0x0000000000000ac4                progress_bar_layer_destroy
 .text.progress_bar_layer_get_layer
                0x0000000000000ad8        0x4 src/layers/progress_bar.c.19.o
                0x0000000000000ad8                progress_bar_layer_get_layer
 .text.progress_bar_layer_set_range
                0x0000000000000adc        0xe src/layers/progress_bar.c.19.o
                0x0000000000000adc                progress_bar_layer_set_range
 .text.progress_bar_layer_set_value
                0x0000000000000aea        0xc src/layers/progress_bar.c.19.o
                0x0000000000000aea                progress_bar_layer_set_value
 *fill*         0x0000000000000af6        0x2 
 .text.library_menus_window_unload
                0x0000000000000af8       0x1c src/windows/library_menus.c.19.o
                0x0000000000000af8                library_menus_window_unload
 .text.get_num_rows
                0x0000000000000b14       0x10 src/windows/library_menus.c.19.o
                0x0000000000000b14                get_num_rows
 .text.get_cell_height
                0x0000000000000b24        0x4 src/windows/library_menus.c.19.o
                0x0000000000000b24                get_cell_height
 .text.draw_row
                0x0000000000000b28       0x22 src/windows/library_menus.c.19.o
                0x0000000000000b28                draw_row
 *fill*         0x0000000000000b4a        0x2 
 .text.library_menus_create
                0x0000000000000b4c       0x30 src/windows/library_menus.c.19.o
                0x0000000000000b4c                library_menus_create
 .text.build_parent_history
                0x0000000000000b7c       0x80 src/windows/library_menus.c.19.o
                0x0000000000000b7c                build_parent_history
 .text.send_library_request
                0x0000000000000bfc       0x40 src/windows/library_menus.c.19.o
                0x0000000000000bfc                send_library_request
 .text.selection_changed
                0x0000000000000c3c       0x58 src/windows/library_menus.c.19.o
                0x0000000000000c3c                selection_changed
 .text.play_track
                0x0000000000000c94       0x64 src/windows/library_menus.c.19.o
                0x0000000000000c94                play_track
 .text.display_library_view
                0x0000000000000cf8      0x150 src/windows/library_menus.c.19.o
                0x0000000000000cf8                display_library_view
 .text.select_click
                0x0000000000000e48       0x50 src/windows/library_menus.c.19.o
                0x0000000000000e48                select_click
 .text.main_menu_get_num_sections
                0x0000000000000e98        0x4 src/windows/main_menu.c.19.o
                0x0000000000000e98                main_menu_get_num_sections
 .text.menu_get_num_rows_callback
                0x0000000000000e9c        0x4 src/windows/main_menu.c.19.o
                0x0000000000000e9c                menu_get_num_rows_callback
 .text.menu_get_header_height_callback
                0x0000000000000ea0        0x4 src/windows/main_menu.c.19.o
                0x0000000000000ea0                menu_get_header_height_callback
 .text.menu_select_callback
                0x0000000000000ea4       0x20 src/windows/main_menu.c.19.o
                0x0000000000000ea4                menu_select_callback
 .text.open_composer_list
                0x0000000000000ec4        0x6 src/windows/main_menu.c.19.o
                0x0000000000000ec4                open_composer_list
 .text.open_genre_list
                0x0000000000000eca        0x6 src/windows/main_menu.c.19.o
                0x0000000000000eca                open_genre_list
 .text.open_playlist_list
                0x0000000000000ed0        0x6 src/windows/main_menu.c.19.o
                0x0000000000000ed0                open_playlist_list
 .text.open_album_list
                0x0000000000000ed6        0x6 src/windows/main_menu.c.19.o
                0x0000000000000ed6                open_album_list
 .text.open_artist_list
                0x0000000000000edc        0x6 src/windows/main_menu.c.19.o
                0x0000000000000edc                open_artist_list
 .text.open_now_playing
                0x0000000000000ee2        0x4 src/windows/main_menu.c.19.o
                0x0000000000000ee2                open_now_playing
 *fill*         0x0000000000000ee6        0x2 
 .text.menu_draw_row_callback
                0x0000000000000ee8       0x70 src/windows/main_menu.c.19.o
                0x0000000000000ee8                menu_draw_row_callback
 .text.menu_selection_changed
                0x0000000000000f58       0x2c src/windows/main_menu.c.19.o
                0x0000000000000f58                menu_selection_changed
 .text.update_highlight_colours
                0x0000000000000f84       0x38 src/windows/main_menu.c.19.o
                0x0000000000000f84                update_highlight_colours
 .text.main_menu_create
                0x0000000000000fbc      0x168 src/windows/main_menu.c.19.o
                0x0000000000000fbc                main_menu_create
 .text.now_playing_window_unload
                0x0000000000001124       0xb8 src/windows/now_playing.c.19.o
                0x0000000000001124                now_playing_window_unload
 .text.now_playing_click_config_provider
                0x00000000000011dc       0x44 src/windows/now_playing.c.19.o
                0x00000000000011dc                now_playing_click_config_provider
 .text.now_playing_graphics_proc
                0x0000000000001220       0x98 src/windows/now_playing.c.19.o
                0x0000000000001220                now_playing_graphics_proc
 .text.display_no_album
                0x00000000000012b8       0x20 src/windows/now_playing.c.19.o
                0x00000000000012b8                display_no_album
 .text.now_playing_is_playing_music
                0x00000000000012d8        0xe src/windows/now_playing.c.19.o
                0x00000000000012d8                now_playing_is_playing_music
 *fill*         0x00000000000012e6        0x2 
 .text.now_playing_state_callback
                0x00000000000012e8       0xb8 src/windows/now_playing.c.19.o
                0x00000000000012e8                now_playing_state_callback
 .text.now_playing_send_state_change
                0x00000000000013a0       0x28 src/windows/now_playing.c.19.o
                0x00000000000013a0                now_playing_send_state_change
 .text.now_playing_set_album_art
                0x00000000000013c8       0x2c src/windows/now_playing.c.19.o
                0x00000000000013c8                now_playing_set_album_art
 .text.now_playing_animation_tick
                0x00000000000013f4       0x34 src/windows/now_playing.c.19.o
                0x00000000000013f4                now_playing_animation_tick
 .text.now_playing_window_load
                0x0000000000001428      0x2a8 src/windows/now_playing.c.19.o
                0x0000000000001428                now_playing_window_load
 .text.now_playing_action_bar_is_showing
                0x00000000000016d0       0x30 src/windows/now_playing.c.19.o
                0x00000000000016d0                now_playing_action_bar_is_showing
 .text.animate_action_bar
                0x0000000000001700       0x5a src/windows/now_playing.c.19.o
                0x0000000000001700                animate_action_bar
 *fill*         0x000000000000175a        0x2 
 .text.now_playing_action_bar_handle
                0x000000000000175c       0x68 src/windows/now_playing.c.19.o
                0x000000000000175c                now_playing_action_bar_handle
 .text.now_playing_long_clicked_select
                0x00000000000017c4       0x88 src/windows/now_playing.c.19.o
                0x00000000000017c4                now_playing_long_clicked_select
 .text.now_playing_clicked_down
                0x000000000000184c       0x24 src/windows/now_playing.c.19.o
                0x000000000000184c                now_playing_clicked_down
 .text.now_playing_clicked_select
                0x0000000000001870       0x12 src/windows/now_playing.c.19.o
                0x0000000000001870                now_playing_clicked_select
 *fill*         0x0000000000001882        0x2 
 .text.now_playing_clicked_up
                0x0000000000001884       0x24 src/windows/now_playing.c.19.o
                0x0000000000001884                now_playing_clicked_up
 .text.now_playing_show
                0x00000000000018a8       0x68 src/windows/now_playing.c.19.o
                0x00000000000018a8                now_playing_show
 .text.app_event_loop
                0x0000000000001910        0xc /Users/edwinfinch/Library/Application Support/Pebble SDK/SDKs/current/sdk-core/pebble/basalt/lib/libpebble.a(tmpzgFxQqpebble.o)
                0x0000000000001910                app_event_loop
 .text.app_log  0x000000000000191c        0xc /Users/edwinfinch/Library/Application Support/Pebble SDK/SDKs/current/sdk-core/pebble/basalt/lib/libpebble.a(tmpzgFxQqpebble.o)
                0x000000000000191c                app_log
 .text.app_message_open
                0x0000000000001928        0xc /Users/edwinfinch/Library/Application Support/Pebble SDK/SDKs/current/sdk-core/pebble/basalt/lib/libpebble.a(tmpzgFxQqpebble.o)
                0x0000000000001928                app_message_open
 .text.app_timer_cancel
                0x0000000000001934        0xc /Users/edwinfinch/Library/Application Support/Pebble SDK/SDKs/current/sdk-core/pebble/basalt/lib/libpebble.a(tmpzgFxQqpebble.o)
                0x0000000000001934                app_timer_cancel
 .text.app_timer_register
                0x0000000000001940        0xc /Users/edwinfinch/Library/Application Support/Pebble SDK/SDKs/current/sdk-core/pebble/basalt/lib/libpebble.a(tmpzgFxQqpebble.o)
                0x0000000000001940                app_timer_register
 .text.bitmap_layer_create
                0x000000000000194c        0xc /Users/edwinfinch/Library/Application Support/Pebble SDK/SDKs/current/sdk-core/pebble/basalt/lib/libpebble.a(tmpzgFxQqpebble.o)
                0x000000000000194c                bitmap_layer_create
 .text.bitmap_layer_get_layer
                0x0000000000001958        0xc /Users/edwinfinch/Library/Application Support/Pebble SDK/SDKs/current/sdk-core/pebble/basalt/lib/libpebble.a(tmpzgFxQqpebble.o)
                0x0000000000001958                bitmap_layer_get_layer
 .text.bitmap_layer_set_bitmap
                0x0000000000001964        0xc /Users/edwinfinch/Library/Application Support/Pebble SDK/SDKs/current/sdk-core/pebble/basalt/lib/libpebble.a(tmpzgFxQqpebble.o)
                0x0000000000001964                bitmap_layer_set_bitmap
 .text.dict_find
                0x0000000000001970        0xc /Users/edwinfinch/Library/Application Support/Pebble SDK/SDKs/current/sdk-core/pebble/basalt/lib/libpebble.a(tmpzgFxQqpebble.o)
                0x0000000000001970                dict_find
 .text.dict_read_first
                0x000000000000197c        0xc /Users/edwinfinch/Library/Application Support/Pebble SDK/SDKs/current/sdk-core/pebble/basalt/lib/libpebble.a(tmpzgFxQqpebble.o)
                0x000000000000197c                dict_read_first
 .text.dict_read_next
                0x0000000000001988        0xc /Users/edwinfinch/Library/Application Support/Pebble SDK/SDKs/current/sdk-core/pebble/basalt/lib/libpebble.a(tmpzgFxQqpebble.o)
                0x0000000000001988                dict_read_next
 .text.dict_write_data
                0x0000000000001994        0xc /Users/edwinfinch/Library/Application Support/Pebble SDK/SDKs/current/sdk-core/pebble/basalt/lib/libpebble.a(tmpzgFxQqpebble.o)
                0x0000000000001994                dict_write_data
 .text.dict_write_int32
                0x00000000000019a0        0xc /Users/edwinfinch/Library/Application Support/Pebble SDK/SDKs/current/sdk-core/pebble/basalt/lib/libpebble.a(tmpzgFxQqpebble.o)
                0x00000000000019a0                dict_write_int32
 .text.dict_write_int8
                0x00000000000019ac        0xc /Users/edwinfinch/Library/Application Support/Pebble SDK/SDKs/current/sdk-core/pebble/basalt/lib/libpebble.a(tmpzgFxQqpebble.o)
                0x00000000000019ac                dict_write_int8
 .text.dict_write_uint16
                0x00000000000019b8        0xc /Users/edwinfinch/Library/Application Support/Pebble SDK/SDKs/current/sdk-core/pebble/basalt/lib/libpebble.a(tmpzgFxQqpebble.o)
                0x00000000000019b8                dict_write_uint16
 .text.dict_write_uint32
                0x00000000000019c4        0xc /Users/edwinfinch/Library/Application Support/Pebble SDK/SDKs/current/sdk-core/pebble/basalt/lib/libpebble.a(tmpzgFxQqpebble.o)
                0x00000000000019c4                dict_write_uint32
 .text.dict_write_uint8
                0x00000000000019d0        0xc /Users/edwinfinch/Library/Application Support/Pebble SDK/SDKs/current/sdk-core/pebble/basalt/lib/libpebble.a(tmpzgFxQqpebble.o)
                0x00000000000019d0                dict_write_uint8
 .text.fonts_get_system_font
                0x00000000000019dc        0xc /Users/edwinfinch/Library/Application Support/Pebble SDK/SDKs/current/sdk-core/pebble/basalt/lib/libpebble.a(tmpzgFxQqpebble.o)
                0x00000000000019dc                fonts_get_system_font
 .text.free     0x00000000000019e8        0xc /Users/edwinfinch/Library/Application Support/Pebble SDK/SDKs/current/sdk-core/pebble/basalt/lib/libpebble.a(tmpzgFxQqpebble.o)
                0x00000000000019e8                free
 .text.gbitmap_create_with_resource
                0x00000000000019f4        0xc /Users/edwinfinch/Library/Application Support/Pebble SDK/SDKs/current/sdk-core/pebble/basalt/lib/libpebble.a(tmpzgFxQqpebble.o)
                0x00000000000019f4                gbitmap_create_with_resource
 .text.gbitmap_destroy
                0x0000000000001a00        0xc /Users/edwinfinch/Library/Application Support/Pebble SDK/SDKs/current/sdk-core/pebble/basalt/lib/libpebble.a(tmpzgFxQqpebble.o)
                0x0000000000001a00                gbitmap_destroy
 .text.graphics_context_set_compositing_mode
                0x0000000000001a0c        0xc /Users/edwinfinch/Library/Application Support/Pebble SDK/SDKs/current/sdk-core/pebble/basalt/lib/libpebble.a(tmpzgFxQqpebble.o)
                0x0000000000001a0c                graphics_context_set_compositing_mode
 .text.graphics_fill_rect
                0x0000000000001a18        0xc /Users/edwinfinch/Library/Application Support/Pebble SDK/SDKs/current/sdk-core/pebble/basalt/lib/libpebble.a(tmpzgFxQqpebble.o)
                0x0000000000001a18                graphics_fill_rect
 .text.layer_add_child
                0x0000000000001a24        0xc /Users/edwinfinch/Library/Application Support/Pebble SDK/SDKs/current/sdk-core/pebble/basalt/lib/libpebble.a(tmpzgFxQqpebble.o)
                0x0000000000001a24                layer_add_child
 .text.layer_create
                0x0000000000001a30        0xc /Users/edwinfinch/Library/Application Support/Pebble SDK/SDKs/current/sdk-core/pebble/basalt/lib/libpebble.a(tmpzgFxQqpebble.o)
                0x0000000000001a30                layer_create
 .text.layer_create_with_data
                0x0000000000001a3c        0xc /Users/edwinfinch/Library/Application Support/Pebble SDK/SDKs/current/sdk-core/pebble/basalt/lib/libpebble.a(tmpzgFxQqpebble.o)
                0x0000000000001a3c                layer_create_with_data
 .text.layer_destroy
                0x0000000000001a48        0xc /Users/edwinfinch/Library/Application Support/Pebble SDK/SDKs/current/sdk-core/pebble/basalt/lib/libpebble.a(tmpzgFxQqpebble.o)
                0x0000000000001a48                layer_destroy
 .text.layer_get_bounds
                0x0000000000001a54        0xc /Users/edwinfinch/Library/Application Support/Pebble SDK/SDKs/current/sdk-core/pebble/basalt/lib/libpebble.a(tmpzgFxQqpebble.o)
                0x0000000000001a54                layer_get_bounds
 .text.layer_get_data
                0x0000000000001a60        0xc /Users/edwinfinch/Library/Application Support/Pebble SDK/SDKs/current/sdk-core/pebble/basalt/lib/libpebble.a(tmpzgFxQqpebble.o)
                0x0000000000001a60                layer_get_data
 .text.layer_get_frame
                0x0000000000001a6c        0xc /Users/edwinfinch/Library/Application Support/Pebble SDK/SDKs/current/sdk-core/pebble/basalt/lib/libpebble.a(tmpzgFxQqpebble.o)
                0x0000000000001a6c                layer_get_frame
 .text.layer_mark_dirty
                0x0000000000001a78        0xc /Users/edwinfinch/Library/Application Support/Pebble SDK/SDKs/current/sdk-core/pebble/basalt/lib/libpebble.a(tmpzgFxQqpebble.o)
                0x0000000000001a78                layer_mark_dirty
 .text.layer_set_bounds
                0x0000000000001a84        0xc /Users/edwinfinch/Library/Application Support/Pebble SDK/SDKs/current/sdk-core/pebble/basalt/lib/libpebble.a(tmpzgFxQqpebble.o)
                0x0000000000001a84                layer_set_bounds
 .text.layer_set_update_proc
                0x0000000000001a90        0xc /Users/edwinfinch/Library/Application Support/Pebble SDK/SDKs/current/sdk-core/pebble/basalt/lib/libpebble.a(tmpzgFxQqpebble.o)
                0x0000000000001a90                layer_set_update_proc
 .text.malloc   0x0000000000001a9c        0xc /Users/edwinfinch/Library/Application Support/Pebble SDK/SDKs/current/sdk-core/pebble/basalt/lib/libpebble.a(tmpzgFxQqpebble.o)
                0x0000000000001a9c                malloc
 .text.memcpy   0x0000000000001aa8        0xc /Users/edwinfinch/Library/Application Support/Pebble SDK/SDKs/current/sdk-core/pebble/basalt/lib/libpebble.a(tmpzgFxQqpebble.o)
                0x0000000000001aa8                memcpy
 .text.memset   0x0000000000001ab4        0xc /Users/edwinfinch/Library/Application Support/Pebble SDK/SDKs/current/sdk-core/pebble/basalt/lib/libpebble.a(tmpzgFxQqpebble.o)
                0x0000000000001ab4                memset
 .text.menu_cell_basic_draw
                0x0000000000001ac0        0xc /Users/edwinfinch/Library/Application Support/Pebble SDK/SDKs/current/sdk-core/pebble/basalt/lib/libpebble.a(tmpzgFxQqpebble.o)
                0x0000000000001ac0                menu_cell_basic_draw
 .text.menu_cell_title_draw
                0x0000000000001acc        0xc /Users/edwinfinch/Library/Application Support/Pebble SDK/SDKs/current/sdk-core/pebble/basalt/lib/libpebble.a(tmpzgFxQqpebble.o)
                0x0000000000001acc                menu_cell_title_draw
 .text.menu_layer_get_layer
                0x0000000000001ad8        0xc /Users/edwinfinch/Library/Application Support/Pebble SDK/SDKs/current/sdk-core/pebble/basalt/lib/libpebble.a(tmpzgFxQqpebble.o)
                0x0000000000001ad8                menu_layer_get_layer
 .text.menu_layer_set_click_config_onto_window
                0x0000000000001ae4        0xc /Users/edwinfinch/Library/Application Support/Pebble SDK/SDKs/current/sdk-core/pebble/basalt/lib/libpebble.a(tmpzgFxQqpebble.o)
                0x0000000000001ae4                menu_layer_set_click_config_onto_window
 .text.strcmp   0x0000000000001af0        0xc /Users/edwinfinch/Library/Application Support/Pebble SDK/SDKs/current/sdk-core/pebble/basalt/lib/libpebble.a(tmpzgFxQqpebble.o)
                0x0000000000001af0                strcmp
 .text.strlen   0x0000000000001afc        0xc /Users/edwinfinch/Library/Application Support/Pebble SDK/SDKs/current/sdk-core/pebble/basalt/lib/libpebble.a(tmpzgFxQqpebble.o)
                0x0000000000001afc                strlen
 .text.strncpy  0x0000000000001b08        0xc /Users/edwinfinch/Library/Application Support/Pebble SDK/SDKs/current/sdk-core/pebble/basalt/lib/libpebble.a(tmpzgFxQqpebble.o)
                0x0000000000001b08                strncpy
 .text.vibes_enqueue_custom_pattern
                0x0000000000001b14        0xc /Users/edwinfinch/Library/Application Support/Pebble SDK/SDKs/current/sdk-core/pebble/basalt/lib/libpebble.a(tmpzgFxQqpebble.o)
                0x0000000000001b14                vibes_enqueue_custom_pattern
 .text.window_create
                0x0000000000001b20        0xc /Users/edwinfinch/Library/Application Support/Pebble SDK/SDKs/current/sdk-core/pebble/basalt/lib/libpebble.a(tmpzgFxQqpebble.o)
                0x0000000000001b20                window_create
 .text.window_get_root_layer
                0x0000000000001b2c        0xc /Users/edwinfinch/Library/Application Support/Pebble SDK/SDKs/current/sdk-core/pebble/basalt/lib/libpebble.a(tmpzgFxQqpebble.o)
                0x0000000000001b2c                window_get_root_layer
 .text.window_set_window_handlers
                0x0000000000001b38        0xc /Users/edwinfinch/Library/Application Support/Pebble SDK/SDKs/current/sdk-core/pebble/basalt/lib/libpebble.a(tmpzgFxQqpebble.o)
                0x0000000000001b38                window_set_window_handlers
 .text.window_stack_push
                0x0000000000001b44        0xc /Users/edwinfinch/Library/Application Support/Pebble SDK/SDKs/current/sdk-core/pebble/basalt/lib/libpebble.a(tmpzgFxQqpebble.o)
                0x0000000000001b44                window_stack_push
 .text.app_message_outbox_begin
                0x0000000000001b50        0xc /Users/edwinfinch/Library/Application Support/Pebble SDK/SDKs/current/sdk-core/pebble/basalt/lib/libpebble.a(tmpzgFxQqpebble.o)
                0x0000000000001b50                app_message_outbox_begin
 .text.app_message_outbox_send
                0x0000000000001b5c        0xc /Users/edwinfinch/Library/Application Support/Pebble SDK/SDKs/current/sdk-core/pebble/basalt/lib/libpebble.a(tmpzgFxQqpebble.o)
                0x0000000000001b5c                app_message_outbox_send
 .text.app_message_register_inbox_dropped
                0x0000000000001b68        0xc /Users/edwinfinch/Library/Application Support/Pebble SDK/SDKs/current/sdk-core/pebble/basalt/lib/libpebble.a(tmpzgFxQqpebble.o)
                0x0000000000001b68                app_message_register_inbox_dropped
 .text.app_message_register_inbox_received
                0x0000000000001b74        0xc /Users/edwinfinch/Library/Application Support/Pebble SDK/SDKs/current/sdk-core/pebble/basalt/lib/libpebble.a(tmpzgFxQqpebble.o)
                0x0000000000001b74                app_message_register_inbox_received
 .text.app_message_register_outbox_failed
                0x0000000000001b80        0xc /Users/edwinfinch/Library/Application Support/Pebble SDK/SDKs/current/sdk-core/pebble/basalt/lib/libpebble.a(tmpzgFxQqpebble.o)
                0x0000000000001b80                app_message_register_outbox_failed
 .text.window_long_click_subscribe
                0x0000000000001b8c        0xc /Users/edwinfinch/Library/Application Support/Pebble SDK/SDKs/current/sdk-core/pebble/basalt/lib/libpebble.a(tmpzgFxQqpebble.o)
                0x0000000000001b8c                window_long_click_subscribe
 .text.window_single_click_subscribe
                0x0000000000001b98        0xc /Users/edwinfinch/Library/Application Support/Pebble SDK/SDKs/current/sdk-core/pebble/basalt/lib/libpebble.a(tmpzgFxQqpebble.o)
                0x0000000000001b98                window_single_click_subscribe
 .text.graphics_draw_text
                0x0000000000001ba4        0xc /Users/edwinfinch/Library/Application Support/Pebble SDK/SDKs/current/sdk-core/pebble/basalt/lib/libpebble.a(tmpzgFxQqpebble.o)
                0x0000000000001ba4                graphics_draw_text
 .text.graphics_text_layout_get_content_size
                0x0000000000001bb0        0xc /Users/edwinfinch/Library/Application Support/Pebble SDK/SDKs/current/sdk-core/pebble/basalt/lib/libpebble.a(tmpzgFxQqpebble.o)
                0x0000000000001bb0                graphics_text_layout_get_content_size
 .text.heap_bytes_free
                0x0000000000001bbc        0xc /Users/edwinfinch/Library/Application Support/Pebble SDK/SDKs/current/sdk-core/pebble/basalt/lib/libpebble.a(tmpzgFxQqpebble.o)
                0x0000000000001bbc                heap_bytes_free
 .text.graphics_context_set_fill_color
                0x0000000000001bc8        0xc /Users/edwinfinch/Library/Application Support/Pebble SDK/SDKs/current/sdk-core/pebble/basalt/lib/libpebble.a(tmpzgFxQqpebble.o)
                0x0000000000001bc8                graphics_context_set_fill_color
 .text.graphics_context_set_text_color
                0x0000000000001bd4        0xc /Users/edwinfinch/Library/Application Support/Pebble SDK/SDKs/current/sdk-core/pebble/basalt/lib/libpebble.a(tmpzgFxQqpebble.o)
                0x0000000000001bd4                graphics_context_set_text_color
 .text.window_set_background_color
                0x0000000000001be0        0xc /Users/edwinfinch/Library/Application Support/Pebble SDK/SDKs/current/sdk-core/pebble/basalt/lib/libpebble.a(tmpzgFxQqpebble.o)
                0x0000000000001be0                window_set_background_color
 .text.animation_schedule
                0x0000000000001bec        0xc /Users/edwinfinch/Library/Application Support/Pebble SDK/SDKs/current/sdk-core/pebble/basalt/lib/libpebble.a(tmpzgFxQqpebble.o)
                0x0000000000001bec                animation_schedule
 .text.animation_set_delay
                0x0000000000001bf8        0xc /Users/edwinfinch/Library/Application Support/Pebble SDK/SDKs/current/sdk-core/pebble/basalt/lib/libpebble.a(tmpzgFxQqpebble.o)
                0x0000000000001bf8                animation_set_delay
 .text.animation_set_duration
                0x0000000000001c04        0xc /Users/edwinfinch/Library/Application Support/Pebble SDK/SDKs/current/sdk-core/pebble/basalt/lib/libpebble.a(tmpzgFxQqpebble.o)
                0x0000000000001c04                animation_set_duration
 .text.animation_set_handlers
                0x0000000000001c10        0xc /Users/edwinfinch/Library/Application Support/Pebble SDK/SDKs/current/sdk-core/pebble/basalt/lib/libpebble.a(tmpzgFxQqpebble.o)
                0x0000000000001c10                animation_set_handlers
 .text.property_animation_create_layer_frame
                0x0000000000001c1c        0xc /Users/edwinfinch/Library/Application Support/Pebble SDK/SDKs/current/sdk-core/pebble/basalt/lib/libpebble.a(tmpzgFxQqpebble.o)
                0x0000000000001c1c                property_animation_create_layer_frame
 .text.property_animation_get_animation
                0x0000000000001c28        0xc /Users/edwinfinch/Library/Application Support/Pebble SDK/SDKs/current/sdk-core/pebble/basalt/lib/libpebble.a(tmpzgFxQqpebble.o)
                0x0000000000001c28                property_animation_get_animation
 .text.gbitmap_get_format
                0x0000000000001c34        0xc /Users/edwinfinch/Library/Application Support/Pebble SDK/SDKs/current/sdk-core/pebble/basalt/lib/libpebble.a(tmpzgFxQqpebble.o)
                0x0000000000001c34                gbitmap_get_format
 .text.gbitmap_get_palette
                0x0000000000001c40        0xc /Users/edwinfinch/Library/Application Support/Pebble SDK/SDKs/current/sdk-core/pebble/basalt/lib/libpebble.a(tmpzgFxQqpebble.o)
                0x0000000000001c40                gbitmap_get_palette
 .text.gbitmap_create_from_png_data
                0x0000000000001c4c        0xc /Users/edwinfinch/Library/Application Support/Pebble SDK/SDKs/current/sdk-core/pebble/basalt/lib/libpebble.a(tmpzgFxQqpebble.o)
                0x0000000000001c4c                gbitmap_create_from_png_data
 .text.menu_layer_create
                0x0000000000001c58        0xc /Users/edwinfinch/Library/Application Support/Pebble SDK/SDKs/current/sdk-core/pebble/basalt/lib/libpebble.a(tmpzgFxQqpebble.o)
                0x0000000000001c58                menu_layer_create
 .text.action_bar_layer_add_to_window
                0x0000000000001c64        0xc /Users/edwinfinch/Library/Application Support/Pebble SDK/SDKs/current/sdk-core/pebble/basalt/lib/libpebble.a(tmpzgFxQqpebble.o)
                0x0000000000001c64                action_bar_layer_add_to_window
 .text.action_bar_layer_create
                0x0000000000001c70        0xc /Users/edwinfinch/Library/Application Support/Pebble SDK/SDKs/current/sdk-core/pebble/basalt/lib/libpebble.a(tmpzgFxQqpebble.o)
                0x0000000000001c70                action_bar_layer_create
 .text.action_bar_layer_destroy
                0x0000000000001c7c        0xc /Users/edwinfinch/Library/Application Support/Pebble SDK/SDKs/current/sdk-core/pebble/basalt/lib/libpebble.a(tmpzgFxQqpebble.o)
                0x0000000000001c7c                action_bar_layer_destroy
 .text.action_bar_layer_get_layer
                0x0000000000001c88        0xc /Users/edwinfinch/Library/Application Support/Pebble SDK/SDKs/current/sdk-core/pebble/basalt/lib/libpebble.a(tmpzgFxQqpebble.o)
                0x0000000000001c88                action_bar_layer_get_layer
 .text.action_bar_layer_set_click_config_provider
                0x0000000000001c94        0xc /Users/edwinfinch/Library/Application Support/Pebble SDK/SDKs/current/sdk-core/pebble/basalt/lib/libpebble.a(tmpzgFxQqpebble.o)
                0x0000000000001c94                action_bar_layer_set_click_config_provider
 .text.action_bar_layer_set_icon
                0x0000000000001ca0        0xc /Users/edwinfinch/Library/Application Support/Pebble SDK/SDKs/current/sdk-core/pebble/basalt/lib/libpebble.a(tmpzgFxQqpebble.o)
                0x0000000000001ca0                action_bar_layer_set_icon
 .text.menu_cell_layer_is_highlighted
                0x0000000000001cac        0xc /Users/edwinfinch/Library/Application Support/Pebble SDK/SDKs/current/sdk-core/pebble/basalt/lib/libpebble.a(tmpzgFxQqpebble.o)
                0x0000000000001cac                menu_cell_layer_is_highlighted
 .text.menu_layer_set_highlight_colors
                0x0000000000001cb8        0xc /Users/edwinfinch/Library/Application Support/Pebble SDK/SDKs/current/sdk-core/pebble/basalt/lib/libpebble.a(tmpzgFxQqpebble.o)
                0x0000000000001cb8                menu_layer_set_highlight_colors
 .text.menu_layer_set_normal_colors
                0x0000000000001cc4        0xc /Users/edwinfinch/Library/Application Support/Pebble SDK/SDKs/current/sdk-core/pebble/basalt/lib/libpebble.a(tmpzgFxQqpebble.o)
                0x0000000000001cc4                menu_layer_set_normal_colors
 .text.menu_layer_set_callbacks
                0x0000000000001cd0        0xc /Users/edwinfinch/Library/Application Support/Pebble SDK/SDKs/current/sdk-core/pebble/basalt/lib/libpebble.a(tmpzgFxQqpebble.o)
                0x0000000000001cd0                menu_layer_set_callbacks
 *(.rodata)
 .rodata        0x0000000000001cdc        0x8 src/windows/library_menus.c.19.o
 .rodata        0x0000000000001ce4       0x20 src/windows/main_menu.c.19.o
 .rodata        0x0000000000001d04       0x30 src/windows/now_playing.c.19.o
 *(.rodata*)
 .rodata.str1.1
                0x0000000000001d34       0x66 src/common.c.19.o
 .rodata.CSWTCH.7
                0x0000000000001d9a        0x3 src/gbitmap.c.19.o
 .rodata.str1.1
                0x0000000000001d9d       0x87 src/ipod.c.19.o
 .rodata.str1.1
                0x0000000000001e24      0x189 src/ipod_state.c.19.o
 .rodata.str1.1
                0x0000000000001fad       0x1a src/layers/marquee_text.c.19.o
 .rodata.str1.1
                0x0000000000001fc7       0x8f src/windows/library_menus.c.19.o
 .rodata.str1.1
                0x0000000000002056       0x36 src/windows/main_menu.c.19.o
 .rodata.str1.1
                0x000000000000208c       0x31 src/windows/now_playing.c.19.o
 *fill*         0x00000000000020bd        0x3 
 .rodata.segments.7632
                0x00000000000020c0        0x8 src/windows/now_playing.c.19.o

.glue_7         0x00000000000020c8        0x0
 .glue_7        0x0000000000000000        0x0 linker stubs

.glue_7t        0x00000000000020c8        0x0
 .glue_7t       0x0000000000000000        0x0 linker stubs

.vfp11_veneer   0x00000000000020c8        0x0
 .vfp11_veneer  0x0000000000000000        0x0 linker stubs

.v4_bx          0x00000000000020c8        0x0
 .v4_bx         0x0000000000000000        0x0 linker stubs

.iplt           0x00000000000020c8        0x0
 .iplt          0x0000000000000000        0x0 /usr/local/Cellar/pebble-toolchain/2.0/arm-cs-tools/bin/../lib/gcc/arm-none-eabi/4.7.2/thumb2/crtbegin.o

.rel.dyn        0x00000000000020c8        0x0
 .rel.iplt      0x0000000000000000        0x0 /usr/local/Cellar/pebble-toolchain/2.0/arm-cs-tools/bin/../lib/gcc/arm-none-eabi/4.7.2/thumb2/crtbegin.o
 .rel.got       0x0000000000000000        0x0 /usr/local/Cellar/pebble-toolchain/2.0/arm-cs-tools/bin/../lib/gcc/arm-none-eabi/4.7.2/thumb2/crtbegin.o

.data           0x00000000000020c8       0x40
 *(.data)
 .data          0x00000000000020c8        0x0 /usr/local/Cellar/pebble-toolchain/2.0/arm-cs-tools/bin/../lib/gcc/arm-none-eabi/4.7.2/thumb2/crti.o
 .data          0x00000000000020c8        0x4 /usr/local/Cellar/pebble-toolchain/2.0/arm-cs-tools/bin/../lib/gcc/arm-none-eabi/4.7.2/thumb2/crtbegin.o
                0x00000000000020c8                __dso_handle
 .data          0x00000000000020cc        0x0 src/common.c.19.o
 .data          0x00000000000020cc        0x0 src/gbitmap.c.19.o
 .data          0x00000000000020cc        0x0 src/ipod.c.19.o
 .data          0x00000000000020cc        0x0 src/ipod_state.c.19.o
 .data          0x00000000000020cc        0x0 src/layers/marquee_text.c.19.o
 .data          0x00000000000020cc        0x0 src/layers/progress_bar.c.19.o
 .data          0x00000000000020cc        0x0 src/windows/library_menus.c.19.o
 .data          0x00000000000020cc        0x0 src/windows/main_menu.c.19.o
 .data          0x00000000000020cc        0x8 src/windows/now_playing.c.19.o
 .data          0x00000000000020d4        0x0 basalt/appinfo.auto.c.19.o
 .data          0x00000000000020d4        0x0 basalt/src/resource_ids.auto.c.19.o
 .data          0x00000000000020d4        0x0 /Users/edwinfinch/Library/Application Support/Pebble SDK/SDKs/current/sdk-core/pebble/basalt/lib/libpebble.a(tmpzgFxQqpebble.o)
 .data          0x00000000000020d4        0x0 /usr/local/Cellar/pebble-toolchain/2.0/arm-cs-tools/bin/../lib/gcc/arm-none-eabi/4.7.2/thumb2/crtend.o
 .data          0x00000000000020d4        0x0 /usr/local/Cellar/pebble-toolchain/2.0/arm-cs-tools/bin/../lib/gcc/arm-none-eabi/4.7.2/thumb2/crtn.o
 *(.data.*)
 .data.s_sequence_number
                0x00000000000020d4        0x4 src/common.c.19.o
 .data.rel.ro.callbacks.7618
                0x00000000000020d8       0x18 src/windows/main_menu.c.19.o
 .data.rel.ro.local.titles.7617
                0x00000000000020f0       0x18 src/windows/main_menu.c.19.o

.igot.plt       0x0000000000002108        0x0
 .igot.plt      0x0000000000000000        0x0 /usr/local/Cellar/pebble-toolchain/2.0/arm-cs-tools/bin/../lib/gcc/arm-none-eabi/4.7.2/thumb2/crtbegin.o

.got            0x0000000000002108       0x80
 .got           0x0000000000002108       0x80 /usr/local/Cellar/pebble-toolchain/2.0/arm-cs-tools/bin/../lib/gcc/arm-none-eabi/4.7.2/thumb2/crtbegin.o

.got.plt        0x0000000000002188        0xc
 .got.plt       0x0000000000002188        0xc /usr/local/Cellar/pebble-toolchain/2.0/arm-cs-tools/bin/../lib/gcc/arm-none-eabi/4.7.2/thumb2/crtbegin.o
                0x0000000000002188                _GLOBAL_OFFSET_TABLE_

.bss            0x0000000000002194      0xad0
 *(.bss)
 *(.bss.*)
 .bss.s_artist  0x0000000000002194       0x64 src/ipod_state.c.19.o
 .bss.s_title   0x00000000000021f8       0x64 src/ipod_state.c.19.o
 .bss.current_album_art_size
                0x000000000000225c        0x4 src/ipod_state.c.19.o
 .bss.s_album   0x0000000000002260       0x64 src/ipod_state.c.19.o
 .bss.album_art_data
                0x00000000000022c4        0x4 src/ipod_state.c.19.o
 .bss.head      0x00000000000022c8        0x4 src/layers/marquee_text.c.19.o
 .bss.icon_fast_forward
                0x00000000000022cc        0x4 src/windows/now_playing.c.19.o
 .bss.is_shown  0x00000000000022d0        0x1 src/windows/now_playing.c.19.o
 *fill*         0x00000000000022d1        0x3 
 .bss.icon_pause
                0x00000000000022d4        0x4 src/windows/now_playing.c.19.o
 .bss.controlling_volume
                0x00000000000022d8        0x1 src/windows/now_playing.c.19.o
 *fill*         0x00000000000022d9        0x3 
 .bss.icon_volume_up
                0x00000000000022dc        0x4 src/windows/now_playing.c.19.o
 .bss.icon_rewind
                0x00000000000022e0        0x4 src/windows/now_playing.c.19.o
 .bss.icon_volume_down
                0x00000000000022e4        0x4 src/windows/now_playing.c.19.o
 .bss.icon_play
                0x00000000000022e8        0x4 src/windows/now_playing.c.19.o
 COMMON         0x00000000000022ec        0x4 src/ipod.c.19.o
                0x00000000000022ec                window
 COMMON         0x00000000000022f0       0x19 src/ipod_state.c.19.o
                0x00000000000022f0                ipod_state_callback
                0x00000000000022f4                s_shuffle_mode
                0x00000000000022f8                s_current_time
                0x00000000000022fc                current_type
                0x00000000000022fd                s_repeat_mode
                0x0000000000002300                album_art_bitmap
                0x0000000000002304                s_duration
                0x0000000000002308                s_playback_state
 *fill*         0x0000000000002309        0x3 
 COMMON         0x000000000000230c      0x888 src/windows/library_menus.c.19.o
                0x000000000000230c                menu_font
                0x0000000000002310                menu_stack_pointer
                0x0000000000002314                menu_stack
 COMMON         0x0000000000002b94       0x98 src/windows/main_menu.c.19.o
                0x0000000000002b94                main_menu_items
                0x0000000000002bf4                main_menu_icons
                0x0000000000002c0c                highlight_index
                0x0000000000002c10                main_menu_icons_inverted
                0x0000000000002c28                main_menu_layer
 COMMON         0x0000000000002c2c       0x38 src/windows/now_playing.c.19.o
                0x0000000000002c2c                now_playing_timer
                0x0000000000002c30                artist_font
                0x0000000000002c34                now_playing_window
                0x0000000000002c38                background_colour
                0x0000000000002c3c                now_playing_progress_bar
                0x0000000000002c40                now_playing_artist_layer
                0x0000000000002c44                now_playing_album_art_layer
                0x0000000000002c48                now_playing_title_layer
                0x0000000000002c4c                action_bar_timer
                0x0000000000002c50                now_playing_album_layer
                0x0000000000002c54                no_album_art_bitmap
                0x0000000000002c58                control_action_bar
                0x0000000000002c5c                now_playing_graphics_layer
                0x0000000000002c60                now_playing_album_art_bitmap

DISCARD
 libc.a(*)
 libm.a(*)
 libgcc.a(*)
 *(.eh_frame)
OUTPUT(/Users/edwinfinch/Desktop/Lignite Music/music-pebble/build/basalt/pebble-app.elf elf32-littlearm)

.ARM.attributes
                0x0000000000000000       0x27
 .ARM.attributes
                0x0000000000000000       0x19 /usr/local/Cellar/pebble-toolchain/2.0/arm-cs-tools/bin/../lib/gcc/arm-none-eabi/4.7.2/thumb2/crti.o
 .ARM.attributes
                0x0000000000000019       0x29 /usr/local/Cellar/pebble-toolchain/2.0/arm-cs-tools/bin/../lib/gcc/arm-none-eabi/4.7.2/thumb2/crtbegin.o
 .ARM.attributes
                0x0000000000000042       0x33 src/common.c.19.o
 .ARM.attributes
                0x0000000000000075       0x33 src/gbitmap.c.19.o
 .ARM.attributes
                0x00000000000000a8       0x33 src/ipod.c.19.o
 .ARM.attributes
                0x00000000000000db       0x33 src/ipod_state.c.19.o
 .ARM.attributes
                0x000000000000010e       0x33 src/layers/marquee_text.c.19.o
 .ARM.attributes
                0x0000000000000141       0x33 src/layers/progress_bar.c.19.o
 .ARM.attributes
                0x0000000000000174       0x33 src/windows/library_menus.c.19.o
 .ARM.attributes
                0x00000000000001a7       0x33 src/windows/main_menu.c.19.o
 .ARM.attributes
                0x00000000000001da       0x33 src/windows/now_playing.c.19.o
 .ARM.attributes
                0x000000000000020d       0x33 basalt/appinfo.auto.c.19.o
 .ARM.attributes
                0x0000000000000240       0x33 basalt/src/resource_ids.auto.c.19.o
 .ARM.attributes
                0x0000000000000273       0x21 /Users/edwinfinch/Library/Application Support/Pebble SDK/SDKs/current/sdk-core/pebble/basalt/lib/libpebble.a(tmpzgFxQqpebble.o)
 .ARM.attributes
                0x0000000000000294       0x29 /usr/local/Cellar/pebble-toolchain/2.0/arm-cs-tools/bin/../lib/gcc/arm-none-eabi/4.7.2/thumb2/crtend.o
 .ARM.attributes
                0x00000000000002bd       0x19 /usr/local/Cellar/pebble-toolchain/2.0/arm-cs-tools/bin/../lib/gcc/arm-none-eabi/4.7.2/thumb2/crtn.o

.comment        0x0000000000000000       0x4e
 .comment       0x0000000000000000       0x4e /usr/local/Cellar/pebble-toolchain/2.0/arm-cs-tools/bin/../lib/gcc/arm-none-eabi/4.7.2/thumb2/crtbegin.o
                                         0x4f (size before relaxing)
 .comment       0x0000000000000000       0x4f src/common.c.19.o
 .comment       0x0000000000000000       0x4f src/gbitmap.c.19.o
 .comment       0x0000000000000000       0x4f src/ipod.c.19.o
 .comment       0x0000000000000000       0x4f src/ipod_state.c.19.o
 .comment       0x0000000000000000       0x4f src/layers/marquee_text.c.19.o
 .comment       0x0000000000000000       0x4f src/layers/progress_bar.c.19.o
 .comment       0x0000000000000000       0x4f src/windows/library_menus.c.19.o
 .comment       0x0000000000000000       0x4f src/windows/main_menu.c.19.o
 .comment       0x0000000000000000       0x4f src/windows/now_playing.c.19.o
 .comment       0x0000000000000000       0x4f basalt/appinfo.auto.c.19.o
 .comment       0x0000000000000000       0x4f basalt/src/resource_ids.auto.c.19.o
 .comment       0x0000000000000000       0x4f /usr/local/Cellar/pebble-toolchain/2.0/arm-cs-tools/bin/../lib/gcc/arm-none-eabi/4.7.2/thumb2/crtend.o

.debug_info     0x0000000000000000     0x7a7a
 .debug_info    0x0000000000000000      0xa1d src/common.c.19.o
 .debug_info    0x0000000000000a1d      0x6fb src/gbitmap.c.19.o
 .debug_info    0x0000000000001118      0x8cd src/ipod.c.19.o
 .debug_info    0x00000000000019e5      0xea6 src/ipod_state.c.19.o
 .debug_info    0x000000000000288b      0x9cc src/layers/marquee_text.c.19.o
 .debug_info    0x0000000000003257      0x66d src/layers/progress_bar.c.19.o
 .debug_info    0x00000000000038c4     0x13c1 src/windows/library_menus.c.19.o
 .debug_info    0x0000000000004c85      0xed0 src/windows/main_menu.c.19.o
 .debug_info    0x0000000000005b55     0x1ad4 src/windows/now_playing.c.19.o
 .debug_info    0x0000000000007629      0x2e6 basalt/appinfo.auto.c.19.o
 .debug_info    0x000000000000790f      0x16b basalt/src/resource_ids.auto.c.19.o

.debug_abbrev   0x0000000000000000     0x1b1b
 .debug_abbrev  0x0000000000000000      0x27b src/common.c.19.o
 .debug_abbrev  0x000000000000027b      0x22d src/gbitmap.c.19.o
 .debug_abbrev  0x00000000000004a8      0x24f src/ipod.c.19.o
 .debug_abbrev  0x00000000000006f7      0x378 src/ipod_state.c.19.o
 .debug_abbrev  0x0000000000000a6f      0x2be src/layers/marquee_text.c.19.o
 .debug_abbrev  0x0000000000000d2d      0x2a4 src/layers/progress_bar.c.19.o
 .debug_abbrev  0x0000000000000fd1      0x3ae src/windows/library_menus.c.19.o
 .debug_abbrev  0x000000000000137f      0x2dd src/windows/main_menu.c.19.o
 .debug_abbrev  0x000000000000165c      0x3f3 src/windows/now_playing.c.19.o
 .debug_abbrev  0x0000000000001a4f       0x88 basalt/appinfo.auto.c.19.o
 .debug_abbrev  0x0000000000001ad7       0x44 basalt/src/resource_ids.auto.c.19.o

.debug_loc      0x0000000000000000     0x2441
 .debug_loc     0x0000000000000000      0x1a5 src/common.c.19.o
 .debug_loc     0x00000000000001a5      0x488 src/gbitmap.c.19.o
 .debug_loc     0x000000000000062d      0x1c7 src/ipod.c.19.o
 .debug_loc     0x00000000000007f4      0x44d src/ipod_state.c.19.o
 .debug_loc     0x0000000000000c41      0x2b5 src/layers/marquee_text.c.19.o
 .debug_loc     0x0000000000000ef6      0x22a src/layers/progress_bar.c.19.o
 .debug_loc     0x0000000000001120      0x95c src/windows/library_menus.c.19.o
 .debug_loc     0x0000000000001a7c      0x3ee src/windows/main_menu.c.19.o
 .debug_loc     0x0000000000001e6a      0x5d7 src/windows/now_playing.c.19.o

.debug_aranges  0x0000000000000000      0x428
 .debug_aranges
                0x0000000000000000       0x48 src/common.c.19.o
 .debug_aranges
                0x0000000000000048       0x50 src/gbitmap.c.19.o
 .debug_aranges
                0x0000000000000098       0x50 src/ipod.c.19.o
 .debug_aranges
                0x00000000000000e8       0xb0 src/ipod_state.c.19.o
 .debug_aranges
                0x0000000000000198       0x68 src/layers/marquee_text.c.19.o
 .debug_aranges
                0x0000000000000200       0x48 src/layers/progress_bar.c.19.o
 .debug_aranges
                0x0000000000000248       0x78 src/windows/library_menus.c.19.o
 .debug_aranges
                0x00000000000002c0       0x88 src/windows/main_menu.c.19.o
 .debug_aranges
                0x0000000000000348       0xb0 src/windows/now_playing.c.19.o
 .debug_aranges
                0x00000000000003f8       0x18 basalt/appinfo.auto.c.19.o
 .debug_aranges
                0x0000000000000410       0x18 basalt/src/resource_ids.auto.c.19.o

.debug_ranges   0x0000000000000000      0x570
 .debug_ranges  0x0000000000000000       0x38 src/common.c.19.o
 .debug_ranges  0x0000000000000038       0x70 src/gbitmap.c.19.o
 .debug_ranges  0x00000000000000a8       0x40 src/ipod.c.19.o
 .debug_ranges  0x00000000000000e8      0x180 src/ipod_state.c.19.o
 .debug_ranges  0x0000000000000268       0x58 src/layers/marquee_text.c.19.o
 .debug_ranges  0x00000000000002c0       0x38 src/layers/progress_bar.c.19.o
 .debug_ranges  0x00000000000002f8       0xf8 src/windows/library_menus.c.19.o
 .debug_ranges  0x00000000000003f0       0xb0 src/windows/main_menu.c.19.o
 .debug_ranges  0x00000000000004a0       0xd0 src/windows/now_playing.c.19.o

.debug_line     0x0000000000000000     0x1f9d
 .debug_line    0x0000000000000000      0x271 src/common.c.19.o
 .debug_line    0x0000000000000271      0x234 src/gbitmap.c.19.o
 .debug_line    0x00000000000004a5      0x2bf src/ipod.c.19.o
 .debug_line    0x0000000000000764      0x43a src/ipod_state.c.19.o
 .debug_line    0x0000000000000b9e      0x312 src/layers/marquee_text.c.19.o
 .debug_line    0x0000000000000eb0      0x284 src/layers/progress_bar.c.19.o
 .debug_line    0x0000000000001134      0x461 src/windows/library_menus.c.19.o
 .debug_line    0x0000000000001595      0x378 src/windows/main_menu.c.19.o
 .debug_line    0x000000000000190d      0x493 src/windows/now_playing.c.19.o
 .debug_line    0x0000000000001da0      0x139 basalt/appinfo.auto.c.19.o
 .debug_line    0x0000000000001ed9       0xc4 basalt/src/resource_ids.auto.c.19.o

.debug_str      0x0000000000000000     0x27e5
 .debug_str     0x0000000000000000      0x5f1 src/common.c.19.o
                                        0x6c3 (size before relaxing)
 .debug_str     0x00000000000005f1      0x247 src/gbitmap.c.19.o
                                        0x3cc (size before relaxing)
 .debug_str     0x0000000000000838      0x28f src/ipod.c.19.o
                                        0x6e1 (size before relaxing)
 .debug_str     0x0000000000000ac7      0x592 src/ipod_state.c.19.o
                                        0xa94 (size before relaxing)
 .debug_str     0x0000000000001059      0x3a2 src/layers/marquee_text.c.19.o
                                        0x550 (size before relaxing)
 .debug_str     0x00000000000013fb      0x1ac src/layers/progress_bar.c.19.o
                                        0x3e2 (size before relaxing)
 .debug_str     0x00000000000015a7      0x60b src/windows/library_menus.c.19.o
                                        0xbb4 (size before relaxing)
 .debug_str     0x0000000000001bb2      0x2f6 src/windows/main_menu.c.19.o
                                        0x941 (size before relaxing)
 .debug_str     0x0000000000001ea8      0x65c src/windows/now_playing.c.19.o
                                       0x11c4 (size before relaxing)
 .debug_str     0x0000000000002504      0x15d basalt/appinfo.auto.c.19.o
                                        0x25e (size before relaxing)
 .debug_str     0x0000000000002661      0x184 basalt/src/resource_ids.auto.c.19.o
                                        0x258 (size before relaxing)

.debug_frame    0x0000000000000000      0x9e4
 .debug_frame   0x0000000000000000       0xa8 src/common.c.19.o
 .debug_frame   0x00000000000000a8       0xdc src/gbitmap.c.19.o
 .debug_frame   0x0000000000000184       0xc8 src/ipod.c.19.o
 .debug_frame   0x000000000000024c      0x194 src/ipod_state.c.19.o
 .debug_frame   0x00000000000003e0       0xe4 src/layers/marquee_text.c.19.o
 .debug_frame   0x00000000000004c4       0x98 src/layers/progress_bar.c.19.o
 .debug_frame   0x000000000000055c      0x150 src/windows/library_menus.c.19.o
 .debug_frame   0x00000000000006ac      0x134 src/windows/main_menu.c.19.o
 .debug_frame   0x00000000000007e0      0x204 src/windows/now_playing.c.19.o
