Archive member included because of file (symbol)

/Users/edwinfinch/Library/Application Support/Pebble SDK/SDKs/current/sdk-core/pebble/aplite/lib/libpebble.a(tmpz2MrsRpebble.o)
                              src/ipod.c.28.o (app_event_loop)

Allocating common symbols
Common symbol       size              file

ipod_state_callback
                    0x4               src/ipod_state.c.28.o
now_playing_timer   0x4               src/now_playing.c.28.o
action_bar          0x4               src/now_playing.c.28.o
album_art_data      0x200             src/now_playing.c.28.o
artist_layer        0x1c              src/now_playing.c.28.o
album_layer         0x1c              src/now_playing.c.28.o
s_shuffle_mode      0x1               src/ipod_state.c.28.o
icon_volume_down    0x4               src/now_playing.c.28.o
now_playing_window  0x4               src/now_playing.c.28.o
icon_volume_up      0x4               src/now_playing.c.28.o
menu_font           0x4               src/library_menus.c.28.o
album_art_layer     0x4               src/now_playing.c.28.o
menu_stack_pointer  0x1               src/library_menus.c.28.o
icon_rewind         0x4               src/now_playing.c.28.o
s_current_time      0x4               src/ipod_state.c.28.o
icon_pause          0x4               src/now_playing.c.28.o
title_layer         0x1c              src/now_playing.c.28.o
s_repeat_mode       0x1               src/ipod_state.c.28.o
album_art_bitmap    0x4               src/now_playing.c.28.o
icon_fast_forward   0x4               src/now_playing.c.28.o
icon_play           0x4               src/now_playing.c.28.o
progress_bar        0x14              src/now_playing.c.28.o
s_duration          0x4               src/ipod_state.c.28.o
main_menu_layer     0x4               src/main_menu.c.28.o
menu_stack          0x880             src/library_menus.c.28.o
window              0x4               src/ipod.c.28.o
s_playback_state    0x1               src/ipod_state.c.28.o

Discarded input sections

 .text          0x0000000000000000        0x0 /usr/local/Cellar/pebble-toolchain/2.0/arm-cs-tools/bin/../lib/gcc/arm-none-eabi/4.7.2/thumb2/crti.o
 .bss           0x0000000000000000        0x0 /usr/local/Cellar/pebble-toolchain/2.0/arm-cs-tools/bin/../lib/gcc/arm-none-eabi/4.7.2/thumb2/crti.o
 .init          0x0000000000000000        0x4 /usr/local/Cellar/pebble-toolchain/2.0/arm-cs-tools/bin/../lib/gcc/arm-none-eabi/4.7.2/thumb2/crti.o
 .fini          0x0000000000000000        0x4 /usr/local/Cellar/pebble-toolchain/2.0/arm-cs-tools/bin/../lib/gcc/arm-none-eabi/4.7.2/thumb2/crti.o
 .text          0x0000000000000000       0xc8 /usr/local/Cellar/pebble-toolchain/2.0/arm-cs-tools/bin/../lib/gcc/arm-none-eabi/4.7.2/thumb2/crtbegin.o
 .bss           0x0000000000000000       0x1c /usr/local/Cellar/pebble-toolchain/2.0/arm-cs-tools/bin/../lib/gcc/arm-none-eabi/4.7.2/thumb2/crtbegin.o
 .init_array    0x0000000000000000        0x4 /usr/local/Cellar/pebble-toolchain/2.0/arm-cs-tools/bin/../lib/gcc/arm-none-eabi/4.7.2/thumb2/crtbegin.o
 .fini_array    0x0000000000000000        0x4 /usr/local/Cellar/pebble-toolchain/2.0/arm-cs-tools/bin/../lib/gcc/arm-none-eabi/4.7.2/thumb2/crtbegin.o
 .eh_frame      0x0000000000000000        0x0 /usr/local/Cellar/pebble-toolchain/2.0/arm-cs-tools/bin/../lib/gcc/arm-none-eabi/4.7.2/thumb2/crtbegin.o
 .jcr           0x0000000000000000        0x0 /usr/local/Cellar/pebble-toolchain/2.0/arm-cs-tools/bin/../lib/gcc/arm-none-eabi/4.7.2/thumb2/crtbegin.o
 .tm_clone_table
                0x0000000000000000        0x0 /usr/local/Cellar/pebble-toolchain/2.0/arm-cs-tools/bin/../lib/gcc/arm-none-eabi/4.7.2/thumb2/crtbegin.o
 .text          0x0000000000000000        0x0 src/common.c.28.o
 .bss           0x0000000000000000        0x0 src/common.c.28.o
 .text.reset_sequence_number
                0x0000000000000000       0x24 src/common.c.28.o
 .text          0x0000000000000000        0x0 src/ipod.c.28.o
 .bss           0x0000000000000000        0x0 src/ipod.c.28.o
 .text          0x0000000000000000        0x0 src/ipod_state.c.28.o
 .bss           0x0000000000000000        0x0 src/ipod_state.c.28.o
 .text.ipod_get_repeat_mode
                0x0000000000000000       0x14 src/ipod_state.c.28.o
 .text.ipod_get_shuffle_mode
                0x0000000000000000       0x14 src/ipod_state.c.28.o
 .text.ipod_set_shuffle_mode
                0x0000000000000000        0x2 src/ipod_state.c.28.o
 .text.ipod_set_repeat_mode
                0x0000000000000000        0x2 src/ipod_state.c.28.o
 .text          0x0000000000000000        0x0 src/library_menus.c.28.o
 .bss           0x0000000000000000        0x0 src/library_menus.c.28.o
 .text          0x0000000000000000        0x0 src/main_menu.c.28.o
 .bss           0x0000000000000000        0x0 src/main_menu.c.28.o
 .text          0x0000000000000000        0x0 src/marquee_text.c.28.o
 .bss           0x0000000000000000        0x0 src/marquee_text.c.28.o
 .text.marquee_text_layer_set_background_color
[...]
Memory Configuration

Name             Origin             Length             Attributes
APP              0x0000000000000000 0x0000000000006000 xrw
*default*        0x0000000000000000 0xffffffffffffffff

Linker script and memory map

LOAD /usr/local/Cellar/pebble-toolchain/2.0/arm-cs-tools/bin/../lib/gcc/arm-none-eabi/4.7.2/thumb2/crti.o
LOAD /usr/local/Cellar/pebble-toolchain/2.0/arm-cs-tools/bin/../lib/gcc/arm-none-eabi/4.7.2/thumb2/crtbegin.o
LOAD src/common.c.28.o
LOAD src/ipod.c.28.o
LOAD src/ipod_state.c.28.o
LOAD src/library_menus.c.28.o
LOAD src/main_menu.c.28.o
LOAD src/marquee_text.c.28.o
LOAD src/now_playing.c.28.o
LOAD src/progress_bar.c.28.o
LOAD aplite/appinfo.auto.c.28.o
LOAD aplite/src/resource_ids.auto.c.28.o
LOAD src/message_keys.auto.c.28.o
LOAD /Users/edwinfinch/Library/Application Support/Pebble SDK/SDKs/current/sdk-core/pebble/aplite/lib/libpebble.a
START GROUP
LOAD /usr/local/Cellar/pebble-toolchain/2.0/arm-cs-tools/bin/../lib/gcc/arm-none-eabi/4.7.2/thumb2/libgcc.a
LOAD /usr/local/Cellar/pebble-toolchain/2.0/arm-cs-tools/bin/../lib/gcc/arm-none-eabi/4.7.2/../../../../arm-none-eabi/lib/thumb2/libc.a
END GROUP
LOAD /usr/local/Cellar/pebble-toolchain/2.0/arm-cs-tools/bin/../lib/gcc/arm-none-eabi/4.7.2/thumb2/crtend.o
LOAD /usr/local/Cellar/pebble-toolchain/2.0/arm-cs-tools/bin/../lib/gcc/arm-none-eabi/4.7.2/thumb2/crtn.o

.header         0x0000000000000000       0x82
 *(.pbl_header)
 .pbl_header    0x0000000000000000       0x82 aplite/appinfo.auto.c.28.o
                0x0000000000000000                __pbl_app_info

.note.gnu.build-id
                0x0000000000000082       0x26
                0x0000000000000082                PROVIDE (BUILD_ID, .)
 *(.note.gnu.build-id)
 *fill*         0x0000000000000082        0x2 
 .note.gnu.build-id
                0x0000000000000084       0x24 linker stubs

.text           0x00000000000000a8     0x1bb9
 *(.text)
 .text          0x00000000000000a8       0x14 /Users/edwinfinch/Library/Application Support/Pebble SDK/SDKs/current/sdk-core/pebble/aplite/lib/libpebble.a(tmpz2MrsRpebble.o)
 *(.text.*)
 .text.ipod_message_outbox_get
                0x00000000000000bc       0x9c src/common.c.28.o
                0x00000000000000bc                ipod_message_outbox_get
 .text.received_handler
                0x0000000000000158       0x18 src/ipod.c.28.o
 .text.failed_outbox
                0x0000000000000170       0x20 src/ipod.c.28.o
                0x0000000000000170                failed_outbox
 .text.dropped_inbox
                0x0000000000000190       0x20 src/ipod.c.28.o
                0x0000000000000190                dropped_inbox
 .text.tick_handler
                0x00000000000001b0        0xe src/ipod.c.28.o
                0x00000000000001b0                tick_handler
 *fill*         0x00000000000001be        0x2 
 .text.ipod_init
                0x00000000000001c0       0x30 src/ipod.c.28.o
                0x00000000000001c0                ipod_init
 .text.ipod_app_timer_handler
                0x00000000000001f0        0xe src/ipod.c.28.o
                0x00000000000001f0                ipod_app_timer_handler
 *fill*         0x00000000000001fe        0x2 
 .text.send_test_message
                0x0000000000000200       0x64 src/ipod.c.28.o
                0x0000000000000200                send_test_message
 .text.startup.main
                0x0000000000000264       0x50 src/ipod.c.28.o
                0x0000000000000264                main
 .text.ipod_state_init
                0x00000000000002b4       0x30 src/ipod_state.c.28.o
                0x00000000000002b4                ipod_state_init
 .text.ipod_state_tick
                0x00000000000002e4       0x5c src/ipod_state.c.28.o
                0x00000000000002e4                ipod_state_tick
 .text.ipod_state_set_callback
                0x0000000000000340       0x14 src/ipod_state.c.28.o
                0x0000000000000340                ipod_state_set_callback
 .text.ipod_state_current_time
                0x0000000000000354       0x14 src/ipod_state.c.28.o
                0x0000000000000354                ipod_state_current_time
 .text.ipod_state_duration
                0x0000000000000368       0x14 src/ipod_state.c.28.o
                0x0000000000000368                ipod_state_duration
 .text.ipod_get_playback_state
                0x000000000000037c       0x14 src/ipod_state.c.28.o
                0x000000000000037c                ipod_get_playback_state
 .text.ipod_get_album
                0x0000000000000390        0xc src/ipod_state.c.28.o
                0x0000000000000390                ipod_get_album
 .text.ipod_get_artist
                0x000000000000039c        0xc src/ipod_state.c.28.o
                0x000000000000039c                ipod_get_artist
 .text.ipod_get_title
                0x00000000000003a8        0xc src/ipod_state.c.28.o
                0x00000000000003a8                ipod_get_title
 .text.call_callback
                0x00000000000003b4       0x38 src/ipod_state.c.28.o
                0x00000000000003b4                call_callback
 .text.ipod_received_handler
                0x00000000000003ec      0x110 src/ipod_state.c.28.o
                0x00000000000003ec                ipod_received_handler
 .text.library_menus_window_unload
                0x00000000000004fc       0x1c src/library_menus.c.28.o
                0x00000000000004fc                library_menus_window_unload
 .text.get_num_rows
                0x0000000000000518       0x10 src/library_menus.c.28.o
                0x0000000000000518                get_num_rows
 .text.get_cell_height
                0x0000000000000528        0x4 src/library_menus.c.28.o
                0x0000000000000528                get_cell_height
 .text.draw_row
                0x000000000000052c       0x22 src/library_menus.c.28.o
                0x000000000000052c                draw_row
 *fill*         0x000000000000054e        0x2 
 .text.received_message
                0x0000000000000550      0x1ec src/library_menus.c.28.o
                0x0000000000000550                received_message
 .text.init_library_menus
                0x000000000000073c       0x3c src/library_menus.c.28.o
                0x000000000000073c                init_library_menus
 .text.build_parent_history
                0x0000000000000778       0x80 src/library_menus.c.28.o
                0x0000000000000778                build_parent_history
 .text.send_library_request
                0x00000000000007f8       0x40 src/library_menus.c.28.o
                0x00000000000007f8                send_library_request
 .text.selection_changed
                0x0000000000000838       0x58 src/library_menus.c.28.o
                0x0000000000000838                selection_changed
 .text.play_track
                0x0000000000000890       0x64 src/library_menus.c.28.o
                0x0000000000000890                play_track
 .text.display_library_view
                0x00000000000008f4      0x150 src/library_menus.c.28.o
                0x00000000000008f4                display_library_view
 .text.select_click
                0x0000000000000a44       0x50 src/library_menus.c.28.o
                0x0000000000000a44                select_click
 .text.open_composer_list
                0x0000000000000a94        0x6 src/main_menu.c.28.o
                0x0000000000000a94                open_composer_list
 .text.open_genre_list
                0x0000000000000a9a        0x6 src/main_menu.c.28.o
                0x0000000000000a9a                open_genre_list
 .text.open_playlist_list
                0x0000000000000aa0        0x6 src/main_menu.c.28.o
                0x0000000000000aa0                open_playlist_list
 .text.open_album_list
                0x0000000000000aa6        0x6 src/main_menu.c.28.o
                0x0000000000000aa6                open_album_list
 .text.open_artist_list
                0x0000000000000aac        0x6 src/main_menu.c.28.o
                0x0000000000000aac                open_artist_list
 .text.open_now_playing
                0x0000000000000ab2        0x4 src/main_menu.c.28.o
                0x0000000000000ab2                open_now_playing
 *fill*         0x0000000000000ab6        0x2 
 .text.main_menu_init
                0x0000000000000ab8       0x60 src/main_menu.c.28.o
                0x0000000000000ab8                main_menu_init
 .text.do_draw  0x0000000000000b18      0x1e0 src/marquee_text.c.28.o
 .text.marquee_text_layer_deinit
                0x0000000000000cf8       0x24 src/marquee_text.c.28.o
                0x0000000000000cf8                marquee_text_layer_deinit
 .text.marquee_text_layer_mark_dirty
                0x0000000000000d1c       0x14 src/marquee_text.c.28.o
                0x0000000000000d1c                marquee_text_layer_mark_dirty
 .text.marquee_text_layer_set_font
                0x0000000000000d30        0x6 src/marquee_text.c.28.o
                0x0000000000000d30                marquee_text_layer_set_font
 .text.marquee_text_layer_set_text
                0x0000000000000d36        0x6 src/marquee_text.c.28.o
                0x0000000000000d36                marquee_text_layer_set_text
 .text.marquee_text_layer_init
                0x0000000000000d3c       0xa8 src/marquee_text.c.28.o
                0x0000000000000d3c                marquee_text_layer_init
 .text.marquee_text_layer_tick
                0x0000000000000de4       0x30 src/marquee_text.c.28.o
                0x0000000000000de4                marquee_text_layer_tick
 .text.click_config_provider
                0x0000000000000e14       0x44 src/now_playing.c.28.o
                0x0000000000000e14                click_config_provider
 .text.window_unload
                0x0000000000000e58       0xac src/now_playing.c.28.o
                0x0000000000000e58                window_unload
 .text.long_clicked_select
                0x0000000000000f04       0x6c src/now_playing.c.28.o
                0x0000000000000f04                long_clicked_select
 .text.state_callback
                0x0000000000000f70       0xd0 src/now_playing.c.28.o
                0x0000000000000f70                state_callback
 .text.show_now_playing
                0x0000000000001040       0x58 src/now_playing.c.28.o
                0x0000000000001040                show_now_playing
 .text.now_playing_tick
                0x0000000000001098       0x20 src/now_playing.c.28.o
                0x0000000000001098                now_playing_tick
 .text.now_playing_animation_tick
                0x00000000000010b8       0x34 src/now_playing.c.28.o
                0x00000000000010b8                now_playing_animation_tick
 .text.send_state_change
                0x00000000000010ec       0x44 src/now_playing.c.28.o
                0x00000000000010ec                send_state_change
 .text.clicked_down
                0x0000000000001130       0x18 src/now_playing.c.28.o
                0x0000000000001130                clicked_down
 .text.clicked_select
                0x0000000000001148        0x6 src/now_playing.c.28.o
                0x0000000000001148                clicked_select
 *fill*         0x000000000000114e        0x2 
 .text.clicked_up
                0x0000000000001150       0x18 src/now_playing.c.28.o
                0x0000000000001150                clicked_up
 .text.request_now_playing
                0x0000000000001168       0x6c src/now_playing.c.28.o
                0x0000000000001168                request_now_playing
 .text.display_no_album
                0x00000000000011d4       0x44 src/now_playing.c.28.o
                0x00000000000011d4                display_no_album
 .text.window_load
                0x0000000000001218      0x248 src/now_playing.c.28.o
                0x0000000000001218                window_load
 .text.update_proc
                0x0000000000001460       0x94 src/progress_bar.c.28.o
 .text.progress_bar_layer_init
                0x00000000000014f4       0x3c src/progress_bar.c.28.o
                0x00000000000014f4                progress_bar_layer_init
 .text.progress_bar_layer_set_range
                0x0000000000001530        0xe src/progress_bar.c.28.o
                0x0000000000001530                progress_bar_layer_set_range
 .text.progress_bar_layer_set_value
                0x000000000000153e        0xc src/progress_bar.c.28.o
                0x000000000000153e                progress_bar_layer_set_value
 *fill*         0x000000000000154a        0x2 
 .text.app_event_loop
                0x000000000000154c        0xc /Users/edwinfinch/Library/Application Support/Pebble SDK/SDKs/current/sdk-core/pebble/aplite/lib/libpebble.a(tmpz2MrsRpebble.o)
                0x000000000000154c                app_event_loop
 .text.app_log  0x0000000000001558        0xc /Users/edwinfinch/Library/Application Support/Pebble SDK/SDKs/current/sdk-core/pebble/aplite/lib/libpebble.a(tmpz2MrsRpebble.o)
                0x0000000000001558                app_log
 .text.app_message_open
                0x0000000000001564        0xc /Users/edwinfinch/Library/Application Support/Pebble SDK/SDKs/current/sdk-core/pebble/aplite/lib/libpebble.a(tmpz2MrsRpebble.o)
                0x0000000000001564                app_message_open
 .text.app_timer_register
                0x0000000000001570        0xc /Users/edwinfinch/Library/Application Support/Pebble SDK/SDKs/current/sdk-core/pebble/aplite/lib/libpebble.a(tmpz2MrsRpebble.o)
                0x0000000000001570                app_timer_register
 .text.bitmap_layer_create
                0x000000000000157c        0xc /Users/edwinfinch/Library/Application Support/Pebble SDK/SDKs/current/sdk-core/pebble/aplite/lib/libpebble.a(tmpz2MrsRpebble.o)
                0x000000000000157c                bitmap_layer_create
 .text.bitmap_layer_get_layer
                0x0000000000001588        0xc /Users/edwinfinch/Library/Application Support/Pebble SDK/SDKs/current/sdk-core/pebble/aplite/lib/libpebble.a(tmpz2MrsRpebble.o)
                0x0000000000001588                bitmap_layer_get_layer
 .text.bitmap_layer_set_bitmap
                0x0000000000001594        0xc /Users/edwinfinch/Library/Application Support/Pebble SDK/SDKs/current/sdk-core/pebble/aplite/lib/libpebble.a(tmpz2MrsRpebble.o)
                0x0000000000001594                bitmap_layer_set_bitmap
 .text.dict_find
                0x00000000000015a0        0xc /Users/edwinfinch/Library/Application Support/Pebble SDK/SDKs/current/sdk-core/pebble/aplite/lib/libpebble.a(tmpz2MrsRpebble.o)
                0x00000000000015a0                dict_find
 .text.dict_write_data
                0x00000000000015ac        0xc /Users/edwinfinch/Library/Application Support/Pebble SDK/SDKs/current/sdk-core/pebble/aplite/lib/libpebble.a(tmpz2MrsRpebble.o)
                0x00000000000015ac                dict_write_data
 .text.dict_write_end
                0x00000000000015b8        0xc /Users/edwinfinch/Library/Application Support/Pebble SDK/SDKs/current/sdk-core/pebble/aplite/lib/libpebble.a(tmpz2MrsRpebble.o)
                0x00000000000015b8                dict_write_end
 .text.dict_write_int32
                0x00000000000015c4        0xc /Users/edwinfinch/Library/Application Support/Pebble SDK/SDKs/current/sdk-core/pebble/aplite/lib/libpebble.a(tmpz2MrsRpebble.o)
                0x00000000000015c4                dict_write_int32
 .text.dict_write_int8
                0x00000000000015d0        0xc /Users/edwinfinch/Library/Application Support/Pebble SDK/SDKs/current/sdk-core/pebble/aplite/lib/libpebble.a(tmpz2MrsRpebble.o)
                0x00000000000015d0                dict_write_int8
 .text.dict_write_uint16
                0x00000000000015dc        0xc /Users/edwinfinch/Library/Application Support/Pebble SDK/SDKs/current/sdk-core/pebble/aplite/lib/libpebble.a(tmpz2MrsRpebble.o)
                0x00000000000015dc                dict_write_uint16
 .text.dict_write_uint32
                0x00000000000015e8        0xc /Users/edwinfinch/Library/Application Support/Pebble SDK/SDKs/current/sdk-core/pebble/aplite/lib/libpebble.a(tmpz2MrsRpebble.o)
                0x00000000000015e8                dict_write_uint32
 .text.dict_write_uint8
                0x00000000000015f4        0xc /Users/edwinfinch/Library/Application Support/Pebble SDK/SDKs/current/sdk-core/pebble/aplite/lib/libpebble.a(tmpz2MrsRpebble.o)
                0x00000000000015f4                dict_write_uint8
 .text.fonts_get_system_font
                0x0000000000001600        0xc /Users/edwinfinch/Library/Application Support/Pebble SDK/SDKs/current/sdk-core/pebble/aplite/lib/libpebble.a(tmpz2MrsRpebble.o)
                0x0000000000001600                fonts_get_system_font
 .text.free     0x000000000000160c        0xc /Users/edwinfinch/Library/Application Support/Pebble SDK/SDKs/current/sdk-core/pebble/aplite/lib/libpebble.a(tmpz2MrsRpebble.o)
                0x000000000000160c                free
 .text.gbitmap_create_with_resource
                0x0000000000001618        0xc /Users/edwinfinch/Library/Application Support/Pebble SDK/SDKs/current/sdk-core/pebble/aplite/lib/libpebble.a(tmpz2MrsRpebble.o)
                0x0000000000001618                gbitmap_create_with_resource
 .text.gbitmap_destroy
                0x0000000000001624        0xc /Users/edwinfinch/Library/Application Support/Pebble SDK/SDKs/current/sdk-core/pebble/aplite/lib/libpebble.a(tmpz2MrsRpebble.o)
                0x0000000000001624                gbitmap_destroy
 .text.graphics_draw_round_rect
                0x0000000000001630        0xc /Users/edwinfinch/Library/Application Support/Pebble SDK/SDKs/current/sdk-core/pebble/aplite/lib/libpebble.a(tmpz2MrsRpebble.o)
                0x0000000000001630                graphics_draw_round_rect
 .text.graphics_fill_rect
                0x000000000000163c        0xc /Users/edwinfinch/Library/Application Support/Pebble SDK/SDKs/current/sdk-core/pebble/aplite/lib/libpebble.a(tmpz2MrsRpebble.o)
                0x000000000000163c                graphics_fill_rect
 .text.layer_add_child
                0x0000000000001648        0xc /Users/edwinfinch/Library/Application Support/Pebble SDK/SDKs/current/sdk-core/pebble/aplite/lib/libpebble.a(tmpz2MrsRpebble.o)
                0x0000000000001648                layer_add_child
 .text.layer_create_with_data
                0x0000000000001654        0xc /Users/edwinfinch/Library/Application Support/Pebble SDK/SDKs/current/sdk-core/pebble/aplite/lib/libpebble.a(tmpz2MrsRpebble.o)
                0x0000000000001654                layer_create_with_data
 .text.layer_get_bounds
                0x0000000000001660        0xc /Users/edwinfinch/Library/Application Support/Pebble SDK/SDKs/current/sdk-core/pebble/aplite/lib/libpebble.a(tmpz2MrsRpebble.o)
                0x0000000000001660                layer_get_bounds
 .text.layer_get_data
                0x000000000000166c        0xc /Users/edwinfinch/Library/Application Support/Pebble SDK/SDKs/current/sdk-core/pebble/aplite/lib/libpebble.a(tmpz2MrsRpebble.o)
                0x000000000000166c                layer_get_data
 .text.layer_get_frame
                0x0000000000001678        0xc /Users/edwinfinch/Library/Application Support/Pebble SDK/SDKs/current/sdk-core/pebble/aplite/lib/libpebble.a(tmpz2MrsRpebble.o)
                0x0000000000001678                layer_get_frame
 .text.layer_mark_dirty
                0x0000000000001684        0xc /Users/edwinfinch/Library/Application Support/Pebble SDK/SDKs/current/sdk-core/pebble/aplite/lib/libpebble.a(tmpz2MrsRpebble.o)
                0x0000000000001684                layer_mark_dirty
 .text.layer_set_bounds
                0x0000000000001690        0xc /Users/edwinfinch/Library/Application Support/Pebble SDK/SDKs/current/sdk-core/pebble/aplite/lib/libpebble.a(tmpz2MrsRpebble.o)
                0x0000000000001690                layer_set_bounds
 .text.layer_set_frame
                0x000000000000169c        0xc /Users/edwinfinch/Library/Application Support/Pebble SDK/SDKs/current/sdk-core/pebble/aplite/lib/libpebble.a(tmpz2MrsRpebble.o)
                0x000000000000169c                layer_set_frame
 .text.layer_set_update_proc
                0x00000000000016a8        0xc /Users/edwinfinch/Library/Application Support/Pebble SDK/SDKs/current/sdk-core/pebble/aplite/lib/libpebble.a(tmpz2MrsRpebble.o)
                0x00000000000016a8                layer_set_update_proc
 .text.malloc   0x00000000000016b4        0xc /Users/edwinfinch/Library/Application Support/Pebble SDK/SDKs/current/sdk-core/pebble/aplite/lib/libpebble.a(tmpz2MrsRpebble.o)
                0x00000000000016b4                malloc
 .text.memcpy   0x00000000000016c0        0xc /Users/edwinfinch/Library/Application Support/Pebble SDK/SDKs/current/sdk-core/pebble/aplite/lib/libpebble.a(tmpz2MrsRpebble.o)
                0x00000000000016c0                memcpy
 .text.memmove  0x00000000000016cc        0xc /Users/edwinfinch/Library/Application Support/Pebble SDK/SDKs/current/sdk-core/pebble/aplite/lib/libpebble.a(tmpz2MrsRpebble.o)
                0x00000000000016cc                memmove
 .text.memset   0x00000000000016d8        0xc /Users/edwinfinch/Library/Application Support/Pebble SDK/SDKs/current/sdk-core/pebble/aplite/lib/libpebble.a(tmpz2MrsRpebble.o)
                0x00000000000016d8                memset
 .text.menu_cell_title_draw
                0x00000000000016e4        0xc /Users/edwinfinch/Library/Application Support/Pebble SDK/SDKs/current/sdk-core/pebble/aplite/lib/libpebble.a(tmpz2MrsRpebble.o)
                0x00000000000016e4                menu_cell_title_draw
 .text.menu_layer_get_layer
                0x00000000000016f0        0xc /Users/edwinfinch/Library/Application Support/Pebble SDK/SDKs/current/sdk-core/pebble/aplite/lib/libpebble.a(tmpz2MrsRpebble.o)
                0x00000000000016f0                menu_layer_get_layer
 .text.menu_layer_reload_data
                0x00000000000016fc        0xc /Users/edwinfinch/Library/Application Support/Pebble SDK/SDKs/current/sdk-core/pebble/aplite/lib/libpebble.a(tmpz2MrsRpebble.o)
                0x00000000000016fc                menu_layer_reload_data
 .text.menu_layer_set_click_config_onto_window
                0x0000000000001708        0xc /Users/edwinfinch/Library/Application Support/Pebble SDK/SDKs/current/sdk-core/pebble/aplite/lib/libpebble.a(tmpz2MrsRpebble.o)
                0x0000000000001708                menu_layer_set_click_config_onto_window
 .text.simple_menu_layer_create
                0x0000000000001714        0xc /Users/edwinfinch/Library/Application Support/Pebble SDK/SDKs/current/sdk-core/pebble/aplite/lib/libpebble.a(tmpz2MrsRpebble.o)
                0x0000000000001714                simple_menu_layer_create
 .text.simple_menu_layer_get_layer
                0x0000000000001720        0xc /Users/edwinfinch/Library/Application Support/Pebble SDK/SDKs/current/sdk-core/pebble/aplite/lib/libpebble.a(tmpz2MrsRpebble.o)
                0x0000000000001720                simple_menu_layer_get_layer
 .text.strcmp   0x000000000000172c        0xc /Users/edwinfinch/Library/Application Support/Pebble SDK/SDKs/current/sdk-core/pebble/aplite/lib/libpebble.a(tmpz2MrsRpebble.o)
                0x000000000000172c                strcmp
 .text.strlen   0x0000000000001738        0xc /Users/edwinfinch/Library/Application Support/Pebble SDK/SDKs/current/sdk-core/pebble/aplite/lib/libpebble.a(tmpz2MrsRpebble.o)
                0x0000000000001738                strlen
 .text.strncpy  0x0000000000001744        0xc /Users/edwinfinch/Library/Application Support/Pebble SDK/SDKs/current/sdk-core/pebble/aplite/lib/libpebble.a(tmpz2MrsRpebble.o)
                0x0000000000001744                strncpy
 .text.tick_timer_service_subscribe
                0x0000000000001750        0xc /Users/edwinfinch/Library/Application Support/Pebble SDK/SDKs/current/sdk-core/pebble/aplite/lib/libpebble.a(tmpz2MrsRpebble.o)
                0x0000000000001750                tick_timer_service_subscribe
 .text.window_create
                0x000000000000175c        0xc /Users/edwinfinch/Library/Application Support/Pebble SDK/SDKs/current/sdk-core/pebble/aplite/lib/libpebble.a(tmpz2MrsRpebble.o)
                0x000000000000175c                window_create
 .text.window_get_root_layer
                0x0000000000001768        0xc /Users/edwinfinch/Library/Application Support/Pebble SDK/SDKs/current/sdk-core/pebble/aplite/lib/libpebble.a(tmpz2MrsRpebble.o)
                0x0000000000001768                window_get_root_layer
 .text.window_set_window_handlers
                0x0000000000001774        0xc /Users/edwinfinch/Library/Application Support/Pebble SDK/SDKs/current/sdk-core/pebble/aplite/lib/libpebble.a(tmpz2MrsRpebble.o)
                0x0000000000001774                window_set_window_handlers
 .text.window_stack_push
                0x0000000000001780        0xc /Users/edwinfinch/Library/Application Support/Pebble SDK/SDKs/current/sdk-core/pebble/aplite/lib/libpebble.a(tmpz2MrsRpebble.o)
                0x0000000000001780                window_stack_push
 .text.app_message_outbox_begin
                0x000000000000178c        0xc /Users/edwinfinch/Library/Application Support/Pebble SDK/SDKs/current/sdk-core/pebble/aplite/lib/libpebble.a(tmpz2MrsRpebble.o)
                0x000000000000178c                app_message_outbox_begin
 .text.app_message_outbox_send
                0x0000000000001798        0xc /Users/edwinfinch/Library/Application Support/Pebble SDK/SDKs/current/sdk-core/pebble/aplite/lib/libpebble.a(tmpz2MrsRpebble.o)
                0x0000000000001798                app_message_outbox_send
 .text.app_message_register_inbox_dropped
                0x00000000000017a4        0xc /Users/edwinfinch/Library/Application Support/Pebble SDK/SDKs/current/sdk-core/pebble/aplite/lib/libpebble.a(tmpz2MrsRpebble.o)
                0x00000000000017a4                app_message_register_inbox_dropped
 .text.app_message_register_inbox_received
                0x00000000000017b0        0xc /Users/edwinfinch/Library/Application Support/Pebble SDK/SDKs/current/sdk-core/pebble/aplite/lib/libpebble.a(tmpz2MrsRpebble.o)
                0x00000000000017b0                app_message_register_inbox_received
 .text.app_message_register_outbox_failed
                0x00000000000017bc        0xc /Users/edwinfinch/Library/Application Support/Pebble SDK/SDKs/current/sdk-core/pebble/aplite/lib/libpebble.a(tmpz2MrsRpebble.o)
                0x00000000000017bc                app_message_register_outbox_failed
 .text.window_long_click_subscribe
                0x00000000000017c8        0xc /Users/edwinfinch/Library/Application Support/Pebble SDK/SDKs/current/sdk-core/pebble/aplite/lib/libpebble.a(tmpz2MrsRpebble.o)
                0x00000000000017c8                window_long_click_subscribe
 .text.window_single_click_subscribe
                0x00000000000017d4        0xc /Users/edwinfinch/Library/Application Support/Pebble SDK/SDKs/current/sdk-core/pebble/aplite/lib/libpebble.a(tmpz2MrsRpebble.o)
                0x00000000000017d4                window_single_click_subscribe
 .text.graphics_draw_text
                0x00000000000017e0        0xc /Users/edwinfinch/Library/Application Support/Pebble SDK/SDKs/current/sdk-core/pebble/aplite/lib/libpebble.a(tmpz2MrsRpebble.o)
                0x00000000000017e0                graphics_draw_text
 .text.graphics_text_layout_get_content_size
                0x00000000000017ec        0xc /Users/edwinfinch/Library/Application Support/Pebble SDK/SDKs/current/sdk-core/pebble/aplite/lib/libpebble.a(tmpz2MrsRpebble.o)
                0x00000000000017ec                graphics_text_layout_get_content_size
 .text.graphics_context_set_fill_color
                0x00000000000017f8        0xc /Users/edwinfinch/Library/Application Support/Pebble SDK/SDKs/current/sdk-core/pebble/aplite/lib/libpebble.a(tmpz2MrsRpebble.o)
                0x00000000000017f8                graphics_context_set_fill_color
 .text.graphics_context_set_text_color
                0x0000000000001804        0xc /Users/edwinfinch/Library/Application Support/Pebble SDK/SDKs/current/sdk-core/pebble/aplite/lib/libpebble.a(tmpz2MrsRpebble.o)
                0x0000000000001804                graphics_context_set_text_color
 .text.gbitmap_create_blank
                0x0000000000001810        0xc /Users/edwinfinch/Library/Application Support/Pebble SDK/SDKs/current/sdk-core/pebble/aplite/lib/libpebble.a(tmpz2MrsRpebble.o)
                0x0000000000001810                gbitmap_create_blank
 .text.menu_layer_create
                0x000000000000181c        0xc /Users/edwinfinch/Library/Application Support/Pebble SDK/SDKs/current/sdk-core/pebble/aplite/lib/libpebble.a(tmpz2MrsRpebble.o)
                0x000000000000181c                menu_layer_create
 .text.action_bar_layer_add_to_window
                0x0000000000001828        0xc /Users/edwinfinch/Library/Application Support/Pebble SDK/SDKs/current/sdk-core/pebble/aplite/lib/libpebble.a(tmpz2MrsRpebble.o)
                0x0000000000001828                action_bar_layer_add_to_window
 .text.action_bar_layer_create
                0x0000000000001834        0xc /Users/edwinfinch/Library/Application Support/Pebble SDK/SDKs/current/sdk-core/pebble/aplite/lib/libpebble.a(tmpz2MrsRpebble.o)
                0x0000000000001834                action_bar_layer_create
 .text.action_bar_layer_destroy
                0x0000000000001840        0xc /Users/edwinfinch/Library/Application Support/Pebble SDK/SDKs/current/sdk-core/pebble/aplite/lib/libpebble.a(tmpz2MrsRpebble.o)
                0x0000000000001840                action_bar_layer_destroy
 .text.action_bar_layer_remove_from_window
                0x000000000000184c        0xc /Users/edwinfinch/Library/Application Support/Pebble SDK/SDKs/current/sdk-core/pebble/aplite/lib/libpebble.a(tmpz2MrsRpebble.o)
                0x000000000000184c                action_bar_layer_remove_from_window
 .text.action_bar_layer_set_click_config_provider
                0x0000000000001858        0xc /Users/edwinfinch/Library/Application Support/Pebble SDK/SDKs/current/sdk-core/pebble/aplite/lib/libpebble.a(tmpz2MrsRpebble.o)
                0x0000000000001858                action_bar_layer_set_click_config_provider
 .text.action_bar_layer_set_icon
                0x0000000000001864        0xc /Users/edwinfinch/Library/Application Support/Pebble SDK/SDKs/current/sdk-core/pebble/aplite/lib/libpebble.a(tmpz2MrsRpebble.o)
                0x0000000000001864                action_bar_layer_set_icon
 .text.menu_layer_set_callbacks
                0x0000000000001870        0xc /Users/edwinfinch/Library/Application Support/Pebble SDK/SDKs/current/sdk-core/pebble/aplite/lib/libpebble.a(tmpz2MrsRpebble.o)
                0x0000000000001870                menu_layer_set_callbacks
 *(.rodata)
 .rodata        0x000000000000187c        0x8 src/library_menus.c.28.o
 .rodata        0x0000000000001884        0x8 src/main_menu.c.28.o
 .rodata        0x000000000000188c       0x34 src/now_playing.c.28.o
 *(.rodata*)
 .rodata.str1.1
                0x00000000000018c0       0x58 src/common.c.28.o
 .rodata.str1.1
                0x0000000000001918       0x87 src/ipod.c.28.o
                                         0x91 (size before relaxing)
 .rodata.str1.1
                0x000000000000199f       0x66 src/ipod_state.c.28.o
 .rodata.str1.1
                0x0000000000001a05       0x8f src/library_menus.c.28.o
 .rodata.str1.1
                0x0000000000001a94       0x36 src/main_menu.c.28.o
 .rodata.str1.1
                0x0000000000001aca       0x1a src/marquee_text.c.28.o
 .rodata.str1.1
                0x0000000000001ae4      0x165 src/now_playing.c.28.o
 .rodata.str1.1
                0x0000000000001c49       0x18 src/progress_bar.c.28.o

.glue_7         0x0000000000001c64        0x0
 .glue_7        0x0000000000000000        0x0 linker stubs

.glue_7t        0x0000000000001c64        0x0
 .glue_7t       0x0000000000000000        0x0 linker stubs

.vfp11_veneer   0x0000000000001c64        0x0
 .vfp11_veneer  0x0000000000000000        0x0 linker stubs

.v4_bx          0x0000000000001c64        0x0
 .v4_bx         0x0000000000000000        0x0 linker stubs

.iplt           0x0000000000001c64        0x0
 .iplt          0x0000000000000000        0x0 /usr/local/Cellar/pebble-toolchain/2.0/arm-cs-tools/bin/../lib/gcc/arm-none-eabi/4.7.2/thumb2/crtbegin.o

.rel.dyn        0x0000000000001c64        0x0
 .rel.iplt      0x0000000000000000        0x0 /usr/local/Cellar/pebble-toolchain/2.0/arm-cs-tools/bin/../lib/gcc/arm-none-eabi/4.7.2/thumb2/crtbegin.o
 .rel.got       0x0000000000000000        0x0 /usr/local/Cellar/pebble-toolchain/2.0/arm-cs-tools/bin/../lib/gcc/arm-none-eabi/4.7.2/thumb2/crtbegin.o

.data           0x0000000000001c64       0x74
 *(.data)
 .data          0x0000000000001c64        0x0 /usr/local/Cellar/pebble-toolchain/2.0/arm-cs-tools/bin/../lib/gcc/arm-none-eabi/4.7.2/thumb2/crti.o
 .data          0x0000000000001c64        0x4 /usr/local/Cellar/pebble-toolchain/2.0/arm-cs-tools/bin/../lib/gcc/arm-none-eabi/4.7.2/thumb2/crtbegin.o
                0x0000000000001c64                __dso_handle
 .data          0x0000000000001c68        0x0 src/common.c.28.o
 .data          0x0000000000001c68        0x0 src/ipod.c.28.o
 .data          0x0000000000001c68        0x0 src/ipod_state.c.28.o
 .data          0x0000000000001c68        0x0 src/library_menus.c.28.o
 .data          0x0000000000001c68        0x0 src/main_menu.c.28.o
 .data          0x0000000000001c68        0x0 src/marquee_text.c.28.o
 .data          0x0000000000001c68        0x0 src/now_playing.c.28.o
 .data          0x0000000000001c68        0x0 src/progress_bar.c.28.o
 .data          0x0000000000001c68        0x0 aplite/appinfo.auto.c.28.o
 .data          0x0000000000001c68        0x0 aplite/src/resource_ids.auto.c.28.o
 .data          0x0000000000001c68        0x0 src/message_keys.auto.c.28.o
 .data          0x0000000000001c68        0x0 /Users/edwinfinch/Library/Application Support/Pebble SDK/SDKs/current/sdk-core/pebble/aplite/lib/libpebble.a(tmpz2MrsRpebble.o)
 .data          0x0000000000001c68        0x0 /usr/local/Cellar/pebble-toolchain/2.0/arm-cs-tools/bin/../lib/gcc/arm-none-eabi/4.7.2/thumb2/crtend.o
 .data          0x0000000000001c68        0x0 /usr/local/Cellar/pebble-toolchain/2.0/arm-cs-tools/bin/../lib/gcc/arm-none-eabi/4.7.2/thumb2/crtn.o
 *(.data.*)
 .data.s_sequence_number
                0x0000000000001c68        0x4 src/common.c.28.o
 .data.rel.ro.main_menu_items
                0x0000000000001c6c       0x60 src/main_menu.c.28.o
                0x0000000000001c6c                main_menu_items
 .data.rel.ro.section
                0x0000000000001ccc        0xc src/main_menu.c.28.o
                0x0000000000001ccc                section

.igot.plt       0x0000000000001cd8        0x0
 .igot.plt      0x0000000000000000        0x0 /usr/local/Cellar/pebble-toolchain/2.0/arm-cs-tools/bin/../lib/gcc/arm-none-eabi/4.7.2/thumb2/crtbegin.o

.got            0x0000000000001cd8       0x6c
 .got           0x0000000000001cd8       0x6c /usr/local/Cellar/pebble-toolchain/2.0/arm-cs-tools/bin/../lib/gcc/arm-none-eabi/4.7.2/thumb2/crtbegin.o

.got.plt        0x0000000000001d44        0xc
 .got.plt       0x0000000000001d44        0xc /usr/local/Cellar/pebble-toolchain/2.0/arm-cs-tools/bin/../lib/gcc/arm-none-eabi/4.7.2/thumb2/crtbegin.o
                0x0000000000001d44                _GLOBAL_OFFSET_TABLE_

.bss            0x0000000000001d50      0xc70
 *(.bss)
 *(.bss.*)
 .bss.s_artist  0x0000000000001d50       0x64 src/ipod_state.c.28.o
 .bss.s_title   0x0000000000001db4       0x64 src/ipod_state.c.28.o
 .bss.s_album   0x0000000000001e18       0x64 src/ipod_state.c.28.o
 .bss.head      0x0000000000001e7c        0x4 src/marquee_text.c.28.o
 .bss.controlling_volume
                0x0000000000001e80        0x1 src/now_playing.c.28.o
                0x0000000000001e80                controlling_volume
 .bss.is_shown  0x0000000000001e81        0x1 src/now_playing.c.28.o
                0x0000000000001e81                is_shown
 *fill*         0x0000000000001e82        0x2 
 COMMON         0x0000000000001e84        0x4 src/ipod.c.28.o
                0x0000000000001e84                window
 COMMON         0x0000000000001e88       0x15 src/ipod_state.c.28.o
                0x0000000000001e88                ipod_state_callback
                0x0000000000001e8c                s_shuffle_mode
                0x0000000000001e90                s_current_time
                0x0000000000001e94                s_repeat_mode
                0x0000000000001e98                s_duration
                0x0000000000001e9c                s_playback_state
 *fill*         0x0000000000001e9d        0x3 
 COMMON         0x0000000000001ea0      0x888 src/library_menus.c.28.o
                0x0000000000001ea0                menu_font
                0x0000000000001ea4                menu_stack_pointer
                0x0000000000001ea8                menu_stack
 COMMON         0x0000000000002728        0x4 src/main_menu.c.28.o
                0x0000000000002728                main_menu_layer
 COMMON         0x000000000000272c      0x294 src/now_playing.c.28.o
                0x000000000000272c                now_playing_timer
                0x0000000000002730                action_bar
                0x0000000000002734                album_art_data
                0x0000000000002934                artist_layer
                0x0000000000002950                album_layer
                0x000000000000296c                icon_volume_down
                0x0000000000002970                now_playing_window
                0x0000000000002974                icon_volume_up
                0x0000000000002978                album_art_layer
                0x000000000000297c                icon_rewind
                0x0000000000002980                icon_pause
                0x0000000000002984                title_layer
                0x00000000000029a0                album_art_bitmap
                0x00000000000029a4                icon_fast_forward
                0x00000000000029a8                icon_play
                0x00000000000029ac                progress_bar

DISCARD
 libc.a(*)
 libm.a(*)
 libgcc.a(*)
 *(.eh_frame)
OUTPUT(/Users/edwinfinch/Desktop/Lignite Music/Code/peapod-pebble/build/aplite/pebble-app.elf elf32-littlearm)

.ARM.attributes
                0x0000000000000000       0x27
 .ARM.attributes
                0x0000000000000000       0x19 /usr/local/Cellar/pebble-toolchain/2.0/arm-cs-tools/bin/../lib/gcc/arm-none-eabi/4.7.2/thumb2/crti.o
 .ARM.attributes
                0x0000000000000019       0x29 /usr/local/Cellar/pebble-toolchain/2.0/arm-cs-tools/bin/../lib/gcc/arm-none-eabi/4.7.2/thumb2/crtbegin.o
 .ARM.attributes
                0x0000000000000042       0x33 src/common.c.28.o
 .ARM.attributes
                0x0000000000000075       0x33 src/ipod.c.28.o
 .ARM.attributes
                0x00000000000000a8       0x33 src/ipod_state.c.28.o
 .ARM.attributes
                0x00000000000000db       0x33 src/library_menus.c.28.o
 .ARM.attributes
                0x000000000000010e       0x33 src/main_menu.c.28.o
 .ARM.attributes
                0x0000000000000141       0x33 src/marquee_text.c.28.o
 .ARM.attributes
                0x0000000000000174       0x33 src/now_playing.c.28.o
 .ARM.attributes
                0x00000000000001a7       0x33 src/progress_bar.c.28.o
 .ARM.attributes
                0x00000000000001da       0x33 aplite/appinfo.auto.c.28.o
 .ARM.attributes
                0x000000000000020d       0x33 aplite/src/resource_ids.auto.c.28.o
 .ARM.attributes
                0x0000000000000240       0x33 src/message_keys.auto.c.28.o
 .ARM.attributes
                0x0000000000000273       0x21 /Users/edwinfinch/Library/Application Support/Pebble SDK/SDKs/current/sdk-core/pebble/aplite/lib/libpebble.a(tmpz2MrsRpebble.o)
 .ARM.attributes
                0x0000000000000294       0x29 /usr/local/Cellar/pebble-toolchain/2.0/arm-cs-tools/bin/../lib/gcc/arm-none-eabi/4.7.2/thumb2/crtend.o
 .ARM.attributes
                0x00000000000002bd       0x19 /usr/local/Cellar/pebble-toolchain/2.0/arm-cs-tools/bin/../lib/gcc/arm-none-eabi/4.7.2/thumb2/crtn.o

.comment        0x0000000000000000       0x4e
 .comment       0x0000000000000000       0x4e /usr/local/Cellar/pebble-toolchain/2.0/arm-cs-tools/bin/../lib/gcc/arm-none-eabi/4.7.2/thumb2/crtbegin.o
                                         0x4f (size before relaxing)
 .comment       0x0000000000000000       0x4f src/common.c.28.o
 .comment       0x0000000000000000       0x4f src/ipod.c.28.o
 .comment       0x0000000000000000       0x4f src/ipod_state.c.28.o
 .comment       0x0000000000000000       0x4f src/library_menus.c.28.o
 .comment       0x0000000000000000       0x4f src/main_menu.c.28.o
 .comment       0x0000000000000000       0x4f src/marquee_text.c.28.o
 .comment       0x0000000000000000       0x4f src/now_playing.c.28.o
 .comment       0x0000000000000000       0x4f src/progress_bar.c.28.o
 .comment       0x0000000000000000       0x4f aplite/appinfo.auto.c.28.o
 .comment       0x0000000000000000       0x4f aplite/src/resource_ids.auto.c.28.o
 .comment       0x0000000000000000       0x4f src/message_keys.auto.c.28.o
 .comment       0x0000000000000000       0x4f /usr/local/Cellar/pebble-toolchain/2.0/arm-cs-tools/bin/../lib/gcc/arm-none-eabi/4.7.2/thumb2/crtend.o

.debug_info     0x0000000000000000     0x60aa
 .debug_info    0x0000000000000000      0x55a src/common.c.28.o
 .debug_info    0x000000000000055a      0x9bb src/ipod.c.28.o
 .debug_info    0x0000000000000f15      0xa31 src/ipod_state.c.28.o
 .debug_info    0x0000000000001946     0x1402 src/library_menus.c.28.o
 .debug_info    0x0000000000002d48      0x5e6 src/main_menu.c.28.o
 .debug_info    0x000000000000332e      0xa6b src/marquee_text.c.28.o
 .debug_info    0x0000000000003d99     0x1832 src/now_playing.c.28.o
 .debug_info    0x00000000000055cb      0x679 src/progress_bar.c.28.o
 .debug_info    0x0000000000005c44      0x2e6 aplite/appinfo.auto.c.28.o
 .debug_info    0x0000000000005f2a       0xed aplite/src/resource_ids.auto.c.28.o
 .debug_info    0x0000000000006017       0x93 src/message_keys.auto.c.28.o

.debug_abbrev   0x0000000000000000     0x1654
 .debug_abbrev  0x0000000000000000      0x1e2 src/common.c.28.o
 .debug_abbrev  0x00000000000001e2      0x275 src/ipod.c.28.o
 .debug_abbrev  0x0000000000000457      0x34a src/ipod_state.c.28.o
 .debug_abbrev  0x00000000000007a1      0x3ac src/library_menus.c.28.o
 .debug_abbrev  0x0000000000000b4d      0x1bb src/main_menu.c.28.o
 .debug_abbrev  0x0000000000000d08      0x276 src/marquee_text.c.28.o
 .debug_abbrev  0x0000000000000f7e      0x38b src/now_playing.c.28.o
 .debug_abbrev  0x0000000000001309      0x23b src/progress_bar.c.28.o
 .debug_abbrev  0x0000000000001544       0x88 aplite/appinfo.auto.c.28.o
 .debug_abbrev  0x00000000000015cc       0x44 aplite/src/resource_ids.auto.c.28.o
 .debug_abbrev  0x0000000000001610       0x44 src/message_keys.auto.c.28.o

.debug_loc      0x0000000000000000     0x19ed
 .debug_loc     0x0000000000000000       0x7c src/common.c.28.o
 .debug_loc     0x000000000000007c      0x209 src/ipod.c.28.o
 .debug_loc     0x0000000000000285      0x261 src/ipod_state.c.28.o
 .debug_loc     0x00000000000004e6      0x95c src/library_menus.c.28.o
 .debug_loc     0x0000000000000e42      0x1e4 src/main_menu.c.28.o
 .debug_loc     0x0000000000001026      0x2ff src/marquee_text.c.28.o
 .debug_loc     0x0000000000001325      0x4f1 src/now_playing.c.28.o
 .debug_loc     0x0000000000001816      0x1d7 src/progress_bar.c.28.o

.debug_aranges  0x0000000000000000      0x348
 .debug_aranges
                0x0000000000000000       0x28 src/common.c.28.o
 .debug_aranges
                0x0000000000000028       0x58 src/ipod.c.28.o
 .debug_aranges
                0x0000000000000080       0x90 src/ipod_state.c.28.o
 .debug_aranges
                0x0000000000000110       0x78 src/library_menus.c.28.o
 .debug_aranges
                0x0000000000000188       0x50 src/main_menu.c.28.o
 .debug_aranges
                0x00000000000001d8       0x60 src/marquee_text.c.28.o
 .debug_aranges
                0x0000000000000238       0x90 src/now_playing.c.28.o
 .debug_aranges
                0x00000000000002c8       0x38 src/progress_bar.c.28.o
 .debug_aranges
                0x0000000000000300       0x18 aplite/appinfo.auto.c.28.o
 .debug_aranges
                0x0000000000000318       0x18 aplite/src/resource_ids.auto.c.28.o
 .debug_aranges
                0x0000000000000330       0x18 src/message_keys.auto.c.28.o

.debug_ranges   0x0000000000000000      0x3f0
 .debug_ranges  0x0000000000000000       0x18 src/common.c.28.o
 .debug_ranges  0x0000000000000018       0x48 src/ipod.c.28.o
 .debug_ranges  0x0000000000000060      0x130 src/ipod_state.c.28.o
 .debug_ranges  0x0000000000000190       0xf8 src/library_menus.c.28.o
 .debug_ranges  0x0000000000000288       0x40 src/main_menu.c.28.o
 .debug_ranges  0x00000000000002c8       0x50 src/marquee_text.c.28.o
 .debug_ranges  0x0000000000000318       0xb0 src/now_playing.c.28.o
 .debug_ranges  0x00000000000003c8       0x28 src/progress_bar.c.28.o

.debug_line     0x0000000000000000     0x1803
 .debug_line    0x0000000000000000      0x1e5 src/common.c.28.o
 .debug_line    0x00000000000001e5      0x21c src/ipod.c.28.o
 .debug_line    0x0000000000000401      0x316 src/ipod_state.c.28.o
 .debug_line    0x0000000000000717      0x3e2 src/library_menus.c.28.o
 .debug_line    0x0000000000000af9      0x1e1 src/main_menu.c.28.o
 .debug_line    0x0000000000000cda      0x2a6 src/marquee_text.c.28.o
 .debug_line    0x0000000000000f80      0x3b8 src/now_playing.c.28.o
 .debug_line    0x0000000000001338      0x211 src/progress_bar.c.28.o
 .debug_line    0x0000000000001549      0x139 aplite/appinfo.auto.c.28.o
 .debug_line    0x0000000000001682       0xc4 aplite/src/resource_ids.auto.c.28.o
 .debug_line    0x0000000000001746       0xbd src/message_keys.auto.c.28.o

.debug_str      0x0000000000000000     0x1f3c
 .debug_str     0x0000000000000000      0x446 src/common.c.28.o
                                        0x4d3 (size before relaxing)
 .debug_str     0x0000000000000446      0x2ee src/ipod.c.28.o
                                        0x757 (size before relaxing)
 .debug_str     0x0000000000000734      0x41d src/ipod_state.c.28.o
                                        0x8f5 (size before relaxing)
 .debug_str     0x0000000000000b51      0x644 src/library_menus.c.28.o
                                        0xbec (size before relaxing)
 .debug_str     0x0000000000001195      0x13a src/main_menu.c.28.o
                                        0x3c2 (size before relaxing)
 .debug_str     0x00000000000012cf      0x400 src/marquee_text.c.28.o
                                        0x5b8 (size before relaxing)
 .debug_str     0x00000000000016cf      0x5b1 src/now_playing.c.28.o
                                        0xe53 (size before relaxing)
 .debug_str     0x0000000000001c80       0x47 src/progress_bar.c.28.o
                                        0x416 (size before relaxing)
 .debug_str     0x0000000000001cc7      0x15d aplite/appinfo.auto.c.28.o
                                        0x264 (size before relaxing)
 .debug_str     0x0000000000001e24       0xcf aplite/src/resource_ids.auto.c.28.o
                                        0x1a9 (size before relaxing)
 .debug_str     0x0000000000001ef3       0x49 src/message_keys.auto.c.28.o
                                        0x123 (size before relaxing)

.debug_frame    0x0000000000000000      0x708
 .debug_frame   0x0000000000000000       0x4c src/common.c.28.o
 .debug_frame   0x000000000000004c       0xd8 src/ipod.c.28.o
 .debug_frame   0x0000000000000124      0x124 src/ipod_state.c.28.o
 .debug_frame   0x0000000000000248      0x150 src/library_menus.c.28.o
 .debug_frame   0x0000000000000398       0x8c src/main_menu.c.28.o
 .debug_frame   0x0000000000000424       0xcc src/marquee_text.c.28.o
 .debug_frame   0x00000000000004f0      0x1a8 src/now_playing.c.28.o
 .debug_frame   0x0000000000000698       0x70 src/progress_bar.c.28.o
