Archive member included because of file (symbol)

/Users/edwinfinch/Library/Application Support/Pebble SDK/SDKs/current/sdk-core/pebble/aplite/lib/libpebble.a(tmpz2MrsRpebble.o)
                              src/ipod.c.28.o (app_event_loop)

Allocating common symbols
Common symbol       size              file

ipod_state_callback
                    0x4               src/ipod_state.c.28.o
now_playing_timer   0x4               src/windows/now_playing.c.28.o
library_icon_album_art_bitmap
                    0x4               src/ipod_state.c.28.o
main_menu_window    0x4               src/windows/main_menu.c.28.o
main_menu_items     0x60              src/windows/main_menu.c.28.o
main_menu_icons     0x18              src/windows/main_menu.c.28.o
artist_font         0x4               src/windows/now_playing.c.28.o
s_shuffle_mode      0x1               src/ipod_state.c.28.o
current_callback    0x4               src/settings.c.28.o
now_playing_window  0x4               src/windows/now_playing.c.28.o
background_colour   0x1               src/windows/now_playing.c.28.o
now_playing_settings
                    0x3               src/windows/now_playing.c.28.o
now_playing_progress_bar
                    0x4               src/windows/now_playing.c.28.o
now_playing_artist_layer
                    0x4               src/windows/now_playing.c.28.o
now_playing_album_art_layer
                    0x8               src/windows/now_playing.c.28.o
menu_stack_count    0x1               src/windows/library_menus.c.28.o
now_playing_title_layer
                    0x4               src/windows/now_playing.c.28.o
action_bar_timer    0x4               src/windows/now_playing.c.28.o
highlight_index     0x4               src/windows/main_menu.c.28.o
s_current_time      0x4               src/ipod_state.c.28.o
main_menu_icons_inverted
                    0x18              src/windows/main_menu.c.28.o
current_type        0x1               src/ipod_state.c.28.o
s_repeat_mode       0x1               src/ipod_state.c.28.o
current_settings    0x3               src/settings.c.28.o
album_art_bitmap    0x8               src/ipod_state.c.28.o
s_duration          0x4               src/ipod_state.c.28.o
menu_stack          0x10              src/windows/library_menus.c.28.o
window              0x4               src/ipod.c.28.o
artist_frame        0x8               src/windows/now_playing.c.28.o
control_action_bar  0x4               src/windows/now_playing.c.28.o
now_playing_graphics_layer
                    0x4               src/windows/now_playing.c.28.o
s_playback_state    0x1               src/ipod_state.c.28.o
invert_controls_timer
                    0x4               src/windows/now_playing.c.28.o
now_playing_album_art_bitmap
                    0x8               src/windows/now_playing.c.28.o

Discarded input sections

 .text          0x0000000000000000        0x0 /usr/local/Cellar/pebble-toolchain/2.0/arm-cs-tools/bin/../lib/gcc/arm-none-eabi/4.7.2/thumb2/crti.o
 .bss           0x0000000000000000        0x0 /usr/local/Cellar/pebble-toolchain/2.0/arm-cs-tools/bin/../lib/gcc/arm-none-eabi/4.7.2/thumb2/crti.o
 .init          0x0000000000000000        0x4 /usr/local/Cellar/pebble-toolchain/2.0/arm-cs-tools/bin/../lib/gcc/arm-none-eabi/4.7.2/thumb2/crti.o
 .fini          0x0000000000000000        0x4 /usr/local/Cellar/pebble-toolchain/2.0/arm-cs-tools/bin/../lib/gcc/arm-none-eabi/4.7.2/thumb2/crti.o
 .text          0x0000000000000000       0xc8 /usr/local/Cellar/pebble-toolchain/2.0/arm-cs-tools/bin/../lib/gcc/arm-none-eabi/4.7.2/thumb2/crtbegin.o
 .bss           0x0000000000000000       0x1c /usr/local/Cellar/pebble-toolchain/2.0/arm-cs-tools/bin/../lib/gcc/arm-none-eabi/4.7.2/thumb2/crtbegin.o
 .init_array    0x0000000000000000        0x4 /usr/local/Cellar/pebble-toolchain/2.0/arm-cs-tools/bin/../lib/gcc/arm-none-eabi/4.7.2/thumb2/crtbegin.o
 .fini_array    0x0000000000000000        0x4 /usr/local/Cellar/pebble-toolchain/2.0/arm-cs-tools/bin/../lib/gcc/arm-none-eabi/4.7.2/thumb2/crtbegin.o
 .eh_frame      0x0000000000000000        0x0 /usr/local/Cellar/pebble-toolchain/2.0/arm-cs-tools/bin/../lib/gcc/arm-none-eabi/4.7.2/thumb2/crtbegin.o
 .jcr           0x0000000000000000        0x0 /usr/local/Cellar/pebble-toolchain/2.0/arm-cs-tools/bin/../lib/gcc/arm-none-eabi/4.7.2/thumb2/crtbegin.o
 .tm_clone_table
                0x0000000000000000        0x0 /usr/local/Cellar/pebble-toolchain/2.0/arm-cs-tools/bin/../lib/gcc/arm-none-eabi/4.7.2/thumb2/crtbegin.o
 .text          0x0000000000000000        0x0 src/common.c.28.o
 .bss           0x0000000000000000        0x0 src/common.c.28.o
 .text.reset_sequence_number
                0x0000000000000000       0x22 src/common.c.28.o
 .text          0x0000000000000000        0x0 src/gbitmap.c.28.o
 .bss           0x0000000000000000        0x0 src/gbitmap.c.28.o
 .text          0x0000000000000000        0x0 src/ipod.c.28.o
 .bss           0x0000000000000000        0x0 src/ipod.c.28.o
[...]
Memory Configuration

Name             Origin             Length             Attributes
APP              0x0000000000000000 0x0000000000006000 xrw
*default*        0x0000000000000000 0xffffffffffffffff

Linker script and memory map

LOAD /usr/local/Cellar/pebble-toolchain/2.0/arm-cs-tools/bin/../lib/gcc/arm-none-eabi/4.7.2/thumb2/crti.o
LOAD /usr/local/Cellar/pebble-toolchain/2.0/arm-cs-tools/bin/../lib/gcc/arm-none-eabi/4.7.2/thumb2/crtbegin.o
LOAD src/common.c.28.o
LOAD src/gbitmap.c.28.o
LOAD src/ipod.c.28.o
LOAD src/ipod_state.c.28.o
LOAD src/layers/marquee_text.c.28.o
LOAD src/layers/progress_bar.c.28.o
LOAD src/settings.c.28.o
LOAD src/windows/library_menus.c.28.o
LOAD src/windows/main_menu.c.28.o
LOAD src/windows/message_window.c.28.o
LOAD src/windows/now_playing.c.28.o
LOAD aplite/appinfo.auto.c.28.o
LOAD aplite/src/resource_ids.auto.c.28.o
LOAD /Users/edwinfinch/Library/Application Support/Pebble SDK/SDKs/current/sdk-core/pebble/aplite/lib/libpebble.a
START GROUP
LOAD /usr/local/Cellar/pebble-toolchain/2.0/arm-cs-tools/bin/../lib/gcc/arm-none-eabi/4.7.2/thumb2/libgcc.a
LOAD /usr/local/Cellar/pebble-toolchain/2.0/arm-cs-tools/bin/../lib/gcc/arm-none-eabi/4.7.2/../../../../arm-none-eabi/lib/thumb2/libc.a
END GROUP
LOAD /usr/local/Cellar/pebble-toolchain/2.0/arm-cs-tools/bin/../lib/gcc/arm-none-eabi/4.7.2/thumb2/crtend.o
LOAD /usr/local/Cellar/pebble-toolchain/2.0/arm-cs-tools/bin/../lib/gcc/arm-none-eabi/4.7.2/thumb2/crtn.o

.header         0x0000000000000000       0x82
 *(.pbl_header)
 .pbl_header    0x0000000000000000       0x82 aplite/appinfo.auto.c.28.o
                0x0000000000000000                __pbl_app_info

.note.gnu.build-id
                0x0000000000000082       0x26
                0x0000000000000082                PROVIDE (BUILD_ID, .)
 *(.note.gnu.build-id)
 *fill*         0x0000000000000082        0x2 
 .note.gnu.build-id
                0x0000000000000084       0x24 linker stubs

.text           0x00000000000000a8     0x3b60
 *(.text)
 .text          0x00000000000000a8       0x14 /Users/edwinfinch/Library/Application Support/Pebble SDK/SDKs/current/sdk-core/pebble/aplite/lib/libpebble.a(tmpz2MrsRpebble.o)
 *(.text.*)
 .text.ipod_message_timer_fire
                0x00000000000000bc        0x4 src/common.c.28.o
                0x00000000000000bc                ipod_message_timer_fire
 .text.on_animation_stopped
                0x00000000000000c0        0x4 src/common.c.28.o
                0x00000000000000c0                on_animation_stopped
 .text.animate_layer
                0x00000000000000c4       0x54 src/common.c.28.o
                0x00000000000000c4                animate_layer
 .text.ipod_message_destroy
                0x0000000000000118       0x14 src/common.c.28.o
                0x0000000000000118                ipod_message_destroy
 .text.ipod_message_outbox_get
                0x000000000000012c       0x3c src/common.c.28.o
                0x000000000000012c                ipod_message_outbox_get
 .text.pebblekit_connection_handler
                0x0000000000000168       0x20 src/ipod.c.28.o
                0x0000000000000168                pebblekit_connection_handler
 .text.pebble_app_connection_handler
                0x0000000000000188       0x34 src/ipod.c.28.o
                0x0000000000000188                pebble_app_connection_handler
 .text.failed_outbox_handler
                0x00000000000001bc       0x6c src/ipod.c.28.o
                0x00000000000001bc                failed_outbox_handler
 .text.dropped_inbox_handler
                0x0000000000000228       0x28 src/ipod.c.28.o
                0x0000000000000228                dropped_inbox_handler
 .text.tick_handler
                0x0000000000000250        0xe src/ipod.c.28.o
                0x0000000000000250                tick_handler
 *fill*         0x000000000000025e        0x2 
 .text.ipod_create
                0x0000000000000260       0x6c src/ipod.c.28.o
                0x0000000000000260                ipod_create
 .text.ipod_app_timer_handler
                0x00000000000002cc        0xe src/ipod.c.28.o
                0x00000000000002cc                ipod_app_timer_handler
 *fill*         0x00000000000002da        0x2 
 .text.startup.main
                0x00000000000002dc       0x98 src/ipod.c.28.o
                0x00000000000002dc                main
 .text.create_bitmap_for_header
                0x0000000000000374       0x5c src/ipod_state.c.28.o
                0x0000000000000374                create_bitmap_for_header
 .text.ipod_state_tick
                0x00000000000003d0       0x5c src/ipod_state.c.28.o
                0x00000000000003d0                ipod_state_tick
 .text.ipod_state_set_callback
                0x000000000000042c       0x14 src/ipod_state.c.28.o
                0x000000000000042c                ipod_state_set_callback
 .text.ipod_state_current_time
                0x0000000000000440       0x14 src/ipod_state.c.28.o
                0x0000000000000440                ipod_state_current_time
 .text.ipod_state_duration
                0x0000000000000454       0x14 src/ipod_state.c.28.o
                0x0000000000000454                ipod_state_duration
 .text.ipod_get_playback_state
                0x0000000000000468       0x14 src/ipod_state.c.28.o
                0x0000000000000468                ipod_get_playback_state
 .text.ipod_get_artist
                0x000000000000047c        0xc src/ipod_state.c.28.o
                0x000000000000047c                ipod_get_artist
 .text.ipod_get_title
                0x0000000000000488        0xc src/ipod_state.c.28.o
                0x0000000000000488                ipod_get_title
 .text.now_playing_request
                0x0000000000000494       0x68 src/ipod_state.c.28.o
                0x0000000000000494                now_playing_request
 .text.call_callback
                0x00000000000004fc       0x4c src/ipod_state.c.28.o
                0x00000000000004fc                call_callback
 .text.destroy_all_album_art
                0x0000000000000548       0xa8 src/ipod_state.c.28.o
                0x0000000000000548                destroy_all_album_art
 .text.create_bitmap
                0x00000000000005f0       0xc8 src/ipod_state.c.28.o
                0x00000000000005f0                create_bitmap
 .text.process_album_art_tuple
                0x00000000000006b8      0x208 src/ipod_state.c.28.o
                0x00000000000006b8                process_album_art_tuple
 .text.process_library_menu_album_art_tuple
                0x00000000000008c0      0x104 src/ipod_state.c.28.o
                0x00000000000008c0                process_library_menu_album_art_tuple
 .text.process_tuple
                0x00000000000009c4      0x210 src/ipod_state.c.28.o
                0x00000000000009c4                process_tuple
 .text.ipod_received_handler
                0x0000000000000bd4       0x20 src/ipod_state.c.28.o
                0x0000000000000bd4                ipod_received_handler
 .text.ipod_state_create
                0x0000000000000bf4       0x30 src/ipod_state.c.28.o
                0x0000000000000bf4                ipod_state_create
 .text.marquee_text_layer_update_proc
                0x0000000000000c24      0x186 src/layers/marquee_text.c.28.o
                0x0000000000000c24                marquee_text_layer_update_proc
 *fill*         0x0000000000000daa        0x2 
 .text.marquee_text_layer_destroy
                0x0000000000000dac       0x34 src/layers/marquee_text.c.28.o
                0x0000000000000dac                marquee_text_layer_destroy
 .text.marquee_text_layer_get_layer
                0x0000000000000de0        0x4 src/layers/marquee_text.c.28.o
                0x0000000000000de0                marquee_text_layer_get_layer
 .text.marquee_text_layer_mark_dirty
                0x0000000000000de4       0x14 src/layers/marquee_text.c.28.o
                0x0000000000000de4                marquee_text_layer_mark_dirty
 .text.marquee_text_layer_set_font
                0x0000000000000df8        0x6 src/layers/marquee_text.c.28.o
                0x0000000000000df8                marquee_text_layer_set_font
 .text.marquee_text_layer_set_text
                0x0000000000000dfe        0x6 src/layers/marquee_text.c.28.o
                0x0000000000000dfe                marquee_text_layer_set_text
 .text.marquee_text_layer_create
                0x0000000000000e04       0x90 src/layers/marquee_text.c.28.o
                0x0000000000000e04                marquee_text_layer_create
 .text.marquee_text_layer_tick
                0x0000000000000e94       0x30 src/layers/marquee_text.c.28.o
                0x0000000000000e94                marquee_text_layer_tick
 .text.progress_bar_update_proc
                0x0000000000000ec4       0x64 src/layers/progress_bar.c.28.o
 .text.progress_bar_layer_create
                0x0000000000000f28       0x40 src/layers/progress_bar.c.28.o
                0x0000000000000f28                progress_bar_layer_create
 .text.progress_bar_layer_destroy
                0x0000000000000f68       0x14 src/layers/progress_bar.c.28.o
                0x0000000000000f68                progress_bar_layer_destroy
 .text.progress_bar_layer_get_layer
                0x0000000000000f7c        0x4 src/layers/progress_bar.c.28.o
                0x0000000000000f7c                progress_bar_layer_get_layer
 .text.progress_bar_layer_set_range
                0x0000000000000f80        0xe src/layers/progress_bar.c.28.o
                0x0000000000000f80                progress_bar_layer_set_range
 .text.progress_bar_layer_set_value
                0x0000000000000f8e        0xc src/layers/progress_bar.c.28.o
                0x0000000000000f8e                progress_bar_layer_set_value
 *fill*         0x0000000000000f9a        0x2 
 .text.settings_service_subscribe
                0x0000000000000f9c       0x14 src/settings.c.28.o
                0x0000000000000f9c                settings_service_subscribe
 .text.settings_get_settings
                0x0000000000000fb0       0x34 src/settings.c.28.o
                0x0000000000000fb0                settings_get_settings
 .text.settings_prepare_defaults
                0x0000000000000fe4       0x1c src/settings.c.28.o
                0x0000000000000fe4                settings_prepare_defaults
 .text.settings_load
                0x0000000000001000       0x44 src/settings.c.28.o
                0x0000000000001000                settings_load
 .text.settings_save
                0x0000000000001044       0x3c src/settings.c.28.o
                0x0000000000001044                settings_save
 .text.settings_set_settings
                0x0000000000001080       0x44 src/settings.c.28.o
                0x0000000000001080                settings_set_settings
 .text.get_num_rows
                0x00000000000010c4       0x1e src/windows/library_menus.c.28.o
                0x00000000000010c4                get_num_rows
 *fill*         0x00000000000010e2        0x2 
 .text.draw_row
                0x00000000000010e4      0x1fc src/windows/library_menus.c.28.o
                0x00000000000010e4                draw_row
 .text.library_menus_window_unload
                0x00000000000012e0       0x78 src/windows/library_menus.c.28.o
                0x00000000000012e0                library_menus_window_unload
 .text.library_menus_create
                0x0000000000001358       0x18 src/windows/library_menus.c.28.o
                0x0000000000001358                library_menus_create
 .text.library_menus_pop_all
                0x0000000000001370       0x28 src/windows/library_menus.c.28.o
                0x0000000000001370                library_menus_pop_all
 .text.build_parent_history
                0x0000000000001398       0x7c src/windows/library_menus.c.28.o
                0x0000000000001398                build_parent_history
 .text.send_library_request
                0x0000000000001414       0x74 src/windows/library_menus.c.28.o
                0x0000000000001414                send_library_request
 .text.selection_changed
                0x0000000000001488       0x7a src/windows/library_menus.c.28.o
                0x0000000000001488                selection_changed
 *fill*         0x0000000000001502        0x2 
 .text.play_track
                0x0000000000001504       0x5c src/windows/library_menus.c.28.o
                0x0000000000001504                play_track
 .text.clear_library_entry_data
                0x0000000000001560       0x16 src/windows/library_menus.c.28.o
                0x0000000000001560                clear_library_entry_data
 *fill*         0x0000000000001576        0x2 
 .text.library_menus_display_view
                0x0000000000001578      0x244 src/windows/library_menus.c.28.o
                0x0000000000001578                library_menus_display_view
 .text.select_click
                0x00000000000017bc       0x74 src/windows/library_menus.c.28.o
                0x00000000000017bc                select_click
 .text.library_menus_set_header_icon
                0x0000000000001830       0x3c src/windows/library_menus.c.28.o
                0x0000000000001830                library_menus_set_header_icon
 .text.library_menus_inbox
                0x000000000000186c      0x20c src/windows/library_menus.c.28.o
                0x000000000000186c                library_menus_inbox
 .text.main_menu_get_num_sections
                0x0000000000001a78        0x4 src/windows/main_menu.c.28.o
                0x0000000000001a78                main_menu_get_num_sections
 .text.menu_get_num_rows_callback
                0x0000000000001a7c        0x4 src/windows/main_menu.c.28.o
                0x0000000000001a7c                menu_get_num_rows_callback
 .text.menu_get_header_height_callback
                0x0000000000001a80        0x4 src/windows/main_menu.c.28.o
                0x0000000000001a80                menu_get_header_height_callback
 .text.menu_select_callback
                0x0000000000001a84       0x20 src/windows/main_menu.c.28.o
                0x0000000000001a84                menu_select_callback
 .text.open_composer_list
                0x0000000000001aa4       0x10 src/windows/main_menu.c.28.o
                0x0000000000001aa4                open_composer_list
 .text.open_genre_list
                0x0000000000001ab4       0x10 src/windows/main_menu.c.28.o
                0x0000000000001ab4                open_genre_list
 .text.open_playlist_list
                0x0000000000001ac4       0x10 src/windows/main_menu.c.28.o
                0x0000000000001ac4                open_playlist_list
 .text.open_album_list
                0x0000000000001ad4       0x10 src/windows/main_menu.c.28.o
                0x0000000000001ad4                open_album_list
 .text.open_artist_list
                0x0000000000001ae4       0x10 src/windows/main_menu.c.28.o
                0x0000000000001ae4                open_artist_list
 .text.open_now_playing
                0x0000000000001af4        0x4 src/windows/main_menu.c.28.o
                0x0000000000001af4                open_now_playing
 .text.menu_selection_changed
                0x0000000000001af8       0x2c src/windows/main_menu.c.28.o
                0x0000000000001af8                menu_selection_changed
 .text.main_menu_send_now_playing_request
                0x0000000000001b24        0x6 src/windows/main_menu.c.28.o
                0x0000000000001b24                main_menu_send_now_playing_request
 *fill*         0x0000000000001b2a        0x2 
 .text.menu_draw_row_callback
                0x0000000000001b2c       0x70 src/windows/main_menu.c.28.o
                0x0000000000001b2c                menu_draw_row_callback
 .text.update_highlight_colours
                0x0000000000001b9c       0x58 src/windows/main_menu.c.28.o
                0x0000000000001b9c                update_highlight_colours
 .text.main_menu_create
                0x0000000000001bf4      0x16c src/windows/main_menu.c.28.o
                0x0000000000001bf4                main_menu_create
 .text.main_menu_destroy
                0x0000000000001d60       0x4c src/windows/main_menu.c.28.o
                0x0000000000001d60                main_menu_destroy
 .text.message_window_update_proc
                0x0000000000001dac       0x98 src/windows/message_window.c.28.o
                0x0000000000001dac                message_window_update_proc
 .text.message_window_update_frames
                0x0000000000001e44       0xf0 src/windows/message_window.c.28.o
                0x0000000000001e44                message_window_update_frames
 .text.message_window_create
                0x0000000000001f34       0x64 src/windows/message_window.c.28.o
                0x0000000000001f34                message_window_create
 .text.message_window_destroy
                0x0000000000001f98       0x48 src/windows/message_window.c.28.o
                0x0000000000001f98                message_window_destroy
 .text.message_window_auto_destroy
                0x0000000000001fe0       0x28 src/windows/message_window.c.28.o
                0x0000000000001fe0                message_window_auto_destroy
 .text.message_window_push_on_window
                0x0000000000002008       0xb0 src/windows/message_window.c.28.o
                0x0000000000002008                message_window_push_on_window
 .text.message_window_pop_off_window
                0x00000000000020b8      0x100 src/windows/message_window.c.28.o
                0x00000000000020b8                message_window_pop_off_window
 .text.message_window_set_text
                0x00000000000021b8       0x34 src/windows/message_window.c.28.o
                0x00000000000021b8                message_window_set_text
 .text.now_playing_window_unload
                0x00000000000021ec      0x13c src/windows/now_playing.c.28.o
                0x00000000000021ec                now_playing_window_unload
 .text.now_playing_click_config_provider
                0x0000000000002328       0x44 src/windows/now_playing.c.28.o
                0x0000000000002328                now_playing_click_config_provider
 .text.animate_action_bar
                0x000000000000236c       0x8c src/windows/now_playing.c.28.o
                0x000000000000236c                animate_action_bar
 .text.now_playing_graphics_proc
                0x00000000000023f8      0x198 src/windows/now_playing.c.28.o
                0x00000000000023f8                now_playing_graphics_proc
 .text.display_no_album
                0x0000000000002590       0x40 src/windows/now_playing.c.28.o
                0x0000000000002590                display_no_album
 .text.now_playing_is_playing_music
                0x00000000000025d0        0xe src/windows/now_playing.c.28.o
                0x00000000000025d0                now_playing_is_playing_music
 *fill*         0x00000000000025de        0x2 
 .text.now_playing_invert_button_controls
                0x00000000000025e0       0xc8 src/windows/now_playing.c.28.o
                0x00000000000025e0                now_playing_invert_button_controls
 .text.now_playing_check_for_no_music
                0x00000000000026a8       0x54 src/windows/now_playing.c.28.o
                0x00000000000026a8                now_playing_check_for_no_music
 .text.now_playing_send_state_change
                0x00000000000026fc       0x1e src/windows/now_playing.c.28.o
                0x00000000000026fc                now_playing_send_state_change
 *fill*         0x000000000000271a        0x2 
 .text.now_playing_set_album_art
                0x000000000000271c       0x68 src/windows/now_playing.c.28.o
                0x000000000000271c                now_playing_set_album_art
 .text.now_playing_tick
                0x0000000000002784       0x58 src/windows/now_playing.c.28.o
                0x0000000000002784                now_playing_tick
 .text.now_playing_animation_tick
                0x00000000000027dc       0x3c src/windows/now_playing.c.28.o
                0x00000000000027dc                now_playing_animation_tick
 .text.now_playing_new_settings
                0x0000000000002818       0xf8 src/windows/now_playing.c.28.o
                0x0000000000002818                now_playing_new_settings
 .text.now_playing_action_bar_handle
                0x0000000000002910       0x98 src/windows/now_playing.c.28.o
                0x0000000000002910                now_playing_action_bar_handle
 .text.now_playing_long_clicked_select
                0x00000000000029a8       0x40 src/windows/now_playing.c.28.o
                0x00000000000029a8                now_playing_long_clicked_select
 .text.now_playing_state_callback
                0x00000000000029e8      0x134 src/windows/now_playing.c.28.o
                0x00000000000029e8                now_playing_state_callback
 .text.now_playing_window_load
                0x0000000000002b1c      0x3a8 src/windows/now_playing.c.28.o
                0x0000000000002b1c                now_playing_window_load
 .text.now_playing_reset_invert_controls
                0x0000000000002ec4       0x40 src/windows/now_playing.c.28.o
                0x0000000000002ec4                now_playing_reset_invert_controls
 .text.now_playing_clicked_down
                0x0000000000002f04       0x2c src/windows/now_playing.c.28.o
                0x0000000000002f04                now_playing_clicked_down
 .text.now_playing_clicked_select
                0x0000000000002f30       0x58 src/windows/now_playing.c.28.o
                0x0000000000002f30                now_playing_clicked_select
 .text.now_playing_clicked_up
                0x0000000000002f88       0x2c src/windows/now_playing.c.28.o
                0x0000000000002f88                now_playing_clicked_up
 .text.now_playing_show
                0x0000000000002fb4       0x94 src/windows/now_playing.c.28.o
                0x0000000000002fb4                now_playing_show
 .text.app_event_loop
                0x0000000000003048        0xc /Users/edwinfinch/Library/Application Support/Pebble SDK/SDKs/current/sdk-core/pebble/aplite/lib/libpebble.a(tmpz2MrsRpebble.o)
                0x0000000000003048                app_event_loop
 .text.app_log  0x0000000000003054        0xc /Users/edwinfinch/Library/Application Support/Pebble SDK/SDKs/current/sdk-core/pebble/aplite/lib/libpebble.a(tmpz2MrsRpebble.o)
                0x0000000000003054                app_log
 .text.app_message_open
                0x0000000000003060        0xc /Users/edwinfinch/Library/Application Support/Pebble SDK/SDKs/current/sdk-core/pebble/aplite/lib/libpebble.a(tmpz2MrsRpebble.o)
                0x0000000000003060                app_message_open
 .text.app_timer_cancel
                0x000000000000306c        0xc /Users/edwinfinch/Library/Application Support/Pebble SDK/SDKs/current/sdk-core/pebble/aplite/lib/libpebble.a(tmpz2MrsRpebble.o)
                0x000000000000306c                app_timer_cancel
 .text.app_timer_register
                0x0000000000003078        0xc /Users/edwinfinch/Library/Application Support/Pebble SDK/SDKs/current/sdk-core/pebble/aplite/lib/libpebble.a(tmpz2MrsRpebble.o)
                0x0000000000003078                app_timer_register
 .text.bitmap_layer_create
                0x0000000000003084        0xc /Users/edwinfinch/Library/Application Support/Pebble SDK/SDKs/current/sdk-core/pebble/aplite/lib/libpebble.a(tmpz2MrsRpebble.o)
                0x0000000000003084                bitmap_layer_create
 .text.bitmap_layer_destroy
                0x0000000000003090        0xc /Users/edwinfinch/Library/Application Support/Pebble SDK/SDKs/current/sdk-core/pebble/aplite/lib/libpebble.a(tmpz2MrsRpebble.o)
                0x0000000000003090                bitmap_layer_destroy
 .text.bitmap_layer_get_layer
                0x000000000000309c        0xc /Users/edwinfinch/Library/Application Support/Pebble SDK/SDKs/current/sdk-core/pebble/aplite/lib/libpebble.a(tmpz2MrsRpebble.o)
                0x000000000000309c                bitmap_layer_get_layer
 .text.bitmap_layer_set_bitmap
                0x00000000000030a8        0xc /Users/edwinfinch/Library/Application Support/Pebble SDK/SDKs/current/sdk-core/pebble/aplite/lib/libpebble.a(tmpz2MrsRpebble.o)
                0x00000000000030a8                bitmap_layer_set_bitmap
 .text.dict_find
                0x00000000000030b4        0xc /Users/edwinfinch/Library/Application Support/Pebble SDK/SDKs/current/sdk-core/pebble/aplite/lib/libpebble.a(tmpz2MrsRpebble.o)
                0x00000000000030b4                dict_find
 .text.dict_read_first
                0x00000000000030c0        0xc /Users/edwinfinch/Library/Application Support/Pebble SDK/SDKs/current/sdk-core/pebble/aplite/lib/libpebble.a(tmpz2MrsRpebble.o)
                0x00000000000030c0                dict_read_first
 .text.dict_read_next
                0x00000000000030cc        0xc /Users/edwinfinch/Library/Application Support/Pebble SDK/SDKs/current/sdk-core/pebble/aplite/lib/libpebble.a(tmpz2MrsRpebble.o)
                0x00000000000030cc                dict_read_next
 .text.dict_write_data
                0x00000000000030d8        0xc /Users/edwinfinch/Library/Application Support/Pebble SDK/SDKs/current/sdk-core/pebble/aplite/lib/libpebble.a(tmpz2MrsRpebble.o)
                0x00000000000030d8                dict_write_data
 .text.dict_write_int16
                0x00000000000030e4        0xc /Users/edwinfinch/Library/Application Support/Pebble SDK/SDKs/current/sdk-core/pebble/aplite/lib/libpebble.a(tmpz2MrsRpebble.o)
                0x00000000000030e4                dict_write_int16
 .text.dict_write_int32
                0x00000000000030f0        0xc /Users/edwinfinch/Library/Application Support/Pebble SDK/SDKs/current/sdk-core/pebble/aplite/lib/libpebble.a(tmpz2MrsRpebble.o)
                0x00000000000030f0                dict_write_int32
 .text.dict_write_int8
                0x00000000000030fc        0xc /Users/edwinfinch/Library/Application Support/Pebble SDK/SDKs/current/sdk-core/pebble/aplite/lib/libpebble.a(tmpz2MrsRpebble.o)
                0x00000000000030fc                dict_write_int8
 .text.dict_write_uint16
                0x0000000000003108        0xc /Users/edwinfinch/Library/Application Support/Pebble SDK/SDKs/current/sdk-core/pebble/aplite/lib/libpebble.a(tmpz2MrsRpebble.o)
                0x0000000000003108                dict_write_uint16
 .text.dict_write_uint32
                0x0000000000003114        0xc /Users/edwinfinch/Library/Application Support/Pebble SDK/SDKs/current/sdk-core/pebble/aplite/lib/libpebble.a(tmpz2MrsRpebble.o)
                0x0000000000003114                dict_write_uint32
 .text.dict_write_uint8
                0x0000000000003120        0xc /Users/edwinfinch/Library/Application Support/Pebble SDK/SDKs/current/sdk-core/pebble/aplite/lib/libpebble.a(tmpz2MrsRpebble.o)
                0x0000000000003120                dict_write_uint8
 .text.fonts_get_system_font
                0x000000000000312c        0xc /Users/edwinfinch/Library/Application Support/Pebble SDK/SDKs/current/sdk-core/pebble/aplite/lib/libpebble.a(tmpz2MrsRpebble.o)
                0x000000000000312c                fonts_get_system_font
 .text.free     0x0000000000003138        0xc /Users/edwinfinch/Library/Application Support/Pebble SDK/SDKs/current/sdk-core/pebble/aplite/lib/libpebble.a(tmpz2MrsRpebble.o)
                0x0000000000003138                free
 .text.gbitmap_create_with_resource
                0x0000000000003144        0xc /Users/edwinfinch/Library/Application Support/Pebble SDK/SDKs/current/sdk-core/pebble/aplite/lib/libpebble.a(tmpz2MrsRpebble.o)
                0x0000000000003144                gbitmap_create_with_resource
 .text.gbitmap_destroy
                0x0000000000003150        0xc /Users/edwinfinch/Library/Application Support/Pebble SDK/SDKs/current/sdk-core/pebble/aplite/lib/libpebble.a(tmpz2MrsRpebble.o)
                0x0000000000003150                gbitmap_destroy
 .text.graphics_context_set_compositing_mode
                0x000000000000315c        0xc /Users/edwinfinch/Library/Application Support/Pebble SDK/SDKs/current/sdk-core/pebble/aplite/lib/libpebble.a(tmpz2MrsRpebble.o)
                0x000000000000315c                graphics_context_set_compositing_mode
 .text.graphics_draw_bitmap_in_rect
                0x0000000000003168        0xc /Users/edwinfinch/Library/Application Support/Pebble SDK/SDKs/current/sdk-core/pebble/aplite/lib/libpebble.a(tmpz2MrsRpebble.o)
                0x0000000000003168                graphics_draw_bitmap_in_rect
 .text.graphics_fill_rect
                0x0000000000003174        0xc /Users/edwinfinch/Library/Application Support/Pebble SDK/SDKs/current/sdk-core/pebble/aplite/lib/libpebble.a(tmpz2MrsRpebble.o)
                0x0000000000003174                graphics_fill_rect
 .text.layer_add_child
                0x0000000000003180        0xc /Users/edwinfinch/Library/Application Support/Pebble SDK/SDKs/current/sdk-core/pebble/aplite/lib/libpebble.a(tmpz2MrsRpebble.o)
                0x0000000000003180                layer_add_child
 .text.layer_create
                0x000000000000318c        0xc /Users/edwinfinch/Library/Application Support/Pebble SDK/SDKs/current/sdk-core/pebble/aplite/lib/libpebble.a(tmpz2MrsRpebble.o)
                0x000000000000318c                layer_create
 .text.layer_create_with_data
                0x0000000000003198        0xc /Users/edwinfinch/Library/Application Support/Pebble SDK/SDKs/current/sdk-core/pebble/aplite/lib/libpebble.a(tmpz2MrsRpebble.o)
                0x0000000000003198                layer_create_with_data
 .text.layer_destroy
                0x00000000000031a4        0xc /Users/edwinfinch/Library/Application Support/Pebble SDK/SDKs/current/sdk-core/pebble/aplite/lib/libpebble.a(tmpz2MrsRpebble.o)
                0x00000000000031a4                layer_destroy
 .text.layer_get_bounds
                0x00000000000031b0        0xc /Users/edwinfinch/Library/Application Support/Pebble SDK/SDKs/current/sdk-core/pebble/aplite/lib/libpebble.a(tmpz2MrsRpebble.o)
                0x00000000000031b0                layer_get_bounds
 .text.layer_get_data
                0x00000000000031bc        0xc /Users/edwinfinch/Library/Application Support/Pebble SDK/SDKs/current/sdk-core/pebble/aplite/lib/libpebble.a(tmpz2MrsRpebble.o)
                0x00000000000031bc                layer_get_data
 .text.layer_get_frame
                0x00000000000031c8        0xc /Users/edwinfinch/Library/Application Support/Pebble SDK/SDKs/current/sdk-core/pebble/aplite/lib/libpebble.a(tmpz2MrsRpebble.o)
                0x00000000000031c8                layer_get_frame
 .text.layer_mark_dirty
                0x00000000000031d4        0xc /Users/edwinfinch/Library/Application Support/Pebble SDK/SDKs/current/sdk-core/pebble/aplite/lib/libpebble.a(tmpz2MrsRpebble.o)
                0x00000000000031d4                layer_mark_dirty
 .text.layer_set_bounds
                0x00000000000031e0        0xc /Users/edwinfinch/Library/Application Support/Pebble SDK/SDKs/current/sdk-core/pebble/aplite/lib/libpebble.a(tmpz2MrsRpebble.o)
                0x00000000000031e0                layer_set_bounds
 .text.layer_set_frame
                0x00000000000031ec        0xc /Users/edwinfinch/Library/Application Support/Pebble SDK/SDKs/current/sdk-core/pebble/aplite/lib/libpebble.a(tmpz2MrsRpebble.o)
                0x00000000000031ec                layer_set_frame
 .text.layer_set_hidden
                0x00000000000031f8        0xc /Users/edwinfinch/Library/Application Support/Pebble SDK/SDKs/current/sdk-core/pebble/aplite/lib/libpebble.a(tmpz2MrsRpebble.o)
                0x00000000000031f8                layer_set_hidden
 .text.layer_set_update_proc
                0x0000000000003204        0xc /Users/edwinfinch/Library/Application Support/Pebble SDK/SDKs/current/sdk-core/pebble/aplite/lib/libpebble.a(tmpz2MrsRpebble.o)
                0x0000000000003204                layer_set_update_proc
 .text.malloc   0x0000000000003210        0xc /Users/edwinfinch/Library/Application Support/Pebble SDK/SDKs/current/sdk-core/pebble/aplite/lib/libpebble.a(tmpz2MrsRpebble.o)
                0x0000000000003210                malloc
 .text.memcpy   0x000000000000321c        0xc /Users/edwinfinch/Library/Application Support/Pebble SDK/SDKs/current/sdk-core/pebble/aplite/lib/libpebble.a(tmpz2MrsRpebble.o)
                0x000000000000321c                memcpy
 .text.memmove  0x0000000000003228        0xc /Users/edwinfinch/Library/Application Support/Pebble SDK/SDKs/current/sdk-core/pebble/aplite/lib/libpebble.a(tmpz2MrsRpebble.o)
                0x0000000000003228                memmove
 .text.memset   0x0000000000003234        0xc /Users/edwinfinch/Library/Application Support/Pebble SDK/SDKs/current/sdk-core/pebble/aplite/lib/libpebble.a(tmpz2MrsRpebble.o)
                0x0000000000003234                memset
 .text.menu_cell_basic_draw
                0x0000000000003240        0xc /Users/edwinfinch/Library/Application Support/Pebble SDK/SDKs/current/sdk-core/pebble/aplite/lib/libpebble.a(tmpz2MrsRpebble.o)
                0x0000000000003240                menu_cell_basic_draw
 .text.menu_layer_destroy
                0x000000000000324c        0xc /Users/edwinfinch/Library/Application Support/Pebble SDK/SDKs/current/sdk-core/pebble/aplite/lib/libpebble.a(tmpz2MrsRpebble.o)
                0x000000000000324c                menu_layer_destroy
 .text.menu_layer_get_layer
                0x0000000000003258        0xc /Users/edwinfinch/Library/Application Support/Pebble SDK/SDKs/current/sdk-core/pebble/aplite/lib/libpebble.a(tmpz2MrsRpebble.o)
                0x0000000000003258                menu_layer_get_layer
 .text.menu_layer_reload_data
                0x0000000000003264        0xc /Users/edwinfinch/Library/Application Support/Pebble SDK/SDKs/current/sdk-core/pebble/aplite/lib/libpebble.a(tmpz2MrsRpebble.o)
                0x0000000000003264                menu_layer_reload_data
 .text.menu_layer_set_click_config_onto_window
                0x0000000000003270        0xc /Users/edwinfinch/Library/Application Support/Pebble SDK/SDKs/current/sdk-core/pebble/aplite/lib/libpebble.a(tmpz2MrsRpebble.o)
                0x0000000000003270                menu_layer_set_click_config_onto_window
 .text.menu_layer_set_selected_index
                0x000000000000327c        0xc /Users/edwinfinch/Library/Application Support/Pebble SDK/SDKs/current/sdk-core/pebble/aplite/lib/libpebble.a(tmpz2MrsRpebble.o)
                0x000000000000327c                menu_layer_set_selected_index
 .text.snprintf
                0x0000000000003288        0xc /Users/edwinfinch/Library/Application Support/Pebble SDK/SDKs/current/sdk-core/pebble/aplite/lib/libpebble.a(tmpz2MrsRpebble.o)
                0x0000000000003288                snprintf
 .text.strcmp   0x0000000000003294        0xc /Users/edwinfinch/Library/Application Support/Pebble SDK/SDKs/current/sdk-core/pebble/aplite/lib/libpebble.a(tmpz2MrsRpebble.o)
                0x0000000000003294                strcmp
 .text.strlen   0x00000000000032a0        0xc /Users/edwinfinch/Library/Application Support/Pebble SDK/SDKs/current/sdk-core/pebble/aplite/lib/libpebble.a(tmpz2MrsRpebble.o)
                0x00000000000032a0                strlen
 .text.strncpy  0x00000000000032ac        0xc /Users/edwinfinch/Library/Application Support/Pebble SDK/SDKs/current/sdk-core/pebble/aplite/lib/libpebble.a(tmpz2MrsRpebble.o)
                0x00000000000032ac                strncpy
 .text.tick_timer_service_subscribe
                0x00000000000032b8        0xc /Users/edwinfinch/Library/Application Support/Pebble SDK/SDKs/current/sdk-core/pebble/aplite/lib/libpebble.a(tmpz2MrsRpebble.o)
                0x00000000000032b8                tick_timer_service_subscribe
 .text.vibes_double_pulse
                0x00000000000032c4        0xc /Users/edwinfinch/Library/Application Support/Pebble SDK/SDKs/current/sdk-core/pebble/aplite/lib/libpebble.a(tmpz2MrsRpebble.o)
                0x00000000000032c4                vibes_double_pulse
 .text.vibes_enqueue_custom_pattern
                0x00000000000032d0        0xc /Users/edwinfinch/Library/Application Support/Pebble SDK/SDKs/current/sdk-core/pebble/aplite/lib/libpebble.a(tmpz2MrsRpebble.o)
                0x00000000000032d0                vibes_enqueue_custom_pattern
 .text.vibes_long_pulse
                0x00000000000032dc        0xc /Users/edwinfinch/Library/Application Support/Pebble SDK/SDKs/current/sdk-core/pebble/aplite/lib/libpebble.a(tmpz2MrsRpebble.o)
                0x00000000000032dc                vibes_long_pulse
 .text.vibes_short_pulse
                0x00000000000032e8        0xc /Users/edwinfinch/Library/Application Support/Pebble SDK/SDKs/current/sdk-core/pebble/aplite/lib/libpebble.a(tmpz2MrsRpebble.o)
                0x00000000000032e8                vibes_short_pulse
 .text.window_create
                0x00000000000032f4        0xc /Users/edwinfinch/Library/Application Support/Pebble SDK/SDKs/current/sdk-core/pebble/aplite/lib/libpebble.a(tmpz2MrsRpebble.o)
                0x00000000000032f4                window_create
 .text.window_destroy
                0x0000000000003300        0xc /Users/edwinfinch/Library/Application Support/Pebble SDK/SDKs/current/sdk-core/pebble/aplite/lib/libpebble.a(tmpz2MrsRpebble.o)
                0x0000000000003300                window_destroy
 .text.window_get_root_layer
                0x000000000000330c        0xc /Users/edwinfinch/Library/Application Support/Pebble SDK/SDKs/current/sdk-core/pebble/aplite/lib/libpebble.a(tmpz2MrsRpebble.o)
                0x000000000000330c                window_get_root_layer
 .text.window_set_window_handlers
                0x0000000000003318        0xc /Users/edwinfinch/Library/Application Support/Pebble SDK/SDKs/current/sdk-core/pebble/aplite/lib/libpebble.a(tmpz2MrsRpebble.o)
                0x0000000000003318                window_set_window_handlers
 .text.window_stack_get_top_window
                0x0000000000003324        0xc /Users/edwinfinch/Library/Application Support/Pebble SDK/SDKs/current/sdk-core/pebble/aplite/lib/libpebble.a(tmpz2MrsRpebble.o)
                0x0000000000003324                window_stack_get_top_window
 .text.window_stack_push
                0x0000000000003330        0xc /Users/edwinfinch/Library/Application Support/Pebble SDK/SDKs/current/sdk-core/pebble/aplite/lib/libpebble.a(tmpz2MrsRpebble.o)
                0x0000000000003330                window_stack_push
 .text.window_stack_remove
                0x000000000000333c        0xc /Users/edwinfinch/Library/Application Support/Pebble SDK/SDKs/current/sdk-core/pebble/aplite/lib/libpebble.a(tmpz2MrsRpebble.o)
                0x000000000000333c                window_stack_remove
 .text.app_message_outbox_begin
                0x0000000000003348        0xc /Users/edwinfinch/Library/Application Support/Pebble SDK/SDKs/current/sdk-core/pebble/aplite/lib/libpebble.a(tmpz2MrsRpebble.o)
                0x0000000000003348                app_message_outbox_begin
 .text.app_message_outbox_send
                0x0000000000003354        0xc /Users/edwinfinch/Library/Application Support/Pebble SDK/SDKs/current/sdk-core/pebble/aplite/lib/libpebble.a(tmpz2MrsRpebble.o)
                0x0000000000003354                app_message_outbox_send
 .text.app_message_register_inbox_dropped
                0x0000000000003360        0xc /Users/edwinfinch/Library/Application Support/Pebble SDK/SDKs/current/sdk-core/pebble/aplite/lib/libpebble.a(tmpz2MrsRpebble.o)
                0x0000000000003360                app_message_register_inbox_dropped
 .text.app_message_register_inbox_received
                0x000000000000336c        0xc /Users/edwinfinch/Library/Application Support/Pebble SDK/SDKs/current/sdk-core/pebble/aplite/lib/libpebble.a(tmpz2MrsRpebble.o)
                0x000000000000336c                app_message_register_inbox_received
 .text.app_message_register_outbox_failed
                0x0000000000003378        0xc /Users/edwinfinch/Library/Application Support/Pebble SDK/SDKs/current/sdk-core/pebble/aplite/lib/libpebble.a(tmpz2MrsRpebble.o)
                0x0000000000003378                app_message_register_outbox_failed
 .text.window_long_click_subscribe
                0x0000000000003384        0xc /Users/edwinfinch/Library/Application Support/Pebble SDK/SDKs/current/sdk-core/pebble/aplite/lib/libpebble.a(tmpz2MrsRpebble.o)
                0x0000000000003384                window_long_click_subscribe
 .text.window_single_click_subscribe
                0x0000000000003390        0xc /Users/edwinfinch/Library/Application Support/Pebble SDK/SDKs/current/sdk-core/pebble/aplite/lib/libpebble.a(tmpz2MrsRpebble.o)
                0x0000000000003390                window_single_click_subscribe
 .text.graphics_draw_text
                0x000000000000339c        0xc /Users/edwinfinch/Library/Application Support/Pebble SDK/SDKs/current/sdk-core/pebble/aplite/lib/libpebble.a(tmpz2MrsRpebble.o)
                0x000000000000339c                graphics_draw_text
 .text.persist_read_data
                0x00000000000033a8        0xc /Users/edwinfinch/Library/Application Support/Pebble SDK/SDKs/current/sdk-core/pebble/aplite/lib/libpebble.a(tmpz2MrsRpebble.o)
                0x00000000000033a8                persist_read_data
 .text.persist_write_data
                0x00000000000033b4        0xc /Users/edwinfinch/Library/Application Support/Pebble SDK/SDKs/current/sdk-core/pebble/aplite/lib/libpebble.a(tmpz2MrsRpebble.o)
                0x00000000000033b4                persist_write_data
 .text.graphics_text_layout_get_content_size
                0x00000000000033c0        0xc /Users/edwinfinch/Library/Application Support/Pebble SDK/SDKs/current/sdk-core/pebble/aplite/lib/libpebble.a(tmpz2MrsRpebble.o)
                0x00000000000033c0                graphics_text_layout_get_content_size
 .text.heap_bytes_free
                0x00000000000033cc        0xc /Users/edwinfinch/Library/Application Support/Pebble SDK/SDKs/current/sdk-core/pebble/aplite/lib/libpebble.a(tmpz2MrsRpebble.o)
                0x00000000000033cc                heap_bytes_free
 .text.watch_info_get_model
                0x00000000000033d8        0xc /Users/edwinfinch/Library/Application Support/Pebble SDK/SDKs/current/sdk-core/pebble/aplite/lib/libpebble.a(tmpz2MrsRpebble.o)
                0x00000000000033d8                watch_info_get_model
 .text.graphics_context_set_fill_color
                0x00000000000033e4        0xc /Users/edwinfinch/Library/Application Support/Pebble SDK/SDKs/current/sdk-core/pebble/aplite/lib/libpebble.a(tmpz2MrsRpebble.o)
                0x00000000000033e4                graphics_context_set_fill_color
 .text.graphics_context_set_text_color
                0x00000000000033f0        0xc /Users/edwinfinch/Library/Application Support/Pebble SDK/SDKs/current/sdk-core/pebble/aplite/lib/libpebble.a(tmpz2MrsRpebble.o)
                0x00000000000033f0                graphics_context_set_text_color
 .text.window_set_background_color
                0x00000000000033fc        0xc /Users/edwinfinch/Library/Application Support/Pebble SDK/SDKs/current/sdk-core/pebble/aplite/lib/libpebble.a(tmpz2MrsRpebble.o)
                0x00000000000033fc                window_set_background_color
 .text.animation_schedule
                0x0000000000003408        0xc /Users/edwinfinch/Library/Application Support/Pebble SDK/SDKs/current/sdk-core/pebble/aplite/lib/libpebble.a(tmpz2MrsRpebble.o)
                0x0000000000003408                animation_schedule
 .text.animation_set_delay
                0x0000000000003414        0xc /Users/edwinfinch/Library/Application Support/Pebble SDK/SDKs/current/sdk-core/pebble/aplite/lib/libpebble.a(tmpz2MrsRpebble.o)
                0x0000000000003414                animation_set_delay
 .text.animation_set_duration
                0x0000000000003420        0xc /Users/edwinfinch/Library/Application Support/Pebble SDK/SDKs/current/sdk-core/pebble/aplite/lib/libpebble.a(tmpz2MrsRpebble.o)
                0x0000000000003420                animation_set_duration
 .text.animation_set_handlers
                0x000000000000342c        0xc /Users/edwinfinch/Library/Application Support/Pebble SDK/SDKs/current/sdk-core/pebble/aplite/lib/libpebble.a(tmpz2MrsRpebble.o)
                0x000000000000342c                animation_set_handlers
 .text.property_animation_create_layer_frame
                0x0000000000003438        0xc /Users/edwinfinch/Library/Application Support/Pebble SDK/SDKs/current/sdk-core/pebble/aplite/lib/libpebble.a(tmpz2MrsRpebble.o)
                0x0000000000003438                property_animation_create_layer_frame
 .text.property_animation_destroy
                0x0000000000003444        0xc /Users/edwinfinch/Library/Application Support/Pebble SDK/SDKs/current/sdk-core/pebble/aplite/lib/libpebble.a(tmpz2MrsRpebble.o)
                0x0000000000003444                property_animation_destroy
 .text.property_animation_get_animation
                0x0000000000003450        0xc /Users/edwinfinch/Library/Application Support/Pebble SDK/SDKs/current/sdk-core/pebble/aplite/lib/libpebble.a(tmpz2MrsRpebble.o)
                0x0000000000003450                property_animation_get_animation
 .text.gbitmap_get_bounds
                0x000000000000345c        0xc /Users/edwinfinch/Library/Application Support/Pebble SDK/SDKs/current/sdk-core/pebble/aplite/lib/libpebble.a(tmpz2MrsRpebble.o)
                0x000000000000345c                gbitmap_get_bounds
 .text.gbitmap_create_from_png_data
                0x0000000000003468        0xc /Users/edwinfinch/Library/Application Support/Pebble SDK/SDKs/current/sdk-core/pebble/aplite/lib/libpebble.a(tmpz2MrsRpebble.o)
                0x0000000000003468                gbitmap_create_from_png_data
 .text.menu_layer_create
                0x0000000000003474        0xc /Users/edwinfinch/Library/Application Support/Pebble SDK/SDKs/current/sdk-core/pebble/aplite/lib/libpebble.a(tmpz2MrsRpebble.o)
                0x0000000000003474                menu_layer_create
 .text.action_bar_layer_add_to_window
                0x0000000000003480        0xc /Users/edwinfinch/Library/Application Support/Pebble SDK/SDKs/current/sdk-core/pebble/aplite/lib/libpebble.a(tmpz2MrsRpebble.o)
                0x0000000000003480                action_bar_layer_add_to_window
 .text.action_bar_layer_create
                0x000000000000348c        0xc /Users/edwinfinch/Library/Application Support/Pebble SDK/SDKs/current/sdk-core/pebble/aplite/lib/libpebble.a(tmpz2MrsRpebble.o)
                0x000000000000348c                action_bar_layer_create
 .text.action_bar_layer_destroy
                0x0000000000003498        0xc /Users/edwinfinch/Library/Application Support/Pebble SDK/SDKs/current/sdk-core/pebble/aplite/lib/libpebble.a(tmpz2MrsRpebble.o)
                0x0000000000003498                action_bar_layer_destroy
 .text.action_bar_layer_get_layer
                0x00000000000034a4        0xc /Users/edwinfinch/Library/Application Support/Pebble SDK/SDKs/current/sdk-core/pebble/aplite/lib/libpebble.a(tmpz2MrsRpebble.o)
                0x00000000000034a4                action_bar_layer_get_layer
 .text.action_bar_layer_set_click_config_provider
                0x00000000000034b0        0xc /Users/edwinfinch/Library/Application Support/Pebble SDK/SDKs/current/sdk-core/pebble/aplite/lib/libpebble.a(tmpz2MrsRpebble.o)
                0x00000000000034b0                action_bar_layer_set_click_config_provider
 .text.action_bar_layer_set_icon_animated
                0x00000000000034bc        0xc /Users/edwinfinch/Library/Application Support/Pebble SDK/SDKs/current/sdk-core/pebble/aplite/lib/libpebble.a(tmpz2MrsRpebble.o)
                0x00000000000034bc                action_bar_layer_set_icon_animated
 .text.menu_cell_layer_is_highlighted
                0x00000000000034c8        0xc /Users/edwinfinch/Library/Application Support/Pebble SDK/SDKs/current/sdk-core/pebble/aplite/lib/libpebble.a(tmpz2MrsRpebble.o)
                0x00000000000034c8                menu_cell_layer_is_highlighted
 .text.menu_layer_set_highlight_colors
                0x00000000000034d4        0xc /Users/edwinfinch/Library/Application Support/Pebble SDK/SDKs/current/sdk-core/pebble/aplite/lib/libpebble.a(tmpz2MrsRpebble.o)
                0x00000000000034d4                menu_layer_set_highlight_colors
 .text.menu_layer_set_normal_colors
                0x00000000000034e0        0xc /Users/edwinfinch/Library/Application Support/Pebble SDK/SDKs/current/sdk-core/pebble/aplite/lib/libpebble.a(tmpz2MrsRpebble.o)
                0x00000000000034e0                menu_layer_set_normal_colors
 .text.menu_layer_set_callbacks
                0x00000000000034ec        0xc /Users/edwinfinch/Library/Application Support/Pebble SDK/SDKs/current/sdk-core/pebble/aplite/lib/libpebble.a(tmpz2MrsRpebble.o)
                0x00000000000034ec                menu_layer_set_callbacks
 .text.connection_service_subscribe
                0x00000000000034f8        0xc /Users/edwinfinch/Library/Application Support/Pebble SDK/SDKs/current/sdk-core/pebble/aplite/lib/libpebble.a(tmpz2MrsRpebble.o)
                0x00000000000034f8                connection_service_subscribe
 .text.graphics_text_layout_get_content_size_with_attributes
                0x0000000000003504        0xc /Users/edwinfinch/Library/Application Support/Pebble SDK/SDKs/current/sdk-core/pebble/aplite/lib/libpebble.a(tmpz2MrsRpebble.o)
                0x0000000000003504                graphics_text_layout_get_content_size_with_attributes
 *(.rodata)
 .rodata        0x0000000000003510       0x10 src/windows/library_menus.c.28.o
 .rodata        0x0000000000003520        0x8 src/windows/main_menu.c.28.o
 .rodata        0x0000000000003528        0x8 src/windows/message_window.c.28.o
 .rodata        0x0000000000003530       0x20 src/windows/now_playing.c.28.o
 *(.rodata*)
 .rodata.str1.1
                0x0000000000003550       0xeb src/ipod.c.28.o
 .rodata.str1.1
                0x000000000000363b      0x1e4 src/ipod_state.c.28.o
 .rodata.str1.1
                0x000000000000381f       0x1a src/layers/marquee_text.c.28.o
 .rodata.str1.1
                0x0000000000003839       0x60 src/settings.c.28.o
 .rodata.str1.1
                0x0000000000003899      0x1c2 src/windows/library_menus.c.28.o
                                        0x1c3 (size before relaxing)
 .rodata.str1.1
                0x0000000000003a5b       0xa1 src/windows/main_menu.c.28.o
                                         0xa2 (size before relaxing)
 .rodata.str1.1
                0x0000000000003afc       0x32 src/windows/message_window.c.28.o
 .rodata.str1.1
                0x0000000000003b2e       0xd0 src/windows/now_playing.c.28.o
                                         0xe6 (size before relaxing)
 *fill*         0x0000000000003bfe        0x2 
 .rodata.segments.7747
                0x0000000000003c00        0x8 src/windows/now_playing.c.28.o

.glue_7         0x0000000000003c08        0x0
 .glue_7        0x0000000000000000        0x0 linker stubs

.glue_7t        0x0000000000003c08        0x0
 .glue_7t       0x0000000000000000        0x0 linker stubs

.vfp11_veneer   0x0000000000003c08        0x0
 .vfp11_veneer  0x0000000000000000        0x0 linker stubs

.v4_bx          0x0000000000003c08        0x0
 .v4_bx         0x0000000000000000        0x0 linker stubs

.iplt           0x0000000000003c08        0x0
 .iplt          0x0000000000000000        0x0 /usr/local/Cellar/pebble-toolchain/2.0/arm-cs-tools/bin/../lib/gcc/arm-none-eabi/4.7.2/thumb2/crtbegin.o

.rel.dyn        0x0000000000003c08        0x0
 .rel.iplt      0x0000000000000000        0x0 /usr/local/Cellar/pebble-toolchain/2.0/arm-cs-tools/bin/../lib/gcc/arm-none-eabi/4.7.2/thumb2/crtbegin.o
 .rel.got       0x0000000000000000        0x0 /usr/local/Cellar/pebble-toolchain/2.0/arm-cs-tools/bin/../lib/gcc/arm-none-eabi/4.7.2/thumb2/crtbegin.o

.data           0x0000000000003c08       0x4d
 *(.data)
 .data          0x0000000000003c08        0x0 /usr/local/Cellar/pebble-toolchain/2.0/arm-cs-tools/bin/../lib/gcc/arm-none-eabi/4.7.2/thumb2/crti.o
 .data          0x0000000000003c08        0x4 /usr/local/Cellar/pebble-toolchain/2.0/arm-cs-tools/bin/../lib/gcc/arm-none-eabi/4.7.2/thumb2/crtbegin.o
                0x0000000000003c08                __dso_handle
 .data          0x0000000000003c0c        0x0 src/common.c.28.o
 .data          0x0000000000003c0c        0x0 src/gbitmap.c.28.o
 .data          0x0000000000003c0c        0x8 src/ipod.c.28.o
 .data          0x0000000000003c14        0x0 src/ipod_state.c.28.o
 .data          0x0000000000003c14        0x0 src/layers/marquee_text.c.28.o
 .data          0x0000000000003c14        0x0 src/layers/progress_bar.c.28.o
 .data          0x0000000000003c14        0x0 src/settings.c.28.o
 .data          0x0000000000003c14        0x0 src/windows/library_menus.c.28.o
 .data          0x0000000000003c14        0x0 src/windows/main_menu.c.28.o
 .data          0x0000000000003c14        0x0 src/windows/message_window.c.28.o
 .data          0x0000000000003c14        0x8 src/windows/now_playing.c.28.o
 .data          0x0000000000003c1c        0x0 aplite/appinfo.auto.c.28.o
 .data          0x0000000000003c1c        0x0 aplite/src/resource_ids.auto.c.28.o
 .data          0x0000000000003c1c        0x0 /Users/edwinfinch/Library/Application Support/Pebble SDK/SDKs/current/sdk-core/pebble/aplite/lib/libpebble.a(tmpz2MrsRpebble.o)
 .data          0x0000000000003c1c        0x0 /usr/local/Cellar/pebble-toolchain/2.0/arm-cs-tools/bin/../lib/gcc/arm-none-eabi/4.7.2/thumb2/crtend.o
 .data          0x0000000000003c1c        0x0 /usr/local/Cellar/pebble-toolchain/2.0/arm-cs-tools/bin/../lib/gcc/arm-none-eabi/4.7.2/thumb2/crtn.o
 *(.data.*)
 .data.s_sequence_number
                0x0000000000003c1c        0x4 src/common.c.28.o
 .data.first_call
                0x0000000000003c20        0x1 src/ipod_state.c.28.o
                0x0000000000003c20                first_call
 *fill*         0x0000000000003c21        0x3 
 .data.rel.ro.local.titles.7704
                0x0000000000003c24       0x18 src/windows/main_menu.c.28.o
 .data.rel.ro.callbacks.7705
                0x0000000000003c3c       0x18 src/windows/main_menu.c.28.o
 .data.now_playing_action_bar_is_showing
                0x0000000000003c54        0x1 src/windows/now_playing.c.28.o
                0x0000000000003c54                now_playing_action_bar_is_showing

.igot.plt       0x0000000000003c58        0x0
 .igot.plt      0x0000000000000000        0x0 /usr/local/Cellar/pebble-toolchain/2.0/arm-cs-tools/bin/../lib/gcc/arm-none-eabi/4.7.2/thumb2/crtbegin.o

.got            0x0000000000003c58       0x8c
 .got           0x0000000000003c58       0x8c /usr/local/Cellar/pebble-toolchain/2.0/arm-cs-tools/bin/../lib/gcc/arm-none-eabi/4.7.2/thumb2/crtbegin.o

.got.plt        0x0000000000003ce4        0xc
 .got.plt       0x0000000000003ce4        0xc /usr/local/Cellar/pebble-toolchain/2.0/arm-cs-tools/bin/../lib/gcc/arm-none-eabi/4.7.2/thumb2/crtbegin.o
                0x0000000000003ce4                _GLOBAL_OFFSET_TABLE_

.bss            0x0000000000003cf0      0x2e4
 *(.bss)
 *(.bss.*)
 .bss.outbox_buffer.7655
                0x0000000000003cf0       0x41 src/ipod.c.28.o
 .bss.s_artist  0x0000000000003d31       0x64 src/ipod_state.c.28.o
 .bss.s_title   0x0000000000003d95       0x64 src/ipod_state.c.28.o
 *fill*         0x0000000000003df9        0x3 
 .bss.now_playing_album_art_size
                0x0000000000003dfc        0x8 src/ipod_state.c.28.o
 .bss.header_icon_album_art_size
                0x0000000000003e04        0x4 src/ipod_state.c.28.o
 .bss.s_album   0x0000000000003e08       0x64 src/ipod_state.c.28.o
 .bss.library_icon_album_art_data
                0x0000000000003e6c        0x4 src/ipod_state.c.28.o
 .bss.album_art_data
                0x0000000000003e70        0x8 src/ipod_state.c.28.o
 .bss.head      0x0000000000003e78        0x4 src/layers/marquee_text.c.28.o
 .bss.main_menu_layer
                0x0000000000003e7c        0x4 src/windows/main_menu.c.28.o
                0x0000000000003e7c                main_menu_layer
 .bss.already_requested
                0x0000000000003e80        0x1 src/windows/main_menu.c.28.o
                0x0000000000003e80                already_requested
 .bss.draw_no_album
                0x0000000000003e81        0x1 src/windows/now_playing.c.28.o
 *fill*         0x0000000000003e82        0x2 
 .bss.no_album_art_bitmap
                0x0000000000003e84        0x4 src/windows/now_playing.c.28.o
                0x0000000000003e84                no_album_art_bitmap
 .bss.icon_fast_forward
                0x0000000000003e88        0x4 src/windows/now_playing.c.28.o
 .bss.action_bar_hidden
                0x0000000000003e8c        0x2 src/windows/now_playing.c.28.o
                0x0000000000003e8c                action_bar_hidden
 .bss.is_shown  0x0000000000003e8e        0x1 src/windows/now_playing.c.28.o
 .bss.pebble_controls_pushed_select
                0x0000000000003e8f        0x1 src/windows/now_playing.c.28.o
                0x0000000000003e8f                pebble_controls_pushed_select
 .bss.icon_pause
                0x0000000000003e90        0x4 src/windows/now_playing.c.28.o
 .bss.icon_volume_up
                0x0000000000003e94        0x4 src/windows/now_playing.c.28.o
 .bss.icon_more
                0x0000000000003e98        0x4 src/windows/now_playing.c.28.o
 .bss.action_bar_showing
                0x0000000000003e9c        0x2 src/windows/now_playing.c.28.o
                0x0000000000003e9c                action_bar_showing
 .bss.previous_play_status
                0x0000000000003e9e        0x1 src/windows/now_playing.c.28.o
                0x0000000000003e9e                previous_play_status
 *fill*         0x0000000000003e9f        0x1 
 .bss.icon_rewind
                0x0000000000003ea0        0x4 src/windows/now_playing.c.28.o
 .bss.controlling_volume
                0x0000000000003ea4        0x1 src/windows/now_playing.c.28.o
 *fill*         0x0000000000003ea5        0x3 
 .bss.icon_volume_down
                0x0000000000003ea8        0x4 src/windows/now_playing.c.28.o
 .bss.action_bar_timer_registered
                0x0000000000003eac        0x1 src/windows/now_playing.c.28.o
                0x0000000000003eac                action_bar_timer_registered
 .bss.current_jump.7687
                0x0000000000003ead        0x1 src/windows/now_playing.c.28.o
 *fill*         0x0000000000003eae        0x2 
 .bss.icon_play
                0x0000000000003eb0        0x4 src/windows/now_playing.c.28.o
 COMMON         0x0000000000003eb4        0x4 src/ipod.c.28.o
                0x0000000000003eb4                window
 COMMON         0x0000000000003eb8       0x21 src/ipod_state.c.28.o
                0x0000000000003eb8                ipod_state_callback
                0x0000000000003ebc                library_icon_album_art_bitmap
                0x0000000000003ec0                s_shuffle_mode
                0x0000000000003ec4                s_current_time
                0x0000000000003ec8                current_type
                0x0000000000003ec9                s_repeat_mode
                0x0000000000003ecc                album_art_bitmap
                0x0000000000003ed4                s_duration
                0x0000000000003ed8                s_playback_state
 *fill*         0x0000000000003ed9        0x3 
 COMMON         0x0000000000003edc        0x7 src/settings.c.28.o
                0x0000000000003edc                current_callback
                0x0000000000003ee0                current_settings
 *fill*         0x0000000000003ee3        0x1 
 COMMON         0x0000000000003ee4       0x14 src/windows/library_menus.c.28.o
                0x0000000000003ee4                menu_stack_count
                0x0000000000003ee8                menu_stack
 COMMON         0x0000000000003ef8       0x98 src/windows/main_menu.c.28.o
                0x0000000000003ef8                main_menu_window
                0x0000000000003efc                main_menu_items
                0x0000000000003f5c                main_menu_icons
                0x0000000000003f74                highlight_index
                0x0000000000003f78                main_menu_icons_inverted
 COMMON         0x0000000000003f90       0x44 src/windows/now_playing.c.28.o
                0x0000000000003f90                now_playing_timer
                0x0000000000003f94                artist_font
                0x0000000000003f98                now_playing_window
                0x0000000000003f9c                background_colour
                0x0000000000003f9d                now_playing_settings
                0x0000000000003fa0                now_playing_progress_bar
                0x0000000000003fa4                now_playing_artist_layer
                0x0000000000003fa8                now_playing_album_art_layer
                0x0000000000003fb0                now_playing_title_layer
                0x0000000000003fb4                action_bar_timer
                0x0000000000003fb8                artist_frame
                0x0000000000003fc0                control_action_bar
                0x0000000000003fc4                now_playing_graphics_layer
                0x0000000000003fc8                invert_controls_timer
                0x0000000000003fcc                now_playing_album_art_bitmap

DISCARD
 libc.a(*)
 libm.a(*)
 libgcc.a(*)
 *(.eh_frame)
OUTPUT(/Users/edwinfinch/Desktop/Lignite Music/music-pebble/build/aplite/pebble-app.elf elf32-littlearm)

.ARM.attributes
                0x0000000000000000       0x27
 .ARM.attributes
                0x0000000000000000       0x19 /usr/local/Cellar/pebble-toolchain/2.0/arm-cs-tools/bin/../lib/gcc/arm-none-eabi/4.7.2/thumb2/crti.o
 .ARM.attributes
                0x0000000000000019       0x29 /usr/local/Cellar/pebble-toolchain/2.0/arm-cs-tools/bin/../lib/gcc/arm-none-eabi/4.7.2/thumb2/crtbegin.o
 .ARM.attributes
                0x0000000000000042       0x33 src/common.c.28.o
 .ARM.attributes
                0x0000000000000075       0x33 src/gbitmap.c.28.o
 .ARM.attributes
                0x00000000000000a8       0x33 src/ipod.c.28.o
 .ARM.attributes
                0x00000000000000db       0x33 src/ipod_state.c.28.o
 .ARM.attributes
                0x000000000000010e       0x33 src/layers/marquee_text.c.28.o
 .ARM.attributes
                0x0000000000000141       0x33 src/layers/progress_bar.c.28.o
 .ARM.attributes
                0x0000000000000174       0x33 src/settings.c.28.o
 .ARM.attributes
                0x00000000000001a7       0x33 src/windows/library_menus.c.28.o
 .ARM.attributes
                0x00000000000001da       0x33 src/windows/main_menu.c.28.o
 .ARM.attributes
                0x000000000000020d       0x33 src/windows/message_window.c.28.o
 .ARM.attributes
                0x0000000000000240       0x33 src/windows/now_playing.c.28.o
 .ARM.attributes
                0x0000000000000273       0x33 aplite/appinfo.auto.c.28.o
 .ARM.attributes
                0x00000000000002a6       0x33 aplite/src/resource_ids.auto.c.28.o
 .ARM.attributes
                0x00000000000002d9       0x21 /Users/edwinfinch/Library/Application Support/Pebble SDK/SDKs/current/sdk-core/pebble/aplite/lib/libpebble.a(tmpz2MrsRpebble.o)
 .ARM.attributes
                0x00000000000002fa       0x29 /usr/local/Cellar/pebble-toolchain/2.0/arm-cs-tools/bin/../lib/gcc/arm-none-eabi/4.7.2/thumb2/crtend.o
 .ARM.attributes
                0x0000000000000323       0x19 /usr/local/Cellar/pebble-toolchain/2.0/arm-cs-tools/bin/../lib/gcc/arm-none-eabi/4.7.2/thumb2/crtn.o

.comment        0x0000000000000000       0x4e
 .comment       0x0000000000000000       0x4e /usr/local/Cellar/pebble-toolchain/2.0/arm-cs-tools/bin/../lib/gcc/arm-none-eabi/4.7.2/thumb2/crtbegin.o
                                         0x4f (size before relaxing)
 .comment       0x0000000000000000       0x4f src/common.c.28.o
 .comment       0x0000000000000000       0x4f src/gbitmap.c.28.o
 .comment       0x0000000000000000       0x4f src/ipod.c.28.o
 .comment       0x0000000000000000       0x4f src/ipod_state.c.28.o
 .comment       0x0000000000000000       0x4f src/layers/marquee_text.c.28.o
 .comment       0x0000000000000000       0x4f src/layers/progress_bar.c.28.o
 .comment       0x0000000000000000       0x4f src/settings.c.28.o
 .comment       0x0000000000000000       0x4f src/windows/library_menus.c.28.o
 .comment       0x0000000000000000       0x4f src/windows/main_menu.c.28.o
 .comment       0x0000000000000000       0x4f src/windows/message_window.c.28.o
 .comment       0x0000000000000000       0x4f src/windows/now_playing.c.28.o
 .comment       0x0000000000000000       0x4f aplite/appinfo.auto.c.28.o
 .comment       0x0000000000000000       0x4f aplite/src/resource_ids.auto.c.28.o
 .comment       0x0000000000000000       0x4f /usr/local/Cellar/pebble-toolchain/2.0/arm-cs-tools/bin/../lib/gcc/arm-none-eabi/4.7.2/thumb2/crtend.o

.debug_info     0x0000000000000000     0xa6f8
 .debug_info    0x0000000000000000      0xa09 src/common.c.28.o
 .debug_info    0x0000000000000a09       0x79 src/gbitmap.c.28.o
 .debug_info    0x0000000000000a82      0xcbe src/ipod.c.28.o
 .debug_info    0x0000000000001740     0x1679 src/ipod_state.c.28.o
 .debug_info    0x0000000000002db9      0x9cc src/layers/marquee_text.c.28.o
 .debug_info    0x0000000000003785      0x66d src/layers/progress_bar.c.28.o
 .debug_info    0x0000000000003df2      0x32e src/settings.c.28.o
 .debug_info    0x0000000000004120     0x1e3d src/windows/library_menus.c.28.o
 .debug_info    0x0000000000005f5d      0xfcc src/windows/main_menu.c.28.o
 .debug_info    0x0000000000006f29      0xf2a src/windows/message_window.c.28.o
 .debug_info    0x0000000000007e53     0x2442 src/windows/now_playing.c.28.o
 .debug_info    0x000000000000a295      0x2e6 aplite/appinfo.auto.c.28.o
 .debug_info    0x000000000000a57b      0x17d aplite/src/resource_ids.auto.c.28.o

.debug_abbrev   0x0000000000000000     0x2063
 .debug_abbrev  0x0000000000000000      0x290 src/common.c.28.o
 .debug_abbrev  0x0000000000000290       0x26 src/gbitmap.c.28.o
 .debug_abbrev  0x00000000000002b6      0x2bb src/ipod.c.28.o
 .debug_abbrev  0x0000000000000571      0x41b src/ipod_state.c.28.o
 .debug_abbrev  0x000000000000098c      0x2be src/layers/marquee_text.c.28.o
 .debug_abbrev  0x0000000000000c4a      0x2a4 src/layers/progress_bar.c.28.o
 .debug_abbrev  0x0000000000000eee      0x1b1 src/settings.c.28.o
 .debug_abbrev  0x000000000000109f      0x491 src/windows/library_menus.c.28.o
 .debug_abbrev  0x0000000000001530      0x300 src/windows/main_menu.c.28.o
 .debug_abbrev  0x0000000000001830      0x260 src/windows/message_window.c.28.o
 .debug_abbrev  0x0000000000001a90      0x507 src/windows/now_playing.c.28.o
 .debug_abbrev  0x0000000000001f97       0x88 aplite/appinfo.auto.c.28.o
 .debug_abbrev  0x000000000000201f       0x44 aplite/src/resource_ids.auto.c.28.o

.debug_loc      0x0000000000000000     0x2d38
 .debug_loc     0x0000000000000000      0x1e0 src/common.c.28.o
 .debug_loc     0x00000000000001e0      0x247 src/ipod.c.28.o
 .debug_loc     0x0000000000000427      0x612 src/ipod_state.c.28.o
 .debug_loc     0x0000000000000a39      0x2b5 src/layers/marquee_text.c.28.o
 .debug_loc     0x0000000000000cee      0x22a src/layers/progress_bar.c.28.o
 .debug_loc     0x0000000000000f18       0xbc src/settings.c.28.o
 .debug_loc     0x0000000000000fd4      0xd69 src/windows/library_menus.c.28.o
 .debug_loc     0x0000000000001d3d      0x424 src/windows/main_menu.c.28.o
 .debug_loc     0x0000000000002161      0x468 src/windows/message_window.c.28.o
 .debug_loc     0x00000000000025c9      0x76f src/windows/now_playing.c.28.o

.debug_aranges  0x0000000000000000      0x500
 .debug_aranges
                0x0000000000000000       0x48 src/common.c.28.o
 .debug_aranges
                0x0000000000000048       0x18 src/gbitmap.c.28.o
 .debug_aranges
                0x0000000000000060       0x58 src/ipod.c.28.o
 .debug_aranges
                0x00000000000000b8       0xc8 src/ipod_state.c.28.o
 .debug_aranges
                0x0000000000000180       0x68 src/layers/marquee_text.c.28.o
 .debug_aranges
                0x00000000000001e8       0x48 src/layers/progress_bar.c.28.o
 .debug_aranges
                0x0000000000000230       0x48 src/settings.c.28.o
 .debug_aranges
                0x0000000000000278       0x90 src/windows/library_menus.c.28.o
 .debug_aranges
                0x0000000000000308       0x98 src/windows/main_menu.c.28.o
 .debug_aranges
                0x00000000000003a0       0x60 src/windows/message_window.c.28.o
 .debug_aranges
                0x0000000000000400       0xd0 src/windows/now_playing.c.28.o
 .debug_aranges
                0x00000000000004d0       0x18 aplite/appinfo.auto.c.28.o
 .debug_aranges
                0x00000000000004e8       0x18 aplite/src/resource_ids.auto.c.28.o

.debug_ranges   0x0000000000000000      0x6c0
 .debug_ranges  0x0000000000000000       0x38 src/common.c.28.o
 .debug_ranges  0x0000000000000038       0x48 src/ipod.c.28.o
 .debug_ranges  0x0000000000000080      0x1e8 src/ipod_state.c.28.o
 .debug_ranges  0x0000000000000268       0x58 src/layers/marquee_text.c.28.o
 .debug_ranges  0x00000000000002c0       0x38 src/layers/progress_bar.c.28.o
 .debug_ranges  0x00000000000002f8       0x38 src/settings.c.28.o
 .debug_ranges  0x0000000000000330       0xf0 src/windows/library_menus.c.28.o
 .debug_ranges  0x0000000000000420       0xa8 src/windows/main_menu.c.28.o
 .debug_ranges  0x00000000000004c8       0x50 src/windows/message_window.c.28.o
 .debug_ranges  0x0000000000000518      0x1a8 src/windows/now_playing.c.28.o

.debug_line     0x0000000000000000     0x2905
 .debug_line    0x0000000000000000      0x25d src/common.c.28.o
 .debug_line    0x000000000000025d       0x1d src/gbitmap.c.28.o
 .debug_line    0x000000000000027a      0x37b src/ipod.c.28.o
 .debug_line    0x00000000000005f5      0x52b src/ipod_state.c.28.o
 .debug_line    0x0000000000000b20      0x312 src/layers/marquee_text.c.28.o
 .debug_line    0x0000000000000e32      0x286 src/layers/progress_bar.c.28.o
 .debug_line    0x00000000000010b8      0x25c src/settings.c.28.o
 .debug_line    0x0000000000001314      0x5c9 src/windows/library_menus.c.28.o
 .debug_line    0x00000000000018dd      0x41a src/windows/main_menu.c.28.o
 .debug_line    0x0000000000001cf7      0x398 src/windows/message_window.c.28.o
 .debug_line    0x000000000000208f      0x679 src/windows/now_playing.c.28.o
 .debug_line    0x0000000000002708      0x139 aplite/appinfo.auto.c.28.o
 .debug_line    0x0000000000002841       0xc4 aplite/src/resource_ids.auto.c.28.o

.debug_str      0x0000000000000000     0x3275
 .debug_str     0x0000000000000000      0x7d0 src/common.c.28.o
                                        0x8a1 (size before relaxing)
 .debug_str     0x00000000000007d0       0x11 src/gbitmap.c.28.o
                                         0xf0 (size before relaxing)
 .debug_str     0x00000000000007e1      0x4d8 src/ipod.c.28.o
                                        0x871 (size before relaxing)
 .debug_str     0x0000000000000cb9      0x837 src/ipod_state.c.28.o
                                        0xfc1 (size before relaxing)
 .debug_str     0x00000000000014f0      0x3b6 src/layers/marquee_text.c.28.o
                                        0x550 (size before relaxing)
 .debug_str     0x00000000000018a6      0x1ac src/layers/progress_bar.c.28.o
                                        0x3da (size before relaxing)
 .debug_str     0x0000000000001a52       0xb9 src/settings.c.28.o
                                        0x2bf (size before relaxing)
 .debug_str     0x0000000000001b0b      0x854 src/windows/library_menus.c.28.o
                                       0x136d (size before relaxing)
 .debug_str     0x000000000000235f      0x2b0 src/windows/main_menu.c.28.o
                                        0xa24 (size before relaxing)
 .debug_str     0x000000000000260f      0x148 src/windows/message_window.c.28.o
                                        0x7cf (size before relaxing)
 .debug_str     0x0000000000002757      0x825 src/windows/now_playing.c.28.o
                                       0x17ed (size before relaxing)
 .debug_str     0x0000000000002f7c      0x15d aplite/appinfo.auto.c.28.o
                                        0x25e (size before relaxing)
 .debug_str     0x00000000000030d9      0x19c aplite/src/resource_ids.auto.c.28.o
                                        0x270 (size before relaxing)

.debug_frame    0x0000000000000000      0xc70
 .debug_frame   0x0000000000000000       0x98 src/common.c.28.o
 .debug_frame   0x0000000000000098       0xf4 src/ipod.c.28.o
 .debug_frame   0x000000000000018c      0x21c src/ipod_state.c.28.o
 .debug_frame   0x00000000000003a8       0xe4 src/layers/marquee_text.c.28.o
 .debug_frame   0x000000000000048c       0x98 src/layers/progress_bar.c.28.o
 .debug_frame   0x0000000000000524       0x9c src/settings.c.28.o
 .debug_frame   0x00000000000005c0      0x1b0 src/windows/library_menus.c.28.o
 .debug_frame   0x0000000000000770      0x15c src/windows/main_menu.c.28.o
 .debug_frame   0x00000000000008cc      0x124 src/windows/message_window.c.28.o
 .debug_frame   0x00000000000009f0      0x280 src/windows/now_playing.c.28.o
