Archive member included because of file (symbol)

/Users/edwinfinch/Library/Application Support/Pebble SDK/SDKs/current/sdk-core/pebble/basalt/lib/libpebble.a(tmpzgFxQqpebble.o)
                              src/ipod.c.19.o (app_event_loop)

Allocating common symbols
Common symbol       size              file

ipod_state_callback
                    0x4               src/ipod_state.c.19.o
now_playing_timer   0x4               src/windows/now_playing.c.19.o
main_menu_items     0x60              src/windows/main_menu.c.19.o
main_menu_icons     0x18              src/windows/main_menu.c.19.o
artist_font         0x4               src/windows/now_playing.c.19.o
s_shuffle_mode      0x1               src/ipod_state.c.19.o
now_playing_window  0x4               src/windows/now_playing.c.19.o
background_colour   0x1               src/windows/now_playing.c.19.o
now_playing_settings
                    0x1               src/windows/now_playing.c.19.o
now_playing_progress_bar
                    0x4               src/windows/now_playing.c.19.o
now_playing_artist_layer
                    0x4               src/windows/now_playing.c.19.o
now_playing_album_art_layer
                    0x4               src/windows/now_playing.c.19.o
menu_stack_count    0x1               src/windows/library_menus.c.19.o
now_playing_title_layer
                    0x4               src/windows/now_playing.c.19.o
action_bar_timer    0x4               src/windows/now_playing.c.19.o
highlight_index     0x4               src/windows/main_menu.c.19.o
s_current_time      0x4               src/ipod_state.c.19.o
main_menu_icons_inverted
                    0x18              src/windows/main_menu.c.19.o
now_playing_album_layer
                    0x4               src/windows/now_playing.c.19.o
current_type        0x1               src/ipod_state.c.19.o
no_album_art_bitmap
                    0x4               src/windows/now_playing.c.19.o
s_repeat_mode       0x1               src/ipod_state.c.19.o
current_settings    0x1               src/settings.c.19.o
album_art_bitmap    0x4               src/ipod_state.c.19.o
s_duration          0x4               src/ipod_state.c.19.o
main_menu_layer     0x4               src/windows/main_menu.c.19.o
menu_stack          0x10              src/windows/library_menus.c.19.o
window              0x4               src/ipod.c.19.o
control_action_bar  0x4               src/windows/now_playing.c.19.o
now_playing_graphics_layer
                    0x4               src/windows/now_playing.c.19.o
s_playback_state    0x1               src/ipod_state.c.19.o
now_playing_album_art_bitmap
                    0x4               src/windows/now_playing.c.19.o

Discarded input sections

 .text          0x0000000000000000        0x0 /usr/local/Cellar/pebble-toolchain/2.0/arm-cs-tools/bin/../lib/gcc/arm-none-eabi/4.7.2/thumb2/crti.o
 .bss           0x0000000000000000        0x0 /usr/local/Cellar/pebble-toolchain/2.0/arm-cs-tools/bin/../lib/gcc/arm-none-eabi/4.7.2/thumb2/crti.o
 .init          0x0000000000000000        0x4 /usr/local/Cellar/pebble-toolchain/2.0/arm-cs-tools/bin/../lib/gcc/arm-none-eabi/4.7.2/thumb2/crti.o
 .fini          0x0000000000000000        0x4 /usr/local/Cellar/pebble-toolchain/2.0/arm-cs-tools/bin/../lib/gcc/arm-none-eabi/4.7.2/thumb2/crti.o
 .text          0x0000000000000000       0xc8 /usr/local/Cellar/pebble-toolchain/2.0/arm-cs-tools/bin/../lib/gcc/arm-none-eabi/4.7.2/thumb2/crtbegin.o
 .bss           0x0000000000000000       0x1c /usr/local/Cellar/pebble-toolchain/2.0/arm-cs-tools/bin/../lib/gcc/arm-none-eabi/4.7.2/thumb2/crtbegin.o
 .init_array    0x0000000000000000        0x4 /usr/local/Cellar/pebble-toolchain/2.0/arm-cs-tools/bin/../lib/gcc/arm-none-eabi/4.7.2/thumb2/crtbegin.o
 .fini_array    0x0000000000000000        0x4 /usr/local/Cellar/pebble-toolchain/2.0/arm-cs-tools/bin/../lib/gcc/arm-none-eabi/4.7.2/thumb2/crtbegin.o
 .eh_frame      0x0000000000000000        0x0 /usr/local/Cellar/pebble-toolchain/2.0/arm-cs-tools/bin/../lib/gcc/arm-none-eabi/4.7.2/thumb2/crtbegin.o
 .jcr           0x0000000000000000        0x0 /usr/local/Cellar/pebble-toolchain/2.0/arm-cs-tools/bin/../lib/gcc/arm-none-eabi/4.7.2/thumb2/crtbegin.o
 .tm_clone_table
                0x0000000000000000        0x0 /usr/local/Cellar/pebble-toolchain/2.0/arm-cs-tools/bin/../lib/gcc/arm-none-eabi/4.7.2/thumb2/crtbegin.o
 .text          0x0000000000000000        0x0 src/common.c.19.o
 .bss           0x0000000000000000        0x0 src/common.c.19.o
 .text.reset_sequence_number
                0x0000000000000000       0x22 src/common.c.19.o
 .text          0x0000000000000000        0x0 src/gbitmap.c.19.o
 .bss           0x0000000000000000        0x0 src/gbitmap.c.19.o
 .text.get_gbitmapformat_text
                0x0000000000000000       0x4c src/gbitmap.c.19.o
 .text.gbitmap_fill_all_except
                0x0000000000000000       0x6e src/gbitmap.c.19.o
 .text.gbitmap_color_palette_contains_color
[...]
Memory Configuration

Name             Origin             Length             Attributes
APP              0x0000000000000000 0x0000000000010000 xrw
*default*        0x0000000000000000 0xffffffffffffffff

Linker script and memory map

LOAD /usr/local/Cellar/pebble-toolchain/2.0/arm-cs-tools/bin/../lib/gcc/arm-none-eabi/4.7.2/thumb2/crti.o
LOAD /usr/local/Cellar/pebble-toolchain/2.0/arm-cs-tools/bin/../lib/gcc/arm-none-eabi/4.7.2/thumb2/crtbegin.o
LOAD src/common.c.19.o
LOAD src/gbitmap.c.19.o
LOAD src/ipod.c.19.o
LOAD src/ipod_state.c.19.o
LOAD src/layers/marquee_text.c.19.o
LOAD src/layers/progress_bar.c.19.o
LOAD src/settings.c.19.o
LOAD src/windows/library_menus.c.19.o
LOAD src/windows/main_menu.c.19.o
LOAD src/windows/now_playing.c.19.o
LOAD basalt/appinfo.auto.c.19.o
LOAD basalt/src/resource_ids.auto.c.19.o
LOAD /Users/edwinfinch/Library/Application Support/Pebble SDK/SDKs/current/sdk-core/pebble/basalt/lib/libpebble.a
START GROUP
LOAD /usr/local/Cellar/pebble-toolchain/2.0/arm-cs-tools/bin/../lib/gcc/arm-none-eabi/4.7.2/thumb2/libgcc.a
LOAD /usr/local/Cellar/pebble-toolchain/2.0/arm-cs-tools/bin/../lib/gcc/arm-none-eabi/4.7.2/../../../../arm-none-eabi/lib/thumb2/libc.a
END GROUP
LOAD /usr/local/Cellar/pebble-toolchain/2.0/arm-cs-tools/bin/../lib/gcc/arm-none-eabi/4.7.2/thumb2/crtend.o
LOAD /usr/local/Cellar/pebble-toolchain/2.0/arm-cs-tools/bin/../lib/gcc/arm-none-eabi/4.7.2/thumb2/crtn.o

.header         0x0000000000000000       0x82
 *(.pbl_header)
 .pbl_header    0x0000000000000000       0x82 basalt/appinfo.auto.c.19.o
                0x0000000000000000                __pbl_app_info

.note.gnu.build-id
                0x0000000000000082       0x26
                0x0000000000000082                PROVIDE (BUILD_ID, .)
 *(.note.gnu.build-id)
 *fill*         0x0000000000000082        0x2 
 .note.gnu.build-id
                0x0000000000000084       0x24 linker stubs

.text           0x00000000000000a8     0x2787
 *(.text)
 .text          0x00000000000000a8       0x14 /Users/edwinfinch/Library/Application Support/Pebble SDK/SDKs/current/sdk-core/pebble/basalt/lib/libpebble.a(tmpzgFxQqpebble.o)
 *(.text.*)
 .text.on_animation_stopped
                0x00000000000000bc        0x2 src/common.c.19.o
                0x00000000000000bc                on_animation_stopped
 *fill*         0x00000000000000be        0x2 
 .text.ipod_message_timer_fire
                0x00000000000000c0       0x2c src/common.c.19.o
                0x00000000000000c0                ipod_message_timer_fire
 .text.animate_layer
                0x00000000000000ec       0x54 src/common.c.19.o
                0x00000000000000ec                animate_layer
 .text.ipod_message_outbox_get
                0x0000000000000140       0x38 src/common.c.19.o
                0x0000000000000140                ipod_message_outbox_get
 .text.ipod_message_destroy
                0x0000000000000178       0x14 src/common.c.19.o
                0x0000000000000178                ipod_message_destroy
 .text.get_num_palette_colors
                0x000000000000018c       0x20 src/gbitmap.c.19.o
                0x000000000000018c                get_num_palette_colors
 .text.replace_gbitmap_color
                0x00000000000001ac       0x50 src/gbitmap.c.19.o
                0x00000000000001ac                replace_gbitmap_color
 .text.failed_outbox
                0x00000000000001fc       0x20 src/ipod.c.19.o
                0x00000000000001fc                failed_outbox
 .text.dropped_inbox
                0x000000000000021c       0x20 src/ipod.c.19.o
                0x000000000000021c                dropped_inbox
 .text.tick_handler
                0x000000000000023c        0xe src/ipod.c.19.o
                0x000000000000023c                tick_handler
 *fill*         0x000000000000024a        0x2 
 .text.ipod_init
                0x000000000000024c       0x30 src/ipod.c.19.o
                0x000000000000024c                ipod_init
 .text.ipod_app_timer_handler
                0x000000000000027c        0xe src/ipod.c.19.o
                0x000000000000027c                ipod_app_timer_handler
 *fill*         0x000000000000028a        0x2 
 .text.startup.main
                0x000000000000028c       0x48 src/ipod.c.19.o
                0x000000000000028c                main
 .text.create_bitmap
                0x00000000000002d4       0x3c src/ipod_state.c.19.o
                0x00000000000002d4                create_bitmap
 .text.ipod_state_tick
                0x0000000000000310       0x5c src/ipod_state.c.19.o
                0x0000000000000310                ipod_state_tick
 .text.ipod_state_set_callback
                0x000000000000036c       0x14 src/ipod_state.c.19.o
                0x000000000000036c                ipod_state_set_callback
 .text.ipod_state_current_time
                0x0000000000000380       0x14 src/ipod_state.c.19.o
                0x0000000000000380                ipod_state_current_time
 .text.ipod_state_duration
                0x0000000000000394       0x14 src/ipod_state.c.19.o
                0x0000000000000394                ipod_state_duration
 .text.ipod_get_playback_state
                0x00000000000003a8       0x14 src/ipod_state.c.19.o
                0x00000000000003a8                ipod_get_playback_state
 .text.ipod_get_album
                0x00000000000003bc        0xc src/ipod_state.c.19.o
                0x00000000000003bc                ipod_get_album
 .text.ipod_get_artist
                0x00000000000003c8        0xc src/ipod_state.c.19.o
                0x00000000000003c8                ipod_get_artist
 .text.ipod_get_title
                0x00000000000003d4        0xc src/ipod_state.c.19.o
                0x00000000000003d4                ipod_get_title
 .text.call_callback
                0x00000000000003e0       0x38 src/ipod_state.c.19.o
                0x00000000000003e0                call_callback
 .text.process_album_art_tuple
                0x0000000000000418      0x198 src/ipod_state.c.19.o
                0x0000000000000418                process_album_art_tuple
 .text.process_tuple
                0x00000000000005b0      0x140 src/ipod_state.c.19.o
                0x00000000000005b0                process_tuple
 .text.ipod_received_handler
                0x00000000000006f0       0x3c src/ipod_state.c.19.o
                0x00000000000006f0                ipod_received_handler
 .text.ipod_state_create
                0x000000000000072c       0x30 src/ipod_state.c.19.o
                0x000000000000072c                ipod_state_create
 .text.marquee_text_layer_update_proc
                0x000000000000075c      0x186 src/layers/marquee_text.c.19.o
                0x000000000000075c                marquee_text_layer_update_proc
 *fill*         0x00000000000008e2        0x2 
 .text.marquee_text_layer_destroy
                0x00000000000008e4       0x34 src/layers/marquee_text.c.19.o
                0x00000000000008e4                marquee_text_layer_destroy
 .text.marquee_text_layer_get_layer
                0x0000000000000918        0x4 src/layers/marquee_text.c.19.o
                0x0000000000000918                marquee_text_layer_get_layer
 .text.marquee_text_layer_mark_dirty
                0x000000000000091c       0x14 src/layers/marquee_text.c.19.o
                0x000000000000091c                marquee_text_layer_mark_dirty
 .text.marquee_text_layer_set_font
                0x0000000000000930        0x6 src/layers/marquee_text.c.19.o
                0x0000000000000930                marquee_text_layer_set_font
 .text.marquee_text_layer_set_text
                0x0000000000000936        0x6 src/layers/marquee_text.c.19.o
                0x0000000000000936                marquee_text_layer_set_text
 .text.marquee_text_layer_create
                0x000000000000093c       0x90 src/layers/marquee_text.c.19.o
                0x000000000000093c                marquee_text_layer_create
 .text.marquee_text_layer_tick
                0x00000000000009cc       0x30 src/layers/marquee_text.c.19.o
                0x00000000000009cc                marquee_text_layer_tick
 .text.progress_bar_update_proc
                0x00000000000009fc       0x5e src/layers/progress_bar.c.19.o
 *fill*         0x0000000000000a5a        0x2 
 .text.progress_bar_layer_create
                0x0000000000000a5c       0x44 src/layers/progress_bar.c.19.o
                0x0000000000000a5c                progress_bar_layer_create
 .text.progress_bar_layer_destroy
                0x0000000000000aa0       0x14 src/layers/progress_bar.c.19.o
                0x0000000000000aa0                progress_bar_layer_destroy
 .text.progress_bar_layer_get_layer
                0x0000000000000ab4        0x4 src/layers/progress_bar.c.19.o
                0x0000000000000ab4                progress_bar_layer_get_layer
 .text.progress_bar_layer_set_range
                0x0000000000000ab8        0xe src/layers/progress_bar.c.19.o
                0x0000000000000ab8                progress_bar_layer_set_range
 .text.progress_bar_layer_set_value
                0x0000000000000ac6        0xc src/layers/progress_bar.c.19.o
                0x0000000000000ac6                progress_bar_layer_set_value
 *fill*         0x0000000000000ad2        0x2 
 .text.settings_get_settings
                0x0000000000000ad4       0x18 src/settings.c.19.o
                0x0000000000000ad4                settings_get_settings
 .text.settings_load
                0x0000000000000aec       0x3c src/settings.c.19.o
                0x0000000000000aec                settings_load
 .text.settings_save
                0x0000000000000b28       0x3c src/settings.c.19.o
                0x0000000000000b28                settings_save
 .text.get_num_rows
                0x0000000000000b64       0x10 src/windows/library_menus.c.19.o
                0x0000000000000b64                get_num_rows
 .text.draw_row
                0x0000000000000b74       0x22 src/windows/library_menus.c.19.o
                0x0000000000000b74                draw_row
 *fill*         0x0000000000000b96        0x2 
 .text.library_menus_window_unload
                0x0000000000000b98       0x54 src/windows/library_menus.c.19.o
                0x0000000000000b98                library_menus_window_unload
 .text.library_menus_create
                0x0000000000000bec       0x18 src/windows/library_menus.c.19.o
                0x0000000000000bec                library_menus_create
 .text.build_parent_history
                0x0000000000000c04       0xb0 src/windows/library_menus.c.19.o
                0x0000000000000c04                build_parent_history
 .text.send_library_request
                0x0000000000000cb4       0x58 src/windows/library_menus.c.19.o
                0x0000000000000cb4                send_library_request
 .text.selection_changed
                0x0000000000000d0c      0x10c src/windows/library_menus.c.19.o
                0x0000000000000d0c                selection_changed
 .text.play_track
                0x0000000000000e18       0x78 src/windows/library_menus.c.19.o
                0x0000000000000e18                play_track
 .text.library_menus_display_view
                0x0000000000000e90      0x194 src/windows/library_menus.c.19.o
                0x0000000000000e90                library_menus_display_view
 .text.select_click
                0x0000000000001024       0x50 src/windows/library_menus.c.19.o
                0x0000000000001024                select_click
 .text.library_menus_inbox
                0x0000000000001074      0x1d8 src/windows/library_menus.c.19.o
                0x0000000000001074                library_menus_inbox
 .text.main_menu_get_num_sections
                0x000000000000124c        0x4 src/windows/main_menu.c.19.o
                0x000000000000124c                main_menu_get_num_sections
 .text.menu_get_num_rows_callback
                0x0000000000001250        0x4 src/windows/main_menu.c.19.o
                0x0000000000001250                menu_get_num_rows_callback
 .text.menu_get_header_height_callback
                0x0000000000001254        0x4 src/windows/main_menu.c.19.o
                0x0000000000001254                menu_get_header_height_callback
 .text.menu_select_callback
                0x0000000000001258       0x20 src/windows/main_menu.c.19.o
                0x0000000000001258                menu_select_callback
 .text.open_composer_list
                0x0000000000001278        0x6 src/windows/main_menu.c.19.o
                0x0000000000001278                open_composer_list
 .text.open_genre_list
                0x000000000000127e        0x6 src/windows/main_menu.c.19.o
                0x000000000000127e                open_genre_list
 .text.open_playlist_list
                0x0000000000001284        0x6 src/windows/main_menu.c.19.o
                0x0000000000001284                open_playlist_list
 .text.open_album_list
                0x000000000000128a        0x6 src/windows/main_menu.c.19.o
                0x000000000000128a                open_album_list
 .text.open_artist_list
                0x0000000000001290        0x6 src/windows/main_menu.c.19.o
                0x0000000000001290                open_artist_list
 .text.open_now_playing
                0x0000000000001296        0x4 src/windows/main_menu.c.19.o
                0x0000000000001296                open_now_playing
 *fill*         0x000000000000129a        0x2 
 .text.menu_draw_row_callback
                0x000000000000129c       0x70 src/windows/main_menu.c.19.o
                0x000000000000129c                menu_draw_row_callback
 .text.menu_selection_changed
                0x000000000000130c       0x2c src/windows/main_menu.c.19.o
                0x000000000000130c                menu_selection_changed
 .text.update_highlight_colours
                0x0000000000001338       0x38 src/windows/main_menu.c.19.o
                0x0000000000001338                update_highlight_colours
 .text.main_menu_create
                0x0000000000001370      0x168 src/windows/main_menu.c.19.o
                0x0000000000001370                main_menu_create
 .text.now_playing_window_unload
                0x00000000000014d8       0xb8 src/windows/now_playing.c.19.o
                0x00000000000014d8                now_playing_window_unload
 .text.now_playing_click_config_provider
                0x0000000000001590       0x44 src/windows/now_playing.c.19.o
                0x0000000000001590                now_playing_click_config_provider
 .text.animate_action_bar
                0x00000000000015d4       0x80 src/windows/now_playing.c.19.o
                0x00000000000015d4                animate_action_bar
 .text.now_playing_graphics_proc
                0x0000000000001654       0x98 src/windows/now_playing.c.19.o
                0x0000000000001654                now_playing_graphics_proc
 .text.display_no_album
                0x00000000000016ec       0x20 src/windows/now_playing.c.19.o
                0x00000000000016ec                display_no_album
 .text.now_playing_is_playing_music
                0x000000000000170c        0xe src/windows/now_playing.c.19.o
                0x000000000000170c                now_playing_is_playing_music
 .text.now_playing_send_state_change
                0x000000000000171a       0x26 src/windows/now_playing.c.19.o
                0x000000000000171a                now_playing_send_state_change
 .text.now_playing_set_album_art
                0x0000000000001740       0x50 src/windows/now_playing.c.19.o
                0x0000000000001740                now_playing_set_album_art
 .text.now_playing_tick
                0x0000000000001790       0x58 src/windows/now_playing.c.19.o
                0x0000000000001790                now_playing_tick
 .text.now_playing_animation_tick
                0x00000000000017e8       0x3c src/windows/now_playing.c.19.o
                0x00000000000017e8                now_playing_animation_tick
 .text.now_playing_action_bar_handle
                0x0000000000001824       0xc8 src/windows/now_playing.c.19.o
                0x0000000000001824                now_playing_action_bar_handle
 .text.now_playing_long_clicked_select
                0x00000000000018ec       0x88 src/windows/now_playing.c.19.o
                0x00000000000018ec                now_playing_long_clicked_select
 .text.now_playing_clicked_down
                0x0000000000001974       0x24 src/windows/now_playing.c.19.o
                0x0000000000001974                now_playing_clicked_down
 .text.now_playing_clicked_select
                0x0000000000001998       0x12 src/windows/now_playing.c.19.o
                0x0000000000001998                now_playing_clicked_select
 *fill*         0x00000000000019aa        0x2 
 .text.now_playing_clicked_up
                0x00000000000019ac       0x24 src/windows/now_playing.c.19.o
                0x00000000000019ac                now_playing_clicked_up
 .text.now_playing_state_callback
                0x00000000000019d0       0xdc src/windows/now_playing.c.19.o
                0x00000000000019d0                now_playing_state_callback
 .text.now_playing_window_load
                0x0000000000001aac      0x2cc src/windows/now_playing.c.19.o
                0x0000000000001aac                now_playing_window_load
 .text.now_playing_show
                0x0000000000001d78       0x68 src/windows/now_playing.c.19.o
                0x0000000000001d78                now_playing_show
 .text.app_event_loop
                0x0000000000001de0        0xc /Users/edwinfinch/Library/Application Support/Pebble SDK/SDKs/current/sdk-core/pebble/basalt/lib/libpebble.a(tmpzgFxQqpebble.o)
                0x0000000000001de0                app_event_loop
 .text.app_log  0x0000000000001dec        0xc /Users/edwinfinch/Library/Application Support/Pebble SDK/SDKs/current/sdk-core/pebble/basalt/lib/libpebble.a(tmpzgFxQqpebble.o)
                0x0000000000001dec                app_log
 .text.app_message_open
                0x0000000000001df8        0xc /Users/edwinfinch/Library/Application Support/Pebble SDK/SDKs/current/sdk-core/pebble/basalt/lib/libpebble.a(tmpzgFxQqpebble.o)
                0x0000000000001df8                app_message_open
 .text.app_timer_cancel
                0x0000000000001e04        0xc /Users/edwinfinch/Library/Application Support/Pebble SDK/SDKs/current/sdk-core/pebble/basalt/lib/libpebble.a(tmpzgFxQqpebble.o)
                0x0000000000001e04                app_timer_cancel
 .text.app_timer_register
                0x0000000000001e10        0xc /Users/edwinfinch/Library/Application Support/Pebble SDK/SDKs/current/sdk-core/pebble/basalt/lib/libpebble.a(tmpzgFxQqpebble.o)
                0x0000000000001e10                app_timer_register
 .text.bitmap_layer_create
                0x0000000000001e1c        0xc /Users/edwinfinch/Library/Application Support/Pebble SDK/SDKs/current/sdk-core/pebble/basalt/lib/libpebble.a(tmpzgFxQqpebble.o)
                0x0000000000001e1c                bitmap_layer_create
 .text.bitmap_layer_get_layer
                0x0000000000001e28        0xc /Users/edwinfinch/Library/Application Support/Pebble SDK/SDKs/current/sdk-core/pebble/basalt/lib/libpebble.a(tmpzgFxQqpebble.o)
                0x0000000000001e28                bitmap_layer_get_layer
 .text.bitmap_layer_set_bitmap
                0x0000000000001e34        0xc /Users/edwinfinch/Library/Application Support/Pebble SDK/SDKs/current/sdk-core/pebble/basalt/lib/libpebble.a(tmpzgFxQqpebble.o)
                0x0000000000001e34                bitmap_layer_set_bitmap
 .text.dict_find
                0x0000000000001e40        0xc /Users/edwinfinch/Library/Application Support/Pebble SDK/SDKs/current/sdk-core/pebble/basalt/lib/libpebble.a(tmpzgFxQqpebble.o)
                0x0000000000001e40                dict_find
 .text.dict_read_first
                0x0000000000001e4c        0xc /Users/edwinfinch/Library/Application Support/Pebble SDK/SDKs/current/sdk-core/pebble/basalt/lib/libpebble.a(tmpzgFxQqpebble.o)
                0x0000000000001e4c                dict_read_first
 .text.dict_read_next
                0x0000000000001e58        0xc /Users/edwinfinch/Library/Application Support/Pebble SDK/SDKs/current/sdk-core/pebble/basalt/lib/libpebble.a(tmpzgFxQqpebble.o)
                0x0000000000001e58                dict_read_next
 .text.dict_write_data
                0x0000000000001e64        0xc /Users/edwinfinch/Library/Application Support/Pebble SDK/SDKs/current/sdk-core/pebble/basalt/lib/libpebble.a(tmpzgFxQqpebble.o)
                0x0000000000001e64                dict_write_data
 .text.dict_write_int32
                0x0000000000001e70        0xc /Users/edwinfinch/Library/Application Support/Pebble SDK/SDKs/current/sdk-core/pebble/basalt/lib/libpebble.a(tmpzgFxQqpebble.o)
                0x0000000000001e70                dict_write_int32
 .text.dict_write_int8
                0x0000000000001e7c        0xc /Users/edwinfinch/Library/Application Support/Pebble SDK/SDKs/current/sdk-core/pebble/basalt/lib/libpebble.a(tmpzgFxQqpebble.o)
                0x0000000000001e7c                dict_write_int8
 .text.dict_write_uint16
                0x0000000000001e88        0xc /Users/edwinfinch/Library/Application Support/Pebble SDK/SDKs/current/sdk-core/pebble/basalt/lib/libpebble.a(tmpzgFxQqpebble.o)
                0x0000000000001e88                dict_write_uint16
 .text.dict_write_uint32
                0x0000000000001e94        0xc /Users/edwinfinch/Library/Application Support/Pebble SDK/SDKs/current/sdk-core/pebble/basalt/lib/libpebble.a(tmpzgFxQqpebble.o)
                0x0000000000001e94                dict_write_uint32
 .text.dict_write_uint8
                0x0000000000001ea0        0xc /Users/edwinfinch/Library/Application Support/Pebble SDK/SDKs/current/sdk-core/pebble/basalt/lib/libpebble.a(tmpzgFxQqpebble.o)
                0x0000000000001ea0                dict_write_uint8
 .text.fonts_get_system_font
                0x0000000000001eac        0xc /Users/edwinfinch/Library/Application Support/Pebble SDK/SDKs/current/sdk-core/pebble/basalt/lib/libpebble.a(tmpzgFxQqpebble.o)
                0x0000000000001eac                fonts_get_system_font
 .text.free     0x0000000000001eb8        0xc /Users/edwinfinch/Library/Application Support/Pebble SDK/SDKs/current/sdk-core/pebble/basalt/lib/libpebble.a(tmpzgFxQqpebble.o)
                0x0000000000001eb8                free
 .text.gbitmap_create_with_resource
                0x0000000000001ec4        0xc /Users/edwinfinch/Library/Application Support/Pebble SDK/SDKs/current/sdk-core/pebble/basalt/lib/libpebble.a(tmpzgFxQqpebble.o)
                0x0000000000001ec4                gbitmap_create_with_resource
 .text.gbitmap_destroy
                0x0000000000001ed0        0xc /Users/edwinfinch/Library/Application Support/Pebble SDK/SDKs/current/sdk-core/pebble/basalt/lib/libpebble.a(tmpzgFxQqpebble.o)
                0x0000000000001ed0                gbitmap_destroy
 .text.graphics_context_set_compositing_mode
                0x0000000000001edc        0xc /Users/edwinfinch/Library/Application Support/Pebble SDK/SDKs/current/sdk-core/pebble/basalt/lib/libpebble.a(tmpzgFxQqpebble.o)
                0x0000000000001edc                graphics_context_set_compositing_mode
 .text.graphics_fill_rect
                0x0000000000001ee8        0xc /Users/edwinfinch/Library/Application Support/Pebble SDK/SDKs/current/sdk-core/pebble/basalt/lib/libpebble.a(tmpzgFxQqpebble.o)
                0x0000000000001ee8                graphics_fill_rect
 .text.layer_add_child
                0x0000000000001ef4        0xc /Users/edwinfinch/Library/Application Support/Pebble SDK/SDKs/current/sdk-core/pebble/basalt/lib/libpebble.a(tmpzgFxQqpebble.o)
                0x0000000000001ef4                layer_add_child
 .text.layer_create
                0x0000000000001f00        0xc /Users/edwinfinch/Library/Application Support/Pebble SDK/SDKs/current/sdk-core/pebble/basalt/lib/libpebble.a(tmpzgFxQqpebble.o)
                0x0000000000001f00                layer_create
 .text.layer_create_with_data
                0x0000000000001f0c        0xc /Users/edwinfinch/Library/Application Support/Pebble SDK/SDKs/current/sdk-core/pebble/basalt/lib/libpebble.a(tmpzgFxQqpebble.o)
                0x0000000000001f0c                layer_create_with_data
 .text.layer_destroy
                0x0000000000001f18        0xc /Users/edwinfinch/Library/Application Support/Pebble SDK/SDKs/current/sdk-core/pebble/basalt/lib/libpebble.a(tmpzgFxQqpebble.o)
                0x0000000000001f18                layer_destroy
 .text.layer_get_bounds
                0x0000000000001f24        0xc /Users/edwinfinch/Library/Application Support/Pebble SDK/SDKs/current/sdk-core/pebble/basalt/lib/libpebble.a(tmpzgFxQqpebble.o)
                0x0000000000001f24                layer_get_bounds
 .text.layer_get_data
                0x0000000000001f30        0xc /Users/edwinfinch/Library/Application Support/Pebble SDK/SDKs/current/sdk-core/pebble/basalt/lib/libpebble.a(tmpzgFxQqpebble.o)
                0x0000000000001f30                layer_get_data
 .text.layer_get_frame
                0x0000000000001f3c        0xc /Users/edwinfinch/Library/Application Support/Pebble SDK/SDKs/current/sdk-core/pebble/basalt/lib/libpebble.a(tmpzgFxQqpebble.o)
                0x0000000000001f3c                layer_get_frame
 .text.layer_mark_dirty
                0x0000000000001f48        0xc /Users/edwinfinch/Library/Application Support/Pebble SDK/SDKs/current/sdk-core/pebble/basalt/lib/libpebble.a(tmpzgFxQqpebble.o)
                0x0000000000001f48                layer_mark_dirty
 .text.layer_set_bounds
                0x0000000000001f54        0xc /Users/edwinfinch/Library/Application Support/Pebble SDK/SDKs/current/sdk-core/pebble/basalt/lib/libpebble.a(tmpzgFxQqpebble.o)
                0x0000000000001f54                layer_set_bounds
 .text.layer_set_update_proc
                0x0000000000001f60        0xc /Users/edwinfinch/Library/Application Support/Pebble SDK/SDKs/current/sdk-core/pebble/basalt/lib/libpebble.a(tmpzgFxQqpebble.o)
                0x0000000000001f60                layer_set_update_proc
 .text.malloc   0x0000000000001f6c        0xc /Users/edwinfinch/Library/Application Support/Pebble SDK/SDKs/current/sdk-core/pebble/basalt/lib/libpebble.a(tmpzgFxQqpebble.o)
                0x0000000000001f6c                malloc
 .text.memcpy   0x0000000000001f78        0xc /Users/edwinfinch/Library/Application Support/Pebble SDK/SDKs/current/sdk-core/pebble/basalt/lib/libpebble.a(tmpzgFxQqpebble.o)
                0x0000000000001f78                memcpy
 .text.memmove  0x0000000000001f84        0xc /Users/edwinfinch/Library/Application Support/Pebble SDK/SDKs/current/sdk-core/pebble/basalt/lib/libpebble.a(tmpzgFxQqpebble.o)
                0x0000000000001f84                memmove
 .text.memset   0x0000000000001f90        0xc /Users/edwinfinch/Library/Application Support/Pebble SDK/SDKs/current/sdk-core/pebble/basalt/lib/libpebble.a(tmpzgFxQqpebble.o)
                0x0000000000001f90                memset
 .text.menu_cell_basic_draw
                0x0000000000001f9c        0xc /Users/edwinfinch/Library/Application Support/Pebble SDK/SDKs/current/sdk-core/pebble/basalt/lib/libpebble.a(tmpzgFxQqpebble.o)
                0x0000000000001f9c                menu_cell_basic_draw
 .text.menu_layer_destroy
                0x0000000000001fa8        0xc /Users/edwinfinch/Library/Application Support/Pebble SDK/SDKs/current/sdk-core/pebble/basalt/lib/libpebble.a(tmpzgFxQqpebble.o)
                0x0000000000001fa8                menu_layer_destroy
 .text.menu_layer_get_layer
                0x0000000000001fb4        0xc /Users/edwinfinch/Library/Application Support/Pebble SDK/SDKs/current/sdk-core/pebble/basalt/lib/libpebble.a(tmpzgFxQqpebble.o)
                0x0000000000001fb4                menu_layer_get_layer
 .text.menu_layer_reload_data
                0x0000000000001fc0        0xc /Users/edwinfinch/Library/Application Support/Pebble SDK/SDKs/current/sdk-core/pebble/basalt/lib/libpebble.a(tmpzgFxQqpebble.o)
                0x0000000000001fc0                menu_layer_reload_data
 .text.menu_layer_set_click_config_onto_window
                0x0000000000001fcc        0xc /Users/edwinfinch/Library/Application Support/Pebble SDK/SDKs/current/sdk-core/pebble/basalt/lib/libpebble.a(tmpzgFxQqpebble.o)
                0x0000000000001fcc                menu_layer_set_click_config_onto_window
 .text.strcmp   0x0000000000001fd8        0xc /Users/edwinfinch/Library/Application Support/Pebble SDK/SDKs/current/sdk-core/pebble/basalt/lib/libpebble.a(tmpzgFxQqpebble.o)
                0x0000000000001fd8                strcmp
 .text.strlen   0x0000000000001fe4        0xc /Users/edwinfinch/Library/Application Support/Pebble SDK/SDKs/current/sdk-core/pebble/basalt/lib/libpebble.a(tmpzgFxQqpebble.o)
                0x0000000000001fe4                strlen
 .text.strncpy  0x0000000000001ff0        0xc /Users/edwinfinch/Library/Application Support/Pebble SDK/SDKs/current/sdk-core/pebble/basalt/lib/libpebble.a(tmpzgFxQqpebble.o)
                0x0000000000001ff0                strncpy
 .text.tick_timer_service_subscribe
                0x0000000000001ffc        0xc /Users/edwinfinch/Library/Application Support/Pebble SDK/SDKs/current/sdk-core/pebble/basalt/lib/libpebble.a(tmpzgFxQqpebble.o)
                0x0000000000001ffc                tick_timer_service_subscribe
 .text.vibes_enqueue_custom_pattern
                0x0000000000002008        0xc /Users/edwinfinch/Library/Application Support/Pebble SDK/SDKs/current/sdk-core/pebble/basalt/lib/libpebble.a(tmpzgFxQqpebble.o)
                0x0000000000002008                vibes_enqueue_custom_pattern
 .text.window_create
                0x0000000000002014        0xc /Users/edwinfinch/Library/Application Support/Pebble SDK/SDKs/current/sdk-core/pebble/basalt/lib/libpebble.a(tmpzgFxQqpebble.o)
                0x0000000000002014                window_create
 .text.window_destroy
                0x0000000000002020        0xc /Users/edwinfinch/Library/Application Support/Pebble SDK/SDKs/current/sdk-core/pebble/basalt/lib/libpebble.a(tmpzgFxQqpebble.o)
                0x0000000000002020                window_destroy
 .text.window_get_root_layer
                0x000000000000202c        0xc /Users/edwinfinch/Library/Application Support/Pebble SDK/SDKs/current/sdk-core/pebble/basalt/lib/libpebble.a(tmpzgFxQqpebble.o)
                0x000000000000202c                window_get_root_layer
 .text.window_set_window_handlers
                0x0000000000002038        0xc /Users/edwinfinch/Library/Application Support/Pebble SDK/SDKs/current/sdk-core/pebble/basalt/lib/libpebble.a(tmpzgFxQqpebble.o)
                0x0000000000002038                window_set_window_handlers
 .text.window_stack_push
                0x0000000000002044        0xc /Users/edwinfinch/Library/Application Support/Pebble SDK/SDKs/current/sdk-core/pebble/basalt/lib/libpebble.a(tmpzgFxQqpebble.o)
                0x0000000000002044                window_stack_push
 .text.app_message_outbox_begin
                0x0000000000002050        0xc /Users/edwinfinch/Library/Application Support/Pebble SDK/SDKs/current/sdk-core/pebble/basalt/lib/libpebble.a(tmpzgFxQqpebble.o)
                0x0000000000002050                app_message_outbox_begin
 .text.app_message_outbox_send
                0x000000000000205c        0xc /Users/edwinfinch/Library/Application Support/Pebble SDK/SDKs/current/sdk-core/pebble/basalt/lib/libpebble.a(tmpzgFxQqpebble.o)
                0x000000000000205c                app_message_outbox_send
 .text.app_message_register_inbox_dropped
                0x0000000000002068        0xc /Users/edwinfinch/Library/Application Support/Pebble SDK/SDKs/current/sdk-core/pebble/basalt/lib/libpebble.a(tmpzgFxQqpebble.o)
                0x0000000000002068                app_message_register_inbox_dropped
 .text.app_message_register_inbox_received
                0x0000000000002074        0xc /Users/edwinfinch/Library/Application Support/Pebble SDK/SDKs/current/sdk-core/pebble/basalt/lib/libpebble.a(tmpzgFxQqpebble.o)
                0x0000000000002074                app_message_register_inbox_received
 .text.app_message_register_outbox_failed
                0x0000000000002080        0xc /Users/edwinfinch/Library/Application Support/Pebble SDK/SDKs/current/sdk-core/pebble/basalt/lib/libpebble.a(tmpzgFxQqpebble.o)
                0x0000000000002080                app_message_register_outbox_failed
 .text.window_long_click_subscribe
                0x000000000000208c        0xc /Users/edwinfinch/Library/Application Support/Pebble SDK/SDKs/current/sdk-core/pebble/basalt/lib/libpebble.a(tmpzgFxQqpebble.o)
                0x000000000000208c                window_long_click_subscribe
 .text.window_single_click_subscribe
                0x0000000000002098        0xc /Users/edwinfinch/Library/Application Support/Pebble SDK/SDKs/current/sdk-core/pebble/basalt/lib/libpebble.a(tmpzgFxQqpebble.o)
                0x0000000000002098                window_single_click_subscribe
 .text.graphics_draw_text
                0x00000000000020a4        0xc /Users/edwinfinch/Library/Application Support/Pebble SDK/SDKs/current/sdk-core/pebble/basalt/lib/libpebble.a(tmpzgFxQqpebble.o)
                0x00000000000020a4                graphics_draw_text
 .text.persist_read_data
                0x00000000000020b0        0xc /Users/edwinfinch/Library/Application Support/Pebble SDK/SDKs/current/sdk-core/pebble/basalt/lib/libpebble.a(tmpzgFxQqpebble.o)
                0x00000000000020b0                persist_read_data
 .text.persist_write_data
                0x00000000000020bc        0xc /Users/edwinfinch/Library/Application Support/Pebble SDK/SDKs/current/sdk-core/pebble/basalt/lib/libpebble.a(tmpzgFxQqpebble.o)
                0x00000000000020bc                persist_write_data
 .text.graphics_text_layout_get_content_size
                0x00000000000020c8        0xc /Users/edwinfinch/Library/Application Support/Pebble SDK/SDKs/current/sdk-core/pebble/basalt/lib/libpebble.a(tmpzgFxQqpebble.o)
                0x00000000000020c8                graphics_text_layout_get_content_size
 .text.heap_bytes_free
                0x00000000000020d4        0xc /Users/edwinfinch/Library/Application Support/Pebble SDK/SDKs/current/sdk-core/pebble/basalt/lib/libpebble.a(tmpzgFxQqpebble.o)
                0x00000000000020d4                heap_bytes_free
 .text.graphics_context_set_fill_color
                0x00000000000020e0        0xc /Users/edwinfinch/Library/Application Support/Pebble SDK/SDKs/current/sdk-core/pebble/basalt/lib/libpebble.a(tmpzgFxQqpebble.o)
                0x00000000000020e0                graphics_context_set_fill_color
 .text.graphics_context_set_text_color
                0x00000000000020ec        0xc /Users/edwinfinch/Library/Application Support/Pebble SDK/SDKs/current/sdk-core/pebble/basalt/lib/libpebble.a(tmpzgFxQqpebble.o)
                0x00000000000020ec                graphics_context_set_text_color
 .text.window_set_background_color
                0x00000000000020f8        0xc /Users/edwinfinch/Library/Application Support/Pebble SDK/SDKs/current/sdk-core/pebble/basalt/lib/libpebble.a(tmpzgFxQqpebble.o)
                0x00000000000020f8                window_set_background_color
 .text.animation_schedule
                0x0000000000002104        0xc /Users/edwinfinch/Library/Application Support/Pebble SDK/SDKs/current/sdk-core/pebble/basalt/lib/libpebble.a(tmpzgFxQqpebble.o)
                0x0000000000002104                animation_schedule
 .text.animation_set_delay
                0x0000000000002110        0xc /Users/edwinfinch/Library/Application Support/Pebble SDK/SDKs/current/sdk-core/pebble/basalt/lib/libpebble.a(tmpzgFxQqpebble.o)
                0x0000000000002110                animation_set_delay
 .text.animation_set_duration
                0x000000000000211c        0xc /Users/edwinfinch/Library/Application Support/Pebble SDK/SDKs/current/sdk-core/pebble/basalt/lib/libpebble.a(tmpzgFxQqpebble.o)
                0x000000000000211c                animation_set_duration
 .text.animation_set_handlers
                0x0000000000002128        0xc /Users/edwinfinch/Library/Application Support/Pebble SDK/SDKs/current/sdk-core/pebble/basalt/lib/libpebble.a(tmpzgFxQqpebble.o)
                0x0000000000002128                animation_set_handlers
 .text.property_animation_create_layer_frame
                0x0000000000002134        0xc /Users/edwinfinch/Library/Application Support/Pebble SDK/SDKs/current/sdk-core/pebble/basalt/lib/libpebble.a(tmpzgFxQqpebble.o)
                0x0000000000002134                property_animation_create_layer_frame
 .text.property_animation_get_animation
                0x0000000000002140        0xc /Users/edwinfinch/Library/Application Support/Pebble SDK/SDKs/current/sdk-core/pebble/basalt/lib/libpebble.a(tmpzgFxQqpebble.o)
                0x0000000000002140                property_animation_get_animation
 .text.gbitmap_get_format
                0x000000000000214c        0xc /Users/edwinfinch/Library/Application Support/Pebble SDK/SDKs/current/sdk-core/pebble/basalt/lib/libpebble.a(tmpzgFxQqpebble.o)
                0x000000000000214c                gbitmap_get_format
 .text.gbitmap_get_palette
                0x0000000000002158        0xc /Users/edwinfinch/Library/Application Support/Pebble SDK/SDKs/current/sdk-core/pebble/basalt/lib/libpebble.a(tmpzgFxQqpebble.o)
                0x0000000000002158                gbitmap_get_palette
 .text.gbitmap_create_from_png_data
                0x0000000000002164        0xc /Users/edwinfinch/Library/Application Support/Pebble SDK/SDKs/current/sdk-core/pebble/basalt/lib/libpebble.a(tmpzgFxQqpebble.o)
                0x0000000000002164                gbitmap_create_from_png_data
 .text.menu_layer_create
                0x0000000000002170        0xc /Users/edwinfinch/Library/Application Support/Pebble SDK/SDKs/current/sdk-core/pebble/basalt/lib/libpebble.a(tmpzgFxQqpebble.o)
                0x0000000000002170                menu_layer_create
 .text.action_bar_layer_add_to_window
                0x000000000000217c        0xc /Users/edwinfinch/Library/Application Support/Pebble SDK/SDKs/current/sdk-core/pebble/basalt/lib/libpebble.a(tmpzgFxQqpebble.o)
                0x000000000000217c                action_bar_layer_add_to_window
 .text.action_bar_layer_create
                0x0000000000002188        0xc /Users/edwinfinch/Library/Application Support/Pebble SDK/SDKs/current/sdk-core/pebble/basalt/lib/libpebble.a(tmpzgFxQqpebble.o)
                0x0000000000002188                action_bar_layer_create
 .text.action_bar_layer_destroy
                0x0000000000002194        0xc /Users/edwinfinch/Library/Application Support/Pebble SDK/SDKs/current/sdk-core/pebble/basalt/lib/libpebble.a(tmpzgFxQqpebble.o)
                0x0000000000002194                action_bar_layer_destroy
 .text.action_bar_layer_get_layer
                0x00000000000021a0        0xc /Users/edwinfinch/Library/Application Support/Pebble SDK/SDKs/current/sdk-core/pebble/basalt/lib/libpebble.a(tmpzgFxQqpebble.o)
                0x00000000000021a0                action_bar_layer_get_layer
 .text.action_bar_layer_set_click_config_provider
                0x00000000000021ac        0xc /Users/edwinfinch/Library/Application Support/Pebble SDK/SDKs/current/sdk-core/pebble/basalt/lib/libpebble.a(tmpzgFxQqpebble.o)
                0x00000000000021ac                action_bar_layer_set_click_config_provider
 .text.action_bar_layer_set_icon
                0x00000000000021b8        0xc /Users/edwinfinch/Library/Application Support/Pebble SDK/SDKs/current/sdk-core/pebble/basalt/lib/libpebble.a(tmpzgFxQqpebble.o)
                0x00000000000021b8                action_bar_layer_set_icon
 .text.menu_cell_layer_is_highlighted
                0x00000000000021c4        0xc /Users/edwinfinch/Library/Application Support/Pebble SDK/SDKs/current/sdk-core/pebble/basalt/lib/libpebble.a(tmpzgFxQqpebble.o)
                0x00000000000021c4                menu_cell_layer_is_highlighted
 .text.menu_layer_set_highlight_colors
                0x00000000000021d0        0xc /Users/edwinfinch/Library/Application Support/Pebble SDK/SDKs/current/sdk-core/pebble/basalt/lib/libpebble.a(tmpzgFxQqpebble.o)
                0x00000000000021d0                menu_layer_set_highlight_colors
 .text.menu_layer_set_normal_colors
                0x00000000000021dc        0xc /Users/edwinfinch/Library/Application Support/Pebble SDK/SDKs/current/sdk-core/pebble/basalt/lib/libpebble.a(tmpzgFxQqpebble.o)
                0x00000000000021dc                menu_layer_set_normal_colors
 .text.menu_layer_set_callbacks
                0x00000000000021e8        0xc /Users/edwinfinch/Library/Application Support/Pebble SDK/SDKs/current/sdk-core/pebble/basalt/lib/libpebble.a(tmpzgFxQqpebble.o)
                0x00000000000021e8                menu_layer_set_callbacks
 *(.rodata)
 .rodata        0x00000000000021f4        0x8 src/windows/library_menus.c.19.o
 .rodata        0x00000000000021fc       0x20 src/windows/main_menu.c.19.o
 .rodata        0x000000000000221c       0x30 src/windows/now_playing.c.19.o
 *(.rodata*)
 .rodata.str1.1
                0x000000000000224c       0x17 src/common.c.19.o
 .rodata.CSWTCH.7
                0x0000000000002263        0x3 src/gbitmap.c.19.o
 .rodata.str1.1
                0x0000000000002266       0xa1 src/ipod.c.19.o
 .rodata.str1.1
                0x0000000000002307      0x189 src/ipod_state.c.19.o
 .rodata.str1.1
                0x0000000000002490       0x1a src/layers/marquee_text.c.19.o
 .rodata.str1.1
                0x00000000000024aa       0x60 src/settings.c.19.o
 .rodata.str1.1
                0x000000000000250a      0x24d src/windows/library_menus.c.19.o
 .rodata.str1.1
                0x0000000000002757       0x36 src/windows/main_menu.c.19.o
 *fill*         0x000000000000278d        0x3 
 .rodata.segments.7661
                0x0000000000002790        0x8 src/windows/now_playing.c.19.o
 .rodata.str1.1
                0x0000000000002798       0x97 src/windows/now_playing.c.19.o

.glue_7         0x0000000000002830        0x0
 .glue_7        0x0000000000000000        0x0 linker stubs

.glue_7t        0x0000000000002830        0x0
 .glue_7t       0x0000000000000000        0x0 linker stubs

.vfp11_veneer   0x0000000000002830        0x0
 .vfp11_veneer  0x0000000000000000        0x0 linker stubs

.v4_bx          0x0000000000002830        0x0
 .v4_bx         0x0000000000000000        0x0 linker stubs

.iplt           0x0000000000002830        0x0
 .iplt          0x0000000000000000        0x0 /usr/local/Cellar/pebble-toolchain/2.0/arm-cs-tools/bin/../lib/gcc/arm-none-eabi/4.7.2/thumb2/crtbegin.o

.rel.dyn        0x0000000000002830        0x0
 .rel.iplt      0x0000000000000000        0x0 /usr/local/Cellar/pebble-toolchain/2.0/arm-cs-tools/bin/../lib/gcc/arm-none-eabi/4.7.2/thumb2/crtbegin.o
 .rel.got       0x0000000000000000        0x0 /usr/local/Cellar/pebble-toolchain/2.0/arm-cs-tools/bin/../lib/gcc/arm-none-eabi/4.7.2/thumb2/crtbegin.o

.data           0x0000000000002830       0x41
 *(.data)
 .data          0x0000000000002830        0x0 /usr/local/Cellar/pebble-toolchain/2.0/arm-cs-tools/bin/../lib/gcc/arm-none-eabi/4.7.2/thumb2/crti.o
 .data          0x0000000000002830        0x4 /usr/local/Cellar/pebble-toolchain/2.0/arm-cs-tools/bin/../lib/gcc/arm-none-eabi/4.7.2/thumb2/crtbegin.o
                0x0000000000002830                __dso_handle
 .data          0x0000000000002834        0x0 src/common.c.19.o
 .data          0x0000000000002834        0x0 src/gbitmap.c.19.o
 .data          0x0000000000002834        0x0 src/ipod.c.19.o
 .data          0x0000000000002834        0x0 src/ipod_state.c.19.o
 .data          0x0000000000002834        0x0 src/layers/marquee_text.c.19.o
 .data          0x0000000000002834        0x0 src/layers/progress_bar.c.19.o
 .data          0x0000000000002834        0x0 src/settings.c.19.o
 .data          0x0000000000002834        0x0 src/windows/library_menus.c.19.o
 .data          0x0000000000002834        0x0 src/windows/main_menu.c.19.o
 .data          0x0000000000002834        0x8 src/windows/now_playing.c.19.o
 .data          0x000000000000283c        0x0 basalt/appinfo.auto.c.19.o
 .data          0x000000000000283c        0x0 basalt/src/resource_ids.auto.c.19.o
 .data          0x000000000000283c        0x0 /Users/edwinfinch/Library/Application Support/Pebble SDK/SDKs/current/sdk-core/pebble/basalt/lib/libpebble.a(tmpzgFxQqpebble.o)
 .data          0x000000000000283c        0x0 /usr/local/Cellar/pebble-toolchain/2.0/arm-cs-tools/bin/../lib/gcc/arm-none-eabi/4.7.2/thumb2/crtend.o
 .data          0x000000000000283c        0x0 /usr/local/Cellar/pebble-toolchain/2.0/arm-cs-tools/bin/../lib/gcc/arm-none-eabi/4.7.2/thumb2/crtn.o
 *(.data.*)
 .data.s_sequence_number
                0x000000000000283c        0x4 src/common.c.19.o
 .data.rel.ro.local.titles.7643
                0x0000000000002840       0x18 src/windows/main_menu.c.19.o
 .data.rel.ro.callbacks.7644
                0x0000000000002858       0x18 src/windows/main_menu.c.19.o
 .data.now_playing_action_bar_is_showing
                0x0000000000002870        0x1 src/windows/now_playing.c.19.o
                0x0000000000002870                now_playing_action_bar_is_showing

.igot.plt       0x0000000000002874        0x0
 .igot.plt      0x0000000000000000        0x0 /usr/local/Cellar/pebble-toolchain/2.0/arm-cs-tools/bin/../lib/gcc/arm-none-eabi/4.7.2/thumb2/crtbegin.o

.got            0x0000000000002874       0x84
 .got           0x0000000000002874       0x84 /usr/local/Cellar/pebble-toolchain/2.0/arm-cs-tools/bin/../lib/gcc/arm-none-eabi/4.7.2/thumb2/crtbegin.o

.got.plt        0x00000000000028f8        0xc
 .got.plt       0x00000000000028f8        0xc /usr/local/Cellar/pebble-toolchain/2.0/arm-cs-tools/bin/../lib/gcc/arm-none-eabi/4.7.2/thumb2/crtbegin.o
                0x00000000000028f8                _GLOBAL_OFFSET_TABLE_

.bss            0x0000000000002904      0x264
 *(.bss)
 *(.bss.*)
 .bss.s_artist  0x0000000000002904       0x64 src/ipod_state.c.19.o
 .bss.s_title   0x0000000000002968       0x64 src/ipod_state.c.19.o
 .bss.current_album_art_size
                0x00000000000029cc        0x4 src/ipod_state.c.19.o
 .bss.s_album   0x00000000000029d0       0x64 src/ipod_state.c.19.o
 .bss.album_art_data
                0x0000000000002a34        0x4 src/ipod_state.c.19.o
 .bss.head      0x0000000000002a38        0x4 src/layers/marquee_text.c.19.o
 .bss.previous_play_status
                0x0000000000002a3c        0x1 src/windows/now_playing.c.19.o
                0x0000000000002a3c                previous_play_status
 *fill*         0x0000000000002a3d        0x3 
 .bss.icon_fast_forward
                0x0000000000002a40        0x4 src/windows/now_playing.c.19.o
 .bss.is_shown  0x0000000000002a44        0x1 src/windows/now_playing.c.19.o
 .bss.current_jump.7621
                0x0000000000002a45        0x1 src/windows/now_playing.c.19.o
 *fill*         0x0000000000002a46        0x2 
 .bss.icon_pause
                0x0000000000002a48        0x4 src/windows/now_playing.c.19.o
 .bss.controlling_volume
                0x0000000000002a4c        0x1 src/windows/now_playing.c.19.o
 *fill*         0x0000000000002a4d        0x3 
 .bss.icon_volume_up
                0x0000000000002a50        0x4 src/windows/now_playing.c.19.o
 .bss.icon_rewind
                0x0000000000002a54        0x4 src/windows/now_playing.c.19.o
 .bss.icon_volume_down
                0x0000000000002a58        0x4 src/windows/now_playing.c.19.o
 .bss.action_bar_timer_registered
                0x0000000000002a5c        0x1 src/windows/now_playing.c.19.o
                0x0000000000002a5c                action_bar_timer_registered
 *fill*         0x0000000000002a5d        0x3 
 .bss.icon_play
                0x0000000000002a60        0x4 src/windows/now_playing.c.19.o
 COMMON         0x0000000000002a64        0x4 src/ipod.c.19.o
                0x0000000000002a64                window
 COMMON         0x0000000000002a68       0x19 src/ipod_state.c.19.o
                0x0000000000002a68                ipod_state_callback
                0x0000000000002a6c                s_shuffle_mode
                0x0000000000002a70                s_current_time
                0x0000000000002a74                current_type
                0x0000000000002a75                s_repeat_mode
                0x0000000000002a78                album_art_bitmap
                0x0000000000002a7c                s_duration
                0x0000000000002a80                s_playback_state
 COMMON         0x0000000000002a81        0x1 src/settings.c.19.o
                0x0000000000002a81                current_settings
 *fill*         0x0000000000002a82        0x2 
 COMMON         0x0000000000002a84       0x14 src/windows/library_menus.c.19.o
                0x0000000000002a84                menu_stack_count
                0x0000000000002a88                menu_stack
 COMMON         0x0000000000002a98       0x98 src/windows/main_menu.c.19.o
                0x0000000000002a98                main_menu_items
                0x0000000000002af8                main_menu_icons
                0x0000000000002b10                highlight_index
                0x0000000000002b14                main_menu_icons_inverted
                0x0000000000002b2c                main_menu_layer
 COMMON         0x0000000000002b30       0x38 src/windows/now_playing.c.19.o
                0x0000000000002b30                now_playing_timer
                0x0000000000002b34                artist_font
                0x0000000000002b38                now_playing_window
                0x0000000000002b3c                background_colour
                0x0000000000002b3d                now_playing_settings
                0x0000000000002b40                now_playing_progress_bar
                0x0000000000002b44                now_playing_artist_layer
                0x0000000000002b48                now_playing_album_art_layer
                0x0000000000002b4c                now_playing_title_layer
                0x0000000000002b50                action_bar_timer
                0x0000000000002b54                now_playing_album_layer
                0x0000000000002b58                no_album_art_bitmap
                0x0000000000002b5c                control_action_bar
                0x0000000000002b60                now_playing_graphics_layer
                0x0000000000002b64                now_playing_album_art_bitmap

DISCARD
 libc.a(*)
 libm.a(*)
 libgcc.a(*)
 *(.eh_frame)
OUTPUT(/Users/edwinfinch/Desktop/Lignite Music/music-pebble/build/basalt/pebble-app.elf elf32-littlearm)

.ARM.attributes
                0x0000000000000000       0x27
 .ARM.attributes
                0x0000000000000000       0x19 /usr/local/Cellar/pebble-toolchain/2.0/arm-cs-tools/bin/../lib/gcc/arm-none-eabi/4.7.2/thumb2/crti.o
 .ARM.attributes
                0x0000000000000019       0x29 /usr/local/Cellar/pebble-toolchain/2.0/arm-cs-tools/bin/../lib/gcc/arm-none-eabi/4.7.2/thumb2/crtbegin.o
 .ARM.attributes
                0x0000000000000042       0x33 src/common.c.19.o
 .ARM.attributes
                0x0000000000000075       0x33 src/gbitmap.c.19.o
 .ARM.attributes
                0x00000000000000a8       0x33 src/ipod.c.19.o
 .ARM.attributes
                0x00000000000000db       0x33 src/ipod_state.c.19.o
 .ARM.attributes
                0x000000000000010e       0x33 src/layers/marquee_text.c.19.o
 .ARM.attributes
                0x0000000000000141       0x33 src/layers/progress_bar.c.19.o
 .ARM.attributes
                0x0000000000000174       0x33 src/settings.c.19.o
 .ARM.attributes
                0x00000000000001a7       0x33 src/windows/library_menus.c.19.o
 .ARM.attributes
                0x00000000000001da       0x33 src/windows/main_menu.c.19.o
 .ARM.attributes
                0x000000000000020d       0x33 src/windows/now_playing.c.19.o
 .ARM.attributes
                0x0000000000000240       0x33 basalt/appinfo.auto.c.19.o
 .ARM.attributes
                0x0000000000000273       0x33 basalt/src/resource_ids.auto.c.19.o
 .ARM.attributes
                0x00000000000002a6       0x21 /Users/edwinfinch/Library/Application Support/Pebble SDK/SDKs/current/sdk-core/pebble/basalt/lib/libpebble.a(tmpzgFxQqpebble.o)
 .ARM.attributes
                0x00000000000002c7       0x29 /usr/local/Cellar/pebble-toolchain/2.0/arm-cs-tools/bin/../lib/gcc/arm-none-eabi/4.7.2/thumb2/crtend.o
 .ARM.attributes
                0x00000000000002f0       0x19 /usr/local/Cellar/pebble-toolchain/2.0/arm-cs-tools/bin/../lib/gcc/arm-none-eabi/4.7.2/thumb2/crtn.o

.comment        0x0000000000000000       0x4e
 .comment       0x0000000000000000       0x4e /usr/local/Cellar/pebble-toolchain/2.0/arm-cs-tools/bin/../lib/gcc/arm-none-eabi/4.7.2/thumb2/crtbegin.o
                                         0x4f (size before relaxing)
 .comment       0x0000000000000000       0x4f src/common.c.19.o
 .comment       0x0000000000000000       0x4f src/gbitmap.c.19.o
 .comment       0x0000000000000000       0x4f src/ipod.c.19.o
 .comment       0x0000000000000000       0x4f src/ipod_state.c.19.o
 .comment       0x0000000000000000       0x4f src/layers/marquee_text.c.19.o
 .comment       0x0000000000000000       0x4f src/layers/progress_bar.c.19.o
 .comment       0x0000000000000000       0x4f src/settings.c.19.o
 .comment       0x0000000000000000       0x4f src/windows/library_menus.c.19.o
 .comment       0x0000000000000000       0x4f src/windows/main_menu.c.19.o
 .comment       0x0000000000000000       0x4f src/windows/now_playing.c.19.o
 .comment       0x0000000000000000       0x4f basalt/appinfo.auto.c.19.o
 .comment       0x0000000000000000       0x4f basalt/src/resource_ids.auto.c.19.o
 .comment       0x0000000000000000       0x4f /usr/local/Cellar/pebble-toolchain/2.0/arm-cs-tools/bin/../lib/gcc/arm-none-eabi/4.7.2/thumb2/crtend.o

.debug_info     0x0000000000000000     0x8289
 .debug_info    0x0000000000000000      0xa0f src/common.c.19.o
 .debug_info    0x0000000000000a0f      0x6fb src/gbitmap.c.19.o
 .debug_info    0x000000000000110a      0x951 src/ipod.c.19.o
 .debug_info    0x0000000000001a5b      0xf15 src/ipod_state.c.19.o
 .debug_info    0x0000000000002970      0x9cc src/layers/marquee_text.c.19.o
 .debug_info    0x000000000000333c      0x66d src/layers/progress_bar.c.19.o
 .debug_info    0x00000000000039a9      0x299 src/settings.c.19.o
 .debug_info    0x0000000000003c42     0x16ea src/windows/library_menus.c.19.o
 .debug_info    0x000000000000532c      0xed0 src/windows/main_menu.c.19.o
 .debug_info    0x00000000000061fc     0x1c3c src/windows/now_playing.c.19.o
 .debug_info    0x0000000000007e38      0x2e6 basalt/appinfo.auto.c.19.o
 .debug_info    0x000000000000811e      0x16b basalt/src/resource_ids.auto.c.19.o

.debug_abbrev   0x0000000000000000     0x1cc4
 .debug_abbrev  0x0000000000000000      0x288 src/common.c.19.o
 .debug_abbrev  0x0000000000000288      0x22d src/gbitmap.c.19.o
 .debug_abbrev  0x00000000000004b5      0x273 src/ipod.c.19.o
 .debug_abbrev  0x0000000000000728      0x378 src/ipod_state.c.19.o
 .debug_abbrev  0x0000000000000aa0      0x2be src/layers/marquee_text.c.19.o
 .debug_abbrev  0x0000000000000d5e      0x2a4 src/layers/progress_bar.c.19.o
 .debug_abbrev  0x0000000000001002      0x17b src/settings.c.19.o
 .debug_abbrev  0x000000000000117d      0x3c5 src/windows/library_menus.c.19.o
 .debug_abbrev  0x0000000000001542      0x2dd src/windows/main_menu.c.19.o
 .debug_abbrev  0x000000000000181f      0x3d9 src/windows/now_playing.c.19.o
 .debug_abbrev  0x0000000000001bf8       0x88 basalt/appinfo.auto.c.19.o
 .debug_abbrev  0x0000000000001c80       0x44 basalt/src/resource_ids.auto.c.19.o

.debug_loc      0x0000000000000000     0x2315
 .debug_loc     0x0000000000000000      0x19a src/common.c.19.o
 .debug_loc     0x000000000000019a      0x488 src/gbitmap.c.19.o
 .debug_loc     0x0000000000000622      0x1c7 src/ipod.c.19.o
 .debug_loc     0x00000000000007e9      0x471 src/ipod_state.c.19.o
 .debug_loc     0x0000000000000c5a      0x2b5 src/layers/marquee_text.c.19.o
 .debug_loc     0x0000000000000f0f      0x22a src/layers/progress_bar.c.19.o
 .debug_loc     0x0000000000001139       0x8f src/settings.c.19.o
 .debug_loc     0x00000000000011c8      0x7d6 src/windows/library_menus.c.19.o
 .debug_loc     0x000000000000199e      0x3ee src/windows/main_menu.c.19.o
 .debug_loc     0x0000000000001d8c      0x589 src/windows/now_playing.c.19.o

.debug_aranges  0x0000000000000000      0x450
 .debug_aranges
                0x0000000000000000       0x48 src/common.c.19.o
 .debug_aranges
                0x0000000000000048       0x50 src/gbitmap.c.19.o
 .debug_aranges
                0x0000000000000098       0x50 src/ipod.c.19.o
 .debug_aranges
                0x00000000000000e8       0xb0 src/ipod_state.c.19.o
 .debug_aranges
                0x0000000000000198       0x68 src/layers/marquee_text.c.19.o
 .debug_aranges
                0x0000000000000200       0x48 src/layers/progress_bar.c.19.o
 .debug_aranges
                0x0000000000000248       0x38 src/settings.c.19.o
 .debug_aranges
                0x0000000000000280       0x70 src/windows/library_menus.c.19.o
 .debug_aranges
                0x00000000000002f0       0x88 src/windows/main_menu.c.19.o
 .debug_aranges
                0x0000000000000378       0xa8 src/windows/now_playing.c.19.o
 .debug_aranges
                0x0000000000000420       0x18 basalt/appinfo.auto.c.19.o
 .debug_aranges
                0x0000000000000438       0x18 basalt/src/resource_ids.auto.c.19.o

.debug_ranges   0x0000000000000000      0x590
 .debug_ranges  0x0000000000000000       0x38 src/common.c.19.o
 .debug_ranges  0x0000000000000038       0x70 src/gbitmap.c.19.o
 .debug_ranges  0x00000000000000a8       0x40 src/ipod.c.19.o
 .debug_ranges  0x00000000000000e8      0x180 src/ipod_state.c.19.o
 .debug_ranges  0x0000000000000268       0x58 src/layers/marquee_text.c.19.o
 .debug_ranges  0x00000000000002c0       0x38 src/layers/progress_bar.c.19.o
 .debug_ranges  0x00000000000002f8       0x28 src/settings.c.19.o
 .debug_ranges  0x0000000000000320      0x128 src/windows/library_menus.c.19.o
 .debug_ranges  0x0000000000000448       0xb0 src/windows/main_menu.c.19.o
 .debug_ranges  0x00000000000004f8       0x98 src/windows/now_playing.c.19.o

.debug_line     0x0000000000000000     0x2206
 .debug_line    0x0000000000000000      0x25f src/common.c.19.o
 .debug_line    0x000000000000025f      0x234 src/gbitmap.c.19.o
 .debug_line    0x0000000000000493      0x2ce src/ipod.c.19.o
 .debug_line    0x0000000000000761      0x452 src/ipod_state.c.19.o
 .debug_line    0x0000000000000bb3      0x312 src/layers/marquee_text.c.19.o
 .debug_line    0x0000000000000ec5      0x284 src/layers/progress_bar.c.19.o
 .debug_line    0x0000000000001149      0x22f src/settings.c.19.o
 .debug_line    0x0000000000001378      0x48a src/windows/library_menus.c.19.o
 .debug_line    0x0000000000001802      0x378 src/windows/main_menu.c.19.o
 .debug_line    0x0000000000001b7a      0x48f src/windows/now_playing.c.19.o
 .debug_line    0x0000000000002009      0x139 basalt/appinfo.auto.c.19.o
 .debug_line    0x0000000000002142       0xc4 basalt/src/resource_ids.auto.c.19.o

.debug_str      0x0000000000000000     0x2a92
 .debug_str     0x0000000000000000      0x73c src/common.c.19.o
                                        0x80e (size before relaxing)
 .debug_str     0x000000000000073c      0x247 src/gbitmap.c.19.o
                                        0x3cc (size before relaxing)
 .debug_str     0x0000000000000983      0x2d4 src/ipod.c.19.o
                                        0x726 (size before relaxing)
 .debug_str     0x0000000000000c57      0x5a6 src/ipod_state.c.19.o
                                        0xbf3 (size before relaxing)
 .debug_str     0x00000000000011fd      0x3a2 src/layers/marquee_text.c.19.o
                                        0x550 (size before relaxing)
 .debug_str     0x000000000000159f      0x1ac src/layers/progress_bar.c.19.o
                                        0x3e2 (size before relaxing)
 .debug_str     0x000000000000174b       0xb1 src/settings.c.19.o
                                        0x239 (size before relaxing)
 .debug_str     0x00000000000017fc      0x662 src/windows/library_menus.c.19.o
                                        0xd84 (size before relaxing)
 .debug_str     0x0000000000001e5e      0x2a4 src/windows/main_menu.c.19.o
                                        0x947 (size before relaxing)
 .debug_str     0x0000000000002102      0x6af src/windows/now_playing.c.19.o
                                       0x13f0 (size before relaxing)
 .debug_str     0x00000000000027b1      0x15d basalt/appinfo.auto.c.19.o
                                        0x25e (size before relaxing)
 .debug_str     0x000000000000290e      0x184 basalt/src/resource_ids.auto.c.19.o
                                        0x258 (size before relaxing)

.debug_frame    0x0000000000000000      0xa40
 .debug_frame   0x0000000000000000       0xa4 src/common.c.19.o
 .debug_frame   0x00000000000000a4       0xdc src/gbitmap.c.19.o
 .debug_frame   0x0000000000000180       0xc8 src/ipod.c.19.o
 .debug_frame   0x0000000000000248      0x194 src/ipod_state.c.19.o
 .debug_frame   0x00000000000003dc       0xe4 src/layers/marquee_text.c.19.o
 .debug_frame   0x00000000000004c0       0x98 src/layers/progress_bar.c.19.o
 .debug_frame   0x0000000000000558       0x68 src/settings.c.19.o
 .debug_frame   0x00000000000005c0      0x158 src/windows/library_menus.c.19.o
 .debug_frame   0x0000000000000718      0x134 src/windows/main_menu.c.19.o
 .debug_frame   0x000000000000084c      0x1f4 src/windows/now_playing.c.19.o
