Archive member included because of file (symbol)

/Users/edwinfinch/Library/Application Support/Pebble SDK/SDKs/current/sdk-core/pebble/aplite/lib/libpebble.a(tmpqO8TxMpebble.o)
                              src/ipod.c.33.o (app_event_loop)

Allocating common symbols
Common symbol       size              file

ipod_state_callback
                    0x4               src/ipod_state.c.33.o
now_playing_timer   0x4               src/windows/now_playing.c.33.o
connection_window   0x4               src/windows/connection_window.c.33.o
main_menu_window    0x4               src/windows/main_menu.c.33.o
main_menu_items     0x60              src/windows/main_menu.c.33.o
main_menu_icons     0x18              src/windows/main_menu.c.33.o
artist_font         0x4               src/windows/now_playing.c.33.o
s_shuffle_mode      0x1               src/ipod_state.c.33.o
repeat_icon_inverted
                    0x4               src/windows/library_menus.c.33.o
current_callback    0x4               src/settings.c.33.o
now_playing_window  0x4               src/windows/now_playing.c.33.o
background_colour   0x1               src/windows/now_playing.c.33.o
now_playing_settings
                    0x3               src/windows/now_playing.c.33.o
now_playing_progress_bar
                    0x4               src/windows/now_playing.c.33.o
now_playing_artist_layer
                    0x4               src/windows/now_playing.c.33.o
shuffle_icon        0x4               src/windows/library_menus.c.33.o
now_playing_album_art_layer
                    0x8               src/windows/now_playing.c.33.o
menu_stack_count    0x1               src/windows/library_menus.c.33.o
now_playing_title_layer
                    0x4               src/windows/now_playing.c.33.o
action_bar_timer    0x4               src/windows/now_playing.c.33.o
highlight_index     0x4               src/windows/main_menu.c.33.o
s_current_time      0x4               src/ipod_state.c.33.o
main_menu_icons_inverted
                    0x18              src/windows/main_menu.c.33.o
current_type        0x1               src/ipod_state.c.33.o
s_repeat_mode       0x1               src/ipod_state.c.33.o
current_settings    0x3               src/settings.c.33.o
album_art_bitmap    0x8               src/ipod_state.c.33.o
repeat_icon         0x4               src/windows/library_menus.c.33.o
shuffle_icon_inverted
                    0x4               src/windows/library_menus.c.33.o
s_duration          0x4               src/ipod_state.c.33.o
menu_stack          0x10              src/windows/library_menus.c.33.o
window              0x4               src/ipod.c.33.o
artist_frame        0x8               src/windows/now_playing.c.33.o
control_action_bar  0x4               src/windows/now_playing.c.33.o
now_playing_graphics_layer
                    0x4               src/windows/now_playing.c.33.o
s_playback_state    0x1               src/ipod_state.c.33.o
invert_controls_timer
                    0x4               src/windows/now_playing.c.33.o
now_playing_album_art_bitmap
                    0x8               src/windows/now_playing.c.33.o
current_tasty_cookie
                    0x1               src/windows/connection_window.c.33.o

Discarded input sections

 .text          0x0000000000000000        0x0 /usr/local/Cellar/pebble-toolchain/2.0/arm-cs-tools/bin/../lib/gcc/arm-none-eabi/4.7.2/thumb2/crti.o
 .bss           0x0000000000000000        0x0 /usr/local/Cellar/pebble-toolchain/2.0/arm-cs-tools/bin/../lib/gcc/arm-none-eabi/4.7.2/thumb2/crti.o
 .init          0x0000000000000000        0x4 /usr/local/Cellar/pebble-toolchain/2.0/arm-cs-tools/bin/../lib/gcc/arm-none-eabi/4.7.2/thumb2/crti.o
 .fini          0x0000000000000000        0x4 /usr/local/Cellar/pebble-toolchain/2.0/arm-cs-tools/bin/../lib/gcc/arm-none-eabi/4.7.2/thumb2/crti.o
 .text          0x0000000000000000       0xc8 /usr/local/Cellar/pebble-toolchain/2.0/arm-cs-tools/bin/../lib/gcc/arm-none-eabi/4.7.2/thumb2/crtbegin.o
 .bss           0x0000000000000000       0x1c /usr/local/Cellar/pebble-toolchain/2.0/arm-cs-tools/bin/../lib/gcc/arm-none-eabi/4.7.2/thumb2/crtbegin.o
 .init_array    0x0000000000000000        0x4 /usr/local/Cellar/pebble-toolchain/2.0/arm-cs-tools/bin/../lib/gcc/arm-none-eabi/4.7.2/thumb2/crtbegin.o
 .fini_array    0x0000000000000000        0x4 /usr/local/Cellar/pebble-toolchain/2.0/arm-cs-tools/bin/../lib/gcc/arm-none-eabi/4.7.2/thumb2/crtbegin.o
 .eh_frame      0x0000000000000000        0x0 /usr/local/Cellar/pebble-toolchain/2.0/arm-cs-tools/bin/../lib/gcc/arm-none-eabi/4.7.2/thumb2/crtbegin.o
 .jcr           0x0000000000000000        0x0 /usr/local/Cellar/pebble-toolchain/2.0/arm-cs-tools/bin/../lib/gcc/arm-none-eabi/4.7.2/thumb2/crtbegin.o
 .tm_clone_table
                0x0000000000000000        0x0 /usr/local/Cellar/pebble-toolchain/2.0/arm-cs-tools/bin/../lib/gcc/arm-none-eabi/4.7.2/thumb2/crtbegin.o
 .text          0x0000000000000000        0x0 src/common.c.33.o
[...]
Memory Configuration

Name             Origin             Length             Attributes
APP              0x0000000000000000 0x0000000000006000 xrw
*default*        0x0000000000000000 0xffffffffffffffff

Linker script and memory map

LOAD /usr/local/Cellar/pebble-toolchain/2.0/arm-cs-tools/bin/../lib/gcc/arm-none-eabi/4.7.2/thumb2/crti.o
LOAD /usr/local/Cellar/pebble-toolchain/2.0/arm-cs-tools/bin/../lib/gcc/arm-none-eabi/4.7.2/thumb2/crtbegin.o
LOAD src/common.c.33.o
LOAD src/gbitmap.c.33.o
LOAD src/ipod.c.33.o
LOAD src/ipod_state.c.33.o
LOAD src/layers/marquee_text.c.33.o
LOAD src/layers/progress_bar.c.33.o
LOAD src/settings.c.33.o
LOAD src/windows/connection_window.c.33.o
LOAD src/windows/library_menus.c.33.o
LOAD src/windows/main_menu.c.33.o
LOAD src/windows/message_window.c.33.o
LOAD src/windows/now_playing.c.33.o
LOAD aplite/appinfo.auto.c.33.o
LOAD aplite/src/resource_ids.auto.c.33.o
LOAD /Users/edwinfinch/Library/Application Support/Pebble SDK/SDKs/current/sdk-core/pebble/aplite/lib/libpebble.a
START GROUP
LOAD /usr/local/Cellar/pebble-toolchain/2.0/arm-cs-tools/bin/../lib/gcc/arm-none-eabi/4.7.2/thumb2/libgcc.a
LOAD /usr/local/Cellar/pebble-toolchain/2.0/arm-cs-tools/bin/../lib/gcc/arm-none-eabi/4.7.2/../../../../arm-none-eabi/lib/thumb2/libc.a
END GROUP
LOAD /usr/local/Cellar/pebble-toolchain/2.0/arm-cs-tools/bin/../lib/gcc/arm-none-eabi/4.7.2/thumb2/crtend.o
LOAD /usr/local/Cellar/pebble-toolchain/2.0/arm-cs-tools/bin/../lib/gcc/arm-none-eabi/4.7.2/thumb2/crtn.o

.header         0x0000000000000000       0x82
 *(.pbl_header)
 .pbl_header    0x0000000000000000       0x82 aplite/appinfo.auto.c.33.o
                0x0000000000000000                __pbl_app_info

.note.gnu.build-id
                0x0000000000000082       0x26
                0x0000000000000082                PROVIDE (BUILD_ID, .)
 *(.note.gnu.build-id)
 *fill*         0x0000000000000082        0x2 
 .note.gnu.build-id
                0x0000000000000084       0x24 linker stubs

.text           0x00000000000000a8     0x33bc
 *(.text)
 .text          0x00000000000000a8       0x14 /Users/edwinfinch/Library/Application Support/Pebble SDK/SDKs/current/sdk-core/pebble/aplite/lib/libpebble.a(tmpqO8TxMpebble.o)
 *(.text.*)
 .text.ipod_message_timer_fire
                0x00000000000000bc        0x4 src/common.c.33.o
                0x00000000000000bc                ipod_message_timer_fire
 .text.ipod_message_destroy
                0x00000000000000c0       0x14 src/common.c.33.o
                0x00000000000000c0                ipod_message_destroy
 .text.ipod_message_outbox_get
                0x00000000000000d4       0x3c src/common.c.33.o
                0x00000000000000d4                ipod_message_outbox_get
 .text.tick_handler
                0x0000000000000110        0xe src/ipod.c.33.o
                0x0000000000000110                tick_handler
 *fill*         0x000000000000011e        0x2 
 .text.ipod_create
                0x0000000000000120       0x30 src/ipod.c.33.o
                0x0000000000000120                ipod_create
 .text.ipod_app_timer_handler
                0x0000000000000150        0xe src/ipod.c.33.o
                0x0000000000000150                ipod_app_timer_handler
 *fill*         0x000000000000015e        0x2 
 .text.startup.main
                0x0000000000000160       0x34 src/ipod.c.33.o
                0x0000000000000160                main
 .text.ipod_state_set_callback
                0x0000000000000194       0x14 src/ipod_state.c.33.o
                0x0000000000000194                ipod_state_set_callback
 .text.ipod_state_current_time
                0x00000000000001a8       0x14 src/ipod_state.c.33.o
                0x00000000000001a8                ipod_state_current_time
 .text.ipod_state_duration
                0x00000000000001bc       0x14 src/ipod_state.c.33.o
                0x00000000000001bc                ipod_state_duration
 .text.ipod_get_playback_state
                0x00000000000001d0       0x14 src/ipod_state.c.33.o
                0x00000000000001d0                ipod_get_playback_state
 .text.ipod_get_artist
                0x00000000000001e4        0xc src/ipod_state.c.33.o
                0x00000000000001e4                ipod_get_artist
 .text.ipod_get_title
                0x00000000000001f0        0xc src/ipod_state.c.33.o
                0x00000000000001f0                ipod_get_title
 .text.now_playing_request
                0x00000000000001fc       0x64 src/ipod_state.c.33.o
                0x00000000000001fc                now_playing_request
 .text.ipod_state_tick
                0x0000000000000260       0x58 src/ipod_state.c.33.o
                0x0000000000000260                ipod_state_tick
 .text.call_callback
                0x00000000000002b8       0x4c src/ipod_state.c.33.o
                0x00000000000002b8                call_callback
 .text.destroy_all_album_art
                0x0000000000000304       0x40 src/ipod_state.c.33.o
                0x0000000000000304                destroy_all_album_art
 .text.create_bitmap
                0x0000000000000344       0x74 src/ipod_state.c.33.o
                0x0000000000000344                create_bitmap
 .text.process_album_art_tuple
                0x00000000000003b8      0x108 src/ipod_state.c.33.o
                0x00000000000003b8                process_album_art_tuple
 .text.process_tuple
                0x00000000000004c0      0x1bc src/ipod_state.c.33.o
                0x00000000000004c0                process_tuple
 .text.ipod_received_handler
                0x000000000000067c       0x20 src/ipod_state.c.33.o
                0x000000000000067c                ipod_received_handler
 .text.ipod_state_create
                0x000000000000069c       0x28 src/ipod_state.c.33.o
                0x000000000000069c                ipod_state_create
 .text.marquee_text_layer_update_proc
                0x00000000000006c4      0x186 src/layers/marquee_text.c.33.o
                0x00000000000006c4                marquee_text_layer_update_proc
 *fill*         0x000000000000084a        0x2 
 .text.marquee_text_layer_destroy
                0x000000000000084c       0x34 src/layers/marquee_text.c.33.o
                0x000000000000084c                marquee_text_layer_destroy
 .text.marquee_text_layer_get_layer
                0x0000000000000880        0x4 src/layers/marquee_text.c.33.o
                0x0000000000000880                marquee_text_layer_get_layer
 .text.marquee_text_layer_mark_dirty
                0x0000000000000884       0x14 src/layers/marquee_text.c.33.o
                0x0000000000000884                marquee_text_layer_mark_dirty
 .text.marquee_text_layer_set_font
                0x0000000000000898        0x6 src/layers/marquee_text.c.33.o
                0x0000000000000898                marquee_text_layer_set_font
 .text.marquee_text_layer_set_text
                0x000000000000089e        0x6 src/layers/marquee_text.c.33.o
                0x000000000000089e                marquee_text_layer_set_text
 .text.marquee_text_layer_create
                0x00000000000008a4       0x90 src/layers/marquee_text.c.33.o
                0x00000000000008a4                marquee_text_layer_create
 .text.marquee_text_layer_tick
                0x0000000000000934       0x30 src/layers/marquee_text.c.33.o
                0x0000000000000934                marquee_text_layer_tick
 .text.progress_bar_update_proc
                0x0000000000000964       0x64 src/layers/progress_bar.c.33.o
 .text.progress_bar_layer_create
                0x00000000000009c8       0x40 src/layers/progress_bar.c.33.o
                0x00000000000009c8                progress_bar_layer_create
 .text.progress_bar_layer_destroy
                0x0000000000000a08       0x14 src/layers/progress_bar.c.33.o
                0x0000000000000a08                progress_bar_layer_destroy
 .text.progress_bar_layer_get_layer
                0x0000000000000a1c        0x4 src/layers/progress_bar.c.33.o
                0x0000000000000a1c                progress_bar_layer_get_layer
 .text.progress_bar_layer_set_range
                0x0000000000000a20        0xe src/layers/progress_bar.c.33.o
                0x0000000000000a20                progress_bar_layer_set_range
 .text.progress_bar_layer_set_value
                0x0000000000000a2e        0xc src/layers/progress_bar.c.33.o
                0x0000000000000a2e                progress_bar_layer_set_value
 *fill*         0x0000000000000a3a        0x2 
 .text.settings_service_subscribe
                0x0000000000000a3c       0x14 src/settings.c.33.o
                0x0000000000000a3c                settings_service_subscribe
 .text.settings_get_settings
                0x0000000000000a50       0x34 src/settings.c.33.o
                0x0000000000000a50                settings_get_settings
 .text.settings_prepare_defaults
                0x0000000000000a84       0x1c src/settings.c.33.o
                0x0000000000000a84                settings_prepare_defaults
 .text.settings_load
                0x0000000000000aa0       0x28 src/settings.c.33.o
                0x0000000000000aa0                settings_load
 .text.settings_save
                0x0000000000000ac8       0x18 src/settings.c.33.o
                0x0000000000000ac8                settings_save
 .text.settings_set_settings
                0x0000000000000ae0       0x44 src/settings.c.33.o
                0x0000000000000ae0                settings_set_settings
 .text.connection_window_unload
                0x0000000000000b24       0x38 src/windows/connection_window.c.33.o
                0x0000000000000b24                connection_window_unload
 .text.connection_window_load
                0x0000000000000b5c      0x2d0 src/windows/connection_window.c.33.o
                0x0000000000000b5c                connection_window_load
 .text.connection_window_background_proc
                0x0000000000000e2c       0x2e src/windows/connection_window.c.33.o
                0x0000000000000e2c                connection_window_background_proc
 *fill*         0x0000000000000e5a        0x2 
 .text.connection_window_click_config_provider
                0x0000000000000e5c       0x24 src/windows/connection_window.c.33.o
                0x0000000000000e5c                connection_window_click_config_provider
 .text.connection_window_click_back
                0x0000000000000e80        0x6 src/windows/connection_window.c.33.o
                0x0000000000000e80                connection_window_click_back
 *fill*         0x0000000000000e86        0x2 
 .text.connection_window_click_select
                0x0000000000000e88       0x34 src/windows/connection_window.c.33.o
                0x0000000000000e88                connection_window_click_select
 .text.connection_window_send_test_message
                0x0000000000000ebc       0x48 src/windows/connection_window.c.33.o
                0x0000000000000ebc                connection_window_send_test_message
 .text.connection_window_reload
                0x0000000000000f04       0x5c src/windows/connection_window.c.33.o
                0x0000000000000f04                connection_window_reload
 .text.connection_window_push
                0x0000000000000f60       0x98 src/windows/connection_window.c.33.o
                0x0000000000000f60                connection_window_push
 .text.connection_window_pebblekit_connection_handler
                0x0000000000000ff8       0x24 src/windows/connection_window.c.33.o
                0x0000000000000ff8                connection_window_pebblekit_connection_handler
 .text.connection_window_pebble_app_connection_handler
                0x000000000000101c       0x24 src/windows/connection_window.c.33.o
                0x000000000000101c                connection_window_pebble_app_connection_handler
 .text.connection_window_outbox_failed_handler
                0x0000000000001040        0x6 src/windows/connection_window.c.33.o
                0x0000000000001040                connection_window_outbox_failed_handler
 .text.connection_window_inbox_dropped_handler
                0x0000000000001046        0xe src/windows/connection_window.c.33.o
                0x0000000000001046                connection_window_inbox_dropped_handler
 .text.connection_window_got_test_message
                0x0000000000001054       0x20 src/windows/connection_window.c.33.o
                0x0000000000001054                connection_window_got_test_message
 .text.connection_window_set_wakeup_cookie
                0x0000000000001074       0x14 src/windows/connection_window.c.33.o
                0x0000000000001074                connection_window_set_wakeup_cookie
 .text.connection_window_attach
                0x0000000000001088       0x34 src/windows/connection_window.c.33.o
                0x0000000000001088                connection_window_attach
 .text.get_num_rows
                0x00000000000010bc       0x34 src/windows/library_menus.c.33.o
                0x00000000000010bc                get_num_rows
 .text.draw_row
                0x00000000000010f0      0x244 src/windows/library_menus.c.33.o
                0x00000000000010f0                draw_row
 .text.library_menus_window_unload
                0x0000000000001334       0x78 src/windows/library_menus.c.33.o
                0x0000000000001334                library_menus_window_unload
 .text.library_menus_create
                0x00000000000013ac       0x18 src/windows/library_menus.c.33.o
                0x00000000000013ac                library_menus_create
 .text.library_menus_pop_all
                0x00000000000013c4       0x28 src/windows/library_menus.c.33.o
                0x00000000000013c4                library_menus_pop_all
 .text.build_parent_history
                0x00000000000013ec       0x7c src/windows/library_menus.c.33.o
                0x00000000000013ec                build_parent_history
 .text.send_library_request
                0x0000000000001468       0x34 src/windows/library_menus.c.33.o
                0x0000000000001468                send_library_request
 .text.selection_changed
                0x000000000000149c       0x7a src/windows/library_menus.c.33.o
                0x000000000000149c                selection_changed
 *fill*         0x0000000000001516        0x2 
 .text.play_track
                0x0000000000001518       0x6c src/windows/library_menus.c.33.o
                0x0000000000001518                play_track
 .text.clear_library_entry_data
                0x0000000000001584       0x16 src/windows/library_menus.c.33.o
                0x0000000000001584                clear_library_entry_data
 *fill*         0x000000000000159a        0x2 
 .text.library_menus_display_view
                0x000000000000159c      0x1b4 src/windows/library_menus.c.33.o
                0x000000000000159c                library_menus_display_view
 .text.select_click
                0x0000000000001750       0xbc src/windows/library_menus.c.33.o
                0x0000000000001750                select_click
 .text.library_menus_inbox
                0x000000000000180c      0x190 src/windows/library_menus.c.33.o
                0x000000000000180c                library_menus_inbox
 .text.main_menu_get_num_sections
                0x000000000000199c        0x4 src/windows/main_menu.c.33.o
                0x000000000000199c                main_menu_get_num_sections
 .text.menu_get_num_rows_callback
                0x00000000000019a0        0x4 src/windows/main_menu.c.33.o
                0x00000000000019a0                menu_get_num_rows_callback
 .text.menu_get_header_height_callback
                0x00000000000019a4        0x4 src/windows/main_menu.c.33.o
                0x00000000000019a4                menu_get_header_height_callback
 .text.update_highlight_colours
                0x00000000000019a8        0x2 src/windows/main_menu.c.33.o
                0x00000000000019a8                update_highlight_colours
 *fill*         0x00000000000019aa        0x2 
 .text.menu_select_callback
                0x00000000000019ac       0x20 src/windows/main_menu.c.33.o
                0x00000000000019ac                menu_select_callback
 .text.open_composer_list
                0x00000000000019cc       0x10 src/windows/main_menu.c.33.o
                0x00000000000019cc                open_composer_list
 .text.open_genre_list
                0x00000000000019dc       0x10 src/windows/main_menu.c.33.o
                0x00000000000019dc                open_genre_list
 .text.open_playlist_list
                0x00000000000019ec       0x10 src/windows/main_menu.c.33.o
                0x00000000000019ec                open_playlist_list
 .text.open_album_list
                0x00000000000019fc       0x10 src/windows/main_menu.c.33.o
                0x00000000000019fc                open_album_list
 .text.open_artist_list
                0x0000000000001a0c       0x10 src/windows/main_menu.c.33.o
                0x0000000000001a0c                open_artist_list
 .text.open_now_playing
                0x0000000000001a1c        0x4 src/windows/main_menu.c.33.o
                0x0000000000001a1c                open_now_playing
 .text.menu_selection_changed
                0x0000000000001a20       0x2c src/windows/main_menu.c.33.o
                0x0000000000001a20                menu_selection_changed
 .text.main_menu_appear
                0x0000000000001a4c        0x6 src/windows/main_menu.c.33.o
                0x0000000000001a4c                main_menu_appear
 .text.main_menu_send_now_playing_request
                0x0000000000001a52        0x6 src/windows/main_menu.c.33.o
                0x0000000000001a52                main_menu_send_now_playing_request
 .text.menu_draw_row_callback
                0x0000000000001a58       0x28 src/windows/main_menu.c.33.o
                0x0000000000001a58                menu_draw_row_callback
 .text.main_menu_create
                0x0000000000001a80      0x1bc src/windows/main_menu.c.33.o
                0x0000000000001a80                main_menu_create
 .text.main_menu_destroy
                0x0000000000001c3c       0x10 src/windows/main_menu.c.33.o
                0x0000000000001c3c                main_menu_destroy
 .text.now_playing_window_appear
                0x0000000000001c4c        0x6 src/windows/now_playing.c.33.o
                0x0000000000001c4c                now_playing_window_appear
 *fill*         0x0000000000001c52        0x2 
 .text.now_playing_window_unload
                0x0000000000001c54      0x118 src/windows/now_playing.c.33.o
                0x0000000000001c54                now_playing_window_unload
 .text.now_playing_click_config_provider
                0x0000000000001d6c       0x44 src/windows/now_playing.c.33.o
                0x0000000000001d6c                now_playing_click_config_provider
 .text.animate_action_bar
                0x0000000000001db0       0x20 src/windows/now_playing.c.33.o
                0x0000000000001db0                animate_action_bar
 .text.now_playing_graphics_proc
                0x0000000000001dd0      0x198 src/windows/now_playing.c.33.o
                0x0000000000001dd0                now_playing_graphics_proc
 .text.display_no_album
                0x0000000000001f68       0x40 src/windows/now_playing.c.33.o
                0x0000000000001f68                display_no_album
 .text.now_playing_is_playing_music
                0x0000000000001fa8        0xe src/windows/now_playing.c.33.o
                0x0000000000001fa8                now_playing_is_playing_music
 *fill*         0x0000000000001fb6        0x2 
 .text.now_playing_invert_button_controls
                0x0000000000001fb8       0xc8 src/windows/now_playing.c.33.o
                0x0000000000001fb8                now_playing_invert_button_controls
 .text.now_playing_check_for_no_music
                0x0000000000002080       0x48 src/windows/now_playing.c.33.o
                0x0000000000002080                now_playing_check_for_no_music
 .text.now_playing_send_state_change
                0x00000000000020c8       0x1e src/windows/now_playing.c.33.o
                0x00000000000020c8                now_playing_send_state_change
 *fill*         0x00000000000020e6        0x2 
 .text.now_playing_set_album_art
                0x00000000000020e8       0x68 src/windows/now_playing.c.33.o
                0x00000000000020e8                now_playing_set_album_art
 .text.now_playing_tick
                0x0000000000002150       0x58 src/windows/now_playing.c.33.o
                0x0000000000002150                now_playing_tick
 .text.now_playing_animation_tick
                0x00000000000021a8       0x3c src/windows/now_playing.c.33.o
                0x00000000000021a8                now_playing_animation_tick
 .text.now_playing_new_settings
                0x00000000000021e4       0xf8 src/windows/now_playing.c.33.o
                0x00000000000021e4                now_playing_new_settings
 .text.now_playing_action_bar_handle
                0x00000000000022dc       0x98 src/windows/now_playing.c.33.o
                0x00000000000022dc                now_playing_action_bar_handle
 .text.now_playing_long_clicked_select
                0x0000000000002374       0x40 src/windows/now_playing.c.33.o
                0x0000000000002374                now_playing_long_clicked_select
 .text.now_playing_state_callback
                0x00000000000023b4      0x134 src/windows/now_playing.c.33.o
                0x00000000000023b4                now_playing_state_callback
 .text.now_playing_window_load
                0x00000000000024e8      0x350 src/windows/now_playing.c.33.o
                0x00000000000024e8                now_playing_window_load
 .text.now_playing_reset_invert_controls
                0x0000000000002838       0x40 src/windows/now_playing.c.33.o
                0x0000000000002838                now_playing_reset_invert_controls
 .text.now_playing_clicked_down
                0x0000000000002878       0x2c src/windows/now_playing.c.33.o
                0x0000000000002878                now_playing_clicked_down
 .text.now_playing_clicked_select
                0x00000000000028a4       0x58 src/windows/now_playing.c.33.o
                0x00000000000028a4                now_playing_clicked_select
 .text.now_playing_clicked_up
                0x00000000000028fc       0x2c src/windows/now_playing.c.33.o
                0x00000000000028fc                now_playing_clicked_up
 .text.now_playing_show
                0x0000000000002928       0x84 src/windows/now_playing.c.33.o
                0x0000000000002928                now_playing_show
 .text.app_event_loop
                0x00000000000029ac        0xc /Users/edwinfinch/Library/Application Support/Pebble SDK/SDKs/current/sdk-core/pebble/aplite/lib/libpebble.a(tmpqO8TxMpebble.o)
                0x00000000000029ac                app_event_loop
 .text.app_log  0x00000000000029b8        0xc /Users/edwinfinch/Library/Application Support/Pebble SDK/SDKs/current/sdk-core/pebble/aplite/lib/libpebble.a(tmpqO8TxMpebble.o)
                0x00000000000029b8                app_log
 .text.app_message_open
                0x00000000000029c4        0xc /Users/edwinfinch/Library/Application Support/Pebble SDK/SDKs/current/sdk-core/pebble/aplite/lib/libpebble.a(tmpqO8TxMpebble.o)
                0x00000000000029c4                app_message_open
 .text.app_timer_cancel
                0x00000000000029d0        0xc /Users/edwinfinch/Library/Application Support/Pebble SDK/SDKs/current/sdk-core/pebble/aplite/lib/libpebble.a(tmpqO8TxMpebble.o)
                0x00000000000029d0                app_timer_cancel
 .text.app_timer_register
                0x00000000000029dc        0xc /Users/edwinfinch/Library/Application Support/Pebble SDK/SDKs/current/sdk-core/pebble/aplite/lib/libpebble.a(tmpqO8TxMpebble.o)
                0x00000000000029dc                app_timer_register
 .text.bitmap_layer_create
                0x00000000000029e8        0xc /Users/edwinfinch/Library/Application Support/Pebble SDK/SDKs/current/sdk-core/pebble/aplite/lib/libpebble.a(tmpqO8TxMpebble.o)
                0x00000000000029e8                bitmap_layer_create
 .text.bitmap_layer_destroy
                0x00000000000029f4        0xc /Users/edwinfinch/Library/Application Support/Pebble SDK/SDKs/current/sdk-core/pebble/aplite/lib/libpebble.a(tmpqO8TxMpebble.o)
                0x00000000000029f4                bitmap_layer_destroy
 .text.bitmap_layer_get_layer
                0x0000000000002a00        0xc /Users/edwinfinch/Library/Application Support/Pebble SDK/SDKs/current/sdk-core/pebble/aplite/lib/libpebble.a(tmpqO8TxMpebble.o)
                0x0000000000002a00                bitmap_layer_get_layer
 .text.bitmap_layer_set_bitmap
                0x0000000000002a0c        0xc /Users/edwinfinch/Library/Application Support/Pebble SDK/SDKs/current/sdk-core/pebble/aplite/lib/libpebble.a(tmpqO8TxMpebble.o)
                0x0000000000002a0c                bitmap_layer_set_bitmap
 .text.dict_find
                0x0000000000002a18        0xc /Users/edwinfinch/Library/Application Support/Pebble SDK/SDKs/current/sdk-core/pebble/aplite/lib/libpebble.a(tmpqO8TxMpebble.o)
                0x0000000000002a18                dict_find
 .text.dict_read_first
                0x0000000000002a24        0xc /Users/edwinfinch/Library/Application Support/Pebble SDK/SDKs/current/sdk-core/pebble/aplite/lib/libpebble.a(tmpqO8TxMpebble.o)
                0x0000000000002a24                dict_read_first
 .text.dict_read_next
                0x0000000000002a30        0xc /Users/edwinfinch/Library/Application Support/Pebble SDK/SDKs/current/sdk-core/pebble/aplite/lib/libpebble.a(tmpqO8TxMpebble.o)
                0x0000000000002a30                dict_read_next
 .text.dict_write_data
                0x0000000000002a3c        0xc /Users/edwinfinch/Library/Application Support/Pebble SDK/SDKs/current/sdk-core/pebble/aplite/lib/libpebble.a(tmpqO8TxMpebble.o)
                0x0000000000002a3c                dict_write_data
 .text.dict_write_int16
                0x0000000000002a48        0xc /Users/edwinfinch/Library/Application Support/Pebble SDK/SDKs/current/sdk-core/pebble/aplite/lib/libpebble.a(tmpqO8TxMpebble.o)
                0x0000000000002a48                dict_write_int16
 .text.dict_write_int32
                0x0000000000002a54        0xc /Users/edwinfinch/Library/Application Support/Pebble SDK/SDKs/current/sdk-core/pebble/aplite/lib/libpebble.a(tmpqO8TxMpebble.o)
                0x0000000000002a54                dict_write_int32
 .text.dict_write_int8
                0x0000000000002a60        0xc /Users/edwinfinch/Library/Application Support/Pebble SDK/SDKs/current/sdk-core/pebble/aplite/lib/libpebble.a(tmpqO8TxMpebble.o)
                0x0000000000002a60                dict_write_int8
 .text.dict_write_uint16
                0x0000000000002a6c        0xc /Users/edwinfinch/Library/Application Support/Pebble SDK/SDKs/current/sdk-core/pebble/aplite/lib/libpebble.a(tmpqO8TxMpebble.o)
                0x0000000000002a6c                dict_write_uint16
 .text.dict_write_uint32
                0x0000000000002a78        0xc /Users/edwinfinch/Library/Application Support/Pebble SDK/SDKs/current/sdk-core/pebble/aplite/lib/libpebble.a(tmpqO8TxMpebble.o)
                0x0000000000002a78                dict_write_uint32
 .text.dict_write_uint8
                0x0000000000002a84        0xc /Users/edwinfinch/Library/Application Support/Pebble SDK/SDKs/current/sdk-core/pebble/aplite/lib/libpebble.a(tmpqO8TxMpebble.o)
                0x0000000000002a84                dict_write_uint8
 .text.fonts_get_system_font
                0x0000000000002a90        0xc /Users/edwinfinch/Library/Application Support/Pebble SDK/SDKs/current/sdk-core/pebble/aplite/lib/libpebble.a(tmpqO8TxMpebble.o)
                0x0000000000002a90                fonts_get_system_font
 .text.free     0x0000000000002a9c        0xc /Users/edwinfinch/Library/Application Support/Pebble SDK/SDKs/current/sdk-core/pebble/aplite/lib/libpebble.a(tmpqO8TxMpebble.o)
                0x0000000000002a9c                free
 .text.gbitmap_create_with_resource
                0x0000000000002aa8        0xc /Users/edwinfinch/Library/Application Support/Pebble SDK/SDKs/current/sdk-core/pebble/aplite/lib/libpebble.a(tmpqO8TxMpebble.o)
                0x0000000000002aa8                gbitmap_create_with_resource
 .text.gbitmap_destroy
                0x0000000000002ab4        0xc /Users/edwinfinch/Library/Application Support/Pebble SDK/SDKs/current/sdk-core/pebble/aplite/lib/libpebble.a(tmpqO8TxMpebble.o)
                0x0000000000002ab4                gbitmap_destroy
 .text.graphics_context_set_compositing_mode
                0x0000000000002ac0        0xc /Users/edwinfinch/Library/Application Support/Pebble SDK/SDKs/current/sdk-core/pebble/aplite/lib/libpebble.a(tmpqO8TxMpebble.o)
                0x0000000000002ac0                graphics_context_set_compositing_mode
 .text.graphics_draw_bitmap_in_rect
                0x0000000000002acc        0xc /Users/edwinfinch/Library/Application Support/Pebble SDK/SDKs/current/sdk-core/pebble/aplite/lib/libpebble.a(tmpqO8TxMpebble.o)
                0x0000000000002acc                graphics_draw_bitmap_in_rect
 .text.graphics_fill_rect
                0x0000000000002ad8        0xc /Users/edwinfinch/Library/Application Support/Pebble SDK/SDKs/current/sdk-core/pebble/aplite/lib/libpebble.a(tmpqO8TxMpebble.o)
                0x0000000000002ad8                graphics_fill_rect
 .text.layer_add_child
                0x0000000000002ae4        0xc /Users/edwinfinch/Library/Application Support/Pebble SDK/SDKs/current/sdk-core/pebble/aplite/lib/libpebble.a(tmpqO8TxMpebble.o)
                0x0000000000002ae4                layer_add_child
 .text.layer_create
                0x0000000000002af0        0xc /Users/edwinfinch/Library/Application Support/Pebble SDK/SDKs/current/sdk-core/pebble/aplite/lib/libpebble.a(tmpqO8TxMpebble.o)
                0x0000000000002af0                layer_create
 .text.layer_create_with_data
                0x0000000000002afc        0xc /Users/edwinfinch/Library/Application Support/Pebble SDK/SDKs/current/sdk-core/pebble/aplite/lib/libpebble.a(tmpqO8TxMpebble.o)
                0x0000000000002afc                layer_create_with_data
 .text.layer_destroy
                0x0000000000002b08        0xc /Users/edwinfinch/Library/Application Support/Pebble SDK/SDKs/current/sdk-core/pebble/aplite/lib/libpebble.a(tmpqO8TxMpebble.o)
                0x0000000000002b08                layer_destroy
 .text.layer_get_bounds
                0x0000000000002b14        0xc /Users/edwinfinch/Library/Application Support/Pebble SDK/SDKs/current/sdk-core/pebble/aplite/lib/libpebble.a(tmpqO8TxMpebble.o)
                0x0000000000002b14                layer_get_bounds
 .text.layer_get_data
                0x0000000000002b20        0xc /Users/edwinfinch/Library/Application Support/Pebble SDK/SDKs/current/sdk-core/pebble/aplite/lib/libpebble.a(tmpqO8TxMpebble.o)
                0x0000000000002b20                layer_get_data
 .text.layer_get_frame
                0x0000000000002b2c        0xc /Users/edwinfinch/Library/Application Support/Pebble SDK/SDKs/current/sdk-core/pebble/aplite/lib/libpebble.a(tmpqO8TxMpebble.o)
                0x0000000000002b2c                layer_get_frame
 .text.layer_mark_dirty
                0x0000000000002b38        0xc /Users/edwinfinch/Library/Application Support/Pebble SDK/SDKs/current/sdk-core/pebble/aplite/lib/libpebble.a(tmpqO8TxMpebble.o)
                0x0000000000002b38                layer_mark_dirty
 .text.layer_set_bounds
                0x0000000000002b44        0xc /Users/edwinfinch/Library/Application Support/Pebble SDK/SDKs/current/sdk-core/pebble/aplite/lib/libpebble.a(tmpqO8TxMpebble.o)
                0x0000000000002b44                layer_set_bounds
 .text.layer_set_hidden
                0x0000000000002b50        0xc /Users/edwinfinch/Library/Application Support/Pebble SDK/SDKs/current/sdk-core/pebble/aplite/lib/libpebble.a(tmpqO8TxMpebble.o)
                0x0000000000002b50                layer_set_hidden
 .text.layer_set_update_proc
                0x0000000000002b5c        0xc /Users/edwinfinch/Library/Application Support/Pebble SDK/SDKs/current/sdk-core/pebble/aplite/lib/libpebble.a(tmpqO8TxMpebble.o)
                0x0000000000002b5c                layer_set_update_proc
 .text.malloc   0x0000000000002b68        0xc /Users/edwinfinch/Library/Application Support/Pebble SDK/SDKs/current/sdk-core/pebble/aplite/lib/libpebble.a(tmpqO8TxMpebble.o)
                0x0000000000002b68                malloc
 .text.memcpy   0x0000000000002b74        0xc /Users/edwinfinch/Library/Application Support/Pebble SDK/SDKs/current/sdk-core/pebble/aplite/lib/libpebble.a(tmpqO8TxMpebble.o)
                0x0000000000002b74                memcpy
 .text.memmove  0x0000000000002b80        0xc /Users/edwinfinch/Library/Application Support/Pebble SDK/SDKs/current/sdk-core/pebble/aplite/lib/libpebble.a(tmpqO8TxMpebble.o)
                0x0000000000002b80                memmove
 .text.memset   0x0000000000002b8c        0xc /Users/edwinfinch/Library/Application Support/Pebble SDK/SDKs/current/sdk-core/pebble/aplite/lib/libpebble.a(tmpqO8TxMpebble.o)
                0x0000000000002b8c                memset
 .text.menu_cell_basic_draw
                0x0000000000002b98        0xc /Users/edwinfinch/Library/Application Support/Pebble SDK/SDKs/current/sdk-core/pebble/aplite/lib/libpebble.a(tmpqO8TxMpebble.o)
                0x0000000000002b98                menu_cell_basic_draw
 .text.menu_layer_destroy
                0x0000000000002ba4        0xc /Users/edwinfinch/Library/Application Support/Pebble SDK/SDKs/current/sdk-core/pebble/aplite/lib/libpebble.a(tmpqO8TxMpebble.o)
                0x0000000000002ba4                menu_layer_destroy
 .text.menu_layer_get_layer
                0x0000000000002bb0        0xc /Users/edwinfinch/Library/Application Support/Pebble SDK/SDKs/current/sdk-core/pebble/aplite/lib/libpebble.a(tmpqO8TxMpebble.o)
                0x0000000000002bb0                menu_layer_get_layer
 .text.menu_layer_reload_data
                0x0000000000002bbc        0xc /Users/edwinfinch/Library/Application Support/Pebble SDK/SDKs/current/sdk-core/pebble/aplite/lib/libpebble.a(tmpqO8TxMpebble.o)
                0x0000000000002bbc                menu_layer_reload_data
 .text.menu_layer_set_click_config_onto_window
                0x0000000000002bc8        0xc /Users/edwinfinch/Library/Application Support/Pebble SDK/SDKs/current/sdk-core/pebble/aplite/lib/libpebble.a(tmpqO8TxMpebble.o)
                0x0000000000002bc8                menu_layer_set_click_config_onto_window
 .text.menu_layer_set_selected_index
                0x0000000000002bd4        0xc /Users/edwinfinch/Library/Application Support/Pebble SDK/SDKs/current/sdk-core/pebble/aplite/lib/libpebble.a(tmpqO8TxMpebble.o)
                0x0000000000002bd4                menu_layer_set_selected_index
 .text.scroll_layer_add_child
                0x0000000000002be0        0xc /Users/edwinfinch/Library/Application Support/Pebble SDK/SDKs/current/sdk-core/pebble/aplite/lib/libpebble.a(tmpqO8TxMpebble.o)
                0x0000000000002be0                scroll_layer_add_child
 .text.scroll_layer_create
                0x0000000000002bec        0xc /Users/edwinfinch/Library/Application Support/Pebble SDK/SDKs/current/sdk-core/pebble/aplite/lib/libpebble.a(tmpqO8TxMpebble.o)
                0x0000000000002bec                scroll_layer_create
 .text.scroll_layer_destroy
                0x0000000000002bf8        0xc /Users/edwinfinch/Library/Application Support/Pebble SDK/SDKs/current/sdk-core/pebble/aplite/lib/libpebble.a(tmpqO8TxMpebble.o)
                0x0000000000002bf8                scroll_layer_destroy
 .text.scroll_layer_get_layer
                0x0000000000002c04        0xc /Users/edwinfinch/Library/Application Support/Pebble SDK/SDKs/current/sdk-core/pebble/aplite/lib/libpebble.a(tmpqO8TxMpebble.o)
                0x0000000000002c04                scroll_layer_get_layer
 .text.scroll_layer_set_callbacks
                0x0000000000002c10        0xc /Users/edwinfinch/Library/Application Support/Pebble SDK/SDKs/current/sdk-core/pebble/aplite/lib/libpebble.a(tmpqO8TxMpebble.o)
                0x0000000000002c10                scroll_layer_set_callbacks
 .text.scroll_layer_set_click_config_onto_window
                0x0000000000002c1c        0xc /Users/edwinfinch/Library/Application Support/Pebble SDK/SDKs/current/sdk-core/pebble/aplite/lib/libpebble.a(tmpqO8TxMpebble.o)
                0x0000000000002c1c                scroll_layer_set_click_config_onto_window
 .text.scroll_layer_set_content_size
                0x0000000000002c28        0xc /Users/edwinfinch/Library/Application Support/Pebble SDK/SDKs/current/sdk-core/pebble/aplite/lib/libpebble.a(tmpqO8TxMpebble.o)
                0x0000000000002c28                scroll_layer_set_content_size
 .text.snprintf
                0x0000000000002c34        0xc /Users/edwinfinch/Library/Application Support/Pebble SDK/SDKs/current/sdk-core/pebble/aplite/lib/libpebble.a(tmpqO8TxMpebble.o)
                0x0000000000002c34                snprintf
 .text.strcmp   0x0000000000002c40        0xc /Users/edwinfinch/Library/Application Support/Pebble SDK/SDKs/current/sdk-core/pebble/aplite/lib/libpebble.a(tmpqO8TxMpebble.o)
                0x0000000000002c40                strcmp
 .text.strlen   0x0000000000002c4c        0xc /Users/edwinfinch/Library/Application Support/Pebble SDK/SDKs/current/sdk-core/pebble/aplite/lib/libpebble.a(tmpqO8TxMpebble.o)
                0x0000000000002c4c                strlen
 .text.strncpy  0x0000000000002c58        0xc /Users/edwinfinch/Library/Application Support/Pebble SDK/SDKs/current/sdk-core/pebble/aplite/lib/libpebble.a(tmpqO8TxMpebble.o)
                0x0000000000002c58                strncpy
 .text.tick_timer_service_subscribe
                0x0000000000002c64        0xc /Users/edwinfinch/Library/Application Support/Pebble SDK/SDKs/current/sdk-core/pebble/aplite/lib/libpebble.a(tmpqO8TxMpebble.o)
                0x0000000000002c64                tick_timer_service_subscribe
 .text.vibes_double_pulse
                0x0000000000002c70        0xc /Users/edwinfinch/Library/Application Support/Pebble SDK/SDKs/current/sdk-core/pebble/aplite/lib/libpebble.a(tmpqO8TxMpebble.o)
                0x0000000000002c70                vibes_double_pulse
 .text.vibes_enqueue_custom_pattern
                0x0000000000002c7c        0xc /Users/edwinfinch/Library/Application Support/Pebble SDK/SDKs/current/sdk-core/pebble/aplite/lib/libpebble.a(tmpqO8TxMpebble.o)
                0x0000000000002c7c                vibes_enqueue_custom_pattern
 .text.window_create
                0x0000000000002c88        0xc /Users/edwinfinch/Library/Application Support/Pebble SDK/SDKs/current/sdk-core/pebble/aplite/lib/libpebble.a(tmpqO8TxMpebble.o)
                0x0000000000002c88                window_create
 .text.window_destroy
                0x0000000000002c94        0xc /Users/edwinfinch/Library/Application Support/Pebble SDK/SDKs/current/sdk-core/pebble/aplite/lib/libpebble.a(tmpqO8TxMpebble.o)
                0x0000000000002c94                window_destroy
 .text.window_get_root_layer
                0x0000000000002ca0        0xc /Users/edwinfinch/Library/Application Support/Pebble SDK/SDKs/current/sdk-core/pebble/aplite/lib/libpebble.a(tmpqO8TxMpebble.o)
                0x0000000000002ca0                window_get_root_layer
 .text.window_set_window_handlers
                0x0000000000002cac        0xc /Users/edwinfinch/Library/Application Support/Pebble SDK/SDKs/current/sdk-core/pebble/aplite/lib/libpebble.a(tmpqO8TxMpebble.o)
                0x0000000000002cac                window_set_window_handlers
 .text.window_stack_pop
                0x0000000000002cb8        0xc /Users/edwinfinch/Library/Application Support/Pebble SDK/SDKs/current/sdk-core/pebble/aplite/lib/libpebble.a(tmpqO8TxMpebble.o)
                0x0000000000002cb8                window_stack_pop
 .text.window_stack_pop_all
                0x0000000000002cc4        0xc /Users/edwinfinch/Library/Application Support/Pebble SDK/SDKs/current/sdk-core/pebble/aplite/lib/libpebble.a(tmpqO8TxMpebble.o)
                0x0000000000002cc4                window_stack_pop_all
 .text.window_stack_push
                0x0000000000002cd0        0xc /Users/edwinfinch/Library/Application Support/Pebble SDK/SDKs/current/sdk-core/pebble/aplite/lib/libpebble.a(tmpqO8TxMpebble.o)
                0x0000000000002cd0                window_stack_push
 .text.window_stack_remove
                0x0000000000002cdc        0xc /Users/edwinfinch/Library/Application Support/Pebble SDK/SDKs/current/sdk-core/pebble/aplite/lib/libpebble.a(tmpqO8TxMpebble.o)
                0x0000000000002cdc                window_stack_remove
 .text.app_message_outbox_begin
                0x0000000000002ce8        0xc /Users/edwinfinch/Library/Application Support/Pebble SDK/SDKs/current/sdk-core/pebble/aplite/lib/libpebble.a(tmpqO8TxMpebble.o)
                0x0000000000002ce8                app_message_outbox_begin
 .text.app_message_outbox_send
                0x0000000000002cf4        0xc /Users/edwinfinch/Library/Application Support/Pebble SDK/SDKs/current/sdk-core/pebble/aplite/lib/libpebble.a(tmpqO8TxMpebble.o)
                0x0000000000002cf4                app_message_outbox_send
 .text.app_message_register_inbox_dropped
                0x0000000000002d00        0xc /Users/edwinfinch/Library/Application Support/Pebble SDK/SDKs/current/sdk-core/pebble/aplite/lib/libpebble.a(tmpqO8TxMpebble.o)
                0x0000000000002d00                app_message_register_inbox_dropped
 .text.app_message_register_inbox_received
                0x0000000000002d0c        0xc /Users/edwinfinch/Library/Application Support/Pebble SDK/SDKs/current/sdk-core/pebble/aplite/lib/libpebble.a(tmpqO8TxMpebble.o)
                0x0000000000002d0c                app_message_register_inbox_received
 .text.app_message_register_outbox_failed
                0x0000000000002d18        0xc /Users/edwinfinch/Library/Application Support/Pebble SDK/SDKs/current/sdk-core/pebble/aplite/lib/libpebble.a(tmpqO8TxMpebble.o)
                0x0000000000002d18                app_message_register_outbox_failed
 .text.window_long_click_subscribe
                0x0000000000002d24        0xc /Users/edwinfinch/Library/Application Support/Pebble SDK/SDKs/current/sdk-core/pebble/aplite/lib/libpebble.a(tmpqO8TxMpebble.o)
                0x0000000000002d24                window_long_click_subscribe
 .text.window_single_click_subscribe
                0x0000000000002d30        0xc /Users/edwinfinch/Library/Application Support/Pebble SDK/SDKs/current/sdk-core/pebble/aplite/lib/libpebble.a(tmpqO8TxMpebble.o)
                0x0000000000002d30                window_single_click_subscribe
 .text.graphics_draw_text
                0x0000000000002d3c        0xc /Users/edwinfinch/Library/Application Support/Pebble SDK/SDKs/current/sdk-core/pebble/aplite/lib/libpebble.a(tmpqO8TxMpebble.o)
                0x0000000000002d3c                graphics_draw_text
 .text.persist_read_data
                0x0000000000002d48        0xc /Users/edwinfinch/Library/Application Support/Pebble SDK/SDKs/current/sdk-core/pebble/aplite/lib/libpebble.a(tmpqO8TxMpebble.o)
                0x0000000000002d48                persist_read_data
 .text.persist_write_data
                0x0000000000002d54        0xc /Users/edwinfinch/Library/Application Support/Pebble SDK/SDKs/current/sdk-core/pebble/aplite/lib/libpebble.a(tmpqO8TxMpebble.o)
                0x0000000000002d54                persist_write_data
 .text.graphics_text_layout_get_content_size
                0x0000000000002d60        0xc /Users/edwinfinch/Library/Application Support/Pebble SDK/SDKs/current/sdk-core/pebble/aplite/lib/libpebble.a(tmpqO8TxMpebble.o)
                0x0000000000002d60                graphics_text_layout_get_content_size
 .text.heap_bytes_free
                0x0000000000002d6c        0xc /Users/edwinfinch/Library/Application Support/Pebble SDK/SDKs/current/sdk-core/pebble/aplite/lib/libpebble.a(tmpqO8TxMpebble.o)
                0x0000000000002d6c                heap_bytes_free
 .text.watch_info_get_model
                0x0000000000002d78        0xc /Users/edwinfinch/Library/Application Support/Pebble SDK/SDKs/current/sdk-core/pebble/aplite/lib/libpebble.a(tmpqO8TxMpebble.o)
                0x0000000000002d78                watch_info_get_model
 .text.launch_reason
                0x0000000000002d84        0xc /Users/edwinfinch/Library/Application Support/Pebble SDK/SDKs/current/sdk-core/pebble/aplite/lib/libpebble.a(tmpqO8TxMpebble.o)
                0x0000000000002d84                launch_reason
 .text.wakeup_get_launch_event
                0x0000000000002d90        0xc /Users/edwinfinch/Library/Application Support/Pebble SDK/SDKs/current/sdk-core/pebble/aplite/lib/libpebble.a(tmpqO8TxMpebble.o)
                0x0000000000002d90                wakeup_get_launch_event
 .text.wakeup_schedule
                0x0000000000002d9c        0xc /Users/edwinfinch/Library/Application Support/Pebble SDK/SDKs/current/sdk-core/pebble/aplite/lib/libpebble.a(tmpqO8TxMpebble.o)
                0x0000000000002d9c                wakeup_schedule
 .text.graphics_context_set_fill_color
                0x0000000000002da8        0xc /Users/edwinfinch/Library/Application Support/Pebble SDK/SDKs/current/sdk-core/pebble/aplite/lib/libpebble.a(tmpqO8TxMpebble.o)
                0x0000000000002da8                graphics_context_set_fill_color
 .text.graphics_context_set_text_color
                0x0000000000002db4        0xc /Users/edwinfinch/Library/Application Support/Pebble SDK/SDKs/current/sdk-core/pebble/aplite/lib/libpebble.a(tmpqO8TxMpebble.o)
                0x0000000000002db4                graphics_context_set_text_color
 .text.window_set_background_color
                0x0000000000002dc0        0xc /Users/edwinfinch/Library/Application Support/Pebble SDK/SDKs/current/sdk-core/pebble/aplite/lib/libpebble.a(tmpqO8TxMpebble.o)
                0x0000000000002dc0                window_set_background_color
 .text.gbitmap_get_bounds
                0x0000000000002dcc        0xc /Users/edwinfinch/Library/Application Support/Pebble SDK/SDKs/current/sdk-core/pebble/aplite/lib/libpebble.a(tmpqO8TxMpebble.o)
                0x0000000000002dcc                gbitmap_get_bounds
 .text.gbitmap_create_from_png_data
                0x0000000000002dd8        0xc /Users/edwinfinch/Library/Application Support/Pebble SDK/SDKs/current/sdk-core/pebble/aplite/lib/libpebble.a(tmpqO8TxMpebble.o)
                0x0000000000002dd8                gbitmap_create_from_png_data
 .text.menu_layer_create
                0x0000000000002de4        0xc /Users/edwinfinch/Library/Application Support/Pebble SDK/SDKs/current/sdk-core/pebble/aplite/lib/libpebble.a(tmpqO8TxMpebble.o)
                0x0000000000002de4                menu_layer_create
 .text.action_bar_layer_add_to_window
                0x0000000000002df0        0xc /Users/edwinfinch/Library/Application Support/Pebble SDK/SDKs/current/sdk-core/pebble/aplite/lib/libpebble.a(tmpqO8TxMpebble.o)
                0x0000000000002df0                action_bar_layer_add_to_window
 .text.action_bar_layer_create
                0x0000000000002dfc        0xc /Users/edwinfinch/Library/Application Support/Pebble SDK/SDKs/current/sdk-core/pebble/aplite/lib/libpebble.a(tmpqO8TxMpebble.o)
                0x0000000000002dfc                action_bar_layer_create
 .text.action_bar_layer_destroy
                0x0000000000002e08        0xc /Users/edwinfinch/Library/Application Support/Pebble SDK/SDKs/current/sdk-core/pebble/aplite/lib/libpebble.a(tmpqO8TxMpebble.o)
                0x0000000000002e08                action_bar_layer_destroy
 .text.action_bar_layer_get_layer
                0x0000000000002e14        0xc /Users/edwinfinch/Library/Application Support/Pebble SDK/SDKs/current/sdk-core/pebble/aplite/lib/libpebble.a(tmpqO8TxMpebble.o)
                0x0000000000002e14                action_bar_layer_get_layer
 .text.action_bar_layer_set_click_config_provider
                0x0000000000002e20        0xc /Users/edwinfinch/Library/Application Support/Pebble SDK/SDKs/current/sdk-core/pebble/aplite/lib/libpebble.a(tmpqO8TxMpebble.o)
                0x0000000000002e20                action_bar_layer_set_click_config_provider
 .text.action_bar_layer_set_icon_animated
                0x0000000000002e2c        0xc /Users/edwinfinch/Library/Application Support/Pebble SDK/SDKs/current/sdk-core/pebble/aplite/lib/libpebble.a(tmpqO8TxMpebble.o)
                0x0000000000002e2c                action_bar_layer_set_icon_animated
 .text.menu_cell_layer_is_highlighted
                0x0000000000002e38        0xc /Users/edwinfinch/Library/Application Support/Pebble SDK/SDKs/current/sdk-core/pebble/aplite/lib/libpebble.a(tmpqO8TxMpebble.o)
                0x0000000000002e38                menu_cell_layer_is_highlighted
 .text.text_layer_create
                0x0000000000002e44        0xc /Users/edwinfinch/Library/Application Support/Pebble SDK/SDKs/current/sdk-core/pebble/aplite/lib/libpebble.a(tmpqO8TxMpebble.o)
                0x0000000000002e44                text_layer_create
 .text.text_layer_destroy
                0x0000000000002e50        0xc /Users/edwinfinch/Library/Application Support/Pebble SDK/SDKs/current/sdk-core/pebble/aplite/lib/libpebble.a(tmpqO8TxMpebble.o)
                0x0000000000002e50                text_layer_destroy
 .text.text_layer_get_layer
                0x0000000000002e5c        0xc /Users/edwinfinch/Library/Application Support/Pebble SDK/SDKs/current/sdk-core/pebble/aplite/lib/libpebble.a(tmpqO8TxMpebble.o)
                0x0000000000002e5c                text_layer_get_layer
 .text.text_layer_set_background_color
                0x0000000000002e68        0xc /Users/edwinfinch/Library/Application Support/Pebble SDK/SDKs/current/sdk-core/pebble/aplite/lib/libpebble.a(tmpqO8TxMpebble.o)
                0x0000000000002e68                text_layer_set_background_color
 .text.text_layer_set_font
                0x0000000000002e74        0xc /Users/edwinfinch/Library/Application Support/Pebble SDK/SDKs/current/sdk-core/pebble/aplite/lib/libpebble.a(tmpqO8TxMpebble.o)
                0x0000000000002e74                text_layer_set_font
 .text.text_layer_set_overflow_mode
                0x0000000000002e80        0xc /Users/edwinfinch/Library/Application Support/Pebble SDK/SDKs/current/sdk-core/pebble/aplite/lib/libpebble.a(tmpqO8TxMpebble.o)
                0x0000000000002e80                text_layer_set_overflow_mode
 .text.text_layer_set_text
                0x0000000000002e8c        0xc /Users/edwinfinch/Library/Application Support/Pebble SDK/SDKs/current/sdk-core/pebble/aplite/lib/libpebble.a(tmpqO8TxMpebble.o)
                0x0000000000002e8c                text_layer_set_text
 .text.text_layer_set_text_color
                0x0000000000002e98        0xc /Users/edwinfinch/Library/Application Support/Pebble SDK/SDKs/current/sdk-core/pebble/aplite/lib/libpebble.a(tmpqO8TxMpebble.o)
                0x0000000000002e98                text_layer_set_text_color
 .text.time     0x0000000000002ea4        0xc /Users/edwinfinch/Library/Application Support/Pebble SDK/SDKs/current/sdk-core/pebble/aplite/lib/libpebble.a(tmpqO8TxMpebble.o)
                0x0000000000002ea4                time
 .text.menu_layer_set_highlight_colors
                0x0000000000002eb0        0xc /Users/edwinfinch/Library/Application Support/Pebble SDK/SDKs/current/sdk-core/pebble/aplite/lib/libpebble.a(tmpqO8TxMpebble.o)
                0x0000000000002eb0                menu_layer_set_highlight_colors
 .text.menu_layer_set_normal_colors
                0x0000000000002ebc        0xc /Users/edwinfinch/Library/Application Support/Pebble SDK/SDKs/current/sdk-core/pebble/aplite/lib/libpebble.a(tmpqO8TxMpebble.o)
                0x0000000000002ebc                menu_layer_set_normal_colors
 .text.menu_layer_set_callbacks
                0x0000000000002ec8        0xc /Users/edwinfinch/Library/Application Support/Pebble SDK/SDKs/current/sdk-core/pebble/aplite/lib/libpebble.a(tmpqO8TxMpebble.o)
                0x0000000000002ec8                menu_layer_set_callbacks
 .text.connection_service_peek_pebble_app_connection
                0x0000000000002ed4        0xc /Users/edwinfinch/Library/Application Support/Pebble SDK/SDKs/current/sdk-core/pebble/aplite/lib/libpebble.a(tmpqO8TxMpebble.o)
                0x0000000000002ed4                connection_service_peek_pebble_app_connection
 .text.connection_service_peek_pebblekit_connection
                0x0000000000002ee0        0xc /Users/edwinfinch/Library/Application Support/Pebble SDK/SDKs/current/sdk-core/pebble/aplite/lib/libpebble.a(tmpqO8TxMpebble.o)
                0x0000000000002ee0                connection_service_peek_pebblekit_connection
 .text.connection_service_subscribe
                0x0000000000002eec        0xc /Users/edwinfinch/Library/Application Support/Pebble SDK/SDKs/current/sdk-core/pebble/aplite/lib/libpebble.a(tmpqO8TxMpebble.o)
                0x0000000000002eec                connection_service_subscribe
 *(.rodata)
 .rodata        0x0000000000002ef8        0x8 src/windows/connection_window.c.33.o
 .rodata        0x0000000000002f00       0x10 src/windows/library_menus.c.33.o
 .rodata        0x0000000000002f10        0x8 src/windows/main_menu.c.33.o
 .rodata        0x0000000000002f18       0x20 src/windows/now_playing.c.33.o
 *(.rodata*)
 .rodata.str1.1
                0x0000000000002f38       0x1a src/layers/marquee_text.c.33.o
 .rodata.str1.1
                0x0000000000002f52      0x3e8 src/windows/connection_window.c.33.o
                                        0x3ef (size before relaxing)
 .rodata.str1.1
                0x000000000000333a       0x7f src/windows/library_menus.c.33.o
                                         0x80 (size before relaxing)
 .rodata.str1.1
                0x00000000000033b9       0x5c src/windows/main_menu.c.33.o
                                         0x5d (size before relaxing)
 .rodata.str1.1
                0x0000000000003415       0x47 src/windows/now_playing.c.33.o
                                         0x5d (size before relaxing)
 .rodata.segments.7811
                0x000000000000345c        0x8 src/windows/now_playing.c.33.o

.glue_7         0x0000000000003464        0x0
 .glue_7        0x0000000000000000        0x0 linker stubs

.glue_7t        0x0000000000003464        0x0
 .glue_7t       0x0000000000000000        0x0 linker stubs

.vfp11_veneer   0x0000000000003464        0x0
 .vfp11_veneer  0x0000000000000000        0x0 linker stubs

.v4_bx          0x0000000000003464        0x0
 .v4_bx         0x0000000000000000        0x0 linker stubs

.iplt           0x0000000000003464        0x0
 .iplt          0x0000000000000000        0x0 /usr/local/Cellar/pebble-toolchain/2.0/arm-cs-tools/bin/../lib/gcc/arm-none-eabi/4.7.2/thumb2/crtbegin.o

.rel.dyn        0x0000000000003464        0x0
 .rel.iplt      0x0000000000000000        0x0 /usr/local/Cellar/pebble-toolchain/2.0/arm-cs-tools/bin/../lib/gcc/arm-none-eabi/4.7.2/thumb2/crtbegin.o
 .rel.got       0x0000000000000000        0x0 /usr/local/Cellar/pebble-toolchain/2.0/arm-cs-tools/bin/../lib/gcc/arm-none-eabi/4.7.2/thumb2/crtbegin.o

.data           0x0000000000003464       0x8d
 *(.data)
 .data          0x0000000000003464        0x0 /usr/local/Cellar/pebble-toolchain/2.0/arm-cs-tools/bin/../lib/gcc/arm-none-eabi/4.7.2/thumb2/crti.o
 .data          0x0000000000003464        0x4 /usr/local/Cellar/pebble-toolchain/2.0/arm-cs-tools/bin/../lib/gcc/arm-none-eabi/4.7.2/thumb2/crtbegin.o
                0x0000000000003464                __dso_handle
 .data          0x0000000000003468        0x0 src/common.c.33.o
 .data          0x0000000000003468        0x0 src/gbitmap.c.33.o
 .data          0x0000000000003468        0x0 src/ipod.c.33.o
 .data          0x0000000000003468        0x0 src/ipod_state.c.33.o
 .data          0x0000000000003468        0x0 src/layers/marquee_text.c.33.o
 .data          0x0000000000003468        0x0 src/layers/progress_bar.c.33.o
 .data          0x0000000000003468        0x0 src/settings.c.33.o
 .data          0x0000000000003468        0x8 src/windows/connection_window.c.33.o
 .data          0x0000000000003470        0x0 src/windows/library_menus.c.33.o
 .data          0x0000000000003470        0x0 src/windows/main_menu.c.33.o
 .data          0x0000000000003470        0x0 src/windows/message_window.c.33.o
 .data          0x0000000000003470        0x8 src/windows/now_playing.c.33.o
 .data          0x0000000000003478        0x0 aplite/appinfo.auto.c.33.o
 .data          0x0000000000003478        0x0 aplite/src/resource_ids.auto.c.33.o
 .data          0x0000000000003478        0x0 /Users/edwinfinch/Library/Application Support/Pebble SDK/SDKs/current/sdk-core/pebble/aplite/lib/libpebble.a(tmpqO8TxMpebble.o)
 .data          0x0000000000003478        0x0 /usr/local/Cellar/pebble-toolchain/2.0/arm-cs-tools/bin/../lib/gcc/arm-none-eabi/4.7.2/thumb2/crtend.o
 .data          0x0000000000003478        0x0 /usr/local/Cellar/pebble-toolchain/2.0/arm-cs-tools/bin/../lib/gcc/arm-none-eabi/4.7.2/thumb2/crtn.o
 *(.data.*)
 .data.s_sequence_number
                0x0000000000003478        0x4 src/common.c.33.o
 .data.first_open
                0x000000000000347c        0x1 src/ipod_state.c.33.o
                0x000000000000347c                first_open
 .data.first_call
                0x000000000000347d        0x1 src/ipod_state.c.33.o
                0x000000000000347d                first_call
 *fill*         0x000000000000347e        0x2 
 .data.rel.local.connection_titles
                0x0000000000003480       0x18 src/windows/connection_window.c.33.o
                0x0000000000003480                connection_titles
 .data.rel.local.connection_descriptions
                0x0000000000003498       0x18 src/windows/connection_window.c.33.o
                0x0000000000003498                connection_descriptions
 .data.rel.local.repeat_modes
                0x00000000000034b0       0x10 src/windows/library_menus.c.33.o
                0x00000000000034b0                repeat_modes
 .data.rel.ro.local.titles.7774
                0x00000000000034c0       0x18 src/windows/main_menu.c.33.o
 .data.rel.ro.callbacks.7775
                0x00000000000034d8       0x18 src/windows/main_menu.c.33.o
 .data.now_playing_action_bar_is_showing
                0x00000000000034f0        0x1 src/windows/now_playing.c.33.o
                0x00000000000034f0                now_playing_action_bar_is_showing

.igot.plt       0x00000000000034f4        0x0
 .igot.plt      0x0000000000000000        0x0 /usr/local/Cellar/pebble-toolchain/2.0/arm-cs-tools/bin/../lib/gcc/arm-none-eabi/4.7.2/thumb2/crtbegin.o

.got            0x00000000000034f4       0x8c
 .got           0x00000000000034f4       0x8c /usr/local/Cellar/pebble-toolchain/2.0/arm-cs-tools/bin/../lib/gcc/arm-none-eabi/4.7.2/thumb2/crtbegin.o

.got.plt        0x0000000000003580        0xc
 .got.plt       0x0000000000003580        0xc /usr/local/Cellar/pebble-toolchain/2.0/arm-cs-tools/bin/../lib/gcc/arm-none-eabi/4.7.2/thumb2/crtbegin.o
                0x0000000000003580                _GLOBAL_OFFSET_TABLE_

.bss            0x000000000000358c      0x330
 *(.bss)
 *(.bss.*)
 .bss.s_artist  0x000000000000358c       0x64 src/ipod_state.c.33.o
 .bss.s_title   0x00000000000035f0       0x64 src/ipod_state.c.33.o
 .bss.now_playing_album_art_size
                0x0000000000003654        0x8 src/ipod_state.c.33.o
 .bss.already_requested_new_song
                0x000000000000365c        0x1 src/ipod_state.c.33.o
                0x000000000000365c                already_requested_new_song
 *fill*         0x000000000000365d        0x3 
 .bss.album_art_data
                0x0000000000003660        0x8 src/ipod_state.c.33.o
 .bss.head      0x0000000000003668        0x4 src/layers/marquee_text.c.33.o
 .bss.description.7734
                0x000000000000366c       0xc8 src/windows/connection_window.c.33.o
 .bss.title.7733
                0x0000000000003734       0x1e src/windows/connection_window.c.33.o
 .bss.poppedt   0x0000000000003752        0x1 src/windows/library_menus.c.33.o
                0x0000000000003752                poppedt
 *fill*         0x0000000000003753        0x1 
 .bss.main_menu_layer
                0x0000000000003754        0x4 src/windows/main_menu.c.33.o
                0x0000000000003754                main_menu_layer
 .bss.already_requested
                0x0000000000003758        0x1 src/windows/main_menu.c.33.o
                0x0000000000003758                already_requested
 .bss.draw_no_album
                0x0000000000003759        0x1 src/windows/now_playing.c.33.o
 *fill*         0x000000000000375a        0x2 
 .bss.no_album_art_bitmap
                0x000000000000375c        0x4 src/windows/now_playing.c.33.o
                0x000000000000375c                no_album_art_bitmap
 .bss.icon_fast_forward
                0x0000000000003760        0x4 src/windows/now_playing.c.33.o
 .bss.controlling_volume
                0x0000000000003764        0x1 src/windows/now_playing.c.33.o
 .bss.current_jump.7756
                0x0000000000003765        0x1 src/windows/now_playing.c.33.o
 *fill*         0x0000000000003766        0x2 
 .bss.icon_play
                0x0000000000003768        0x4 src/windows/now_playing.c.33.o
 .bss.icon_pause
                0x000000000000376c        0x4 src/windows/now_playing.c.33.o
 .bss.icon_more
                0x0000000000003770        0x4 src/windows/now_playing.c.33.o
 .bss.icon_volume_up
                0x0000000000003774        0x4 src/windows/now_playing.c.33.o
 .bss.previous_play_status
                0x0000000000003778        0x1 src/windows/now_playing.c.33.o
                0x0000000000003778                previous_play_status
 .bss.pebble_controls_pushed_select
                0x0000000000003779        0x1 src/windows/now_playing.c.33.o
                0x0000000000003779                pebble_controls_pushed_select
 *fill*         0x000000000000377a        0x2 
 .bss.icon_rewind
                0x000000000000377c        0x4 src/windows/now_playing.c.33.o
 .bss.icon_volume_down
                0x0000000000003780        0x4 src/windows/now_playing.c.33.o
 .bss.action_bar_timer_registered
                0x0000000000003784        0x1 src/windows/now_playing.c.33.o
                0x0000000000003784                action_bar_timer_registered
 .bss.is_shown  0x0000000000003785        0x1 src/windows/now_playing.c.33.o
 *fill*         0x0000000000003786        0x2 
 COMMON         0x0000000000003788        0x4 src/ipod.c.33.o
                0x0000000000003788                window
 COMMON         0x000000000000378c       0x1d src/ipod_state.c.33.o
                0x000000000000378c                ipod_state_callback
                0x0000000000003790                s_shuffle_mode
                0x0000000000003794                s_current_time
                0x0000000000003798                current_type
                0x0000000000003799                s_repeat_mode
                0x000000000000379c                album_art_bitmap
                0x00000000000037a4                s_duration
                0x00000000000037a8                s_playback_state
 *fill*         0x00000000000037a9        0x3 
 COMMON         0x00000000000037ac        0x7 src/settings.c.33.o
                0x00000000000037ac                current_callback
                0x00000000000037b0                current_settings
 *fill*         0x00000000000037b3        0x1 
 COMMON         0x00000000000037b4        0x5 src/windows/connection_window.c.33.o
                0x00000000000037b4                connection_window
                0x00000000000037b8                current_tasty_cookie
 *fill*         0x00000000000037b9        0x3 
 COMMON         0x00000000000037bc       0x24 src/windows/library_menus.c.33.o
                0x00000000000037bc                repeat_icon_inverted
                0x00000000000037c0                shuffle_icon
                0x00000000000037c4                menu_stack_count
                0x00000000000037c8                repeat_icon
                0x00000000000037cc                shuffle_icon_inverted
                0x00000000000037d0                menu_stack
 COMMON         0x00000000000037e0       0x98 src/windows/main_menu.c.33.o
                0x00000000000037e0                main_menu_window
                0x00000000000037e4                main_menu_items
                0x0000000000003844                main_menu_icons
                0x000000000000385c                highlight_index
                0x0000000000003860                main_menu_icons_inverted
 COMMON         0x0000000000003878       0x44 src/windows/now_playing.c.33.o
                0x0000000000003878                now_playing_timer
                0x000000000000387c                artist_font
                0x0000000000003880                now_playing_window
                0x0000000000003884                background_colour
                0x0000000000003885                now_playing_settings
                0x0000000000003888                now_playing_progress_bar
                0x000000000000388c                now_playing_artist_layer
                0x0000000000003890                now_playing_album_art_layer
                0x0000000000003898                now_playing_title_layer
                0x000000000000389c                action_bar_timer
                0x00000000000038a0                artist_frame
                0x00000000000038a8                control_action_bar
                0x00000000000038ac                now_playing_graphics_layer
                0x00000000000038b0                invert_controls_timer
                0x00000000000038b4                now_playing_album_art_bitmap

DISCARD
 libc.a(*)
 libm.a(*)
 libgcc.a(*)
 *(.eh_frame)
OUTPUT(/Users/edwinfinch/Desktop/Lignite Music/music-pebble/build/aplite/pebble-app.elf elf32-littlearm)

.ARM.attributes
                0x0000000000000000       0x27
 .ARM.attributes
                0x0000000000000000       0x19 /usr/local/Cellar/pebble-toolchain/2.0/arm-cs-tools/bin/../lib/gcc/arm-none-eabi/4.7.2/thumb2/crti.o
 .ARM.attributes
                0x0000000000000019       0x29 /usr/local/Cellar/pebble-toolchain/2.0/arm-cs-tools/bin/../lib/gcc/arm-none-eabi/4.7.2/thumb2/crtbegin.o
 .ARM.attributes
                0x0000000000000042       0x33 src/common.c.33.o
 .ARM.attributes
                0x0000000000000075       0x33 src/gbitmap.c.33.o
 .ARM.attributes
                0x00000000000000a8       0x33 src/ipod.c.33.o
 .ARM.attributes
                0x00000000000000db       0x33 src/ipod_state.c.33.o
 .ARM.attributes
                0x000000000000010e       0x33 src/layers/marquee_text.c.33.o
 .ARM.attributes
                0x0000000000000141       0x33 src/layers/progress_bar.c.33.o
 .ARM.attributes
                0x0000000000000174       0x33 src/settings.c.33.o
 .ARM.attributes
                0x00000000000001a7       0x33 src/windows/connection_window.c.33.o
 .ARM.attributes
                0x00000000000001da       0x33 src/windows/library_menus.c.33.o
 .ARM.attributes
                0x000000000000020d       0x33 src/windows/main_menu.c.33.o
 .ARM.attributes
                0x0000000000000240       0x33 src/windows/message_window.c.33.o
 .ARM.attributes
                0x0000000000000273       0x33 src/windows/now_playing.c.33.o
 .ARM.attributes
                0x00000000000002a6       0x33 aplite/appinfo.auto.c.33.o
 .ARM.attributes
                0x00000000000002d9       0x33 aplite/src/resource_ids.auto.c.33.o
 .ARM.attributes
                0x000000000000030c       0x21 /Users/edwinfinch/Library/Application Support/Pebble SDK/SDKs/current/sdk-core/pebble/aplite/lib/libpebble.a(tmpqO8TxMpebble.o)
 .ARM.attributes
                0x000000000000032d       0x29 /usr/local/Cellar/pebble-toolchain/2.0/arm-cs-tools/bin/../lib/gcc/arm-none-eabi/4.7.2/thumb2/crtend.o
 .ARM.attributes
                0x0000000000000356       0x19 /usr/local/Cellar/pebble-toolchain/2.0/arm-cs-tools/bin/../lib/gcc/arm-none-eabi/4.7.2/thumb2/crtn.o

.comment        0x0000000000000000       0x4e
 .comment       0x0000000000000000       0x4e /usr/local/Cellar/pebble-toolchain/2.0/arm-cs-tools/bin/../lib/gcc/arm-none-eabi/4.7.2/thumb2/crtbegin.o
                                         0x4f (size before relaxing)
 .comment       0x0000000000000000       0x4f src/common.c.33.o
 .comment       0x0000000000000000       0x4f src/gbitmap.c.33.o
 .comment       0x0000000000000000       0x4f src/ipod.c.33.o
 .comment       0x0000000000000000       0x4f src/ipod_state.c.33.o
 .comment       0x0000000000000000       0x4f src/layers/marquee_text.c.33.o
 .comment       0x0000000000000000       0x4f src/layers/progress_bar.c.33.o
 .comment       0x0000000000000000       0x4f src/settings.c.33.o
 .comment       0x0000000000000000       0x4f src/windows/connection_window.c.33.o
 .comment       0x0000000000000000       0x4f src/windows/library_menus.c.33.o
 .comment       0x0000000000000000       0x4f src/windows/main_menu.c.33.o
 .comment       0x0000000000000000       0x4f src/windows/message_window.c.33.o
 .comment       0x0000000000000000       0x4f src/windows/now_playing.c.33.o
 .comment       0x0000000000000000       0x4f aplite/appinfo.auto.c.33.o
 .comment       0x0000000000000000       0x4f aplite/src/resource_ids.auto.c.33.o
 .comment       0x0000000000000000       0x4f /usr/local/Cellar/pebble-toolchain/2.0/arm-cs-tools/bin/../lib/gcc/arm-none-eabi/4.7.2/thumb2/crtend.o

.debug_info     0x0000000000000000     0xa081
 .debug_info    0x0000000000000000      0xa1b src/common.c.33.o
 .debug_info    0x0000000000000a1b       0x79 src/gbitmap.c.33.o
 .debug_info    0x0000000000000a94      0x4a5 src/ipod.c.33.o
 .debug_info    0x0000000000000f39     0x10d7 src/ipod_state.c.33.o
 .debug_info    0x0000000000002010      0x9cc src/layers/marquee_text.c.33.o
 .debug_info    0x00000000000029dc      0x66d src/layers/progress_bar.c.33.o
 .debug_info    0x0000000000003049      0x270 src/settings.c.33.o
 .debug_info    0x00000000000032b9     0x16e1 src/windows/connection_window.c.33.o
 .debug_info    0x000000000000499a     0x1ddf src/windows/library_menus.c.33.o
 .debug_info    0x0000000000006779     0x10e9 src/windows/main_menu.c.33.o
 .debug_info    0x0000000000007862       0x79 src/windows/message_window.c.33.o
 .debug_info    0x00000000000078db     0x231f src/windows/now_playing.c.33.o
 .debug_info    0x0000000000009bfa      0x2e6 aplite/appinfo.auto.c.33.o
 .debug_info    0x0000000000009ee0      0x1a1 aplite/src/resource_ids.auto.c.33.o

.debug_abbrev   0x0000000000000000     0x2004
 .debug_abbrev  0x0000000000000000      0x290 src/common.c.33.o
 .debug_abbrev  0x0000000000000290       0x26 src/gbitmap.c.33.o
 .debug_abbrev  0x00000000000002b6      0x1e6 src/ipod.c.33.o
 .debug_abbrev  0x000000000000049c      0x3bc src/ipod_state.c.33.o
 .debug_abbrev  0x0000000000000858      0x2be src/layers/marquee_text.c.33.o
 .debug_abbrev  0x0000000000000b16      0x2a4 src/layers/progress_bar.c.33.o
 .debug_abbrev  0x0000000000000dba      0x1aa src/settings.c.33.o
 .debug_abbrev  0x0000000000000f64      0x341 src/windows/connection_window.c.33.o
 .debug_abbrev  0x00000000000012a5      0x481 src/windows/library_menus.c.33.o
 .debug_abbrev  0x0000000000001726      0x308 src/windows/main_menu.c.33.o
 .debug_abbrev  0x0000000000001a2e       0x26 src/windows/message_window.c.33.o
 .debug_abbrev  0x0000000000001a54      0x4e4 src/windows/now_playing.c.33.o
 .debug_abbrev  0x0000000000001f38       0x88 aplite/appinfo.auto.c.33.o
 .debug_abbrev  0x0000000000001fc0       0x44 aplite/src/resource_ids.auto.c.33.o

.debug_loc      0x0000000000000000     0x2d72
 .debug_loc     0x0000000000000000      0x1e0 src/common.c.33.o
 .debug_loc     0x00000000000001e0       0xc2 src/ipod.c.33.o
 .debug_loc     0x00000000000002a2      0x54e src/ipod_state.c.33.o
 .debug_loc     0x00000000000007f0      0x2b5 src/layers/marquee_text.c.33.o
 .debug_loc     0x0000000000000aa5      0x22a src/layers/progress_bar.c.33.o
 .debug_loc     0x0000000000000ccf       0x7e src/settings.c.33.o
 .debug_loc     0x0000000000000d4d      0x5a6 src/windows/connection_window.c.33.o
 .debug_loc     0x00000000000012f3      0xed3 src/windows/library_menus.c.33.o
 .debug_loc     0x00000000000021c6      0x43c src/windows/main_menu.c.33.o
 .debug_loc     0x0000000000002602      0x770 src/windows/now_playing.c.33.o

.debug_aranges  0x0000000000000000      0x518
 .debug_aranges
                0x0000000000000000       0x48 src/common.c.33.o
 .debug_aranges
                0x0000000000000048       0x18 src/gbitmap.c.33.o
 .debug_aranges
                0x0000000000000060       0x38 src/ipod.c.33.o
 .debug_aranges
                0x0000000000000098       0xa0 src/ipod_state.c.33.o
 .debug_aranges
                0x0000000000000138       0x68 src/layers/marquee_text.c.33.o
 .debug_aranges
                0x00000000000001a0       0x48 src/layers/progress_bar.c.33.o
 .debug_aranges
                0x00000000000001e8       0x48 src/settings.c.33.o
 .debug_aranges
                0x0000000000000230       0xa0 src/windows/connection_window.c.33.o
 .debug_aranges
                0x00000000000002d0       0x88 src/windows/library_menus.c.33.o
 .debug_aranges
                0x0000000000000358       0xa0 src/windows/main_menu.c.33.o
 .debug_aranges
                0x00000000000003f8       0x18 src/windows/message_window.c.33.o
 .debug_aranges
                0x0000000000000410       0xd8 src/windows/now_playing.c.33.o
 .debug_aranges
                0x00000000000004e8       0x18 aplite/appinfo.auto.c.33.o
 .debug_aranges
                0x0000000000000500       0x18 aplite/src/resource_ids.auto.c.33.o

.debug_ranges   0x0000000000000000      0x640
 .debug_ranges  0x0000000000000000       0x38 src/common.c.33.o
 .debug_ranges  0x0000000000000038       0x28 src/ipod.c.33.o
 .debug_ranges  0x0000000000000060      0x120 src/ipod_state.c.33.o
 .debug_ranges  0x0000000000000180       0x58 src/layers/marquee_text.c.33.o
 .debug_ranges  0x00000000000001d8       0x38 src/layers/progress_bar.c.33.o
 .debug_ranges  0x0000000000000210       0x38 src/settings.c.33.o
 .debug_ranges  0x0000000000000248       0xa8 src/windows/connection_window.c.33.o
 .debug_ranges  0x00000000000002f0      0x128 src/windows/library_menus.c.33.o
 .debug_ranges  0x0000000000000418       0xa8 src/windows/main_menu.c.33.o
 .debug_ranges  0x00000000000004c0      0x180 src/windows/now_playing.c.33.o

.debug_line     0x0000000000000000     0x2835
 .debug_line    0x0000000000000000      0x25d src/common.c.33.o
 .debug_line    0x000000000000025d       0x1d src/gbitmap.c.33.o
 .debug_line    0x000000000000027a      0x2ac src/ipod.c.33.o
 .debug_line    0x0000000000000526      0x47c src/ipod_state.c.33.o
 .debug_line    0x00000000000009a2      0x312 src/layers/marquee_text.c.33.o
 .debug_line    0x0000000000000cb4      0x286 src/layers/progress_bar.c.33.o
 .debug_line    0x0000000000000f3a      0x257 src/settings.c.33.o
 .debug_line    0x0000000000001191      0x4c9 src/windows/connection_window.c.33.o
 .debug_line    0x000000000000165a      0x605 src/windows/library_menus.c.33.o
 .debug_line    0x0000000000001c5f      0x3bf src/windows/main_menu.c.33.o
 .debug_line    0x000000000000201e       0x1d src/windows/message_window.c.33.o
 .debug_line    0x000000000000203b      0x5fd src/windows/now_playing.c.33.o
 .debug_line    0x0000000000002638      0x139 aplite/appinfo.auto.c.33.o
 .debug_line    0x0000000000002771       0xc4 aplite/src/resource_ids.auto.c.33.o

.debug_str      0x0000000000000000     0x37d8
 .debug_str     0x0000000000000000      0x80d src/common.c.33.o
                                        0x8e6 (size before relaxing)
 .debug_str     0x000000000000080d       0x11 src/gbitmap.c.33.o
                                         0xf0 (size before relaxing)
 .debug_str     0x000000000000081e      0x215 src/ipod.c.33.o
                                        0x469 (size before relaxing)
 .debug_str     0x0000000000000a33      0x820 src/ipod_state.c.33.o
                                        0xf13 (size before relaxing)
 .debug_str     0x0000000000001253      0x3b6 src/layers/marquee_text.c.33.o
                                        0x550 (size before relaxing)
 .debug_str     0x0000000000001609      0x1ac src/layers/progress_bar.c.33.o
                                        0x3da (size before relaxing)
 .debug_str     0x00000000000017b5       0xab src/settings.c.33.o
                                        0x234 (size before relaxing)
 .debug_str     0x0000000000001860      0x822 src/windows/connection_window.c.33.o
                                       0x12ef (size before relaxing)
 .debug_str     0x0000000000002082      0x8dd src/windows/library_menus.c.33.o
                                       0x1479 (size before relaxing)
 .debug_str     0x000000000000295f      0x377 src/windows/main_menu.c.33.o
                                        0xb71 (size before relaxing)
 .debug_str     0x0000000000002cd6       0x20 src/windows/message_window.c.33.o
                                         0xff (size before relaxing)
 .debug_str     0x0000000000002cf6      0x7b8 src/windows/now_playing.c.33.o
                                       0x1845 (size before relaxing)
 .debug_str     0x00000000000034ae      0x15d aplite/appinfo.auto.c.33.o
                                        0x25e (size before relaxing)
 .debug_str     0x000000000000360b      0x1cd aplite/src/resource_ids.auto.c.33.o
                                        0x2a1 (size before relaxing)

.debug_frame    0x0000000000000000      0xbbc
 .debug_frame   0x0000000000000000       0x98 src/common.c.33.o
 .debug_frame   0x0000000000000098       0x70 src/ipod.c.33.o
 .debug_frame   0x0000000000000108      0x194 src/ipod_state.c.33.o
 .debug_frame   0x000000000000029c       0xe4 src/layers/marquee_text.c.33.o
 .debug_frame   0x0000000000000380       0x98 src/layers/progress_bar.c.33.o
 .debug_frame   0x0000000000000418       0x8c src/settings.c.33.o
 .debug_frame   0x00000000000004a4      0x1a0 src/windows/connection_window.c.33.o
 .debug_frame   0x0000000000000644      0x19c src/windows/library_menus.c.33.o
 .debug_frame   0x00000000000007e0      0x150 src/windows/main_menu.c.33.o
 .debug_frame   0x0000000000000930      0x28c src/windows/now_playing.c.33.o
