Archive member included because of file (symbol)

/Users/edwinfinch/Library/Application Support/Pebble SDK/SDKs/current/sdk-core/pebble/aplite/lib/libpebble.a(tmpz2MrsRpebble.o)
                              src/ipod.c.28.o (app_event_loop)

Allocating common symbols
Common symbol       size              file

ipod_state_callback
                    0x4               src/ipod_state.c.28.o
now_playing_timer   0x4               src/windows/now_playing.c.28.o
library_icon_album_art_bitmap
                    0x4               src/ipod_state.c.28.o
main_menu_window    0x4               src/windows/main_menu.c.28.o
main_menu_items     0x60              src/windows/main_menu.c.28.o
main_menu_icons     0x18              src/windows/main_menu.c.28.o
artist_font         0x4               src/windows/now_playing.c.28.o
s_shuffle_mode      0x1               src/ipod_state.c.28.o
current_callback    0x4               src/settings.c.28.o
now_playing_window  0x4               src/windows/now_playing.c.28.o
background_colour   0x1               src/windows/now_playing.c.28.o
now_playing_settings
                    0x3               src/windows/now_playing.c.28.o
now_playing_progress_bar
                    0x4               src/windows/now_playing.c.28.o
now_playing_artist_layer
                    0x4               src/windows/now_playing.c.28.o
now_playing_album_art_layer
                    0x8               src/windows/now_playing.c.28.o
menu_stack_count    0x1               src/windows/library_menus.c.28.o
now_playing_title_layer
                    0x4               src/windows/now_playing.c.28.o
action_bar_timer    0x4               src/windows/now_playing.c.28.o
highlight_index     0x4               src/windows/main_menu.c.28.o
s_current_time      0x4               src/ipod_state.c.28.o
main_menu_icons_inverted
                    0x18              src/windows/main_menu.c.28.o
current_type        0x1               src/ipod_state.c.28.o
no_album_art_bitmap
                    0x4               src/windows/now_playing.c.28.o
s_repeat_mode       0x1               src/ipod_state.c.28.o
current_settings    0x3               src/settings.c.28.o
album_art_bitmap    0x8               src/ipod_state.c.28.o
s_duration          0x4               src/ipod_state.c.28.o
menu_stack          0x10              src/windows/library_menus.c.28.o
window              0x4               src/ipod.c.28.o
artist_frame        0x8               src/windows/now_playing.c.28.o
control_action_bar  0x4               src/windows/now_playing.c.28.o
now_playing_graphics_layer
                    0x4               src/windows/now_playing.c.28.o
s_playback_state    0x1               src/ipod_state.c.28.o
invert_controls_timer
                    0x4               src/windows/now_playing.c.28.o
now_playing_album_art_bitmap
                    0x8               src/windows/now_playing.c.28.o

Discarded input sections

 .text          0x0000000000000000        0x0 /usr/local/Cellar/pebble-toolchain/2.0/arm-cs-tools/bin/../lib/gcc/arm-none-eabi/4.7.2/thumb2/crti.o
 .bss           0x0000000000000000        0x0 /usr/local/Cellar/pebble-toolchain/2.0/arm-cs-tools/bin/../lib/gcc/arm-none-eabi/4.7.2/thumb2/crti.o
 .init          0x0000000000000000        0x4 /usr/local/Cellar/pebble-toolchain/2.0/arm-cs-tools/bin/../lib/gcc/arm-none-eabi/4.7.2/thumb2/crti.o
 .fini          0x0000000000000000        0x4 /usr/local/Cellar/pebble-toolchain/2.0/arm-cs-tools/bin/../lib/gcc/arm-none-eabi/4.7.2/thumb2/crti.o
 .text          0x0000000000000000       0xc8 /usr/local/Cellar/pebble-toolchain/2.0/arm-cs-tools/bin/../lib/gcc/arm-none-eabi/4.7.2/thumb2/crtbegin.o
 .bss           0x0000000000000000       0x1c /usr/local/Cellar/pebble-toolchain/2.0/arm-cs-tools/bin/../lib/gcc/arm-none-eabi/4.7.2/thumb2/crtbegin.o
 .init_array    0x0000000000000000        0x4 /usr/local/Cellar/pebble-toolchain/2.0/arm-cs-tools/bin/../lib/gcc/arm-none-eabi/4.7.2/thumb2/crtbegin.o
 .fini_array    0x0000000000000000        0x4 /usr/local/Cellar/pebble-toolchain/2.0/arm-cs-tools/bin/../lib/gcc/arm-none-eabi/4.7.2/thumb2/crtbegin.o
 .eh_frame      0x0000000000000000        0x0 /usr/local/Cellar/pebble-toolchain/2.0/arm-cs-tools/bin/../lib/gcc/arm-none-eabi/4.7.2/thumb2/crtbegin.o
 .jcr           0x0000000000000000        0x0 /usr/local/Cellar/pebble-toolchain/2.0/arm-cs-tools/bin/../lib/gcc/arm-none-eabi/4.7.2/thumb2/crtbegin.o
 .tm_clone_table
                0x0000000000000000        0x0 /usr/local/Cellar/pebble-toolchain/2.0/arm-cs-tools/bin/../lib/gcc/arm-none-eabi/4.7.2/thumb2/crtbegin.o
 .text          0x0000000000000000        0x0 src/common.c.28.o
 .bss           0x0000000000000000        0x0 src/common.c.28.o
 .text.reset_sequence_number
                0x0000000000000000       0x22 src/common.c.28.o
 .text          0x0000000000000000        0x0 src/gbitmap.c.28.o
 .bss           0x0000000000000000        0x0 src/gbitmap.c.28.o
[...]
Memory Configuration

Name             Origin             Length             Attributes
APP              0x0000000000000000 0x0000000000006000 xrw
*default*        0x0000000000000000 0xffffffffffffffff

Linker script and memory map

LOAD /usr/local/Cellar/pebble-toolchain/2.0/arm-cs-tools/bin/../lib/gcc/arm-none-eabi/4.7.2/thumb2/crti.o
LOAD /usr/local/Cellar/pebble-toolchain/2.0/arm-cs-tools/bin/../lib/gcc/arm-none-eabi/4.7.2/thumb2/crtbegin.o
LOAD src/common.c.28.o
LOAD src/gbitmap.c.28.o
LOAD src/ipod.c.28.o
LOAD src/ipod_state.c.28.o
LOAD src/layers/marquee_text.c.28.o
LOAD src/layers/progress_bar.c.28.o
LOAD src/settings.c.28.o
LOAD src/windows/library_menus.c.28.o
LOAD src/windows/main_menu.c.28.o
LOAD src/windows/message_window.c.28.o
LOAD src/windows/now_playing.c.28.o
LOAD aplite/appinfo.auto.c.28.o
LOAD aplite/src/resource_ids.auto.c.28.o
LOAD /Users/edwinfinch/Library/Application Support/Pebble SDK/SDKs/current/sdk-core/pebble/aplite/lib/libpebble.a
START GROUP
LOAD /usr/local/Cellar/pebble-toolchain/2.0/arm-cs-tools/bin/../lib/gcc/arm-none-eabi/4.7.2/thumb2/libgcc.a
LOAD /usr/local/Cellar/pebble-toolchain/2.0/arm-cs-tools/bin/../lib/gcc/arm-none-eabi/4.7.2/../../../../arm-none-eabi/lib/thumb2/libc.a
END GROUP
LOAD /usr/local/Cellar/pebble-toolchain/2.0/arm-cs-tools/bin/../lib/gcc/arm-none-eabi/4.7.2/thumb2/crtend.o
LOAD /usr/local/Cellar/pebble-toolchain/2.0/arm-cs-tools/bin/../lib/gcc/arm-none-eabi/4.7.2/thumb2/crtn.o

.header         0x0000000000000000       0x82
 *(.pbl_header)
 .pbl_header    0x0000000000000000       0x82 aplite/appinfo.auto.c.28.o
                0x0000000000000000                __pbl_app_info

.note.gnu.build-id
                0x0000000000000082       0x26
                0x0000000000000082                PROVIDE (BUILD_ID, .)
 *(.note.gnu.build-id)
 *fill*         0x0000000000000082        0x2 
 .note.gnu.build-id
                0x0000000000000084       0x24 linker stubs

.text           0x00000000000000a8     0x3261
 *(.text)
 .text          0x00000000000000a8       0x14 /Users/edwinfinch/Library/Application Support/Pebble SDK/SDKs/current/sdk-core/pebble/aplite/lib/libpebble.a(tmpz2MrsRpebble.o)
 *(.text.*)
 .text.ipod_message_timer_fire
                0x00000000000000bc        0x4 src/common.c.28.o
                0x00000000000000bc                ipod_message_timer_fire
 .text.on_animation_stopped
                0x00000000000000c0        0x4 src/common.c.28.o
                0x00000000000000c0                on_animation_stopped
 .text.animate_layer
                0x00000000000000c4       0x54 src/common.c.28.o
                0x00000000000000c4                animate_layer
 .text.ipod_message_outbox_get
                0x0000000000000118       0x38 src/common.c.28.o
                0x0000000000000118                ipod_message_outbox_get
 .text.ipod_message_destroy
                0x0000000000000150       0x14 src/common.c.28.o
                0x0000000000000150                ipod_message_destroy
 .text.pebblekit_connection_handler
                0x0000000000000164       0x20 src/ipod.c.28.o
                0x0000000000000164                pebblekit_connection_handler
 .text.dropped_inbox
                0x0000000000000184       0x20 src/ipod.c.28.o
                0x0000000000000184                dropped_inbox
 .text.failed_outbox
                0x00000000000001a4       0x28 src/ipod.c.28.o
                0x00000000000001a4                failed_outbox
 .text.pebble_app_connection_handler
                0x00000000000001cc       0x34 src/ipod.c.28.o
                0x00000000000001cc                pebble_app_connection_handler
 .text.tick_handler
                0x0000000000000200        0xe src/ipod.c.28.o
                0x0000000000000200                tick_handler
 *fill*         0x000000000000020e        0x2 
 .text.ipod_create
                0x0000000000000210       0x6c src/ipod.c.28.o
                0x0000000000000210                ipod_create
 .text.ipod_app_timer_handler
                0x000000000000027c        0xe src/ipod.c.28.o
                0x000000000000027c                ipod_app_timer_handler
 *fill*         0x000000000000028a        0x2 
 .text.startup.main
                0x000000000000028c       0x98 src/ipod.c.28.o
                0x000000000000028c                main
 .text.create_bitmap_for_header
                0x0000000000000324       0x90 src/ipod_state.c.28.o
                0x0000000000000324                create_bitmap_for_header
 .text.ipod_state_tick
                0x00000000000003b4       0x5c src/ipod_state.c.28.o
                0x00000000000003b4                ipod_state_tick
 .text.ipod_state_set_callback
                0x0000000000000410       0x14 src/ipod_state.c.28.o
                0x0000000000000410                ipod_state_set_callback
 .text.ipod_state_current_time
                0x0000000000000424       0x14 src/ipod_state.c.28.o
                0x0000000000000424                ipod_state_current_time
 .text.ipod_state_duration
                0x0000000000000438       0x14 src/ipod_state.c.28.o
                0x0000000000000438                ipod_state_duration
 .text.ipod_get_playback_state
                0x000000000000044c       0x14 src/ipod_state.c.28.o
                0x000000000000044c                ipod_get_playback_state
 .text.ipod_get_artist
                0x0000000000000460        0xc src/ipod_state.c.28.o
                0x0000000000000460                ipod_get_artist
 .text.ipod_get_title
                0x000000000000046c        0xc src/ipod_state.c.28.o
                0x000000000000046c                ipod_get_title
 .text.now_playing_request
                0x0000000000000478       0x70 src/ipod_state.c.28.o
                0x0000000000000478                now_playing_request
 .text.call_callback
                0x00000000000004e8       0x4c src/ipod_state.c.28.o
                0x00000000000004e8                call_callback
 .text.create_bitmap
                0x0000000000000534      0x11c src/ipod_state.c.28.o
                0x0000000000000534                create_bitmap
 .text.process_album_art_tuple
                0x0000000000000650      0x184 src/ipod_state.c.28.o
                0x0000000000000650                process_album_art_tuple
 .text.process_library_menu_album_art_tuple
                0x00000000000007d4      0x174 src/ipod_state.c.28.o
                0x00000000000007d4                process_library_menu_album_art_tuple
 .text.process_tuple
                0x0000000000000948      0x1dc src/ipod_state.c.28.o
                0x0000000000000948                process_tuple
 .text.ipod_received_handler
                0x0000000000000b24       0x20 src/ipod_state.c.28.o
                0x0000000000000b24                ipod_received_handler
 .text.ipod_state_create
                0x0000000000000b44       0x30 src/ipod_state.c.28.o
                0x0000000000000b44                ipod_state_create
 .text.marquee_text_layer_update_proc
                0x0000000000000b74      0x186 src/layers/marquee_text.c.28.o
                0x0000000000000b74                marquee_text_layer_update_proc
 *fill*         0x0000000000000cfa        0x2 
 .text.marquee_text_layer_destroy
                0x0000000000000cfc       0x34 src/layers/marquee_text.c.28.o
                0x0000000000000cfc                marquee_text_layer_destroy
 .text.marquee_text_layer_get_layer
                0x0000000000000d30        0x4 src/layers/marquee_text.c.28.o
                0x0000000000000d30                marquee_text_layer_get_layer
 .text.marquee_text_layer_mark_dirty
                0x0000000000000d34       0x14 src/layers/marquee_text.c.28.o
                0x0000000000000d34                marquee_text_layer_mark_dirty
 .text.marquee_text_layer_set_font
                0x0000000000000d48        0x6 src/layers/marquee_text.c.28.o
                0x0000000000000d48                marquee_text_layer_set_font
 .text.marquee_text_layer_set_text
                0x0000000000000d4e        0x6 src/layers/marquee_text.c.28.o
                0x0000000000000d4e                marquee_text_layer_set_text
 .text.marquee_text_layer_create
                0x0000000000000d54       0x90 src/layers/marquee_text.c.28.o
                0x0000000000000d54                marquee_text_layer_create
 .text.marquee_text_layer_tick
                0x0000000000000de4       0x30 src/layers/marquee_text.c.28.o
                0x0000000000000de4                marquee_text_layer_tick
 .text.progress_bar_update_proc
                0x0000000000000e14       0x64 src/layers/progress_bar.c.28.o
 .text.progress_bar_layer_create
                0x0000000000000e78       0x44 src/layers/progress_bar.c.28.o
                0x0000000000000e78                progress_bar_layer_create
 .text.progress_bar_layer_destroy
                0x0000000000000ebc       0x14 src/layers/progress_bar.c.28.o
                0x0000000000000ebc                progress_bar_layer_destroy
 .text.progress_bar_layer_get_layer
                0x0000000000000ed0        0x4 src/layers/progress_bar.c.28.o
                0x0000000000000ed0                progress_bar_layer_get_layer
 .text.progress_bar_layer_set_range
                0x0000000000000ed4        0xe src/layers/progress_bar.c.28.o
                0x0000000000000ed4                progress_bar_layer_set_range
 .text.progress_bar_layer_set_value
                0x0000000000000ee2        0xc src/layers/progress_bar.c.28.o
                0x0000000000000ee2                progress_bar_layer_set_value
 *fill*         0x0000000000000eee        0x2 
 .text.settings_service_subscribe
                0x0000000000000ef0       0x14 src/settings.c.28.o
                0x0000000000000ef0                settings_service_subscribe
 .text.settings_get_settings
                0x0000000000000f04       0x34 src/settings.c.28.o
                0x0000000000000f04                settings_get_settings
 .text.settings_prepare_defaults
                0x0000000000000f38       0x1c src/settings.c.28.o
                0x0000000000000f38                settings_prepare_defaults
 .text.settings_load
                0x0000000000000f54       0x44 src/settings.c.28.o
                0x0000000000000f54                settings_load
 .text.settings_save
                0x0000000000000f98       0x3c src/settings.c.28.o
                0x0000000000000f98                settings_save
 .text.settings_set_settings
                0x0000000000000fd4       0x44 src/settings.c.28.o
                0x0000000000000fd4                settings_set_settings
 .text.get_num_rows
                0x0000000000001018       0x1e src/windows/library_menus.c.28.o
                0x0000000000001018                get_num_rows
 *fill*         0x0000000000001036        0x2 
 .text.draw_row
                0x0000000000001038       0xb4 src/windows/library_menus.c.28.o
                0x0000000000001038                draw_row
 .text.library_menus_window_unload
                0x00000000000010ec       0xb0 src/windows/library_menus.c.28.o
                0x00000000000010ec                library_menus_window_unload
 .text.library_menus_create
                0x000000000000119c       0x18 src/windows/library_menus.c.28.o
                0x000000000000119c                library_menus_create
 .text.library_menus_pop_all
                0x00000000000011b4       0x28 src/windows/library_menus.c.28.o
                0x00000000000011b4                library_menus_pop_all
 .text.build_parent_history
                0x00000000000011dc       0x7c src/windows/library_menus.c.28.o
                0x00000000000011dc                build_parent_history
 .text.send_library_request
                0x0000000000001258       0x58 src/windows/library_menus.c.28.o
                0x0000000000001258                send_library_request
 .text.selection_changed
                0x00000000000012b0       0x7a src/windows/library_menus.c.28.o
                0x00000000000012b0                selection_changed
 *fill*         0x000000000000132a        0x2 
 .text.play_track
                0x000000000000132c       0x5c src/windows/library_menus.c.28.o
                0x000000000000132c                play_track
 .text.clear_library_entry_data
                0x0000000000001388       0x16 src/windows/library_menus.c.28.o
                0x0000000000001388                clear_library_entry_data
 *fill*         0x000000000000139e        0x2 
 .text.library_menus_display_view
                0x00000000000013a0      0x1c8 src/windows/library_menus.c.28.o
                0x00000000000013a0                library_menus_display_view
 .text.select_click
                0x0000000000001568       0xc0 src/windows/library_menus.c.28.o
                0x0000000000001568                select_click
 .text.library_menus_set_header_icon
                0x0000000000001628       0x3c src/windows/library_menus.c.28.o
                0x0000000000001628                library_menus_set_header_icon
 .text.library_menus_inbox
                0x0000000000001664      0x20c src/windows/library_menus.c.28.o
                0x0000000000001664                library_menus_inbox
 .text.main_menu_get_num_sections
                0x0000000000001870        0x4 src/windows/main_menu.c.28.o
                0x0000000000001870                main_menu_get_num_sections
 .text.menu_get_num_rows_callback
                0x0000000000001874        0x4 src/windows/main_menu.c.28.o
                0x0000000000001874                menu_get_num_rows_callback
 .text.menu_get_header_height_callback
                0x0000000000001878        0x4 src/windows/main_menu.c.28.o
                0x0000000000001878                menu_get_header_height_callback
 .text.menu_select_callback
                0x000000000000187c       0x20 src/windows/main_menu.c.28.o
                0x000000000000187c                menu_select_callback
 .text.open_composer_list
                0x000000000000189c       0x10 src/windows/main_menu.c.28.o
                0x000000000000189c                open_composer_list
 .text.open_genre_list
                0x00000000000018ac       0x10 src/windows/main_menu.c.28.o
                0x00000000000018ac                open_genre_list
 .text.open_playlist_list
                0x00000000000018bc       0x10 src/windows/main_menu.c.28.o
                0x00000000000018bc                open_playlist_list
 .text.open_album_list
                0x00000000000018cc       0x10 src/windows/main_menu.c.28.o
                0x00000000000018cc                open_album_list
 .text.open_artist_list
                0x00000000000018dc       0x10 src/windows/main_menu.c.28.o
                0x00000000000018dc                open_artist_list
 .text.open_now_playing
                0x00000000000018ec        0x4 src/windows/main_menu.c.28.o
                0x00000000000018ec                open_now_playing
 .text.menu_selection_changed
                0x00000000000018f0       0x2c src/windows/main_menu.c.28.o
                0x00000000000018f0                menu_selection_changed
 .text.main_menu_send_now_playing_request
                0x000000000000191c        0x6 src/windows/main_menu.c.28.o
                0x000000000000191c                main_menu_send_now_playing_request
 *fill*         0x0000000000001922        0x2 
 .text.menu_draw_row_callback
                0x0000000000001924       0x70 src/windows/main_menu.c.28.o
                0x0000000000001924                menu_draw_row_callback
 .text.update_highlight_colours
                0x0000000000001994       0x58 src/windows/main_menu.c.28.o
                0x0000000000001994                update_highlight_colours
 .text.main_menu_create
                0x00000000000019ec      0x16c src/windows/main_menu.c.28.o
                0x00000000000019ec                main_menu_create
 .text.main_menu_destroy
                0x0000000000001b58       0x4c src/windows/main_menu.c.28.o
                0x0000000000001b58                main_menu_destroy
 .text.now_playing_window_unload
                0x0000000000001ba4      0x10c src/windows/now_playing.c.28.o
                0x0000000000001ba4                now_playing_window_unload
 .text.now_playing_click_config_provider
                0x0000000000001cb0       0x44 src/windows/now_playing.c.28.o
                0x0000000000001cb0                now_playing_click_config_provider
 .text.animate_action_bar
                0x0000000000001cf4       0x8c src/windows/now_playing.c.28.o
                0x0000000000001cf4                animate_action_bar
 .text.now_playing_graphics_proc
                0x0000000000001d80       0xc0 src/windows/now_playing.c.28.o
                0x0000000000001d80                now_playing_graphics_proc
 .text.display_no_album
                0x0000000000001e40       0x18 src/windows/now_playing.c.28.o
                0x0000000000001e40                display_no_album
 .text.now_playing_is_playing_music
                0x0000000000001e58        0xe src/windows/now_playing.c.28.o
                0x0000000000001e58                now_playing_is_playing_music
 *fill*         0x0000000000001e66        0x2 
 .text.now_playing_invert_button_controls
                0x0000000000001e68       0xc8 src/windows/now_playing.c.28.o
                0x0000000000001e68                now_playing_invert_button_controls
 .text.now_playing_check_for_no_music
                0x0000000000001f30       0x54 src/windows/now_playing.c.28.o
                0x0000000000001f30                now_playing_check_for_no_music
 .text.now_playing_send_state_change
                0x0000000000001f84       0x26 src/windows/now_playing.c.28.o
                0x0000000000001f84                now_playing_send_state_change
 *fill*         0x0000000000001faa        0x2 
 .text.now_playing_set_album_art
                0x0000000000001fac       0x88 src/windows/now_playing.c.28.o
                0x0000000000001fac                now_playing_set_album_art
 .text.now_playing_tick
                0x0000000000002034       0x58 src/windows/now_playing.c.28.o
                0x0000000000002034                now_playing_tick
 .text.now_playing_animation_tick
                0x000000000000208c       0x3c src/windows/now_playing.c.28.o
                0x000000000000208c                now_playing_animation_tick
 .text.now_playing_new_settings
                0x00000000000020c8       0xf8 src/windows/now_playing.c.28.o
                0x00000000000020c8                now_playing_new_settings
 .text.now_playing_action_bar_handle
                0x00000000000021c0       0x98 src/windows/now_playing.c.28.o
                0x00000000000021c0                now_playing_action_bar_handle
 .text.now_playing_long_clicked_select
                0x0000000000002258       0x40 src/windows/now_playing.c.28.o
                0x0000000000002258                now_playing_long_clicked_select
 .text.now_playing_state_callback
                0x0000000000002298      0x134 src/windows/now_playing.c.28.o
                0x0000000000002298                now_playing_state_callback
 .text.now_playing_window_load
                0x00000000000023cc      0x364 src/windows/now_playing.c.28.o
                0x00000000000023cc                now_playing_window_load
 .text.now_playing_reset_invert_controls
                0x0000000000002730       0x40 src/windows/now_playing.c.28.o
                0x0000000000002730                now_playing_reset_invert_controls
 .text.now_playing_clicked_down
                0x0000000000002770       0x2c src/windows/now_playing.c.28.o
                0x0000000000002770                now_playing_clicked_down
 .text.now_playing_clicked_select
                0x000000000000279c       0x58 src/windows/now_playing.c.28.o
                0x000000000000279c                now_playing_clicked_select
 .text.now_playing_clicked_up
                0x00000000000027f4       0x2c src/windows/now_playing.c.28.o
                0x00000000000027f4                now_playing_clicked_up
 .text.now_playing_show
                0x0000000000002820       0x94 src/windows/now_playing.c.28.o
                0x0000000000002820                now_playing_show
 .text.app_event_loop
                0x00000000000028b4        0xc /Users/edwinfinch/Library/Application Support/Pebble SDK/SDKs/current/sdk-core/pebble/aplite/lib/libpebble.a(tmpz2MrsRpebble.o)
                0x00000000000028b4                app_event_loop
 .text.app_log  0x00000000000028c0        0xc /Users/edwinfinch/Library/Application Support/Pebble SDK/SDKs/current/sdk-core/pebble/aplite/lib/libpebble.a(tmpz2MrsRpebble.o)
                0x00000000000028c0                app_log
 .text.app_message_open
                0x00000000000028cc        0xc /Users/edwinfinch/Library/Application Support/Pebble SDK/SDKs/current/sdk-core/pebble/aplite/lib/libpebble.a(tmpz2MrsRpebble.o)
                0x00000000000028cc                app_message_open
 .text.app_timer_cancel
                0x00000000000028d8        0xc /Users/edwinfinch/Library/Application Support/Pebble SDK/SDKs/current/sdk-core/pebble/aplite/lib/libpebble.a(tmpz2MrsRpebble.o)
                0x00000000000028d8                app_timer_cancel
 .text.app_timer_register
                0x00000000000028e4        0xc /Users/edwinfinch/Library/Application Support/Pebble SDK/SDKs/current/sdk-core/pebble/aplite/lib/libpebble.a(tmpz2MrsRpebble.o)
                0x00000000000028e4                app_timer_register
 .text.bitmap_layer_create
                0x00000000000028f0        0xc /Users/edwinfinch/Library/Application Support/Pebble SDK/SDKs/current/sdk-core/pebble/aplite/lib/libpebble.a(tmpz2MrsRpebble.o)
                0x00000000000028f0                bitmap_layer_create
 .text.bitmap_layer_destroy
                0x00000000000028fc        0xc /Users/edwinfinch/Library/Application Support/Pebble SDK/SDKs/current/sdk-core/pebble/aplite/lib/libpebble.a(tmpz2MrsRpebble.o)
                0x00000000000028fc                bitmap_layer_destroy
 .text.bitmap_layer_get_layer
                0x0000000000002908        0xc /Users/edwinfinch/Library/Application Support/Pebble SDK/SDKs/current/sdk-core/pebble/aplite/lib/libpebble.a(tmpz2MrsRpebble.o)
                0x0000000000002908                bitmap_layer_get_layer
 .text.bitmap_layer_set_bitmap
                0x0000000000002914        0xc /Users/edwinfinch/Library/Application Support/Pebble SDK/SDKs/current/sdk-core/pebble/aplite/lib/libpebble.a(tmpz2MrsRpebble.o)
                0x0000000000002914                bitmap_layer_set_bitmap
 .text.dict_find
                0x0000000000002920        0xc /Users/edwinfinch/Library/Application Support/Pebble SDK/SDKs/current/sdk-core/pebble/aplite/lib/libpebble.a(tmpz2MrsRpebble.o)
                0x0000000000002920                dict_find
 .text.dict_read_first
                0x000000000000292c        0xc /Users/edwinfinch/Library/Application Support/Pebble SDK/SDKs/current/sdk-core/pebble/aplite/lib/libpebble.a(tmpz2MrsRpebble.o)
                0x000000000000292c                dict_read_first
 .text.dict_read_next
                0x0000000000002938        0xc /Users/edwinfinch/Library/Application Support/Pebble SDK/SDKs/current/sdk-core/pebble/aplite/lib/libpebble.a(tmpz2MrsRpebble.o)
                0x0000000000002938                dict_read_next
 .text.dict_write_data
                0x0000000000002944        0xc /Users/edwinfinch/Library/Application Support/Pebble SDK/SDKs/current/sdk-core/pebble/aplite/lib/libpebble.a(tmpz2MrsRpebble.o)
                0x0000000000002944                dict_write_data
 .text.dict_write_int16
                0x0000000000002950        0xc /Users/edwinfinch/Library/Application Support/Pebble SDK/SDKs/current/sdk-core/pebble/aplite/lib/libpebble.a(tmpz2MrsRpebble.o)
                0x0000000000002950                dict_write_int16
 .text.dict_write_int32
                0x000000000000295c        0xc /Users/edwinfinch/Library/Application Support/Pebble SDK/SDKs/current/sdk-core/pebble/aplite/lib/libpebble.a(tmpz2MrsRpebble.o)
                0x000000000000295c                dict_write_int32
 .text.dict_write_int8
                0x0000000000002968        0xc /Users/edwinfinch/Library/Application Support/Pebble SDK/SDKs/current/sdk-core/pebble/aplite/lib/libpebble.a(tmpz2MrsRpebble.o)
                0x0000000000002968                dict_write_int8
 .text.dict_write_uint16
                0x0000000000002974        0xc /Users/edwinfinch/Library/Application Support/Pebble SDK/SDKs/current/sdk-core/pebble/aplite/lib/libpebble.a(tmpz2MrsRpebble.o)
                0x0000000000002974                dict_write_uint16
 .text.dict_write_uint32
                0x0000000000002980        0xc /Users/edwinfinch/Library/Application Support/Pebble SDK/SDKs/current/sdk-core/pebble/aplite/lib/libpebble.a(tmpz2MrsRpebble.o)
                0x0000000000002980                dict_write_uint32
 .text.dict_write_uint8
                0x000000000000298c        0xc /Users/edwinfinch/Library/Application Support/Pebble SDK/SDKs/current/sdk-core/pebble/aplite/lib/libpebble.a(tmpz2MrsRpebble.o)
                0x000000000000298c                dict_write_uint8
 .text.fonts_get_system_font
                0x0000000000002998        0xc /Users/edwinfinch/Library/Application Support/Pebble SDK/SDKs/current/sdk-core/pebble/aplite/lib/libpebble.a(tmpz2MrsRpebble.o)
                0x0000000000002998                fonts_get_system_font
 .text.free     0x00000000000029a4        0xc /Users/edwinfinch/Library/Application Support/Pebble SDK/SDKs/current/sdk-core/pebble/aplite/lib/libpebble.a(tmpz2MrsRpebble.o)
                0x00000000000029a4                free
 .text.gbitmap_create_with_resource
                0x00000000000029b0        0xc /Users/edwinfinch/Library/Application Support/Pebble SDK/SDKs/current/sdk-core/pebble/aplite/lib/libpebble.a(tmpz2MrsRpebble.o)
                0x00000000000029b0                gbitmap_create_with_resource
 .text.gbitmap_destroy
                0x00000000000029bc        0xc /Users/edwinfinch/Library/Application Support/Pebble SDK/SDKs/current/sdk-core/pebble/aplite/lib/libpebble.a(tmpz2MrsRpebble.o)
                0x00000000000029bc                gbitmap_destroy
 .text.graphics_context_set_compositing_mode
                0x00000000000029c8        0xc /Users/edwinfinch/Library/Application Support/Pebble SDK/SDKs/current/sdk-core/pebble/aplite/lib/libpebble.a(tmpz2MrsRpebble.o)
                0x00000000000029c8                graphics_context_set_compositing_mode
 .text.graphics_fill_rect
                0x00000000000029d4        0xc /Users/edwinfinch/Library/Application Support/Pebble SDK/SDKs/current/sdk-core/pebble/aplite/lib/libpebble.a(tmpz2MrsRpebble.o)
                0x00000000000029d4                graphics_fill_rect
 .text.layer_add_child
                0x00000000000029e0        0xc /Users/edwinfinch/Library/Application Support/Pebble SDK/SDKs/current/sdk-core/pebble/aplite/lib/libpebble.a(tmpz2MrsRpebble.o)
                0x00000000000029e0                layer_add_child
 .text.layer_create
                0x00000000000029ec        0xc /Users/edwinfinch/Library/Application Support/Pebble SDK/SDKs/current/sdk-core/pebble/aplite/lib/libpebble.a(tmpz2MrsRpebble.o)
                0x00000000000029ec                layer_create
 .text.layer_create_with_data
                0x00000000000029f8        0xc /Users/edwinfinch/Library/Application Support/Pebble SDK/SDKs/current/sdk-core/pebble/aplite/lib/libpebble.a(tmpz2MrsRpebble.o)
                0x00000000000029f8                layer_create_with_data
 .text.layer_destroy
                0x0000000000002a04        0xc /Users/edwinfinch/Library/Application Support/Pebble SDK/SDKs/current/sdk-core/pebble/aplite/lib/libpebble.a(tmpz2MrsRpebble.o)
                0x0000000000002a04                layer_destroy
 .text.layer_get_bounds
                0x0000000000002a10        0xc /Users/edwinfinch/Library/Application Support/Pebble SDK/SDKs/current/sdk-core/pebble/aplite/lib/libpebble.a(tmpz2MrsRpebble.o)
                0x0000000000002a10                layer_get_bounds
 .text.layer_get_data
                0x0000000000002a1c        0xc /Users/edwinfinch/Library/Application Support/Pebble SDK/SDKs/current/sdk-core/pebble/aplite/lib/libpebble.a(tmpz2MrsRpebble.o)
                0x0000000000002a1c                layer_get_data
 .text.layer_get_frame
                0x0000000000002a28        0xc /Users/edwinfinch/Library/Application Support/Pebble SDK/SDKs/current/sdk-core/pebble/aplite/lib/libpebble.a(tmpz2MrsRpebble.o)
                0x0000000000002a28                layer_get_frame
 .text.layer_mark_dirty
                0x0000000000002a34        0xc /Users/edwinfinch/Library/Application Support/Pebble SDK/SDKs/current/sdk-core/pebble/aplite/lib/libpebble.a(tmpz2MrsRpebble.o)
                0x0000000000002a34                layer_mark_dirty
 .text.layer_set_bounds
                0x0000000000002a40        0xc /Users/edwinfinch/Library/Application Support/Pebble SDK/SDKs/current/sdk-core/pebble/aplite/lib/libpebble.a(tmpz2MrsRpebble.o)
                0x0000000000002a40                layer_set_bounds
 .text.layer_set_hidden
                0x0000000000002a4c        0xc /Users/edwinfinch/Library/Application Support/Pebble SDK/SDKs/current/sdk-core/pebble/aplite/lib/libpebble.a(tmpz2MrsRpebble.o)
                0x0000000000002a4c                layer_set_hidden
 .text.layer_set_update_proc
                0x0000000000002a58        0xc /Users/edwinfinch/Library/Application Support/Pebble SDK/SDKs/current/sdk-core/pebble/aplite/lib/libpebble.a(tmpz2MrsRpebble.o)
                0x0000000000002a58                layer_set_update_proc
 .text.malloc   0x0000000000002a64        0xc /Users/edwinfinch/Library/Application Support/Pebble SDK/SDKs/current/sdk-core/pebble/aplite/lib/libpebble.a(tmpz2MrsRpebble.o)
                0x0000000000002a64                malloc
 .text.memcpy   0x0000000000002a70        0xc /Users/edwinfinch/Library/Application Support/Pebble SDK/SDKs/current/sdk-core/pebble/aplite/lib/libpebble.a(tmpz2MrsRpebble.o)
                0x0000000000002a70                memcpy
 .text.memmove  0x0000000000002a7c        0xc /Users/edwinfinch/Library/Application Support/Pebble SDK/SDKs/current/sdk-core/pebble/aplite/lib/libpebble.a(tmpz2MrsRpebble.o)
                0x0000000000002a7c                memmove
 .text.memset   0x0000000000002a88        0xc /Users/edwinfinch/Library/Application Support/Pebble SDK/SDKs/current/sdk-core/pebble/aplite/lib/libpebble.a(tmpz2MrsRpebble.o)
                0x0000000000002a88                memset
 .text.menu_cell_basic_draw
                0x0000000000002a94        0xc /Users/edwinfinch/Library/Application Support/Pebble SDK/SDKs/current/sdk-core/pebble/aplite/lib/libpebble.a(tmpz2MrsRpebble.o)
                0x0000000000002a94                menu_cell_basic_draw
 .text.menu_layer_destroy
                0x0000000000002aa0        0xc /Users/edwinfinch/Library/Application Support/Pebble SDK/SDKs/current/sdk-core/pebble/aplite/lib/libpebble.a(tmpz2MrsRpebble.o)
                0x0000000000002aa0                menu_layer_destroy
 .text.menu_layer_get_layer
                0x0000000000002aac        0xc /Users/edwinfinch/Library/Application Support/Pebble SDK/SDKs/current/sdk-core/pebble/aplite/lib/libpebble.a(tmpz2MrsRpebble.o)
                0x0000000000002aac                menu_layer_get_layer
 .text.menu_layer_reload_data
                0x0000000000002ab8        0xc /Users/edwinfinch/Library/Application Support/Pebble SDK/SDKs/current/sdk-core/pebble/aplite/lib/libpebble.a(tmpz2MrsRpebble.o)
                0x0000000000002ab8                menu_layer_reload_data
 .text.menu_layer_set_click_config_onto_window
                0x0000000000002ac4        0xc /Users/edwinfinch/Library/Application Support/Pebble SDK/SDKs/current/sdk-core/pebble/aplite/lib/libpebble.a(tmpz2MrsRpebble.o)
                0x0000000000002ac4                menu_layer_set_click_config_onto_window
 .text.menu_layer_set_selected_index
                0x0000000000002ad0        0xc /Users/edwinfinch/Library/Application Support/Pebble SDK/SDKs/current/sdk-core/pebble/aplite/lib/libpebble.a(tmpz2MrsRpebble.o)
                0x0000000000002ad0                menu_layer_set_selected_index
 .text.strcmp   0x0000000000002adc        0xc /Users/edwinfinch/Library/Application Support/Pebble SDK/SDKs/current/sdk-core/pebble/aplite/lib/libpebble.a(tmpz2MrsRpebble.o)
                0x0000000000002adc                strcmp
 .text.strlen   0x0000000000002ae8        0xc /Users/edwinfinch/Library/Application Support/Pebble SDK/SDKs/current/sdk-core/pebble/aplite/lib/libpebble.a(tmpz2MrsRpebble.o)
                0x0000000000002ae8                strlen
 .text.strncpy  0x0000000000002af4        0xc /Users/edwinfinch/Library/Application Support/Pebble SDK/SDKs/current/sdk-core/pebble/aplite/lib/libpebble.a(tmpz2MrsRpebble.o)
                0x0000000000002af4                strncpy
 .text.tick_timer_service_subscribe
                0x0000000000002b00        0xc /Users/edwinfinch/Library/Application Support/Pebble SDK/SDKs/current/sdk-core/pebble/aplite/lib/libpebble.a(tmpz2MrsRpebble.o)
                0x0000000000002b00                tick_timer_service_subscribe
 .text.vibes_double_pulse
                0x0000000000002b0c        0xc /Users/edwinfinch/Library/Application Support/Pebble SDK/SDKs/current/sdk-core/pebble/aplite/lib/libpebble.a(tmpz2MrsRpebble.o)
                0x0000000000002b0c                vibes_double_pulse
 .text.vibes_enqueue_custom_pattern
                0x0000000000002b18        0xc /Users/edwinfinch/Library/Application Support/Pebble SDK/SDKs/current/sdk-core/pebble/aplite/lib/libpebble.a(tmpz2MrsRpebble.o)
                0x0000000000002b18                vibes_enqueue_custom_pattern
 .text.vibes_long_pulse
                0x0000000000002b24        0xc /Users/edwinfinch/Library/Application Support/Pebble SDK/SDKs/current/sdk-core/pebble/aplite/lib/libpebble.a(tmpz2MrsRpebble.o)
                0x0000000000002b24                vibes_long_pulse
 .text.vibes_short_pulse
                0x0000000000002b30        0xc /Users/edwinfinch/Library/Application Support/Pebble SDK/SDKs/current/sdk-core/pebble/aplite/lib/libpebble.a(tmpz2MrsRpebble.o)
                0x0000000000002b30                vibes_short_pulse
 .text.window_create
                0x0000000000002b3c        0xc /Users/edwinfinch/Library/Application Support/Pebble SDK/SDKs/current/sdk-core/pebble/aplite/lib/libpebble.a(tmpz2MrsRpebble.o)
                0x0000000000002b3c                window_create
 .text.window_destroy
                0x0000000000002b48        0xc /Users/edwinfinch/Library/Application Support/Pebble SDK/SDKs/current/sdk-core/pebble/aplite/lib/libpebble.a(tmpz2MrsRpebble.o)
                0x0000000000002b48                window_destroy
 .text.window_get_root_layer
                0x0000000000002b54        0xc /Users/edwinfinch/Library/Application Support/Pebble SDK/SDKs/current/sdk-core/pebble/aplite/lib/libpebble.a(tmpz2MrsRpebble.o)
                0x0000000000002b54                window_get_root_layer
 .text.window_set_window_handlers
                0x0000000000002b60        0xc /Users/edwinfinch/Library/Application Support/Pebble SDK/SDKs/current/sdk-core/pebble/aplite/lib/libpebble.a(tmpz2MrsRpebble.o)
                0x0000000000002b60                window_set_window_handlers
 .text.window_stack_push
                0x0000000000002b6c        0xc /Users/edwinfinch/Library/Application Support/Pebble SDK/SDKs/current/sdk-core/pebble/aplite/lib/libpebble.a(tmpz2MrsRpebble.o)
                0x0000000000002b6c                window_stack_push
 .text.window_stack_remove
                0x0000000000002b78        0xc /Users/edwinfinch/Library/Application Support/Pebble SDK/SDKs/current/sdk-core/pebble/aplite/lib/libpebble.a(tmpz2MrsRpebble.o)
                0x0000000000002b78                window_stack_remove
 .text.app_message_outbox_begin
                0x0000000000002b84        0xc /Users/edwinfinch/Library/Application Support/Pebble SDK/SDKs/current/sdk-core/pebble/aplite/lib/libpebble.a(tmpz2MrsRpebble.o)
                0x0000000000002b84                app_message_outbox_begin
 .text.app_message_outbox_send
                0x0000000000002b90        0xc /Users/edwinfinch/Library/Application Support/Pebble SDK/SDKs/current/sdk-core/pebble/aplite/lib/libpebble.a(tmpz2MrsRpebble.o)
                0x0000000000002b90                app_message_outbox_send
 .text.app_message_register_inbox_dropped
                0x0000000000002b9c        0xc /Users/edwinfinch/Library/Application Support/Pebble SDK/SDKs/current/sdk-core/pebble/aplite/lib/libpebble.a(tmpz2MrsRpebble.o)
                0x0000000000002b9c                app_message_register_inbox_dropped
 .text.app_message_register_inbox_received
                0x0000000000002ba8        0xc /Users/edwinfinch/Library/Application Support/Pebble SDK/SDKs/current/sdk-core/pebble/aplite/lib/libpebble.a(tmpz2MrsRpebble.o)
                0x0000000000002ba8                app_message_register_inbox_received
 .text.app_message_register_outbox_failed
                0x0000000000002bb4        0xc /Users/edwinfinch/Library/Application Support/Pebble SDK/SDKs/current/sdk-core/pebble/aplite/lib/libpebble.a(tmpz2MrsRpebble.o)
                0x0000000000002bb4                app_message_register_outbox_failed
 .text.window_long_click_subscribe
                0x0000000000002bc0        0xc /Users/edwinfinch/Library/Application Support/Pebble SDK/SDKs/current/sdk-core/pebble/aplite/lib/libpebble.a(tmpz2MrsRpebble.o)
                0x0000000000002bc0                window_long_click_subscribe
 .text.window_single_click_subscribe
                0x0000000000002bcc        0xc /Users/edwinfinch/Library/Application Support/Pebble SDK/SDKs/current/sdk-core/pebble/aplite/lib/libpebble.a(tmpz2MrsRpebble.o)
                0x0000000000002bcc                window_single_click_subscribe
 .text.graphics_draw_text
                0x0000000000002bd8        0xc /Users/edwinfinch/Library/Application Support/Pebble SDK/SDKs/current/sdk-core/pebble/aplite/lib/libpebble.a(tmpz2MrsRpebble.o)
                0x0000000000002bd8                graphics_draw_text
 .text.persist_read_data
                0x0000000000002be4        0xc /Users/edwinfinch/Library/Application Support/Pebble SDK/SDKs/current/sdk-core/pebble/aplite/lib/libpebble.a(tmpz2MrsRpebble.o)
                0x0000000000002be4                persist_read_data
 .text.persist_write_data
                0x0000000000002bf0        0xc /Users/edwinfinch/Library/Application Support/Pebble SDK/SDKs/current/sdk-core/pebble/aplite/lib/libpebble.a(tmpz2MrsRpebble.o)
                0x0000000000002bf0                persist_write_data
 .text.graphics_text_layout_get_content_size
                0x0000000000002bfc        0xc /Users/edwinfinch/Library/Application Support/Pebble SDK/SDKs/current/sdk-core/pebble/aplite/lib/libpebble.a(tmpz2MrsRpebble.o)
                0x0000000000002bfc                graphics_text_layout_get_content_size
 .text.heap_bytes_free
                0x0000000000002c08        0xc /Users/edwinfinch/Library/Application Support/Pebble SDK/SDKs/current/sdk-core/pebble/aplite/lib/libpebble.a(tmpz2MrsRpebble.o)
                0x0000000000002c08                heap_bytes_free
 .text.watch_info_get_model
                0x0000000000002c14        0xc /Users/edwinfinch/Library/Application Support/Pebble SDK/SDKs/current/sdk-core/pebble/aplite/lib/libpebble.a(tmpz2MrsRpebble.o)
                0x0000000000002c14                watch_info_get_model
 .text.graphics_context_set_fill_color
                0x0000000000002c20        0xc /Users/edwinfinch/Library/Application Support/Pebble SDK/SDKs/current/sdk-core/pebble/aplite/lib/libpebble.a(tmpz2MrsRpebble.o)
                0x0000000000002c20                graphics_context_set_fill_color
 .text.graphics_context_set_text_color
                0x0000000000002c2c        0xc /Users/edwinfinch/Library/Application Support/Pebble SDK/SDKs/current/sdk-core/pebble/aplite/lib/libpebble.a(tmpz2MrsRpebble.o)
                0x0000000000002c2c                graphics_context_set_text_color
 .text.window_set_background_color
                0x0000000000002c38        0xc /Users/edwinfinch/Library/Application Support/Pebble SDK/SDKs/current/sdk-core/pebble/aplite/lib/libpebble.a(tmpz2MrsRpebble.o)
                0x0000000000002c38                window_set_background_color
 .text.animation_schedule
                0x0000000000002c44        0xc /Users/edwinfinch/Library/Application Support/Pebble SDK/SDKs/current/sdk-core/pebble/aplite/lib/libpebble.a(tmpz2MrsRpebble.o)
                0x0000000000002c44                animation_schedule
 .text.animation_set_delay
                0x0000000000002c50        0xc /Users/edwinfinch/Library/Application Support/Pebble SDK/SDKs/current/sdk-core/pebble/aplite/lib/libpebble.a(tmpz2MrsRpebble.o)
                0x0000000000002c50                animation_set_delay
 .text.animation_set_duration
                0x0000000000002c5c        0xc /Users/edwinfinch/Library/Application Support/Pebble SDK/SDKs/current/sdk-core/pebble/aplite/lib/libpebble.a(tmpz2MrsRpebble.o)
                0x0000000000002c5c                animation_set_duration
 .text.animation_set_handlers
                0x0000000000002c68        0xc /Users/edwinfinch/Library/Application Support/Pebble SDK/SDKs/current/sdk-core/pebble/aplite/lib/libpebble.a(tmpz2MrsRpebble.o)
                0x0000000000002c68                animation_set_handlers
 .text.property_animation_create_layer_frame
                0x0000000000002c74        0xc /Users/edwinfinch/Library/Application Support/Pebble SDK/SDKs/current/sdk-core/pebble/aplite/lib/libpebble.a(tmpz2MrsRpebble.o)
                0x0000000000002c74                property_animation_create_layer_frame
 .text.property_animation_destroy
                0x0000000000002c80        0xc /Users/edwinfinch/Library/Application Support/Pebble SDK/SDKs/current/sdk-core/pebble/aplite/lib/libpebble.a(tmpz2MrsRpebble.o)
                0x0000000000002c80                property_animation_destroy
 .text.property_animation_get_animation
                0x0000000000002c8c        0xc /Users/edwinfinch/Library/Application Support/Pebble SDK/SDKs/current/sdk-core/pebble/aplite/lib/libpebble.a(tmpz2MrsRpebble.o)
                0x0000000000002c8c                property_animation_get_animation
 .text.gbitmap_get_bounds
                0x0000000000002c98        0xc /Users/edwinfinch/Library/Application Support/Pebble SDK/SDKs/current/sdk-core/pebble/aplite/lib/libpebble.a(tmpz2MrsRpebble.o)
                0x0000000000002c98                gbitmap_get_bounds
 .text.gbitmap_create_from_png_data
                0x0000000000002ca4        0xc /Users/edwinfinch/Library/Application Support/Pebble SDK/SDKs/current/sdk-core/pebble/aplite/lib/libpebble.a(tmpz2MrsRpebble.o)
                0x0000000000002ca4                gbitmap_create_from_png_data
 .text.menu_layer_create
                0x0000000000002cb0        0xc /Users/edwinfinch/Library/Application Support/Pebble SDK/SDKs/current/sdk-core/pebble/aplite/lib/libpebble.a(tmpz2MrsRpebble.o)
                0x0000000000002cb0                menu_layer_create
 .text.action_bar_layer_add_to_window
                0x0000000000002cbc        0xc /Users/edwinfinch/Library/Application Support/Pebble SDK/SDKs/current/sdk-core/pebble/aplite/lib/libpebble.a(tmpz2MrsRpebble.o)
                0x0000000000002cbc                action_bar_layer_add_to_window
 .text.action_bar_layer_create
                0x0000000000002cc8        0xc /Users/edwinfinch/Library/Application Support/Pebble SDK/SDKs/current/sdk-core/pebble/aplite/lib/libpebble.a(tmpz2MrsRpebble.o)
                0x0000000000002cc8                action_bar_layer_create
 .text.action_bar_layer_destroy
                0x0000000000002cd4        0xc /Users/edwinfinch/Library/Application Support/Pebble SDK/SDKs/current/sdk-core/pebble/aplite/lib/libpebble.a(tmpz2MrsRpebble.o)
                0x0000000000002cd4                action_bar_layer_destroy
 .text.action_bar_layer_get_layer
                0x0000000000002ce0        0xc /Users/edwinfinch/Library/Application Support/Pebble SDK/SDKs/current/sdk-core/pebble/aplite/lib/libpebble.a(tmpz2MrsRpebble.o)
                0x0000000000002ce0                action_bar_layer_get_layer
 .text.action_bar_layer_set_click_config_provider
                0x0000000000002cec        0xc /Users/edwinfinch/Library/Application Support/Pebble SDK/SDKs/current/sdk-core/pebble/aplite/lib/libpebble.a(tmpz2MrsRpebble.o)
                0x0000000000002cec                action_bar_layer_set_click_config_provider
 .text.action_bar_layer_set_icon_animated
                0x0000000000002cf8        0xc /Users/edwinfinch/Library/Application Support/Pebble SDK/SDKs/current/sdk-core/pebble/aplite/lib/libpebble.a(tmpz2MrsRpebble.o)
                0x0000000000002cf8                action_bar_layer_set_icon_animated
 .text.menu_cell_layer_is_highlighted
                0x0000000000002d04        0xc /Users/edwinfinch/Library/Application Support/Pebble SDK/SDKs/current/sdk-core/pebble/aplite/lib/libpebble.a(tmpz2MrsRpebble.o)
                0x0000000000002d04                menu_cell_layer_is_highlighted
 .text.menu_layer_set_highlight_colors
                0x0000000000002d10        0xc /Users/edwinfinch/Library/Application Support/Pebble SDK/SDKs/current/sdk-core/pebble/aplite/lib/libpebble.a(tmpz2MrsRpebble.o)
                0x0000000000002d10                menu_layer_set_highlight_colors
 .text.menu_layer_set_normal_colors
                0x0000000000002d1c        0xc /Users/edwinfinch/Library/Application Support/Pebble SDK/SDKs/current/sdk-core/pebble/aplite/lib/libpebble.a(tmpz2MrsRpebble.o)
                0x0000000000002d1c                menu_layer_set_normal_colors
 .text.menu_layer_set_callbacks
                0x0000000000002d28        0xc /Users/edwinfinch/Library/Application Support/Pebble SDK/SDKs/current/sdk-core/pebble/aplite/lib/libpebble.a(tmpz2MrsRpebble.o)
                0x0000000000002d28                menu_layer_set_callbacks
 .text.connection_service_subscribe
                0x0000000000002d34        0xc /Users/edwinfinch/Library/Application Support/Pebble SDK/SDKs/current/sdk-core/pebble/aplite/lib/libpebble.a(tmpz2MrsRpebble.o)
                0x0000000000002d34                connection_service_subscribe
 *(.rodata)
 .rodata        0x0000000000002d40        0x8 src/windows/library_menus.c.28.o
 .rodata        0x0000000000002d48        0x8 src/windows/main_menu.c.28.o
 .rodata        0x0000000000002d50       0x20 src/windows/now_playing.c.28.o
 *(.rodata*)
 .rodata.str1.1
                0x0000000000002d70       0xae src/ipod.c.28.o
 .rodata.str1.1
                0x0000000000002e1e      0x19d src/ipod_state.c.28.o
 .rodata.str1.1
                0x0000000000002fbb       0x1a src/layers/marquee_text.c.28.o
 .rodata.str1.1
                0x0000000000002fd5       0x60 src/settings.c.28.o
 .rodata.str1.1
                0x0000000000003035      0x14e src/windows/library_menus.c.28.o
                                        0x14f (size before relaxing)
 .rodata.str1.1
                0x0000000000003183       0xa1 src/windows/main_menu.c.28.o
                                         0xa2 (size before relaxing)
 .rodata.segments.7704
                0x0000000000003224        0x8 src/windows/now_playing.c.28.o
 .rodata.str1.1
                0x000000000000322c       0xdd src/windows/now_playing.c.28.o

.glue_7         0x000000000000330c        0x0
 .glue_7        0x0000000000000000        0x0 linker stubs

.glue_7t        0x000000000000330c        0x0
 .glue_7t       0x0000000000000000        0x0 linker stubs

.vfp11_veneer   0x000000000000330c        0x0
 .vfp11_veneer  0x0000000000000000        0x0 linker stubs

.v4_bx          0x000000000000330c        0x0
 .v4_bx         0x0000000000000000        0x0 linker stubs

.iplt           0x000000000000330c        0x0
 .iplt          0x0000000000000000        0x0 /usr/local/Cellar/pebble-toolchain/2.0/arm-cs-tools/bin/../lib/gcc/arm-none-eabi/4.7.2/thumb2/crtbegin.o

.rel.dyn        0x000000000000330c        0x0
 .rel.iplt      0x0000000000000000        0x0 /usr/local/Cellar/pebble-toolchain/2.0/arm-cs-tools/bin/../lib/gcc/arm-none-eabi/4.7.2/thumb2/crtbegin.o
 .rel.got       0x0000000000000000        0x0 /usr/local/Cellar/pebble-toolchain/2.0/arm-cs-tools/bin/../lib/gcc/arm-none-eabi/4.7.2/thumb2/crtbegin.o

.data           0x000000000000330c       0x4d
 *(.data)
 .data          0x000000000000330c        0x0 /usr/local/Cellar/pebble-toolchain/2.0/arm-cs-tools/bin/../lib/gcc/arm-none-eabi/4.7.2/thumb2/crti.o
 .data          0x000000000000330c        0x4 /usr/local/Cellar/pebble-toolchain/2.0/arm-cs-tools/bin/../lib/gcc/arm-none-eabi/4.7.2/thumb2/crtbegin.o
                0x000000000000330c                __dso_handle
 .data          0x0000000000003310        0x0 src/common.c.28.o
 .data          0x0000000000003310        0x0 src/gbitmap.c.28.o
 .data          0x0000000000003310        0x8 src/ipod.c.28.o
 .data          0x0000000000003318        0x0 src/ipod_state.c.28.o
 .data          0x0000000000003318        0x0 src/layers/marquee_text.c.28.o
 .data          0x0000000000003318        0x0 src/layers/progress_bar.c.28.o
 .data          0x0000000000003318        0x0 src/settings.c.28.o
 .data          0x0000000000003318        0x0 src/windows/library_menus.c.28.o
 .data          0x0000000000003318        0x0 src/windows/main_menu.c.28.o
 .data          0x0000000000003318        0x0 src/windows/message_window.c.28.o
 .data          0x0000000000003318        0x8 src/windows/now_playing.c.28.o
 .data          0x0000000000003320        0x0 aplite/appinfo.auto.c.28.o
 .data          0x0000000000003320        0x0 aplite/src/resource_ids.auto.c.28.o
 .data          0x0000000000003320        0x0 /Users/edwinfinch/Library/Application Support/Pebble SDK/SDKs/current/sdk-core/pebble/aplite/lib/libpebble.a(tmpz2MrsRpebble.o)
 .data          0x0000000000003320        0x0 /usr/local/Cellar/pebble-toolchain/2.0/arm-cs-tools/bin/../lib/gcc/arm-none-eabi/4.7.2/thumb2/crtend.o
 .data          0x0000000000003320        0x0 /usr/local/Cellar/pebble-toolchain/2.0/arm-cs-tools/bin/../lib/gcc/arm-none-eabi/4.7.2/thumb2/crtn.o
 *(.data.*)
 .data.s_sequence_number
                0x0000000000003320        0x4 src/common.c.28.o
 .data.first_call
                0x0000000000003324        0x1 src/ipod_state.c.28.o
                0x0000000000003324                first_call
 *fill*         0x0000000000003325        0x3 
 .data.rel.ro.local.titles.7672
                0x0000000000003328       0x18 src/windows/main_menu.c.28.o
 .data.rel.ro.callbacks.7673
                0x0000000000003340       0x18 src/windows/main_menu.c.28.o
 .data.now_playing_action_bar_is_showing
                0x0000000000003358        0x1 src/windows/now_playing.c.28.o
                0x0000000000003358                now_playing_action_bar_is_showing

.igot.plt       0x000000000000335c        0x0
 .igot.plt      0x0000000000000000        0x0 /usr/local/Cellar/pebble-toolchain/2.0/arm-cs-tools/bin/../lib/gcc/arm-none-eabi/4.7.2/thumb2/crtbegin.o

.got            0x000000000000335c       0x90
 .got           0x000000000000335c       0x90 /usr/local/Cellar/pebble-toolchain/2.0/arm-cs-tools/bin/../lib/gcc/arm-none-eabi/4.7.2/thumb2/crtbegin.o

.got.plt        0x00000000000033ec        0xc
 .got.plt       0x00000000000033ec        0xc /usr/local/Cellar/pebble-toolchain/2.0/arm-cs-tools/bin/../lib/gcc/arm-none-eabi/4.7.2/thumb2/crtbegin.o
                0x00000000000033ec                _GLOBAL_OFFSET_TABLE_

.bss            0x00000000000033f8      0x2a0
 *(.bss)
 *(.bss.*)
 .bss.s_artist  0x00000000000033f8       0x64 src/ipod_state.c.28.o
 .bss.s_title   0x000000000000345c       0x64 src/ipod_state.c.28.o
 .bss.now_playing_album_art_size
                0x00000000000034c0        0x8 src/ipod_state.c.28.o
 .bss.header_icon_album_art_size
                0x00000000000034c8        0x4 src/ipod_state.c.28.o
 .bss.s_album   0x00000000000034cc       0x64 src/ipod_state.c.28.o
 .bss.library_icon_album_art_data
                0x0000000000003530        0x4 src/ipod_state.c.28.o
 .bss.album_art_data
                0x0000000000003534        0x8 src/ipod_state.c.28.o
 .bss.head      0x000000000000353c        0x4 src/layers/marquee_text.c.28.o
 .bss.main_menu_layer
                0x0000000000003540        0x4 src/windows/main_menu.c.28.o
                0x0000000000003540                main_menu_layer
 .bss.already_requested
                0x0000000000003544        0x1 src/windows/main_menu.c.28.o
                0x0000000000003544                already_requested
 .bss.previous_play_status
                0x0000000000003545        0x1 src/windows/now_playing.c.28.o
                0x0000000000003545                previous_play_status
 .bss.action_bar_hidden
                0x0000000000003546        0x2 src/windows/now_playing.c.28.o
                0x0000000000003546                action_bar_hidden
 .bss.icon_fast_forward
                0x0000000000003548        0x4 src/windows/now_playing.c.28.o
 .bss.is_shown  0x000000000000354c        0x1 src/windows/now_playing.c.28.o
 .bss.current_jump.7653
                0x000000000000354d        0x1 src/windows/now_playing.c.28.o
 *fill*         0x000000000000354e        0x2 
 .bss.icon_play
                0x0000000000003550        0x4 src/windows/now_playing.c.28.o
 .bss.icon_pause
                0x0000000000003554        0x4 src/windows/now_playing.c.28.o
 .bss.controlling_volume
                0x0000000000003558        0x1 src/windows/now_playing.c.28.o
 *fill*         0x0000000000003559        0x3 
 .bss.icon_more
                0x000000000000355c        0x4 src/windows/now_playing.c.28.o
 .bss.icon_volume_up
                0x0000000000003560        0x4 src/windows/now_playing.c.28.o
 .bss.action_bar_showing
                0x0000000000003564        0x2 src/windows/now_playing.c.28.o
                0x0000000000003564                action_bar_showing
 *fill*         0x0000000000003566        0x2 
 .bss.icon_rewind
                0x0000000000003568        0x4 src/windows/now_playing.c.28.o
 .bss.icon_volume_down
                0x000000000000356c        0x4 src/windows/now_playing.c.28.o
 .bss.action_bar_timer_registered
                0x0000000000003570        0x1 src/windows/now_playing.c.28.o
                0x0000000000003570                action_bar_timer_registered
 .bss.pebble_controls_pushed_select
                0x0000000000003571        0x1 src/windows/now_playing.c.28.o
                0x0000000000003571                pebble_controls_pushed_select
 *fill*         0x0000000000003572        0x2 
 COMMON         0x0000000000003574        0x4 src/ipod.c.28.o
                0x0000000000003574                window
 COMMON         0x0000000000003578       0x21 src/ipod_state.c.28.o
                0x0000000000003578                ipod_state_callback
                0x000000000000357c                library_icon_album_art_bitmap
                0x0000000000003580                s_shuffle_mode
                0x0000000000003584                s_current_time
                0x0000000000003588                current_type
                0x0000000000003589                s_repeat_mode
                0x000000000000358c                album_art_bitmap
                0x0000000000003594                s_duration
                0x0000000000003598                s_playback_state
 *fill*         0x0000000000003599        0x3 
 COMMON         0x000000000000359c        0x7 src/settings.c.28.o
                0x000000000000359c                current_callback
                0x00000000000035a0                current_settings
 *fill*         0x00000000000035a3        0x1 
 COMMON         0x00000000000035a4       0x14 src/windows/library_menus.c.28.o
                0x00000000000035a4                menu_stack_count
                0x00000000000035a8                menu_stack
 COMMON         0x00000000000035b8       0x98 src/windows/main_menu.c.28.o
                0x00000000000035b8                main_menu_window
                0x00000000000035bc                main_menu_items
                0x000000000000361c                main_menu_icons
                0x0000000000003634                highlight_index
                0x0000000000003638                main_menu_icons_inverted
 COMMON         0x0000000000003650       0x48 src/windows/now_playing.c.28.o
                0x0000000000003650                now_playing_timer
                0x0000000000003654                artist_font
                0x0000000000003658                now_playing_window
                0x000000000000365c                background_colour
                0x000000000000365d                now_playing_settings
                0x0000000000003660                now_playing_progress_bar
                0x0000000000003664                now_playing_artist_layer
                0x0000000000003668                now_playing_album_art_layer
                0x0000000000003670                now_playing_title_layer
                0x0000000000003674                action_bar_timer
                0x0000000000003678                no_album_art_bitmap
                0x000000000000367c                artist_frame
                0x0000000000003684                control_action_bar
                0x0000000000003688                now_playing_graphics_layer
                0x000000000000368c                invert_controls_timer
                0x0000000000003690                now_playing_album_art_bitmap

DISCARD
 libc.a(*)
 libm.a(*)
 libgcc.a(*)
 *(.eh_frame)
OUTPUT(/Users/edwinfinch/Desktop/Lignite Music/music-pebble/build/aplite/pebble-app.elf elf32-littlearm)

.ARM.attributes
                0x0000000000000000       0x27
 .ARM.attributes
                0x0000000000000000       0x19 /usr/local/Cellar/pebble-toolchain/2.0/arm-cs-tools/bin/../lib/gcc/arm-none-eabi/4.7.2/thumb2/crti.o
 .ARM.attributes
                0x0000000000000019       0x29 /usr/local/Cellar/pebble-toolchain/2.0/arm-cs-tools/bin/../lib/gcc/arm-none-eabi/4.7.2/thumb2/crtbegin.o
 .ARM.attributes
                0x0000000000000042       0x33 src/common.c.28.o
 .ARM.attributes
                0x0000000000000075       0x33 src/gbitmap.c.28.o
 .ARM.attributes
                0x00000000000000a8       0x33 src/ipod.c.28.o
 .ARM.attributes
                0x00000000000000db       0x33 src/ipod_state.c.28.o
 .ARM.attributes
                0x000000000000010e       0x33 src/layers/marquee_text.c.28.o
 .ARM.attributes
                0x0000000000000141       0x33 src/layers/progress_bar.c.28.o
 .ARM.attributes
                0x0000000000000174       0x33 src/settings.c.28.o
 .ARM.attributes
                0x00000000000001a7       0x33 src/windows/library_menus.c.28.o
 .ARM.attributes
                0x00000000000001da       0x33 src/windows/main_menu.c.28.o
 .ARM.attributes
                0x000000000000020d       0x33 src/windows/message_window.c.28.o
 .ARM.attributes
                0x0000000000000240       0x33 src/windows/now_playing.c.28.o
 .ARM.attributes
                0x0000000000000273       0x33 aplite/appinfo.auto.c.28.o
 .ARM.attributes
                0x00000000000002a6       0x33 aplite/src/resource_ids.auto.c.28.o
 .ARM.attributes
                0x00000000000002d9       0x21 /Users/edwinfinch/Library/Application Support/Pebble SDK/SDKs/current/sdk-core/pebble/aplite/lib/libpebble.a(tmpz2MrsRpebble.o)
 .ARM.attributes
                0x00000000000002fa       0x29 /usr/local/Cellar/pebble-toolchain/2.0/arm-cs-tools/bin/../lib/gcc/arm-none-eabi/4.7.2/thumb2/crtend.o
 .ARM.attributes
                0x0000000000000323       0x19 /usr/local/Cellar/pebble-toolchain/2.0/arm-cs-tools/bin/../lib/gcc/arm-none-eabi/4.7.2/thumb2/crtn.o

.comment        0x0000000000000000       0x4e
 .comment       0x0000000000000000       0x4e /usr/local/Cellar/pebble-toolchain/2.0/arm-cs-tools/bin/../lib/gcc/arm-none-eabi/4.7.2/thumb2/crtbegin.o
                                         0x4f (size before relaxing)
 .comment       0x0000000000000000       0x4f src/common.c.28.o
 .comment       0x0000000000000000       0x4f src/gbitmap.c.28.o
 .comment       0x0000000000000000       0x4f src/ipod.c.28.o
 .comment       0x0000000000000000       0x4f src/ipod_state.c.28.o
 .comment       0x0000000000000000       0x4f src/layers/marquee_text.c.28.o
 .comment       0x0000000000000000       0x4f src/layers/progress_bar.c.28.o
 .comment       0x0000000000000000       0x4f src/settings.c.28.o
 .comment       0x0000000000000000       0x4f src/windows/library_menus.c.28.o
 .comment       0x0000000000000000       0x4f src/windows/main_menu.c.28.o
 .comment       0x0000000000000000       0x4f src/windows/message_window.c.28.o
 .comment       0x0000000000000000       0x4f src/windows/now_playing.c.28.o
 .comment       0x0000000000000000       0x4f aplite/appinfo.auto.c.28.o
 .comment       0x0000000000000000       0x4f aplite/src/resource_ids.auto.c.28.o
 .comment       0x0000000000000000       0x4f /usr/local/Cellar/pebble-toolchain/2.0/arm-cs-tools/bin/../lib/gcc/arm-none-eabi/4.7.2/thumb2/crtend.o

.debug_info     0x0000000000000000     0x8fe3
 .debug_info    0x0000000000000000      0x9f5 src/common.c.28.o
 .debug_info    0x00000000000009f5       0x79 src/gbitmap.c.28.o
 .debug_info    0x0000000000000a6e      0x9dc src/ipod.c.28.o
 .debug_info    0x000000000000144a     0x15e2 src/ipod_state.c.28.o
 .debug_info    0x0000000000002a2c      0x9cc src/layers/marquee_text.c.28.o
 .debug_info    0x00000000000033f8      0x66d src/layers/progress_bar.c.28.o
 .debug_info    0x0000000000003a65      0x32e src/settings.c.28.o
 .debug_info    0x0000000000003d93     0x1b05 src/windows/library_menus.c.28.o
 .debug_info    0x0000000000005898      0xfcc src/windows/main_menu.c.28.o
 .debug_info    0x0000000000006864       0x79 src/windows/message_window.c.28.o
 .debug_info    0x00000000000068dd     0x22a3 src/windows/now_playing.c.28.o
 .debug_info    0x0000000000008b80      0x2e6 aplite/appinfo.auto.c.28.o
 .debug_info    0x0000000000008e66      0x17d aplite/src/resource_ids.auto.c.28.o

.debug_abbrev   0x0000000000000000     0x1dbb
 .debug_abbrev  0x0000000000000000      0x290 src/common.c.28.o
 .debug_abbrev  0x0000000000000290       0x26 src/gbitmap.c.28.o
 .debug_abbrev  0x00000000000002b6      0x264 src/ipod.c.28.o
 .debug_abbrev  0x000000000000051a      0x3ff src/ipod_state.c.28.o
 .debug_abbrev  0x0000000000000919      0x2be src/layers/marquee_text.c.28.o
 .debug_abbrev  0x0000000000000bd7      0x2a4 src/layers/progress_bar.c.28.o
 .debug_abbrev  0x0000000000000e7b      0x1b1 src/settings.c.28.o
 .debug_abbrev  0x000000000000102c      0x482 src/windows/library_menus.c.28.o
 .debug_abbrev  0x00000000000014ae      0x300 src/windows/main_menu.c.28.o
 .debug_abbrev  0x00000000000017ae       0x26 src/windows/message_window.c.28.o
 .debug_abbrev  0x00000000000017d4      0x51b src/windows/now_playing.c.28.o
 .debug_abbrev  0x0000000000001cef       0x88 aplite/appinfo.auto.c.28.o
 .debug_abbrev  0x0000000000001d77       0x44 aplite/src/resource_ids.auto.c.28.o

.debug_loc      0x0000000000000000     0x279e
 .debug_loc     0x0000000000000000      0x1e0 src/common.c.28.o
 .debug_loc     0x00000000000001e0      0x229 src/ipod.c.28.o
 .debug_loc     0x0000000000000409      0x6dd src/ipod_state.c.28.o
 .debug_loc     0x0000000000000ae6      0x2b5 src/layers/marquee_text.c.28.o
 .debug_loc     0x0000000000000d9b      0x22a src/layers/progress_bar.c.28.o
 .debug_loc     0x0000000000000fc5       0xbc src/settings.c.28.o
 .debug_loc     0x0000000000001081      0xc0d src/windows/library_menus.c.28.o
 .debug_loc     0x0000000000001c8e      0x424 src/windows/main_menu.c.28.o
 .debug_loc     0x00000000000020b2      0x6ec src/windows/now_playing.c.28.o

.debug_aranges  0x0000000000000000      0x4b0
 .debug_aranges
                0x0000000000000000       0x48 src/common.c.28.o
 .debug_aranges
                0x0000000000000048       0x18 src/gbitmap.c.28.o
 .debug_aranges
                0x0000000000000060       0x58 src/ipod.c.28.o
 .debug_aranges
                0x00000000000000b8       0xc0 src/ipod_state.c.28.o
 .debug_aranges
                0x0000000000000178       0x68 src/layers/marquee_text.c.28.o
 .debug_aranges
                0x00000000000001e0       0x48 src/layers/progress_bar.c.28.o
 .debug_aranges
                0x0000000000000228       0x48 src/settings.c.28.o
 .debug_aranges
                0x0000000000000270       0x90 src/windows/library_menus.c.28.o
 .debug_aranges
                0x0000000000000300       0x98 src/windows/main_menu.c.28.o
 .debug_aranges
                0x0000000000000398       0x18 src/windows/message_window.c.28.o
 .debug_aranges
                0x00000000000003b0       0xd0 src/windows/now_playing.c.28.o
 .debug_aranges
                0x0000000000000480       0x18 aplite/appinfo.auto.c.28.o
 .debug_aranges
                0x0000000000000498       0x18 aplite/src/resource_ids.auto.c.28.o

.debug_ranges   0x0000000000000000      0x660
 .debug_ranges  0x0000000000000000       0x38 src/common.c.28.o
 .debug_ranges  0x0000000000000038       0x48 src/ipod.c.28.o
 .debug_ranges  0x0000000000000080      0x1d0 src/ipod_state.c.28.o
 .debug_ranges  0x0000000000000250       0x58 src/layers/marquee_text.c.28.o
 .debug_ranges  0x00000000000002a8       0x38 src/layers/progress_bar.c.28.o
 .debug_ranges  0x00000000000002e0       0x38 src/settings.c.28.o
 .debug_ranges  0x0000000000000318      0x120 src/windows/library_menus.c.28.o
 .debug_ranges  0x0000000000000438       0xa8 src/windows/main_menu.c.28.o
 .debug_ranges  0x00000000000004e0      0x180 src/windows/now_playing.c.28.o

.debug_line     0x0000000000000000     0x24c4
 .debug_line    0x0000000000000000      0x25c src/common.c.28.o
 .debug_line    0x000000000000025c       0x1d src/gbitmap.c.28.o
 .debug_line    0x0000000000000279      0x354 src/ipod.c.28.o
 .debug_line    0x00000000000005cd      0x508 src/ipod_state.c.28.o
 .debug_line    0x0000000000000ad5      0x312 src/layers/marquee_text.c.28.o
 .debug_line    0x0000000000000de7      0x286 src/layers/progress_bar.c.28.o
 .debug_line    0x000000000000106d      0x25c src/settings.c.28.o
 .debug_line    0x00000000000012c9      0x585 src/windows/library_menus.c.28.o
 .debug_line    0x000000000000184e      0x41a src/windows/main_menu.c.28.o
 .debug_line    0x0000000000001c68       0x1d src/windows/message_window.c.28.o
 .debug_line    0x0000000000001c85      0x642 src/windows/now_playing.c.28.o
 .debug_line    0x00000000000022c7      0x139 aplite/appinfo.auto.c.28.o
 .debug_line    0x0000000000002400       0xc4 aplite/src/resource_ids.auto.c.28.o

.debug_str      0x0000000000000000     0x2fc6
 .debug_str     0x0000000000000000      0x7d7 src/common.c.28.o
                                        0x8a1 (size before relaxing)
 .debug_str     0x00000000000007d7       0x11 src/gbitmap.c.28.o
                                         0xf0 (size before relaxing)
 .debug_str     0x00000000000007e8      0x3d2 src/ipod.c.28.o
                                        0x70e (size before relaxing)
 .debug_str     0x0000000000000bba      0x82b src/ipod_state.c.28.o
                                        0xfaf (size before relaxing)
 .debug_str     0x00000000000013e5      0x3b6 src/layers/marquee_text.c.28.o
                                        0x550 (size before relaxing)
 .debug_str     0x000000000000179b      0x1ac src/layers/progress_bar.c.28.o
                                        0x3da (size before relaxing)
 .debug_str     0x0000000000001947       0xb9 src/settings.c.28.o
                                        0x2bf (size before relaxing)
 .debug_str     0x0000000000001a00      0x7df src/windows/library_menus.c.28.o
                                       0x1156 (size before relaxing)
 .debug_str     0x00000000000021df      0x2b0 src/windows/main_menu.c.28.o
                                        0xa24 (size before relaxing)
 .debug_str     0x000000000000248f       0x20 src/windows/message_window.c.28.o
                                         0xff (size before relaxing)
 .debug_str     0x00000000000024af      0x81e src/windows/now_playing.c.28.o
                                       0x1716 (size before relaxing)
 .debug_str     0x0000000000002ccd      0x15d aplite/appinfo.auto.c.28.o
                                        0x25e (size before relaxing)
 .debug_str     0x0000000000002e2a      0x19c aplite/src/resource_ids.auto.c.28.o
                                        0x270 (size before relaxing)

.debug_frame    0x0000000000000000      0xb20
 .debug_frame   0x0000000000000000       0x98 src/common.c.28.o
 .debug_frame   0x0000000000000098       0xf0 src/ipod.c.28.o
 .debug_frame   0x0000000000000188      0x200 src/ipod_state.c.28.o
 .debug_frame   0x0000000000000388       0xe4 src/layers/marquee_text.c.28.o
 .debug_frame   0x000000000000046c       0x98 src/layers/progress_bar.c.28.o
 .debug_frame   0x0000000000000504       0x9c src/settings.c.28.o
 .debug_frame   0x00000000000005a0      0x1b0 src/windows/library_menus.c.28.o
 .debug_frame   0x0000000000000750      0x15c src/windows/main_menu.c.28.o
 .debug_frame   0x00000000000008ac      0x274 src/windows/now_playing.c.28.o
