Archive member included because of file (symbol)

/Users/edwinfinch/Library/Application Support/Pebble SDK/SDKs/current/sdk-core/pebble/basalt/lib/libpebble.a(tmpzgFxQqpebble.o)
                              src/ipod.c.10.o (app_event_loop)

Allocating common symbols
Common symbol       size              file

ipod_state_callback
                    0x4               src/ipod_state.c.10.o
now_playing_timer   0x4               src/windows/now_playing.c.10.o
main_menu_items     0x60              src/windows/main_menu.c.10.o
main_menu_icons     0x18              src/windows/main_menu.c.10.o
artist_font         0x4               src/windows/now_playing.c.10.o
s_shuffle_mode      0x1               src/ipod_state.c.10.o
current_callback    0x4               src/settings.c.10.o
now_playing_window  0x4               src/windows/now_playing.c.10.o
background_colour   0x1               src/windows/now_playing.c.10.o
now_playing_settings
                    0x3               src/windows/now_playing.c.10.o
now_playing_progress_bar
                    0x4               src/windows/now_playing.c.10.o
now_playing_artist_layer
                    0x4               src/windows/now_playing.c.10.o
now_playing_album_art_layer
                    0x4               src/windows/now_playing.c.10.o
menu_stack_count    0x1               src/windows/library_menus.c.10.o
now_playing_title_layer
                    0x4               src/windows/now_playing.c.10.o
action_bar_timer    0x4               src/windows/now_playing.c.10.o
highlight_index     0x4               src/windows/main_menu.c.10.o
s_current_time      0x4               src/ipod_state.c.10.o
main_menu_icons_inverted
                    0x18              src/windows/main_menu.c.10.o
current_type        0x1               src/ipod_state.c.10.o
no_album_art_bitmap
                    0x4               src/windows/now_playing.c.10.o
s_repeat_mode       0x1               src/ipod_state.c.10.o
current_settings    0x3               src/settings.c.10.o
album_art_bitmap    0x4               src/ipod_state.c.10.o
s_duration          0x4               src/ipod_state.c.10.o
main_menu_layer     0x4               src/windows/main_menu.c.10.o
menu_stack          0x10              src/windows/library_menus.c.10.o
window              0x4               src/ipod.c.10.o
control_action_bar  0x4               src/windows/now_playing.c.10.o
now_playing_graphics_layer
                    0x4               src/windows/now_playing.c.10.o
s_playback_state    0x1               src/ipod_state.c.10.o
invert_controls_timer
                    0x4               src/windows/now_playing.c.10.o
now_playing_album_art_bitmap
                    0x4               src/windows/now_playing.c.10.o

Discarded input sections

 .text          0x0000000000000000        0x0 /usr/local/Cellar/pebble-toolchain/2.0/arm-cs-tools/bin/../lib/gcc/arm-none-eabi/4.7.2/thumb2/crti.o
 .bss           0x0000000000000000        0x0 /usr/local/Cellar/pebble-toolchain/2.0/arm-cs-tools/bin/../lib/gcc/arm-none-eabi/4.7.2/thumb2/crti.o
 .init          0x0000000000000000        0x4 /usr/local/Cellar/pebble-toolchain/2.0/arm-cs-tools/bin/../lib/gcc/arm-none-eabi/4.7.2/thumb2/crti.o
 .fini          0x0000000000000000        0x4 /usr/local/Cellar/pebble-toolchain/2.0/arm-cs-tools/bin/../lib/gcc/arm-none-eabi/4.7.2/thumb2/crti.o
 .text          0x0000000000000000       0xc8 /usr/local/Cellar/pebble-toolchain/2.0/arm-cs-tools/bin/../lib/gcc/arm-none-eabi/4.7.2/thumb2/crtbegin.o
 .bss           0x0000000000000000       0x1c /usr/local/Cellar/pebble-toolchain/2.0/arm-cs-tools/bin/../lib/gcc/arm-none-eabi/4.7.2/thumb2/crtbegin.o
 .init_array    0x0000000000000000        0x4 /usr/local/Cellar/pebble-toolchain/2.0/arm-cs-tools/bin/../lib/gcc/arm-none-eabi/4.7.2/thumb2/crtbegin.o
 .fini_array    0x0000000000000000        0x4 /usr/local/Cellar/pebble-toolchain/2.0/arm-cs-tools/bin/../lib/gcc/arm-none-eabi/4.7.2/thumb2/crtbegin.o
 .eh_frame      0x0000000000000000        0x0 /usr/local/Cellar/pebble-toolchain/2.0/arm-cs-tools/bin/../lib/gcc/arm-none-eabi/4.7.2/thumb2/crtbegin.o
 .jcr           0x0000000000000000        0x0 /usr/local/Cellar/pebble-toolchain/2.0/arm-cs-tools/bin/../lib/gcc/arm-none-eabi/4.7.2/thumb2/crtbegin.o
 .tm_clone_table
                0x0000000000000000        0x0 /usr/local/Cellar/pebble-toolchain/2.0/arm-cs-tools/bin/../lib/gcc/arm-none-eabi/4.7.2/thumb2/crtbegin.o
 .text          0x0000000000000000        0x0 src/common.c.10.o
 .bss           0x0000000000000000        0x0 src/common.c.10.o
 .text.reset_sequence_number
                0x0000000000000000       0x22 src/common.c.10.o
 .text          0x0000000000000000        0x0 src/gbitmap.c.10.o
 .bss           0x0000000000000000        0x0 src/gbitmap.c.10.o
 .text.get_gbitmapformat_text
                0x0000000000000000       0x4c src/gbitmap.c.10.o
 .text.gbitmap_fill_all_except
                0x0000000000000000       0x6e src/gbitmap.c.10.o
[...]
Memory Configuration

Name             Origin             Length             Attributes
APP              0x0000000000000000 0x0000000000010000 xrw
*default*        0x0000000000000000 0xffffffffffffffff

Linker script and memory map

LOAD /usr/local/Cellar/pebble-toolchain/2.0/arm-cs-tools/bin/../lib/gcc/arm-none-eabi/4.7.2/thumb2/crti.o
LOAD /usr/local/Cellar/pebble-toolchain/2.0/arm-cs-tools/bin/../lib/gcc/arm-none-eabi/4.7.2/thumb2/crtbegin.o
LOAD src/common.c.10.o
LOAD src/gbitmap.c.10.o
LOAD src/ipod.c.10.o
LOAD src/ipod_state.c.10.o
LOAD src/layers/marquee_text.c.10.o
LOAD src/layers/progress_bar.c.10.o
LOAD src/settings.c.10.o
LOAD src/windows/library_menus.c.10.o
LOAD src/windows/main_menu.c.10.o
LOAD src/windows/message_window.c.10.o
LOAD src/windows/now_playing.c.10.o
LOAD basalt/appinfo.auto.c.10.o
LOAD basalt/src/resource_ids.auto.c.10.o
LOAD /Users/edwinfinch/Library/Application Support/Pebble SDK/SDKs/current/sdk-core/pebble/basalt/lib/libpebble.a
START GROUP
LOAD /usr/local/Cellar/pebble-toolchain/2.0/arm-cs-tools/bin/../lib/gcc/arm-none-eabi/4.7.2/thumb2/libgcc.a
LOAD /usr/local/Cellar/pebble-toolchain/2.0/arm-cs-tools/bin/../lib/gcc/arm-none-eabi/4.7.2/../../../../arm-none-eabi/lib/thumb2/libc.a
END GROUP
LOAD /usr/local/Cellar/pebble-toolchain/2.0/arm-cs-tools/bin/../lib/gcc/arm-none-eabi/4.7.2/thumb2/crtend.o
LOAD /usr/local/Cellar/pebble-toolchain/2.0/arm-cs-tools/bin/../lib/gcc/arm-none-eabi/4.7.2/thumb2/crtn.o

.header         0x0000000000000000       0x82
 *(.pbl_header)
 .pbl_header    0x0000000000000000       0x82 basalt/appinfo.auto.c.10.o
                0x0000000000000000                __pbl_app_info

.note.gnu.build-id
                0x0000000000000082       0x26
                0x0000000000000082                PROVIDE (BUILD_ID, .)
 *(.note.gnu.build-id)
 *fill*         0x0000000000000082        0x2 
 .note.gnu.build-id
                0x0000000000000084       0x24 linker stubs

.text           0x00000000000000a8     0x31f3
 *(.text)
 .text          0x00000000000000a8       0x14 /Users/edwinfinch/Library/Application Support/Pebble SDK/SDKs/current/sdk-core/pebble/basalt/lib/libpebble.a(tmpzgFxQqpebble.o)
 *(.text.*)
 .text.on_animation_stopped
                0x00000000000000bc        0x2 src/common.c.10.o
                0x00000000000000bc                on_animation_stopped
 *fill*         0x00000000000000be        0x2 
 .text.ipod_message_timer_fire
                0x00000000000000c0       0x2c src/common.c.10.o
                0x00000000000000c0                ipod_message_timer_fire
 .text.animate_layer
                0x00000000000000ec       0x54 src/common.c.10.o
                0x00000000000000ec                animate_layer
 .text.ipod_message_outbox_get
                0x0000000000000140       0x38 src/common.c.10.o
                0x0000000000000140                ipod_message_outbox_get
 .text.ipod_message_destroy
                0x0000000000000178       0x14 src/common.c.10.o
                0x0000000000000178                ipod_message_destroy
 .text.get_num_palette_colors
                0x000000000000018c       0x20 src/gbitmap.c.10.o
                0x000000000000018c                get_num_palette_colors
 .text.replace_gbitmap_color
                0x00000000000001ac       0x50 src/gbitmap.c.10.o
                0x00000000000001ac                replace_gbitmap_color
 .text.failed_outbox
                0x00000000000001fc       0x20 src/ipod.c.10.o
                0x00000000000001fc                failed_outbox
 .text.dropped_inbox
                0x000000000000021c       0x20 src/ipod.c.10.o
                0x000000000000021c                dropped_inbox
 .text.tick_handler
                0x000000000000023c        0xe src/ipod.c.10.o
                0x000000000000023c                tick_handler
 *fill*         0x000000000000024a        0x2 
 .text.ipod_init
                0x000000000000024c       0x30 src/ipod.c.10.o
                0x000000000000024c                ipod_init
 .text.ipod_app_timer_handler
                0x000000000000027c        0xe src/ipod.c.10.o
                0x000000000000027c                ipod_app_timer_handler
 *fill*         0x000000000000028a        0x2 
 .text.startup.main
                0x000000000000028c       0x80 src/ipod.c.10.o
                0x000000000000028c                main
 .text.create_bitmap
                0x000000000000030c       0xb8 src/ipod_state.c.10.o
                0x000000000000030c                create_bitmap
 .text.ipod_state_tick
                0x00000000000003c4       0x5c src/ipod_state.c.10.o
                0x00000000000003c4                ipod_state_tick
 .text.ipod_state_set_callback
                0x0000000000000420       0x14 src/ipod_state.c.10.o
                0x0000000000000420                ipod_state_set_callback
 .text.ipod_state_current_time
                0x0000000000000434       0x14 src/ipod_state.c.10.o
                0x0000000000000434                ipod_state_current_time
 .text.ipod_state_duration
                0x0000000000000448       0x14 src/ipod_state.c.10.o
                0x0000000000000448                ipod_state_duration
 .text.ipod_get_playback_state
                0x000000000000045c       0x14 src/ipod_state.c.10.o
                0x000000000000045c                ipod_get_playback_state
 .text.ipod_get_artist
                0x0000000000000470        0xc src/ipod_state.c.10.o
                0x0000000000000470                ipod_get_artist
 .text.ipod_get_title
                0x000000000000047c        0xc src/ipod_state.c.10.o
                0x000000000000047c                ipod_get_title
 .text.now_playing_request
                0x0000000000000488       0x48 src/ipod_state.c.10.o
                0x0000000000000488                now_playing_request
 .text.call_callback
                0x00000000000004d0       0x4c src/ipod_state.c.10.o
                0x00000000000004d0                call_callback
 .text.process_album_art_tuple
                0x000000000000051c      0x198 src/ipod_state.c.10.o
                0x000000000000051c                process_album_art_tuple
 .text.process_tuple
                0x00000000000006b4      0x1cc src/ipod_state.c.10.o
                0x00000000000006b4                process_tuple
 .text.ipod_received_handler
                0x0000000000000880       0x20 src/ipod_state.c.10.o
                0x0000000000000880                ipod_received_handler
 .text.ipod_state_create
                0x00000000000008a0       0x30 src/ipod_state.c.10.o
                0x00000000000008a0                ipod_state_create
 .text.marquee_text_layer_update_proc
                0x00000000000008d0      0x186 src/layers/marquee_text.c.10.o
                0x00000000000008d0                marquee_text_layer_update_proc
 *fill*         0x0000000000000a56        0x2 
 .text.marquee_text_layer_destroy
                0x0000000000000a58       0x34 src/layers/marquee_text.c.10.o
                0x0000000000000a58                marquee_text_layer_destroy
 .text.marquee_text_layer_get_layer
                0x0000000000000a8c        0x4 src/layers/marquee_text.c.10.o
                0x0000000000000a8c                marquee_text_layer_get_layer
 .text.marquee_text_layer_mark_dirty
                0x0000000000000a90       0x14 src/layers/marquee_text.c.10.o
                0x0000000000000a90                marquee_text_layer_mark_dirty
 .text.marquee_text_layer_set_font
                0x0000000000000aa4        0x6 src/layers/marquee_text.c.10.o
                0x0000000000000aa4                marquee_text_layer_set_font
 .text.marquee_text_layer_set_text
                0x0000000000000aaa        0x6 src/layers/marquee_text.c.10.o
                0x0000000000000aaa                marquee_text_layer_set_text
 .text.marquee_text_layer_create
                0x0000000000000ab0       0x90 src/layers/marquee_text.c.10.o
                0x0000000000000ab0                marquee_text_layer_create
 .text.marquee_text_layer_tick
                0x0000000000000b40       0x30 src/layers/marquee_text.c.10.o
                0x0000000000000b40                marquee_text_layer_tick
 .text.progress_bar_update_proc
                0x0000000000000b70       0x64 src/layers/progress_bar.c.10.o
 .text.progress_bar_layer_create
                0x0000000000000bd4       0x44 src/layers/progress_bar.c.10.o
                0x0000000000000bd4                progress_bar_layer_create
 .text.progress_bar_layer_destroy
                0x0000000000000c18       0x14 src/layers/progress_bar.c.10.o
                0x0000000000000c18                progress_bar_layer_destroy
 .text.progress_bar_layer_get_layer
                0x0000000000000c2c        0x4 src/layers/progress_bar.c.10.o
                0x0000000000000c2c                progress_bar_layer_get_layer
 .text.progress_bar_layer_set_range
                0x0000000000000c30        0xe src/layers/progress_bar.c.10.o
                0x0000000000000c30                progress_bar_layer_set_range
 .text.progress_bar_layer_set_value
                0x0000000000000c3e        0xc src/layers/progress_bar.c.10.o
                0x0000000000000c3e                progress_bar_layer_set_value
 *fill*         0x0000000000000c4a        0x2 
 .text.settings_service_subscribe
                0x0000000000000c4c       0x14 src/settings.c.10.o
                0x0000000000000c4c                settings_service_subscribe
 .text.settings_get_settings
                0x0000000000000c60       0x34 src/settings.c.10.o
                0x0000000000000c60                settings_get_settings
 .text.settings_load
                0x0000000000000c94       0x3c src/settings.c.10.o
                0x0000000000000c94                settings_load
 .text.settings_save
                0x0000000000000cd0       0x3c src/settings.c.10.o
                0x0000000000000cd0                settings_save
 .text.settings_set_settings
                0x0000000000000d0c       0x44 src/settings.c.10.o
                0x0000000000000d0c                settings_set_settings
 .text.library_menus_clean_up
                0x0000000000000d50        0x6 src/windows/library_menus.c.10.o
                0x0000000000000d50                library_menus_clean_up
 .text.get_num_rows
                0x0000000000000d56       0x18 src/windows/library_menus.c.10.o
                0x0000000000000d56                get_num_rows
 *fill*         0x0000000000000d6e        0x2 
 .text.draw_row
                0x0000000000000d70       0x5c src/windows/library_menus.c.10.o
                0x0000000000000d70                draw_row
 .text.library_menus_window_unload
                0x0000000000000dcc       0x80 src/windows/library_menus.c.10.o
                0x0000000000000dcc                library_menus_window_unload
 .text.library_menus_create
                0x0000000000000e4c       0x18 src/windows/library_menus.c.10.o
                0x0000000000000e4c                library_menus_create
 .text.library_menus_pop_all
                0x0000000000000e64       0x4c src/windows/library_menus.c.10.o
                0x0000000000000e64                library_menus_pop_all
 .text.build_parent_history
                0x0000000000000eb0       0x78 src/windows/library_menus.c.10.o
                0x0000000000000eb0                build_parent_history
 .text.send_library_request
                0x0000000000000f28       0x58 src/windows/library_menus.c.10.o
                0x0000000000000f28                send_library_request
 .text.selection_changed
                0x0000000000000f80       0x56 src/windows/library_menus.c.10.o
                0x0000000000000f80                selection_changed
 *fill*         0x0000000000000fd6        0x2 
 .text.play_track
                0x0000000000000fd8       0x74 src/windows/library_menus.c.10.o
                0x0000000000000fd8                play_track
 .text.clear_library_entry_data
                0x000000000000104c       0x16 src/windows/library_menus.c.10.o
                0x000000000000104c                clear_library_entry_data
 *fill*         0x0000000000001062        0x2 
 .text.library_menus_gbitmap_from_media_grouping
                0x0000000000001064       0x3c src/windows/library_menus.c.10.o
                0x0000000000001064                library_menus_gbitmap_from_media_grouping
 .text.library_menus_display_view
                0x00000000000010a0      0x208 src/windows/library_menus.c.10.o
                0x00000000000010a0                library_menus_display_view
 .text.select_click
                0x00000000000012a8       0x4c src/windows/library_menus.c.10.o
                0x00000000000012a8                select_click
 .text.library_menus_inbox
                0x00000000000012f4      0x234 src/windows/library_menus.c.10.o
                0x00000000000012f4                library_menus_inbox
 .text.main_menu_get_num_sections
                0x0000000000001528        0x4 src/windows/main_menu.c.10.o
                0x0000000000001528                main_menu_get_num_sections
 .text.menu_get_num_rows_callback
                0x000000000000152c        0x4 src/windows/main_menu.c.10.o
                0x000000000000152c                menu_get_num_rows_callback
 .text.menu_get_header_height_callback
                0x0000000000001530        0x4 src/windows/main_menu.c.10.o
                0x0000000000001530                menu_get_header_height_callback
 .text.menu_select_callback
                0x0000000000001534       0x20 src/windows/main_menu.c.10.o
                0x0000000000001534                menu_select_callback
 .text.open_composer_list
                0x0000000000001554        0x6 src/windows/main_menu.c.10.o
                0x0000000000001554                open_composer_list
 .text.open_genre_list
                0x000000000000155a        0x6 src/windows/main_menu.c.10.o
                0x000000000000155a                open_genre_list
 .text.open_playlist_list
                0x0000000000001560        0x6 src/windows/main_menu.c.10.o
                0x0000000000001560                open_playlist_list
 .text.open_album_list
                0x0000000000001566        0x6 src/windows/main_menu.c.10.o
                0x0000000000001566                open_album_list
 .text.open_artist_list
                0x000000000000156c        0x6 src/windows/main_menu.c.10.o
                0x000000000000156c                open_artist_list
 .text.open_now_playing
                0x0000000000001572        0x4 src/windows/main_menu.c.10.o
                0x0000000000001572                open_now_playing
 *fill*         0x0000000000001576        0x2 
 .text.menu_selection_changed
                0x0000000000001578       0x2c src/windows/main_menu.c.10.o
                0x0000000000001578                menu_selection_changed
 .text.main_menu_send_now_playing_request
                0x00000000000015a4        0x6 src/windows/main_menu.c.10.o
                0x00000000000015a4                main_menu_send_now_playing_request
 *fill*         0x00000000000015aa        0x2 
 .text.menu_draw_row_callback
                0x00000000000015ac       0x70 src/windows/main_menu.c.10.o
                0x00000000000015ac                menu_draw_row_callback
 .text.update_highlight_colours
                0x000000000000161c       0x38 src/windows/main_menu.c.10.o
                0x000000000000161c                update_highlight_colours
 .text.main_menu_create
                0x0000000000001654      0x178 src/windows/main_menu.c.10.o
                0x0000000000001654                main_menu_create
 .text.message_window_update_proc
                0x00000000000017cc       0x2a src/windows/message_window.c.10.o
                0x00000000000017cc                message_window_update_proc
 .text.message_window_update_frames
                0x00000000000017f6       0x66 src/windows/message_window.c.10.o
                0x00000000000017f6                message_window_update_frames
 .text.message_window_create
                0x000000000000185c       0xd0 src/windows/message_window.c.10.o
                0x000000000000185c                message_window_create
 .text.message_window_destroy
                0x000000000000192c       0x34 src/windows/message_window.c.10.o
                0x000000000000192c                message_window_destroy
 .text.message_window_auto_destroy
                0x0000000000001960        0x4 src/windows/message_window.c.10.o
                0x0000000000001960                message_window_auto_destroy
 .text.message_window_push_on_window
                0x0000000000001964       0x74 src/windows/message_window.c.10.o
                0x0000000000001964                message_window_push_on_window
 .text.message_window_pop_off_window
                0x00000000000019d8       0x90 src/windows/message_window.c.10.o
                0x00000000000019d8                message_window_pop_off_window
 .text.message_window_set_text
                0x0000000000001a68       0x22 src/windows/message_window.c.10.o
                0x0000000000001a68                message_window_set_text
 .text.message_window_set_icon
                0x0000000000001a8a       0x1a src/windows/message_window.c.10.o
                0x0000000000001a8a                message_window_set_icon
 .text.now_playing_window_unload
                0x0000000000001aa4       0xf4 src/windows/now_playing.c.10.o
                0x0000000000001aa4                now_playing_window_unload
 .text.now_playing_click_config_provider
                0x0000000000001b98       0x44 src/windows/now_playing.c.10.o
                0x0000000000001b98                now_playing_click_config_provider
 .text.animate_action_bar
                0x0000000000001bdc       0x80 src/windows/now_playing.c.10.o
                0x0000000000001bdc                animate_action_bar
 .text.now_playing_graphics_proc
                0x0000000000001c5c       0xc8 src/windows/now_playing.c.10.o
                0x0000000000001c5c                now_playing_graphics_proc
 .text.display_no_album
                0x0000000000001d24       0x20 src/windows/now_playing.c.10.o
                0x0000000000001d24                display_no_album
 .text.now_playing_is_playing_music
                0x0000000000001d44        0xe src/windows/now_playing.c.10.o
                0x0000000000001d44                now_playing_is_playing_music
 *fill*         0x0000000000001d52        0x2 
 .text.now_playing_invert_button_controls
                0x0000000000001d54       0xc8 src/windows/now_playing.c.10.o
                0x0000000000001d54                now_playing_invert_button_controls
 .text.now_playing_check_for_no_music
                0x0000000000001e1c       0x54 src/windows/now_playing.c.10.o
                0x0000000000001e1c                now_playing_check_for_no_music
 .text.now_playing_send_state_change
                0x0000000000001e70       0x26 src/windows/now_playing.c.10.o
                0x0000000000001e70                now_playing_send_state_change
 *fill*         0x0000000000001e96        0x2 
 .text.now_playing_set_album_art
                0x0000000000001e98       0x50 src/windows/now_playing.c.10.o
                0x0000000000001e98                now_playing_set_album_art
 .text.now_playing_tick
                0x0000000000001ee8       0x58 src/windows/now_playing.c.10.o
                0x0000000000001ee8                now_playing_tick
 .text.now_playing_animation_tick
                0x0000000000001f40       0x3c src/windows/now_playing.c.10.o
                0x0000000000001f40                now_playing_animation_tick
 .text.now_playing_new_settings
                0x0000000000001f7c       0xf8 src/windows/now_playing.c.10.o
                0x0000000000001f7c                now_playing_new_settings
 .text.now_playing_action_bar_handle
                0x0000000000002074       0xe0 src/windows/now_playing.c.10.o
                0x0000000000002074                now_playing_action_bar_handle
 .text.now_playing_long_clicked_select
                0x0000000000002154       0x40 src/windows/now_playing.c.10.o
                0x0000000000002154                now_playing_long_clicked_select
 .text.now_playing_state_callback
                0x0000000000002194      0x134 src/windows/now_playing.c.10.o
                0x0000000000002194                now_playing_state_callback
 .text.now_playing_window_load
                0x00000000000022c8      0x308 src/windows/now_playing.c.10.o
                0x00000000000022c8                now_playing_window_load
 .text.now_playing_reset_invert_controls
                0x00000000000025d0       0x40 src/windows/now_playing.c.10.o
                0x00000000000025d0                now_playing_reset_invert_controls
 .text.now_playing_clicked_down
                0x0000000000002610       0x2c src/windows/now_playing.c.10.o
                0x0000000000002610                now_playing_clicked_down
 .text.now_playing_clicked_select
                0x000000000000263c       0x58 src/windows/now_playing.c.10.o
                0x000000000000263c                now_playing_clicked_select
 .text.now_playing_clicked_up
                0x0000000000002694       0x2c src/windows/now_playing.c.10.o
                0x0000000000002694                now_playing_clicked_up
 .text.now_playing_show
                0x00000000000026c0       0x7c src/windows/now_playing.c.10.o
                0x00000000000026c0                now_playing_show
 .text.app_event_loop
                0x000000000000273c        0xc /Users/edwinfinch/Library/Application Support/Pebble SDK/SDKs/current/sdk-core/pebble/basalt/lib/libpebble.a(tmpzgFxQqpebble.o)
                0x000000000000273c                app_event_loop
 .text.app_log  0x0000000000002748        0xc /Users/edwinfinch/Library/Application Support/Pebble SDK/SDKs/current/sdk-core/pebble/basalt/lib/libpebble.a(tmpzgFxQqpebble.o)
                0x0000000000002748                app_log
 .text.app_message_open
                0x0000000000002754        0xc /Users/edwinfinch/Library/Application Support/Pebble SDK/SDKs/current/sdk-core/pebble/basalt/lib/libpebble.a(tmpzgFxQqpebble.o)
                0x0000000000002754                app_message_open
 .text.app_timer_cancel
                0x0000000000002760        0xc /Users/edwinfinch/Library/Application Support/Pebble SDK/SDKs/current/sdk-core/pebble/basalt/lib/libpebble.a(tmpzgFxQqpebble.o)
                0x0000000000002760                app_timer_cancel
 .text.app_timer_register
                0x000000000000276c        0xc /Users/edwinfinch/Library/Application Support/Pebble SDK/SDKs/current/sdk-core/pebble/basalt/lib/libpebble.a(tmpzgFxQqpebble.o)
                0x000000000000276c                app_timer_register
 .text.bitmap_layer_create
                0x0000000000002778        0xc /Users/edwinfinch/Library/Application Support/Pebble SDK/SDKs/current/sdk-core/pebble/basalt/lib/libpebble.a(tmpzgFxQqpebble.o)
                0x0000000000002778                bitmap_layer_create
 .text.bitmap_layer_destroy
                0x0000000000002784        0xc /Users/edwinfinch/Library/Application Support/Pebble SDK/SDKs/current/sdk-core/pebble/basalt/lib/libpebble.a(tmpzgFxQqpebble.o)
                0x0000000000002784                bitmap_layer_destroy
 .text.bitmap_layer_get_layer
                0x0000000000002790        0xc /Users/edwinfinch/Library/Application Support/Pebble SDK/SDKs/current/sdk-core/pebble/basalt/lib/libpebble.a(tmpzgFxQqpebble.o)
                0x0000000000002790                bitmap_layer_get_layer
 .text.bitmap_layer_set_bitmap
                0x000000000000279c        0xc /Users/edwinfinch/Library/Application Support/Pebble SDK/SDKs/current/sdk-core/pebble/basalt/lib/libpebble.a(tmpzgFxQqpebble.o)
                0x000000000000279c                bitmap_layer_set_bitmap
 .text.dict_find
                0x00000000000027a8        0xc /Users/edwinfinch/Library/Application Support/Pebble SDK/SDKs/current/sdk-core/pebble/basalt/lib/libpebble.a(tmpzgFxQqpebble.o)
                0x00000000000027a8                dict_find
 .text.dict_read_first
                0x00000000000027b4        0xc /Users/edwinfinch/Library/Application Support/Pebble SDK/SDKs/current/sdk-core/pebble/basalt/lib/libpebble.a(tmpzgFxQqpebble.o)
                0x00000000000027b4                dict_read_first
 .text.dict_read_next
                0x00000000000027c0        0xc /Users/edwinfinch/Library/Application Support/Pebble SDK/SDKs/current/sdk-core/pebble/basalt/lib/libpebble.a(tmpzgFxQqpebble.o)
                0x00000000000027c0                dict_read_next
 .text.dict_write_data
                0x00000000000027cc        0xc /Users/edwinfinch/Library/Application Support/Pebble SDK/SDKs/current/sdk-core/pebble/basalt/lib/libpebble.a(tmpzgFxQqpebble.o)
                0x00000000000027cc                dict_write_data
 .text.dict_write_int32
                0x00000000000027d8        0xc /Users/edwinfinch/Library/Application Support/Pebble SDK/SDKs/current/sdk-core/pebble/basalt/lib/libpebble.a(tmpzgFxQqpebble.o)
                0x00000000000027d8                dict_write_int32
 .text.dict_write_int8
                0x00000000000027e4        0xc /Users/edwinfinch/Library/Application Support/Pebble SDK/SDKs/current/sdk-core/pebble/basalt/lib/libpebble.a(tmpzgFxQqpebble.o)
                0x00000000000027e4                dict_write_int8
 .text.dict_write_uint16
                0x00000000000027f0        0xc /Users/edwinfinch/Library/Application Support/Pebble SDK/SDKs/current/sdk-core/pebble/basalt/lib/libpebble.a(tmpzgFxQqpebble.o)
                0x00000000000027f0                dict_write_uint16
 .text.dict_write_uint32
                0x00000000000027fc        0xc /Users/edwinfinch/Library/Application Support/Pebble SDK/SDKs/current/sdk-core/pebble/basalt/lib/libpebble.a(tmpzgFxQqpebble.o)
                0x00000000000027fc                dict_write_uint32
 .text.dict_write_uint8
                0x0000000000002808        0xc /Users/edwinfinch/Library/Application Support/Pebble SDK/SDKs/current/sdk-core/pebble/basalt/lib/libpebble.a(tmpzgFxQqpebble.o)
                0x0000000000002808                dict_write_uint8
 .text.fonts_get_system_font
                0x0000000000002814        0xc /Users/edwinfinch/Library/Application Support/Pebble SDK/SDKs/current/sdk-core/pebble/basalt/lib/libpebble.a(tmpzgFxQqpebble.o)
                0x0000000000002814                fonts_get_system_font
 .text.free     0x0000000000002820        0xc /Users/edwinfinch/Library/Application Support/Pebble SDK/SDKs/current/sdk-core/pebble/basalt/lib/libpebble.a(tmpzgFxQqpebble.o)
                0x0000000000002820                free
 .text.gbitmap_create_with_resource
                0x000000000000282c        0xc /Users/edwinfinch/Library/Application Support/Pebble SDK/SDKs/current/sdk-core/pebble/basalt/lib/libpebble.a(tmpzgFxQqpebble.o)
                0x000000000000282c                gbitmap_create_with_resource
 .text.gbitmap_destroy
                0x0000000000002838        0xc /Users/edwinfinch/Library/Application Support/Pebble SDK/SDKs/current/sdk-core/pebble/basalt/lib/libpebble.a(tmpzgFxQqpebble.o)
                0x0000000000002838                gbitmap_destroy
 .text.graphics_context_set_compositing_mode
                0x0000000000002844        0xc /Users/edwinfinch/Library/Application Support/Pebble SDK/SDKs/current/sdk-core/pebble/basalt/lib/libpebble.a(tmpzgFxQqpebble.o)
                0x0000000000002844                graphics_context_set_compositing_mode
 .text.graphics_fill_rect
                0x0000000000002850        0xc /Users/edwinfinch/Library/Application Support/Pebble SDK/SDKs/current/sdk-core/pebble/basalt/lib/libpebble.a(tmpzgFxQqpebble.o)
                0x0000000000002850                graphics_fill_rect
 .text.layer_add_child
                0x000000000000285c        0xc /Users/edwinfinch/Library/Application Support/Pebble SDK/SDKs/current/sdk-core/pebble/basalt/lib/libpebble.a(tmpzgFxQqpebble.o)
                0x000000000000285c                layer_add_child
 .text.layer_create
                0x0000000000002868        0xc /Users/edwinfinch/Library/Application Support/Pebble SDK/SDKs/current/sdk-core/pebble/basalt/lib/libpebble.a(tmpzgFxQqpebble.o)
                0x0000000000002868                layer_create
 .text.layer_create_with_data
                0x0000000000002874        0xc /Users/edwinfinch/Library/Application Support/Pebble SDK/SDKs/current/sdk-core/pebble/basalt/lib/libpebble.a(tmpzgFxQqpebble.o)
                0x0000000000002874                layer_create_with_data
 .text.layer_destroy
                0x0000000000002880        0xc /Users/edwinfinch/Library/Application Support/Pebble SDK/SDKs/current/sdk-core/pebble/basalt/lib/libpebble.a(tmpzgFxQqpebble.o)
                0x0000000000002880                layer_destroy
 .text.layer_get_bounds
                0x000000000000288c        0xc /Users/edwinfinch/Library/Application Support/Pebble SDK/SDKs/current/sdk-core/pebble/basalt/lib/libpebble.a(tmpzgFxQqpebble.o)
                0x000000000000288c                layer_get_bounds
 .text.layer_get_data
                0x0000000000002898        0xc /Users/edwinfinch/Library/Application Support/Pebble SDK/SDKs/current/sdk-core/pebble/basalt/lib/libpebble.a(tmpzgFxQqpebble.o)
                0x0000000000002898                layer_get_data
 .text.layer_get_frame
                0x00000000000028a4        0xc /Users/edwinfinch/Library/Application Support/Pebble SDK/SDKs/current/sdk-core/pebble/basalt/lib/libpebble.a(tmpzgFxQqpebble.o)
                0x00000000000028a4                layer_get_frame
 .text.layer_mark_dirty
                0x00000000000028b0        0xc /Users/edwinfinch/Library/Application Support/Pebble SDK/SDKs/current/sdk-core/pebble/basalt/lib/libpebble.a(tmpzgFxQqpebble.o)
                0x00000000000028b0                layer_mark_dirty
 .text.layer_set_bounds
                0x00000000000028bc        0xc /Users/edwinfinch/Library/Application Support/Pebble SDK/SDKs/current/sdk-core/pebble/basalt/lib/libpebble.a(tmpzgFxQqpebble.o)
                0x00000000000028bc                layer_set_bounds
 .text.layer_set_frame
                0x00000000000028c8        0xc /Users/edwinfinch/Library/Application Support/Pebble SDK/SDKs/current/sdk-core/pebble/basalt/lib/libpebble.a(tmpzgFxQqpebble.o)
                0x00000000000028c8                layer_set_frame
 .text.layer_set_hidden
                0x00000000000028d4        0xc /Users/edwinfinch/Library/Application Support/Pebble SDK/SDKs/current/sdk-core/pebble/basalt/lib/libpebble.a(tmpzgFxQqpebble.o)
                0x00000000000028d4                layer_set_hidden
 .text.layer_set_update_proc
                0x00000000000028e0        0xc /Users/edwinfinch/Library/Application Support/Pebble SDK/SDKs/current/sdk-core/pebble/basalt/lib/libpebble.a(tmpzgFxQqpebble.o)
                0x00000000000028e0                layer_set_update_proc
 .text.malloc   0x00000000000028ec        0xc /Users/edwinfinch/Library/Application Support/Pebble SDK/SDKs/current/sdk-core/pebble/basalt/lib/libpebble.a(tmpzgFxQqpebble.o)
                0x00000000000028ec                malloc
 .text.memcpy   0x00000000000028f8        0xc /Users/edwinfinch/Library/Application Support/Pebble SDK/SDKs/current/sdk-core/pebble/basalt/lib/libpebble.a(tmpzgFxQqpebble.o)
                0x00000000000028f8                memcpy
 .text.memmove  0x0000000000002904        0xc /Users/edwinfinch/Library/Application Support/Pebble SDK/SDKs/current/sdk-core/pebble/basalt/lib/libpebble.a(tmpzgFxQqpebble.o)
                0x0000000000002904                memmove
 .text.memset   0x0000000000002910        0xc /Users/edwinfinch/Library/Application Support/Pebble SDK/SDKs/current/sdk-core/pebble/basalt/lib/libpebble.a(tmpzgFxQqpebble.o)
                0x0000000000002910                memset
 .text.menu_cell_basic_draw
                0x000000000000291c        0xc /Users/edwinfinch/Library/Application Support/Pebble SDK/SDKs/current/sdk-core/pebble/basalt/lib/libpebble.a(tmpzgFxQqpebble.o)
                0x000000000000291c                menu_cell_basic_draw
 .text.menu_layer_destroy
                0x0000000000002928        0xc /Users/edwinfinch/Library/Application Support/Pebble SDK/SDKs/current/sdk-core/pebble/basalt/lib/libpebble.a(tmpzgFxQqpebble.o)
                0x0000000000002928                menu_layer_destroy
 .text.menu_layer_get_layer
                0x0000000000002934        0xc /Users/edwinfinch/Library/Application Support/Pebble SDK/SDKs/current/sdk-core/pebble/basalt/lib/libpebble.a(tmpzgFxQqpebble.o)
                0x0000000000002934                menu_layer_get_layer
 .text.menu_layer_reload_data
                0x0000000000002940        0xc /Users/edwinfinch/Library/Application Support/Pebble SDK/SDKs/current/sdk-core/pebble/basalt/lib/libpebble.a(tmpzgFxQqpebble.o)
                0x0000000000002940                menu_layer_reload_data
 .text.menu_layer_set_click_config_onto_window
                0x000000000000294c        0xc /Users/edwinfinch/Library/Application Support/Pebble SDK/SDKs/current/sdk-core/pebble/basalt/lib/libpebble.a(tmpzgFxQqpebble.o)
                0x000000000000294c                menu_layer_set_click_config_onto_window
 .text.strcmp   0x0000000000002958        0xc /Users/edwinfinch/Library/Application Support/Pebble SDK/SDKs/current/sdk-core/pebble/basalt/lib/libpebble.a(tmpzgFxQqpebble.o)
                0x0000000000002958                strcmp
 .text.strlen   0x0000000000002964        0xc /Users/edwinfinch/Library/Application Support/Pebble SDK/SDKs/current/sdk-core/pebble/basalt/lib/libpebble.a(tmpzgFxQqpebble.o)
                0x0000000000002964                strlen
 .text.strncpy  0x0000000000002970        0xc /Users/edwinfinch/Library/Application Support/Pebble SDK/SDKs/current/sdk-core/pebble/basalt/lib/libpebble.a(tmpzgFxQqpebble.o)
                0x0000000000002970                strncpy
 .text.tick_timer_service_subscribe
                0x000000000000297c        0xc /Users/edwinfinch/Library/Application Support/Pebble SDK/SDKs/current/sdk-core/pebble/basalt/lib/libpebble.a(tmpzgFxQqpebble.o)
                0x000000000000297c                tick_timer_service_subscribe
 .text.vibes_double_pulse
                0x0000000000002988        0xc /Users/edwinfinch/Library/Application Support/Pebble SDK/SDKs/current/sdk-core/pebble/basalt/lib/libpebble.a(tmpzgFxQqpebble.o)
                0x0000000000002988                vibes_double_pulse
 .text.vibes_enqueue_custom_pattern
                0x0000000000002994        0xc /Users/edwinfinch/Library/Application Support/Pebble SDK/SDKs/current/sdk-core/pebble/basalt/lib/libpebble.a(tmpzgFxQqpebble.o)
                0x0000000000002994                vibes_enqueue_custom_pattern
 .text.window_create
                0x00000000000029a0        0xc /Users/edwinfinch/Library/Application Support/Pebble SDK/SDKs/current/sdk-core/pebble/basalt/lib/libpebble.a(tmpzgFxQqpebble.o)
                0x00000000000029a0                window_create
 .text.window_destroy
                0x00000000000029ac        0xc /Users/edwinfinch/Library/Application Support/Pebble SDK/SDKs/current/sdk-core/pebble/basalt/lib/libpebble.a(tmpzgFxQqpebble.o)
                0x00000000000029ac                window_destroy
 .text.window_get_root_layer
                0x00000000000029b8        0xc /Users/edwinfinch/Library/Application Support/Pebble SDK/SDKs/current/sdk-core/pebble/basalt/lib/libpebble.a(tmpzgFxQqpebble.o)
                0x00000000000029b8                window_get_root_layer
 .text.window_set_window_handlers
                0x00000000000029c4        0xc /Users/edwinfinch/Library/Application Support/Pebble SDK/SDKs/current/sdk-core/pebble/basalt/lib/libpebble.a(tmpzgFxQqpebble.o)
                0x00000000000029c4                window_set_window_handlers
 .text.window_stack_push
                0x00000000000029d0        0xc /Users/edwinfinch/Library/Application Support/Pebble SDK/SDKs/current/sdk-core/pebble/basalt/lib/libpebble.a(tmpzgFxQqpebble.o)
                0x00000000000029d0                window_stack_push
 .text.window_stack_remove
                0x00000000000029dc        0xc /Users/edwinfinch/Library/Application Support/Pebble SDK/SDKs/current/sdk-core/pebble/basalt/lib/libpebble.a(tmpzgFxQqpebble.o)
                0x00000000000029dc                window_stack_remove
 .text.app_message_outbox_begin
                0x00000000000029e8        0xc /Users/edwinfinch/Library/Application Support/Pebble SDK/SDKs/current/sdk-core/pebble/basalt/lib/libpebble.a(tmpzgFxQqpebble.o)
                0x00000000000029e8                app_message_outbox_begin
 .text.app_message_outbox_send
                0x00000000000029f4        0xc /Users/edwinfinch/Library/Application Support/Pebble SDK/SDKs/current/sdk-core/pebble/basalt/lib/libpebble.a(tmpzgFxQqpebble.o)
                0x00000000000029f4                app_message_outbox_send
 .text.app_message_register_inbox_dropped
                0x0000000000002a00        0xc /Users/edwinfinch/Library/Application Support/Pebble SDK/SDKs/current/sdk-core/pebble/basalt/lib/libpebble.a(tmpzgFxQqpebble.o)
                0x0000000000002a00                app_message_register_inbox_dropped
 .text.app_message_register_inbox_received
                0x0000000000002a0c        0xc /Users/edwinfinch/Library/Application Support/Pebble SDK/SDKs/current/sdk-core/pebble/basalt/lib/libpebble.a(tmpzgFxQqpebble.o)
                0x0000000000002a0c                app_message_register_inbox_received
 .text.app_message_register_outbox_failed
                0x0000000000002a18        0xc /Users/edwinfinch/Library/Application Support/Pebble SDK/SDKs/current/sdk-core/pebble/basalt/lib/libpebble.a(tmpzgFxQqpebble.o)
                0x0000000000002a18                app_message_register_outbox_failed
 .text.window_long_click_subscribe
                0x0000000000002a24        0xc /Users/edwinfinch/Library/Application Support/Pebble SDK/SDKs/current/sdk-core/pebble/basalt/lib/libpebble.a(tmpzgFxQqpebble.o)
                0x0000000000002a24                window_long_click_subscribe
 .text.window_single_click_subscribe
                0x0000000000002a30        0xc /Users/edwinfinch/Library/Application Support/Pebble SDK/SDKs/current/sdk-core/pebble/basalt/lib/libpebble.a(tmpzgFxQqpebble.o)
                0x0000000000002a30                window_single_click_subscribe
 .text.graphics_draw_text
                0x0000000000002a3c        0xc /Users/edwinfinch/Library/Application Support/Pebble SDK/SDKs/current/sdk-core/pebble/basalt/lib/libpebble.a(tmpzgFxQqpebble.o)
                0x0000000000002a3c                graphics_draw_text
 .text.persist_read_data
                0x0000000000002a48        0xc /Users/edwinfinch/Library/Application Support/Pebble SDK/SDKs/current/sdk-core/pebble/basalt/lib/libpebble.a(tmpzgFxQqpebble.o)
                0x0000000000002a48                persist_read_data
 .text.persist_write_data
                0x0000000000002a54        0xc /Users/edwinfinch/Library/Application Support/Pebble SDK/SDKs/current/sdk-core/pebble/basalt/lib/libpebble.a(tmpzgFxQqpebble.o)
                0x0000000000002a54                persist_write_data
 .text.graphics_text_layout_get_content_size
                0x0000000000002a60        0xc /Users/edwinfinch/Library/Application Support/Pebble SDK/SDKs/current/sdk-core/pebble/basalt/lib/libpebble.a(tmpzgFxQqpebble.o)
                0x0000000000002a60                graphics_text_layout_get_content_size
 .text.bitmap_layer_get_bitmap
                0x0000000000002a6c        0xc /Users/edwinfinch/Library/Application Support/Pebble SDK/SDKs/current/sdk-core/pebble/basalt/lib/libpebble.a(tmpzgFxQqpebble.o)
                0x0000000000002a6c                bitmap_layer_get_bitmap
 .text.heap_bytes_free
                0x0000000000002a78        0xc /Users/edwinfinch/Library/Application Support/Pebble SDK/SDKs/current/sdk-core/pebble/basalt/lib/libpebble.a(tmpzgFxQqpebble.o)
                0x0000000000002a78                heap_bytes_free
 .text.graphics_context_set_fill_color
                0x0000000000002a84        0xc /Users/edwinfinch/Library/Application Support/Pebble SDK/SDKs/current/sdk-core/pebble/basalt/lib/libpebble.a(tmpzgFxQqpebble.o)
                0x0000000000002a84                graphics_context_set_fill_color
 .text.graphics_context_set_text_color
                0x0000000000002a90        0xc /Users/edwinfinch/Library/Application Support/Pebble SDK/SDKs/current/sdk-core/pebble/basalt/lib/libpebble.a(tmpzgFxQqpebble.o)
                0x0000000000002a90                graphics_context_set_text_color
 .text.window_set_background_color
                0x0000000000002a9c        0xc /Users/edwinfinch/Library/Application Support/Pebble SDK/SDKs/current/sdk-core/pebble/basalt/lib/libpebble.a(tmpzgFxQqpebble.o)
                0x0000000000002a9c                window_set_background_color
 .text.animation_schedule
                0x0000000000002aa8        0xc /Users/edwinfinch/Library/Application Support/Pebble SDK/SDKs/current/sdk-core/pebble/basalt/lib/libpebble.a(tmpzgFxQqpebble.o)
                0x0000000000002aa8                animation_schedule
 .text.animation_set_delay
                0x0000000000002ab4        0xc /Users/edwinfinch/Library/Application Support/Pebble SDK/SDKs/current/sdk-core/pebble/basalt/lib/libpebble.a(tmpzgFxQqpebble.o)
                0x0000000000002ab4                animation_set_delay
 .text.animation_set_duration
                0x0000000000002ac0        0xc /Users/edwinfinch/Library/Application Support/Pebble SDK/SDKs/current/sdk-core/pebble/basalt/lib/libpebble.a(tmpzgFxQqpebble.o)
                0x0000000000002ac0                animation_set_duration
 .text.animation_set_handlers
                0x0000000000002acc        0xc /Users/edwinfinch/Library/Application Support/Pebble SDK/SDKs/current/sdk-core/pebble/basalt/lib/libpebble.a(tmpzgFxQqpebble.o)
                0x0000000000002acc                animation_set_handlers
 .text.property_animation_create_layer_frame
                0x0000000000002ad8        0xc /Users/edwinfinch/Library/Application Support/Pebble SDK/SDKs/current/sdk-core/pebble/basalt/lib/libpebble.a(tmpzgFxQqpebble.o)
                0x0000000000002ad8                property_animation_create_layer_frame
 .text.property_animation_get_animation
                0x0000000000002ae4        0xc /Users/edwinfinch/Library/Application Support/Pebble SDK/SDKs/current/sdk-core/pebble/basalt/lib/libpebble.a(tmpzgFxQqpebble.o)
                0x0000000000002ae4                property_animation_get_animation
 .text.gbitmap_get_bounds
                0x0000000000002af0        0xc /Users/edwinfinch/Library/Application Support/Pebble SDK/SDKs/current/sdk-core/pebble/basalt/lib/libpebble.a(tmpzgFxQqpebble.o)
                0x0000000000002af0                gbitmap_get_bounds
 .text.gbitmap_get_format
                0x0000000000002afc        0xc /Users/edwinfinch/Library/Application Support/Pebble SDK/SDKs/current/sdk-core/pebble/basalt/lib/libpebble.a(tmpzgFxQqpebble.o)
                0x0000000000002afc                gbitmap_get_format
 .text.gbitmap_get_palette
                0x0000000000002b08        0xc /Users/edwinfinch/Library/Application Support/Pebble SDK/SDKs/current/sdk-core/pebble/basalt/lib/libpebble.a(tmpzgFxQqpebble.o)
                0x0000000000002b08                gbitmap_get_palette
 .text.gbitmap_create_from_png_data
                0x0000000000002b14        0xc /Users/edwinfinch/Library/Application Support/Pebble SDK/SDKs/current/sdk-core/pebble/basalt/lib/libpebble.a(tmpzgFxQqpebble.o)
                0x0000000000002b14                gbitmap_create_from_png_data
 .text.menu_layer_create
                0x0000000000002b20        0xc /Users/edwinfinch/Library/Application Support/Pebble SDK/SDKs/current/sdk-core/pebble/basalt/lib/libpebble.a(tmpzgFxQqpebble.o)
                0x0000000000002b20                menu_layer_create
 .text.action_bar_layer_add_to_window
                0x0000000000002b2c        0xc /Users/edwinfinch/Library/Application Support/Pebble SDK/SDKs/current/sdk-core/pebble/basalt/lib/libpebble.a(tmpzgFxQqpebble.o)
                0x0000000000002b2c                action_bar_layer_add_to_window
 .text.action_bar_layer_create
                0x0000000000002b38        0xc /Users/edwinfinch/Library/Application Support/Pebble SDK/SDKs/current/sdk-core/pebble/basalt/lib/libpebble.a(tmpzgFxQqpebble.o)
                0x0000000000002b38                action_bar_layer_create
 .text.action_bar_layer_destroy
                0x0000000000002b44        0xc /Users/edwinfinch/Library/Application Support/Pebble SDK/SDKs/current/sdk-core/pebble/basalt/lib/libpebble.a(tmpzgFxQqpebble.o)
                0x0000000000002b44                action_bar_layer_destroy
 .text.action_bar_layer_get_layer
                0x0000000000002b50        0xc /Users/edwinfinch/Library/Application Support/Pebble SDK/SDKs/current/sdk-core/pebble/basalt/lib/libpebble.a(tmpzgFxQqpebble.o)
                0x0000000000002b50                action_bar_layer_get_layer
 .text.action_bar_layer_set_click_config_provider
                0x0000000000002b5c        0xc /Users/edwinfinch/Library/Application Support/Pebble SDK/SDKs/current/sdk-core/pebble/basalt/lib/libpebble.a(tmpzgFxQqpebble.o)
                0x0000000000002b5c                action_bar_layer_set_click_config_provider
 .text.action_bar_layer_set_icon_animated
                0x0000000000002b68        0xc /Users/edwinfinch/Library/Application Support/Pebble SDK/SDKs/current/sdk-core/pebble/basalt/lib/libpebble.a(tmpzgFxQqpebble.o)
                0x0000000000002b68                action_bar_layer_set_icon_animated
 .text.menu_cell_layer_is_highlighted
                0x0000000000002b74        0xc /Users/edwinfinch/Library/Application Support/Pebble SDK/SDKs/current/sdk-core/pebble/basalt/lib/libpebble.a(tmpzgFxQqpebble.o)
                0x0000000000002b74                menu_cell_layer_is_highlighted
 .text.text_layer_create
                0x0000000000002b80        0xc /Users/edwinfinch/Library/Application Support/Pebble SDK/SDKs/current/sdk-core/pebble/basalt/lib/libpebble.a(tmpzgFxQqpebble.o)
                0x0000000000002b80                text_layer_create
 .text.text_layer_destroy
                0x0000000000002b8c        0xc /Users/edwinfinch/Library/Application Support/Pebble SDK/SDKs/current/sdk-core/pebble/basalt/lib/libpebble.a(tmpzgFxQqpebble.o)
                0x0000000000002b8c                text_layer_destroy
 .text.text_layer_get_layer
                0x0000000000002b98        0xc /Users/edwinfinch/Library/Application Support/Pebble SDK/SDKs/current/sdk-core/pebble/basalt/lib/libpebble.a(tmpzgFxQqpebble.o)
                0x0000000000002b98                text_layer_get_layer
 .text.text_layer_set_background_color
                0x0000000000002ba4        0xc /Users/edwinfinch/Library/Application Support/Pebble SDK/SDKs/current/sdk-core/pebble/basalt/lib/libpebble.a(tmpzgFxQqpebble.o)
                0x0000000000002ba4                text_layer_set_background_color
 .text.text_layer_set_font
                0x0000000000002bb0        0xc /Users/edwinfinch/Library/Application Support/Pebble SDK/SDKs/current/sdk-core/pebble/basalt/lib/libpebble.a(tmpzgFxQqpebble.o)
                0x0000000000002bb0                text_layer_set_font
 .text.text_layer_set_text
                0x0000000000002bbc        0xc /Users/edwinfinch/Library/Application Support/Pebble SDK/SDKs/current/sdk-core/pebble/basalt/lib/libpebble.a(tmpzgFxQqpebble.o)
                0x0000000000002bbc                text_layer_set_text
 .text.text_layer_set_text_alignment
                0x0000000000002bc8        0xc /Users/edwinfinch/Library/Application Support/Pebble SDK/SDKs/current/sdk-core/pebble/basalt/lib/libpebble.a(tmpzgFxQqpebble.o)
                0x0000000000002bc8                text_layer_set_text_alignment
 .text.text_layer_set_text_color
                0x0000000000002bd4        0xc /Users/edwinfinch/Library/Application Support/Pebble SDK/SDKs/current/sdk-core/pebble/basalt/lib/libpebble.a(tmpzgFxQqpebble.o)
                0x0000000000002bd4                text_layer_set_text_color
 .text.menu_layer_set_highlight_colors
                0x0000000000002be0        0xc /Users/edwinfinch/Library/Application Support/Pebble SDK/SDKs/current/sdk-core/pebble/basalt/lib/libpebble.a(tmpzgFxQqpebble.o)
                0x0000000000002be0                menu_layer_set_highlight_colors
 .text.menu_layer_set_normal_colors
                0x0000000000002bec        0xc /Users/edwinfinch/Library/Application Support/Pebble SDK/SDKs/current/sdk-core/pebble/basalt/lib/libpebble.a(tmpzgFxQqpebble.o)
                0x0000000000002bec                menu_layer_set_normal_colors
 .text.menu_layer_set_callbacks
                0x0000000000002bf8        0xc /Users/edwinfinch/Library/Application Support/Pebble SDK/SDKs/current/sdk-core/pebble/basalt/lib/libpebble.a(tmpzgFxQqpebble.o)
                0x0000000000002bf8                menu_layer_set_callbacks
 *(.rodata)
 .rodata        0x0000000000002c04        0x8 src/windows/library_menus.c.10.o
 .rodata        0x0000000000002c0c       0x20 src/windows/main_menu.c.10.o
 .rodata        0x0000000000002c2c       0x10 src/windows/message_window.c.10.o
 .rodata        0x0000000000002c3c       0x28 src/windows/now_playing.c.10.o
 *(.rodata*)
 .rodata.str1.1
                0x0000000000002c64       0x17 src/common.c.10.o
 .rodata.CSWTCH.7
                0x0000000000002c7b        0x3 src/gbitmap.c.10.o
 .rodata.str1.1
                0x0000000000002c7e       0xca src/ipod.c.10.o
 .rodata.str1.1
                0x0000000000002d48      0x161 src/ipod_state.c.10.o
                                        0x170 (size before relaxing)
 .rodata.str1.1
                0x0000000000002ea9       0x1a src/layers/marquee_text.c.10.o
 .rodata.str1.1
                0x0000000000002ec3       0x60 src/settings.c.10.o
 .rodata.str1.1
                0x0000000000002f23      0x21e src/windows/library_menus.c.10.o
 .rodata.CSWTCH.34
                0x0000000000003141        0x7 src/windows/library_menus.c.10.o
 .rodata.str1.1
                0x0000000000003148       0x36 src/windows/main_menu.c.10.o
 .rodata.str1.1
                0x000000000000317e       0x48 src/windows/message_window.c.10.o
 *fill*         0x00000000000031c6        0x2 
 .rodata.segments.7733
                0x00000000000031c8        0x8 src/windows/now_playing.c.10.o
 .rodata.str1.1
                0x00000000000031d0       0xcb src/windows/now_playing.c.10.o

.glue_7         0x000000000000329c        0x0
 .glue_7        0x0000000000000000        0x0 linker stubs

.glue_7t        0x000000000000329c        0x0
 .glue_7t       0x0000000000000000        0x0 linker stubs

.vfp11_veneer   0x000000000000329c        0x0
 .vfp11_veneer  0x0000000000000000        0x0 linker stubs

.v4_bx          0x000000000000329c        0x0
 .v4_bx         0x0000000000000000        0x0 linker stubs

.iplt           0x000000000000329c        0x0
 .iplt          0x0000000000000000        0x0 /usr/local/Cellar/pebble-toolchain/2.0/arm-cs-tools/bin/../lib/gcc/arm-none-eabi/4.7.2/thumb2/crtbegin.o

.rel.dyn        0x000000000000329c        0x0
 .rel.iplt      0x0000000000000000        0x0 /usr/local/Cellar/pebble-toolchain/2.0/arm-cs-tools/bin/../lib/gcc/arm-none-eabi/4.7.2/thumb2/crtbegin.o
 .rel.got       0x0000000000000000        0x0 /usr/local/Cellar/pebble-toolchain/2.0/arm-cs-tools/bin/../lib/gcc/arm-none-eabi/4.7.2/thumb2/crtbegin.o

.data           0x000000000000329c       0x45
 *(.data)
 .data          0x000000000000329c        0x0 /usr/local/Cellar/pebble-toolchain/2.0/arm-cs-tools/bin/../lib/gcc/arm-none-eabi/4.7.2/thumb2/crti.o
 .data          0x000000000000329c        0x4 /usr/local/Cellar/pebble-toolchain/2.0/arm-cs-tools/bin/../lib/gcc/arm-none-eabi/4.7.2/thumb2/crtbegin.o
                0x000000000000329c                __dso_handle
 .data          0x00000000000032a0        0x0 src/common.c.10.o
 .data          0x00000000000032a0        0x0 src/gbitmap.c.10.o
 .data          0x00000000000032a0        0x0 src/ipod.c.10.o
 .data          0x00000000000032a0        0x0 src/ipod_state.c.10.o
 .data          0x00000000000032a0        0x0 src/layers/marquee_text.c.10.o
 .data          0x00000000000032a0        0x0 src/layers/progress_bar.c.10.o
 .data          0x00000000000032a0        0x0 src/settings.c.10.o
 .data          0x00000000000032a0        0x0 src/windows/library_menus.c.10.o
 .data          0x00000000000032a0        0x0 src/windows/main_menu.c.10.o
 .data          0x00000000000032a0        0x0 src/windows/message_window.c.10.o
 .data          0x00000000000032a0        0x8 src/windows/now_playing.c.10.o
 .data          0x00000000000032a8        0x0 basalt/appinfo.auto.c.10.o
 .data          0x00000000000032a8        0x0 basalt/src/resource_ids.auto.c.10.o
 .data          0x00000000000032a8        0x0 /Users/edwinfinch/Library/Application Support/Pebble SDK/SDKs/current/sdk-core/pebble/basalt/lib/libpebble.a(tmpzgFxQqpebble.o)
 .data          0x00000000000032a8        0x0 /usr/local/Cellar/pebble-toolchain/2.0/arm-cs-tools/bin/../lib/gcc/arm-none-eabi/4.7.2/thumb2/crtend.o
 .data          0x00000000000032a8        0x0 /usr/local/Cellar/pebble-toolchain/2.0/arm-cs-tools/bin/../lib/gcc/arm-none-eabi/4.7.2/thumb2/crtn.o
 *(.data.*)
 .data.s_sequence_number
                0x00000000000032a8        0x4 src/common.c.10.o
 .data.first_call
                0x00000000000032ac        0x1 src/ipod_state.c.10.o
                0x00000000000032ac                first_call
 *fill*         0x00000000000032ad        0x3 
 .data.rel.ro.local.titles.7705
                0x00000000000032b0       0x18 src/windows/main_menu.c.10.o
 .data.rel.ro.callbacks.7706
                0x00000000000032c8       0x18 src/windows/main_menu.c.10.o
 .data.now_playing_action_bar_is_showing
                0x00000000000032e0        0x1 src/windows/now_playing.c.10.o
                0x00000000000032e0                now_playing_action_bar_is_showing

.igot.plt       0x00000000000032e4        0x0
 .igot.plt      0x0000000000000000        0x0 /usr/local/Cellar/pebble-toolchain/2.0/arm-cs-tools/bin/../lib/gcc/arm-none-eabi/4.7.2/thumb2/crtbegin.o

.got            0x00000000000032e4       0x88
 .got           0x00000000000032e4       0x88 /usr/local/Cellar/pebble-toolchain/2.0/arm-cs-tools/bin/../lib/gcc/arm-none-eabi/4.7.2/thumb2/crtbegin.o

.got.plt        0x000000000000336c        0xc
 .got.plt       0x000000000000336c        0xc /usr/local/Cellar/pebble-toolchain/2.0/arm-cs-tools/bin/../lib/gcc/arm-none-eabi/4.7.2/thumb2/crtbegin.o
                0x000000000000336c                _GLOBAL_OFFSET_TABLE_

.bss            0x0000000000003378      0x270
 *(.bss)
 *(.bss.*)
 .bss.s_artist  0x0000000000003378       0x64 src/ipod_state.c.10.o
 .bss.s_title   0x00000000000033dc       0x64 src/ipod_state.c.10.o
 .bss.current_album_art_size
                0x0000000000003440        0x4 src/ipod_state.c.10.o
 .bss.s_album   0x0000000000003444       0x64 src/ipod_state.c.10.o
 .bss.album_art_data
                0x00000000000034a8        0x4 src/ipod_state.c.10.o
 .bss.head      0x00000000000034ac        0x4 src/layers/marquee_text.c.10.o
 .bss.previous_play_status
                0x00000000000034b0        0x1 src/windows/now_playing.c.10.o
                0x00000000000034b0                previous_play_status
 *fill*         0x00000000000034b1        0x3 
 .bss.icon_fast_forward
                0x00000000000034b4        0x4 src/windows/now_playing.c.10.o
 .bss.is_shown  0x00000000000034b8        0x1 src/windows/now_playing.c.10.o
 *fill*         0x00000000000034b9        0x3 
 .bss.icon_play
                0x00000000000034bc        0x4 src/windows/now_playing.c.10.o
 .bss.icon_pause
                0x00000000000034c0        0x4 src/windows/now_playing.c.10.o
 .bss.icon_volume_up
                0x00000000000034c4        0x4 src/windows/now_playing.c.10.o
 .bss.icon_more
                0x00000000000034c8        0x4 src/windows/now_playing.c.10.o
 .bss.icon_rewind
                0x00000000000034cc        0x4 src/windows/now_playing.c.10.o
 .bss.controlling_volume
                0x00000000000034d0        0x1 src/windows/now_playing.c.10.o
 *fill*         0x00000000000034d1        0x3 
 .bss.icon_volume_down
                0x00000000000034d4        0x4 src/windows/now_playing.c.10.o
 .bss.action_bar_timer_registered
                0x00000000000034d8        0x1 src/windows/now_playing.c.10.o
                0x00000000000034d8                action_bar_timer_registered
 .bss.current_jump.7686
                0x00000000000034d9        0x1 src/windows/now_playing.c.10.o
 .bss.pebble_controls_pushed_select
                0x00000000000034da        0x1 src/windows/now_playing.c.10.o
                0x00000000000034da                pebble_controls_pushed_select
 *fill*         0x00000000000034db        0x1 
 COMMON         0x00000000000034dc        0x4 src/ipod.c.10.o
                0x00000000000034dc                window
 COMMON         0x00000000000034e0       0x19 src/ipod_state.c.10.o
                0x00000000000034e0                ipod_state_callback
                0x00000000000034e4                s_shuffle_mode
                0x00000000000034e8                s_current_time
                0x00000000000034ec                current_type
                0x00000000000034ed                s_repeat_mode
                0x00000000000034f0                album_art_bitmap
                0x00000000000034f4                s_duration
                0x00000000000034f8                s_playback_state
 *fill*         0x00000000000034f9        0x3 
 COMMON         0x00000000000034fc        0x7 src/settings.c.10.o
                0x00000000000034fc                current_callback
                0x0000000000003500                current_settings
 *fill*         0x0000000000003503        0x1 
 COMMON         0x0000000000003504       0x14 src/windows/library_menus.c.10.o
                0x0000000000003504                menu_stack_count
                0x0000000000003508                menu_stack
 COMMON         0x0000000000003518       0x98 src/windows/main_menu.c.10.o
                0x0000000000003518                main_menu_items
                0x0000000000003578                main_menu_icons
                0x0000000000003590                highlight_index
                0x0000000000003594                main_menu_icons_inverted
                0x00000000000035ac                main_menu_layer
 COMMON         0x00000000000035b0       0x38 src/windows/now_playing.c.10.o
                0x00000000000035b0                now_playing_timer
                0x00000000000035b4                artist_font
                0x00000000000035b8                now_playing_window
                0x00000000000035bc                background_colour
                0x00000000000035bd                now_playing_settings
                0x00000000000035c0                now_playing_progress_bar
                0x00000000000035c4                now_playing_artist_layer
                0x00000000000035c8                now_playing_album_art_layer
                0x00000000000035cc                now_playing_title_layer
                0x00000000000035d0                action_bar_timer
                0x00000000000035d4                no_album_art_bitmap
                0x00000000000035d8                control_action_bar
                0x00000000000035dc                now_playing_graphics_layer
                0x00000000000035e0                invert_controls_timer
                0x00000000000035e4                now_playing_album_art_bitmap

DISCARD
 libc.a(*)
 libm.a(*)
 libgcc.a(*)
 *(.eh_frame)
OUTPUT(/Users/edwinfinch/Desktop/Lignite Music/music-pebble/build/basalt/pebble-app.elf elf32-littlearm)

.ARM.attributes
                0x0000000000000000       0x27
 .ARM.attributes
                0x0000000000000000       0x19 /usr/local/Cellar/pebble-toolchain/2.0/arm-cs-tools/bin/../lib/gcc/arm-none-eabi/4.7.2/thumb2/crti.o
 .ARM.attributes
                0x0000000000000019       0x29 /usr/local/Cellar/pebble-toolchain/2.0/arm-cs-tools/bin/../lib/gcc/arm-none-eabi/4.7.2/thumb2/crtbegin.o
 .ARM.attributes
                0x0000000000000042       0x33 src/common.c.10.o
 .ARM.attributes
                0x0000000000000075       0x33 src/gbitmap.c.10.o
 .ARM.attributes
                0x00000000000000a8       0x33 src/ipod.c.10.o
 .ARM.attributes
                0x00000000000000db       0x33 src/ipod_state.c.10.o
 .ARM.attributes
                0x000000000000010e       0x33 src/layers/marquee_text.c.10.o
 .ARM.attributes
                0x0000000000000141       0x33 src/layers/progress_bar.c.10.o
 .ARM.attributes
                0x0000000000000174       0x33 src/settings.c.10.o
 .ARM.attributes
                0x00000000000001a7       0x33 src/windows/library_menus.c.10.o
 .ARM.attributes
                0x00000000000001da       0x33 src/windows/main_menu.c.10.o
 .ARM.attributes
                0x000000000000020d       0x33 src/windows/message_window.c.10.o
 .ARM.attributes
                0x0000000000000240       0x33 src/windows/now_playing.c.10.o
 .ARM.attributes
                0x0000000000000273       0x33 basalt/appinfo.auto.c.10.o
 .ARM.attributes
                0x00000000000002a6       0x33 basalt/src/resource_ids.auto.c.10.o
 .ARM.attributes
                0x00000000000002d9       0x21 /Users/edwinfinch/Library/Application Support/Pebble SDK/SDKs/current/sdk-core/pebble/basalt/lib/libpebble.a(tmpzgFxQqpebble.o)
 .ARM.attributes
                0x00000000000002fa       0x29 /usr/local/Cellar/pebble-toolchain/2.0/arm-cs-tools/bin/../lib/gcc/arm-none-eabi/4.7.2/thumb2/crtend.o
 .ARM.attributes
                0x0000000000000323       0x19 /usr/local/Cellar/pebble-toolchain/2.0/arm-cs-tools/bin/../lib/gcc/arm-none-eabi/4.7.2/thumb2/crtn.o

.comment        0x0000000000000000       0x4e
 .comment       0x0000000000000000       0x4e /usr/local/Cellar/pebble-toolchain/2.0/arm-cs-tools/bin/../lib/gcc/arm-none-eabi/4.7.2/thumb2/crtbegin.o
                                         0x4f (size before relaxing)
 .comment       0x0000000000000000       0x4f src/common.c.10.o
 .comment       0x0000000000000000       0x4f src/gbitmap.c.10.o
 .comment       0x0000000000000000       0x4f src/ipod.c.10.o
 .comment       0x0000000000000000       0x4f src/ipod_state.c.10.o
 .comment       0x0000000000000000       0x4f src/layers/marquee_text.c.10.o
 .comment       0x0000000000000000       0x4f src/layers/progress_bar.c.10.o
 .comment       0x0000000000000000       0x4f src/settings.c.10.o
 .comment       0x0000000000000000       0x4f src/windows/library_menus.c.10.o
 .comment       0x0000000000000000       0x4f src/windows/main_menu.c.10.o
 .comment       0x0000000000000000       0x4f src/windows/message_window.c.10.o
 .comment       0x0000000000000000       0x4f src/windows/now_playing.c.10.o
 .comment       0x0000000000000000       0x4f basalt/appinfo.auto.c.10.o
 .comment       0x0000000000000000       0x4f basalt/src/resource_ids.auto.c.10.o
 .comment       0x0000000000000000       0x4f /usr/local/Cellar/pebble-toolchain/2.0/arm-cs-tools/bin/../lib/gcc/arm-none-eabi/4.7.2/thumb2/crtend.o

.debug_info     0x0000000000000000     0x9c7c
 .debug_info    0x0000000000000000      0xa24 src/common.c.10.o
 .debug_info    0x0000000000000a24      0x6fb src/gbitmap.c.10.o
 .debug_info    0x000000000000111f      0x9bd src/ipod.c.10.o
 .debug_info    0x0000000000001adc     0x1051 src/ipod_state.c.10.o
 .debug_info    0x0000000000002b2d      0x9cc src/layers/marquee_text.c.10.o
 .debug_info    0x00000000000034f9      0x66d src/layers/progress_bar.c.10.o
 .debug_info    0x0000000000003b66      0x30c src/settings.c.10.o
 .debug_info    0x0000000000003e72     0x1c0c src/windows/library_menus.c.10.o
 .debug_info    0x0000000000005a7e      0xf26 src/windows/main_menu.c.10.o
 .debug_info    0x00000000000069a4      0xd61 src/windows/message_window.c.10.o
 .debug_info    0x0000000000007705     0x2114 src/windows/now_playing.c.10.o
 .debug_info    0x0000000000009819      0x2e6 basalt/appinfo.auto.c.10.o
 .debug_info    0x0000000000009aff      0x17d basalt/src/resource_ids.auto.c.10.o

.debug_abbrev   0x0000000000000000     0x2155
 .debug_abbrev  0x0000000000000000      0x288 src/common.c.10.o
 .debug_abbrev  0x0000000000000288      0x22d src/gbitmap.c.10.o
 .debug_abbrev  0x00000000000004b5      0x273 src/ipod.c.10.o
 .debug_abbrev  0x0000000000000728      0x3bc src/ipod_state.c.10.o
 .debug_abbrev  0x0000000000000ae4      0x2be src/layers/marquee_text.c.10.o
 .debug_abbrev  0x0000000000000da2      0x2a4 src/layers/progress_bar.c.10.o
 .debug_abbrev  0x0000000000001046      0x19b src/settings.c.10.o
 .debug_abbrev  0x00000000000011e1      0x465 src/windows/library_menus.c.10.o
 .debug_abbrev  0x0000000000001646      0x2f5 src/windows/main_menu.c.10.o
 .debug_abbrev  0x000000000000193b      0x277 src/windows/message_window.c.10.o
 .debug_abbrev  0x0000000000001bb2      0x4d7 src/windows/now_playing.c.10.o
 .debug_abbrev  0x0000000000002089       0x88 basalt/appinfo.auto.c.10.o
 .debug_abbrev  0x0000000000002111       0x44 basalt/src/resource_ids.auto.c.10.o

.debug_loc      0x0000000000000000     0x2bf4
 .debug_loc     0x0000000000000000      0x19a src/common.c.10.o
 .debug_loc     0x000000000000019a      0x488 src/gbitmap.c.10.o
 .debug_loc     0x0000000000000622      0x1c7 src/ipod.c.10.o
 .debug_loc     0x00000000000007e9      0x4fc src/ipod_state.c.10.o
 .debug_loc     0x0000000000000ce5      0x2b5 src/layers/marquee_text.c.10.o
 .debug_loc     0x0000000000000f9a      0x22a src/layers/progress_bar.c.10.o
 .debug_loc     0x00000000000011c4       0xbc src/settings.c.10.o
 .debug_loc     0x0000000000001280      0xae5 src/windows/library_menus.c.10.o
 .debug_loc     0x0000000000001d65      0x3ee src/windows/main_menu.c.10.o
 .debug_loc     0x0000000000002153      0x3cb src/windows/message_window.c.10.o
 .debug_loc     0x000000000000251e      0x6d6 src/windows/now_playing.c.10.o

.debug_aranges  0x0000000000000000      0x510
 .debug_aranges
                0x0000000000000000       0x48 src/common.c.10.o
 .debug_aranges
                0x0000000000000048       0x50 src/gbitmap.c.10.o
 .debug_aranges
                0x0000000000000098       0x50 src/ipod.c.10.o
 .debug_aranges
                0x00000000000000e8       0xb0 src/ipod_state.c.10.o
 .debug_aranges
                0x0000000000000198       0x68 src/layers/marquee_text.c.10.o
 .debug_aranges
                0x0000000000000200       0x48 src/layers/progress_bar.c.10.o
 .debug_aranges
                0x0000000000000248       0x40 src/settings.c.10.o
 .debug_aranges
                0x0000000000000288       0x98 src/windows/library_menus.c.10.o
 .debug_aranges
                0x0000000000000320       0x90 src/windows/main_menu.c.10.o
 .debug_aranges
                0x00000000000003b0       0x60 src/windows/message_window.c.10.o
 .debug_aranges
                0x0000000000000410       0xd0 src/windows/now_playing.c.10.o
 .debug_aranges
                0x00000000000004e0       0x18 basalt/appinfo.auto.c.10.o
 .debug_aranges
                0x00000000000004f8       0x18 basalt/src/resource_ids.auto.c.10.o

.debug_ranges   0x0000000000000000      0x648
 .debug_ranges  0x0000000000000000       0x38 src/common.c.10.o
 .debug_ranges  0x0000000000000038       0x70 src/gbitmap.c.10.o
 .debug_ranges  0x00000000000000a8       0x40 src/ipod.c.10.o
 .debug_ranges  0x00000000000000e8      0x150 src/ipod_state.c.10.o
 .debug_ranges  0x0000000000000238       0x58 src/layers/marquee_text.c.10.o
 .debug_ranges  0x0000000000000290       0x38 src/layers/progress_bar.c.10.o
 .debug_ranges  0x00000000000002c8       0x30 src/settings.c.10.o
 .debug_ranges  0x00000000000002f8      0x128 src/windows/library_menus.c.10.o
 .debug_ranges  0x0000000000000420       0xb8 src/windows/main_menu.c.10.o
 .debug_ranges  0x00000000000004d8       0x50 src/windows/message_window.c.10.o
 .debug_ranges  0x0000000000000528      0x120 src/windows/now_playing.c.10.o

.debug_line     0x0000000000000000     0x2860
 .debug_line    0x0000000000000000      0x25f src/common.c.10.o
 .debug_line    0x000000000000025f      0x234 src/gbitmap.c.10.o
 .debug_line    0x0000000000000493      0x33f src/ipod.c.10.o
 .debug_line    0x00000000000007d2      0x48a src/ipod_state.c.10.o
 .debug_line    0x0000000000000c5c      0x312 src/layers/marquee_text.c.10.o
 .debug_line    0x0000000000000f6e      0x284 src/layers/progress_bar.c.10.o
 .debug_line    0x00000000000011f2      0x245 src/settings.c.10.o
 .debug_line    0x0000000000001437      0x573 src/windows/library_menus.c.10.o
 .debug_line    0x00000000000019aa      0x39c src/windows/main_menu.c.10.o
 .debug_line    0x0000000000001d46      0x33f src/windows/message_window.c.10.o
 .debug_line    0x0000000000002085      0x5de src/windows/now_playing.c.10.o
 .debug_line    0x0000000000002663      0x139 basalt/appinfo.auto.c.10.o
 .debug_line    0x000000000000279c       0xc4 basalt/src/resource_ids.auto.c.10.o

.debug_str      0x0000000000000000     0x2f60
 .debug_str     0x0000000000000000      0x79c src/common.c.10.o
                                        0x86e (size before relaxing)
 .debug_str     0x000000000000079c      0x247 src/gbitmap.c.10.o
                                        0x3cc (size before relaxing)
 .debug_str     0x00000000000009e3      0x2cf src/ipod.c.10.o
                                        0x73d (size before relaxing)
 .debug_str     0x0000000000000cb2      0x62f src/ipod_state.c.10.o
                                        0xd00 (size before relaxing)
 .debug_str     0x00000000000012e1      0x3a2 src/layers/marquee_text.c.10.o
                                        0x550 (size before relaxing)
 .debug_str     0x0000000000001683      0x1ac src/layers/progress_bar.c.10.o
                                        0x3e2 (size before relaxing)
 .debug_str     0x000000000000182f       0x9f src/settings.c.10.o
                                        0x2a5 (size before relaxing)
 .debug_str     0x00000000000018ce      0x829 src/windows/library_menus.c.10.o
                                       0x1083 (size before relaxing)
 .debug_str     0x00000000000020f7      0x284 src/windows/main_menu.c.10.o
                                        0x97e (size before relaxing)
 .debug_str     0x000000000000237b      0x1a0 src/windows/message_window.c.10.o
                                        0x7a7 (size before relaxing)
 .debug_str     0x000000000000251b      0x74c src/windows/now_playing.c.10.o
                                       0x15ed (size before relaxing)
 .debug_str     0x0000000000002c67      0x15d basalt/appinfo.auto.c.10.o
                                        0x25e (size before relaxing)
 .debug_str     0x0000000000002dc4      0x19c basalt/src/resource_ids.auto.c.10.o
                                        0x270 (size before relaxing)

.debug_frame    0x0000000000000000      0xca8
 .debug_frame   0x0000000000000000       0xa4 src/common.c.10.o
 .debug_frame   0x00000000000000a4       0xdc src/gbitmap.c.10.o
 .debug_frame   0x0000000000000180       0xcc src/ipod.c.10.o
 .debug_frame   0x000000000000024c      0x1b0 src/ipod_state.c.10.o
 .debug_frame   0x00000000000003fc       0xe4 src/layers/marquee_text.c.10.o
 .debug_frame   0x00000000000004e0       0x98 src/layers/progress_bar.c.10.o
 .debug_frame   0x0000000000000578       0x8c src/settings.c.10.o
 .debug_frame   0x0000000000000604      0x1d8 src/windows/library_menus.c.10.o
 .debug_frame   0x00000000000007dc      0x144 src/windows/main_menu.c.10.o
 .debug_frame   0x0000000000000920      0x114 src/windows/message_window.c.10.o
 .debug_frame   0x0000000000000a34      0x274 src/windows/now_playing.c.10.o
