Archive member included because of file (symbol)

/Users/edwinfinch/Library/Application Support/Pebble SDK/SDKs/current/sdk-core/pebble/aplite/lib/libpebble.a(tmpz2MrsRpebble.o)
                              src/ipod.c.28.o (app_event_loop)

Allocating common symbols
Common symbol       size              file

ipod_state_callback
                    0x4               src/ipod_state.c.28.o
now_playing_timer   0x4               src/windows/now_playing.c.28.o
library_icon_album_art_bitmap
                    0x4               src/ipod_state.c.28.o
main_menu_items     0x60              src/windows/main_menu.c.28.o
main_menu_icons     0x18              src/windows/main_menu.c.28.o
artist_font         0x4               src/windows/now_playing.c.28.o
s_shuffle_mode      0x1               src/ipod_state.c.28.o
current_callback    0x4               src/settings.c.28.o
now_playing_window  0x4               src/windows/now_playing.c.28.o
background_colour   0x1               src/windows/now_playing.c.28.o
now_playing_settings
                    0x3               src/windows/now_playing.c.28.o
now_playing_progress_bar
                    0x4               src/windows/now_playing.c.28.o
now_playing_artist_layer
                    0x4               src/windows/now_playing.c.28.o
now_playing_album_art_layer
                    0xc               src/windows/now_playing.c.28.o
menu_stack_count    0x1               src/windows/library_menus.c.28.o
now_playing_title_layer
                    0x4               src/windows/now_playing.c.28.o
action_bar_timer    0x4               src/windows/now_playing.c.28.o
highlight_index     0x4               src/windows/main_menu.c.28.o
s_current_time      0x4               src/ipod_state.c.28.o
main_menu_icons_inverted
                    0x18              src/windows/main_menu.c.28.o
current_type        0x1               src/ipod_state.c.28.o
no_album_art_bitmap
                    0x4               src/windows/now_playing.c.28.o
s_repeat_mode       0x1               src/ipod_state.c.28.o
current_settings    0x3               src/settings.c.28.o
album_art_bitmap    0xc               src/ipod_state.c.28.o
s_duration          0x4               src/ipod_state.c.28.o
main_menu_layer     0x4               src/windows/main_menu.c.28.o
menu_stack          0x10              src/windows/library_menus.c.28.o
window              0x4               src/ipod.c.28.o
artist_frame        0x8               src/windows/now_playing.c.28.o
control_action_bar  0x4               src/windows/now_playing.c.28.o
now_playing_graphics_layer
                    0x4               src/windows/now_playing.c.28.o
s_playback_state    0x1               src/ipod_state.c.28.o
invert_controls_timer
                    0x4               src/windows/now_playing.c.28.o
now_playing_album_art_bitmap
                    0xc               src/windows/now_playing.c.28.o

Discarded input sections

 .text          0x0000000000000000        0x0 /usr/local/Cellar/pebble-toolchain/2.0/arm-cs-tools/bin/../lib/gcc/arm-none-eabi/4.7.2/thumb2/crti.o
 .bss           0x0000000000000000        0x0 /usr/local/Cellar/pebble-toolchain/2.0/arm-cs-tools/bin/../lib/gcc/arm-none-eabi/4.7.2/thumb2/crti.o
 .init          0x0000000000000000        0x4 /usr/local/Cellar/pebble-toolchain/2.0/arm-cs-tools/bin/../lib/gcc/arm-none-eabi/4.7.2/thumb2/crti.o
 .fini          0x0000000000000000        0x4 /usr/local/Cellar/pebble-toolchain/2.0/arm-cs-tools/bin/../lib/gcc/arm-none-eabi/4.7.2/thumb2/crti.o
 .text          0x0000000000000000       0xc8 /usr/local/Cellar/pebble-toolchain/2.0/arm-cs-tools/bin/../lib/gcc/arm-none-eabi/4.7.2/thumb2/crtbegin.o
 .bss           0x0000000000000000       0x1c /usr/local/Cellar/pebble-toolchain/2.0/arm-cs-tools/bin/../lib/gcc/arm-none-eabi/4.7.2/thumb2/crtbegin.o
 .init_array    0x0000000000000000        0x4 /usr/local/Cellar/pebble-toolchain/2.0/arm-cs-tools/bin/../lib/gcc/arm-none-eabi/4.7.2/thumb2/crtbegin.o
 .fini_array    0x0000000000000000        0x4 /usr/local/Cellar/pebble-toolchain/2.0/arm-cs-tools/bin/../lib/gcc/arm-none-eabi/4.7.2/thumb2/crtbegin.o
 .eh_frame      0x0000000000000000        0x0 /usr/local/Cellar/pebble-toolchain/2.0/arm-cs-tools/bin/../lib/gcc/arm-none-eabi/4.7.2/thumb2/crtbegin.o
 .jcr           0x0000000000000000        0x0 /usr/local/Cellar/pebble-toolchain/2.0/arm-cs-tools/bin/../lib/gcc/arm-none-eabi/4.7.2/thumb2/crtbegin.o
 .tm_clone_table
                0x0000000000000000        0x0 /usr/local/Cellar/pebble-toolchain/2.0/arm-cs-tools/bin/../lib/gcc/arm-none-eabi/4.7.2/thumb2/crtbegin.o
 .text          0x0000000000000000        0x0 src/common.c.28.o
 .bss           0x0000000000000000        0x0 src/common.c.28.o
 .text.reset_sequence_number
                0x0000000000000000       0x22 src/common.c.28.o
 .text          0x0000000000000000        0x0 src/gbitmap.c.28.o
 .bss           0x0000000000000000        0x0 src/gbitmap.c.28.o
[...]
Memory Configuration

Name             Origin             Length             Attributes
APP              0x0000000000000000 0x0000000000006000 xrw
*default*        0x0000000000000000 0xffffffffffffffff

Linker script and memory map

LOAD /usr/local/Cellar/pebble-toolchain/2.0/arm-cs-tools/bin/../lib/gcc/arm-none-eabi/4.7.2/thumb2/crti.o
LOAD /usr/local/Cellar/pebble-toolchain/2.0/arm-cs-tools/bin/../lib/gcc/arm-none-eabi/4.7.2/thumb2/crtbegin.o
LOAD src/common.c.28.o
LOAD src/gbitmap.c.28.o
LOAD src/ipod.c.28.o
LOAD src/ipod_state.c.28.o
LOAD src/layers/marquee_text.c.28.o
LOAD src/layers/progress_bar.c.28.o
LOAD src/settings.c.28.o
LOAD src/windows/library_menus.c.28.o
LOAD src/windows/main_menu.c.28.o
LOAD src/windows/message_window.c.28.o
LOAD src/windows/now_playing.c.28.o
LOAD aplite/appinfo.auto.c.28.o
LOAD aplite/src/resource_ids.auto.c.28.o
LOAD /Users/edwinfinch/Library/Application Support/Pebble SDK/SDKs/current/sdk-core/pebble/aplite/lib/libpebble.a
START GROUP
LOAD /usr/local/Cellar/pebble-toolchain/2.0/arm-cs-tools/bin/../lib/gcc/arm-none-eabi/4.7.2/thumb2/libgcc.a
LOAD /usr/local/Cellar/pebble-toolchain/2.0/arm-cs-tools/bin/../lib/gcc/arm-none-eabi/4.7.2/../../../../arm-none-eabi/lib/thumb2/libc.a
END GROUP
LOAD /usr/local/Cellar/pebble-toolchain/2.0/arm-cs-tools/bin/../lib/gcc/arm-none-eabi/4.7.2/thumb2/crtend.o
LOAD /usr/local/Cellar/pebble-toolchain/2.0/arm-cs-tools/bin/../lib/gcc/arm-none-eabi/4.7.2/thumb2/crtn.o

.header         0x0000000000000000       0x82
 *(.pbl_header)
 .pbl_header    0x0000000000000000       0x82 aplite/appinfo.auto.c.28.o
                0x0000000000000000                __pbl_app_info

.note.gnu.build-id
                0x0000000000000082       0x26
                0x0000000000000082                PROVIDE (BUILD_ID, .)
 *(.note.gnu.build-id)
 *fill*         0x0000000000000082        0x2 
 .note.gnu.build-id
                0x0000000000000084       0x24 linker stubs

.text           0x00000000000000a8     0x35c2
 *(.text)
 .text          0x00000000000000a8       0x14 /Users/edwinfinch/Library/Application Support/Pebble SDK/SDKs/current/sdk-core/pebble/aplite/lib/libpebble.a(tmpz2MrsRpebble.o)
 *(.text.*)
 .text.ipod_message_timer_fire
                0x00000000000000bc        0x4 src/common.c.28.o
                0x00000000000000bc                ipod_message_timer_fire
 .text.on_animation_stopped
                0x00000000000000c0        0x4 src/common.c.28.o
                0x00000000000000c0                on_animation_stopped
 .text.animate_layer
                0x00000000000000c4       0x54 src/common.c.28.o
                0x00000000000000c4                animate_layer
 .text.ipod_message_outbox_get
                0x0000000000000118       0x38 src/common.c.28.o
                0x0000000000000118                ipod_message_outbox_get
 .text.ipod_message_destroy
                0x0000000000000150       0x14 src/common.c.28.o
                0x0000000000000150                ipod_message_destroy
 .text.pebblekit_connection_handler
                0x0000000000000164       0x20 src/ipod.c.28.o
                0x0000000000000164                pebblekit_connection_handler
 .text.dropped_inbox
                0x0000000000000184       0x20 src/ipod.c.28.o
                0x0000000000000184                dropped_inbox
 .text.pebble_app_connection_handler
                0x00000000000001a4       0x34 src/ipod.c.28.o
                0x00000000000001a4                pebble_app_connection_handler
 .text.failed_outbox
                0x00000000000001d8       0x70 src/ipod.c.28.o
                0x00000000000001d8                failed_outbox
 .text.auto_destroy_error_window
                0x0000000000000248        0x8 src/ipod.c.28.o
                0x0000000000000248                auto_destroy_error_window
 .text.tick_handler
                0x0000000000000250        0xe src/ipod.c.28.o
                0x0000000000000250                tick_handler
 *fill*         0x000000000000025e        0x2 
 .text.ipod_create
                0x0000000000000260       0x30 src/ipod.c.28.o
                0x0000000000000260                ipod_create
 .text.ipod_app_timer_handler
                0x0000000000000290        0xe src/ipod.c.28.o
                0x0000000000000290                ipod_app_timer_handler
 *fill*         0x000000000000029e        0x2 
 .text.startup.main
                0x00000000000002a0       0x5c src/ipod.c.28.o
                0x00000000000002a0                main
 .text.create_bitmap_for_header
                0x00000000000002fc       0x90 src/ipod_state.c.28.o
                0x00000000000002fc                create_bitmap_for_header
 .text.ipod_state_tick
                0x000000000000038c       0x5c src/ipod_state.c.28.o
                0x000000000000038c                ipod_state_tick
 .text.ipod_state_set_callback
                0x00000000000003e8       0x14 src/ipod_state.c.28.o
                0x00000000000003e8                ipod_state_set_callback
 .text.ipod_state_current_time
                0x00000000000003fc       0x14 src/ipod_state.c.28.o
                0x00000000000003fc                ipod_state_current_time
 .text.ipod_state_duration
                0x0000000000000410       0x14 src/ipod_state.c.28.o
                0x0000000000000410                ipod_state_duration
 .text.ipod_get_playback_state
                0x0000000000000424       0x14 src/ipod_state.c.28.o
                0x0000000000000424                ipod_get_playback_state
 .text.ipod_get_artist
                0x0000000000000438        0xc src/ipod_state.c.28.o
                0x0000000000000438                ipod_get_artist
 .text.ipod_get_title
                0x0000000000000444        0xc src/ipod_state.c.28.o
                0x0000000000000444                ipod_get_title
 .text.now_playing_request
                0x0000000000000450       0x64 src/ipod_state.c.28.o
                0x0000000000000450                now_playing_request
 .text.call_callback
                0x00000000000004b4       0x4c src/ipod_state.c.28.o
                0x00000000000004b4                call_callback
 .text.create_bitmap
                0x0000000000000500      0x110 src/ipod_state.c.28.o
                0x0000000000000500                create_bitmap
 .text.process_album_art_tuple
                0x0000000000000610      0x164 src/ipod_state.c.28.o
                0x0000000000000610                process_album_art_tuple
 .text.process_library_menu_album_art_tuple
                0x0000000000000774      0x174 src/ipod_state.c.28.o
                0x0000000000000774                process_library_menu_album_art_tuple
 .text.process_tuple
                0x00000000000008e8      0x1dc src/ipod_state.c.28.o
                0x00000000000008e8                process_tuple
 .text.ipod_received_handler
                0x0000000000000ac4       0x20 src/ipod_state.c.28.o
                0x0000000000000ac4                ipod_received_handler
 .text.ipod_state_create
                0x0000000000000ae4       0x30 src/ipod_state.c.28.o
                0x0000000000000ae4                ipod_state_create
 .text.marquee_text_layer_update_proc
                0x0000000000000b14      0x186 src/layers/marquee_text.c.28.o
                0x0000000000000b14                marquee_text_layer_update_proc
 *fill*         0x0000000000000c9a        0x2 
 .text.marquee_text_layer_destroy
                0x0000000000000c9c       0x34 src/layers/marquee_text.c.28.o
                0x0000000000000c9c                marquee_text_layer_destroy
 .text.marquee_text_layer_get_layer
                0x0000000000000cd0        0x4 src/layers/marquee_text.c.28.o
                0x0000000000000cd0                marquee_text_layer_get_layer
 .text.marquee_text_layer_mark_dirty
                0x0000000000000cd4       0x14 src/layers/marquee_text.c.28.o
                0x0000000000000cd4                marquee_text_layer_mark_dirty
 .text.marquee_text_layer_set_font
                0x0000000000000ce8        0x6 src/layers/marquee_text.c.28.o
                0x0000000000000ce8                marquee_text_layer_set_font
 .text.marquee_text_layer_set_text
                0x0000000000000cee        0x6 src/layers/marquee_text.c.28.o
                0x0000000000000cee                marquee_text_layer_set_text
 .text.marquee_text_layer_create
                0x0000000000000cf4       0x90 src/layers/marquee_text.c.28.o
                0x0000000000000cf4                marquee_text_layer_create
 .text.marquee_text_layer_tick
                0x0000000000000d84       0x30 src/layers/marquee_text.c.28.o
                0x0000000000000d84                marquee_text_layer_tick
 .text.progress_bar_update_proc
                0x0000000000000db4       0x64 src/layers/progress_bar.c.28.o
 .text.progress_bar_layer_create
                0x0000000000000e18       0x44 src/layers/progress_bar.c.28.o
                0x0000000000000e18                progress_bar_layer_create
 .text.progress_bar_layer_destroy
                0x0000000000000e5c       0x14 src/layers/progress_bar.c.28.o
                0x0000000000000e5c                progress_bar_layer_destroy
 .text.progress_bar_layer_get_layer
                0x0000000000000e70        0x4 src/layers/progress_bar.c.28.o
                0x0000000000000e70                progress_bar_layer_get_layer
 .text.progress_bar_layer_set_range
                0x0000000000000e74        0xe src/layers/progress_bar.c.28.o
                0x0000000000000e74                progress_bar_layer_set_range
 .text.progress_bar_layer_set_value
                0x0000000000000e82        0xc src/layers/progress_bar.c.28.o
                0x0000000000000e82                progress_bar_layer_set_value
 *fill*         0x0000000000000e8e        0x2 
 .text.settings_service_subscribe
                0x0000000000000e90       0x14 src/settings.c.28.o
                0x0000000000000e90                settings_service_subscribe
 .text.settings_get_settings
                0x0000000000000ea4       0x34 src/settings.c.28.o
                0x0000000000000ea4                settings_get_settings
 .text.settings_prepare_defaults
                0x0000000000000ed8       0x1c src/settings.c.28.o
                0x0000000000000ed8                settings_prepare_defaults
 .text.settings_load
                0x0000000000000ef4       0x44 src/settings.c.28.o
                0x0000000000000ef4                settings_load
 .text.settings_save
                0x0000000000000f38       0x3c src/settings.c.28.o
                0x0000000000000f38                settings_save
 .text.settings_set_settings
                0x0000000000000f74       0x44 src/settings.c.28.o
                0x0000000000000f74                settings_set_settings
 .text.get_num_rows
                0x0000000000000fb8       0x1e src/windows/library_menus.c.28.o
                0x0000000000000fb8                get_num_rows
 *fill*         0x0000000000000fd6        0x2 
 .text.draw_row
                0x0000000000000fd8       0xb4 src/windows/library_menus.c.28.o
                0x0000000000000fd8                draw_row
 .text.library_menus_window_unload
                0x000000000000108c       0xbc src/windows/library_menus.c.28.o
                0x000000000000108c                library_menus_window_unload
 .text.library_menus_create
                0x0000000000001148       0x18 src/windows/library_menus.c.28.o
                0x0000000000001148                library_menus_create
 .text.library_menus_pop_all
                0x0000000000001160       0x28 src/windows/library_menus.c.28.o
                0x0000000000001160                library_menus_pop_all
 .text.build_parent_history
                0x0000000000001188       0x7c src/windows/library_menus.c.28.o
                0x0000000000001188                build_parent_history
 .text.send_library_request
                0x0000000000001204       0x58 src/windows/library_menus.c.28.o
                0x0000000000001204                send_library_request
 .text.selection_changed
                0x000000000000125c       0x7a src/windows/library_menus.c.28.o
                0x000000000000125c                selection_changed
 *fill*         0x00000000000012d6        0x2 
 .text.play_track
                0x00000000000012d8       0x5c src/windows/library_menus.c.28.o
                0x00000000000012d8                play_track
 .text.clear_library_entry_data
                0x0000000000001334       0x16 src/windows/library_menus.c.28.o
                0x0000000000001334                clear_library_entry_data
 *fill*         0x000000000000134a        0x2 
 .text.library_menus_display_view
                0x000000000000134c      0x1cc src/windows/library_menus.c.28.o
                0x000000000000134c                library_menus_display_view
 .text.select_click
                0x0000000000001518       0xc0 src/windows/library_menus.c.28.o
                0x0000000000001518                select_click
 .text.library_menus_set_header_icon
                0x00000000000015d8       0x3c src/windows/library_menus.c.28.o
                0x00000000000015d8                library_menus_set_header_icon
 .text.library_menus_inbox
                0x0000000000001614      0x210 src/windows/library_menus.c.28.o
                0x0000000000001614                library_menus_inbox
 .text.main_menu_get_num_sections
                0x0000000000001824        0x4 src/windows/main_menu.c.28.o
                0x0000000000001824                main_menu_get_num_sections
 .text.menu_get_num_rows_callback
                0x0000000000001828        0x4 src/windows/main_menu.c.28.o
                0x0000000000001828                menu_get_num_rows_callback
 .text.menu_get_header_height_callback
                0x000000000000182c        0x4 src/windows/main_menu.c.28.o
                0x000000000000182c                menu_get_header_height_callback
 .text.menu_select_callback
                0x0000000000001830       0x20 src/windows/main_menu.c.28.o
                0x0000000000001830                menu_select_callback
 .text.open_composer_list
                0x0000000000001850       0x10 src/windows/main_menu.c.28.o
                0x0000000000001850                open_composer_list
 .text.open_genre_list
                0x0000000000001860       0x10 src/windows/main_menu.c.28.o
                0x0000000000001860                open_genre_list
 .text.open_playlist_list
                0x0000000000001870       0x10 src/windows/main_menu.c.28.o
                0x0000000000001870                open_playlist_list
 .text.open_album_list
                0x0000000000001880       0x10 src/windows/main_menu.c.28.o
                0x0000000000001880                open_album_list
 .text.open_artist_list
                0x0000000000001890       0x10 src/windows/main_menu.c.28.o
                0x0000000000001890                open_artist_list
 .text.open_now_playing
                0x00000000000018a0        0x4 src/windows/main_menu.c.28.o
                0x00000000000018a0                open_now_playing
 .text.menu_selection_changed
                0x00000000000018a4       0x2c src/windows/main_menu.c.28.o
                0x00000000000018a4                menu_selection_changed
 .text.main_menu_destroy_warning
                0x00000000000018d0        0x8 src/windows/main_menu.c.28.o
                0x00000000000018d0                main_menu_destroy_warning
 .text.main_menu_send_now_playing_request
                0x00000000000018d8        0x6 src/windows/main_menu.c.28.o
                0x00000000000018d8                main_menu_send_now_playing_request
 *fill*         0x00000000000018de        0x2 
 .text.menu_draw_row_callback
                0x00000000000018e0       0x70 src/windows/main_menu.c.28.o
                0x00000000000018e0                menu_draw_row_callback
 .text.update_highlight_colours
                0x0000000000001950       0x44 src/windows/main_menu.c.28.o
                0x0000000000001950                update_highlight_colours
 .text.main_menu_create
                0x0000000000001994      0x158 src/windows/main_menu.c.28.o
                0x0000000000001994                main_menu_create
 .text.message_window_update_proc
                0x0000000000001aec       0x2a src/windows/message_window.c.28.o
                0x0000000000001aec                message_window_update_proc
 *fill*         0x0000000000001b16        0x2 
 .text.message_window_update_frames
                0x0000000000001b18       0xbc src/windows/message_window.c.28.o
                0x0000000000001b18                message_window_update_frames
 .text.message_window_create
                0x0000000000001bd4       0xe8 src/windows/message_window.c.28.o
                0x0000000000001bd4                message_window_create
 .text.message_window_destroy
                0x0000000000001cbc       0x34 src/windows/message_window.c.28.o
                0x0000000000001cbc                message_window_destroy
 .text.message_window_auto_destroy
                0x0000000000001cf0        0x4 src/windows/message_window.c.28.o
                0x0000000000001cf0                message_window_auto_destroy
 .text.message_window_push_on_window
                0x0000000000001cf4       0x68 src/windows/message_window.c.28.o
                0x0000000000001cf4                message_window_push_on_window
 .text.message_window_pop_off_window
                0x0000000000001d5c       0x98 src/windows/message_window.c.28.o
                0x0000000000001d5c                message_window_pop_off_window
 .text.message_window_set_text
                0x0000000000001df4       0x22 src/windows/message_window.c.28.o
                0x0000000000001df4                message_window_set_text
 *fill*         0x0000000000001e16        0x2 
 .text.now_playing_window_unload
                0x0000000000001e18      0x108 src/windows/now_playing.c.28.o
                0x0000000000001e18                now_playing_window_unload
 .text.now_playing_click_config_provider
                0x0000000000001f20       0x44 src/windows/now_playing.c.28.o
                0x0000000000001f20                now_playing_click_config_provider
 .text.animate_action_bar
                0x0000000000001f64       0x8c src/windows/now_playing.c.28.o
                0x0000000000001f64                animate_action_bar
 .text.now_playing_graphics_proc
                0x0000000000001ff0       0xc0 src/windows/now_playing.c.28.o
                0x0000000000001ff0                now_playing_graphics_proc
 .text.display_no_album
                0x00000000000020b0       0x18 src/windows/now_playing.c.28.o
                0x00000000000020b0                display_no_album
 .text.now_playing_is_playing_music
                0x00000000000020c8        0xe src/windows/now_playing.c.28.o
                0x00000000000020c8                now_playing_is_playing_music
 *fill*         0x00000000000020d6        0x2 
 .text.now_playing_invert_button_controls
                0x00000000000020d8       0xc8 src/windows/now_playing.c.28.o
                0x00000000000020d8                now_playing_invert_button_controls
 .text.now_playing_check_for_no_music
                0x00000000000021a0       0x54 src/windows/now_playing.c.28.o
                0x00000000000021a0                now_playing_check_for_no_music
 .text.now_playing_send_state_change
                0x00000000000021f4       0x26 src/windows/now_playing.c.28.o
                0x00000000000021f4                now_playing_send_state_change
 *fill*         0x000000000000221a        0x2 
 .text.now_playing_set_album_art
                0x000000000000221c       0x84 src/windows/now_playing.c.28.o
                0x000000000000221c                now_playing_set_album_art
 .text.now_playing_tick
                0x00000000000022a0       0x58 src/windows/now_playing.c.28.o
                0x00000000000022a0                now_playing_tick
 .text.now_playing_animation_tick
                0x00000000000022f8       0x3c src/windows/now_playing.c.28.o
                0x00000000000022f8                now_playing_animation_tick
 .text.now_playing_new_settings
                0x0000000000002334       0xf8 src/windows/now_playing.c.28.o
                0x0000000000002334                now_playing_new_settings
 .text.now_playing_action_bar_handle
                0x000000000000242c       0x98 src/windows/now_playing.c.28.o
                0x000000000000242c                now_playing_action_bar_handle
 .text.now_playing_long_clicked_select
                0x00000000000024c4       0x40 src/windows/now_playing.c.28.o
                0x00000000000024c4                now_playing_long_clicked_select
 .text.now_playing_state_callback
                0x0000000000002504      0x134 src/windows/now_playing.c.28.o
                0x0000000000002504                now_playing_state_callback
 .text.now_playing_window_load
                0x0000000000002638      0x364 src/windows/now_playing.c.28.o
                0x0000000000002638                now_playing_window_load
 .text.now_playing_reset_invert_controls
                0x000000000000299c       0x40 src/windows/now_playing.c.28.o
                0x000000000000299c                now_playing_reset_invert_controls
 .text.now_playing_clicked_down
                0x00000000000029dc       0x2c src/windows/now_playing.c.28.o
                0x00000000000029dc                now_playing_clicked_down
 .text.now_playing_clicked_select
                0x0000000000002a08       0x58 src/windows/now_playing.c.28.o
                0x0000000000002a08                now_playing_clicked_select
 .text.now_playing_clicked_up
                0x0000000000002a60       0x2c src/windows/now_playing.c.28.o
                0x0000000000002a60                now_playing_clicked_up
 .text.now_playing_show
                0x0000000000002a8c       0xd4 src/windows/now_playing.c.28.o
                0x0000000000002a8c                now_playing_show
 .text.app_event_loop
                0x0000000000002b60        0xc /Users/edwinfinch/Library/Application Support/Pebble SDK/SDKs/current/sdk-core/pebble/aplite/lib/libpebble.a(tmpz2MrsRpebble.o)
                0x0000000000002b60                app_event_loop
 .text.app_log  0x0000000000002b6c        0xc /Users/edwinfinch/Library/Application Support/Pebble SDK/SDKs/current/sdk-core/pebble/aplite/lib/libpebble.a(tmpz2MrsRpebble.o)
                0x0000000000002b6c                app_log
 .text.app_message_open
                0x0000000000002b78        0xc /Users/edwinfinch/Library/Application Support/Pebble SDK/SDKs/current/sdk-core/pebble/aplite/lib/libpebble.a(tmpz2MrsRpebble.o)
                0x0000000000002b78                app_message_open
 .text.app_timer_cancel
                0x0000000000002b84        0xc /Users/edwinfinch/Library/Application Support/Pebble SDK/SDKs/current/sdk-core/pebble/aplite/lib/libpebble.a(tmpz2MrsRpebble.o)
                0x0000000000002b84                app_timer_cancel
 .text.app_timer_register
                0x0000000000002b90        0xc /Users/edwinfinch/Library/Application Support/Pebble SDK/SDKs/current/sdk-core/pebble/aplite/lib/libpebble.a(tmpz2MrsRpebble.o)
                0x0000000000002b90                app_timer_register
 .text.bitmap_layer_create
                0x0000000000002b9c        0xc /Users/edwinfinch/Library/Application Support/Pebble SDK/SDKs/current/sdk-core/pebble/aplite/lib/libpebble.a(tmpz2MrsRpebble.o)
                0x0000000000002b9c                bitmap_layer_create
 .text.bitmap_layer_destroy
                0x0000000000002ba8        0xc /Users/edwinfinch/Library/Application Support/Pebble SDK/SDKs/current/sdk-core/pebble/aplite/lib/libpebble.a(tmpz2MrsRpebble.o)
                0x0000000000002ba8                bitmap_layer_destroy
 .text.bitmap_layer_get_layer
                0x0000000000002bb4        0xc /Users/edwinfinch/Library/Application Support/Pebble SDK/SDKs/current/sdk-core/pebble/aplite/lib/libpebble.a(tmpz2MrsRpebble.o)
                0x0000000000002bb4                bitmap_layer_get_layer
 .text.bitmap_layer_set_bitmap
                0x0000000000002bc0        0xc /Users/edwinfinch/Library/Application Support/Pebble SDK/SDKs/current/sdk-core/pebble/aplite/lib/libpebble.a(tmpz2MrsRpebble.o)
                0x0000000000002bc0                bitmap_layer_set_bitmap
 .text.bluetooth_connection_service_peek
                0x0000000000002bcc        0xc /Users/edwinfinch/Library/Application Support/Pebble SDK/SDKs/current/sdk-core/pebble/aplite/lib/libpebble.a(tmpz2MrsRpebble.o)
                0x0000000000002bcc                bluetooth_connection_service_peek
 .text.dict_find
                0x0000000000002bd8        0xc /Users/edwinfinch/Library/Application Support/Pebble SDK/SDKs/current/sdk-core/pebble/aplite/lib/libpebble.a(tmpz2MrsRpebble.o)
                0x0000000000002bd8                dict_find
 .text.dict_read_first
                0x0000000000002be4        0xc /Users/edwinfinch/Library/Application Support/Pebble SDK/SDKs/current/sdk-core/pebble/aplite/lib/libpebble.a(tmpz2MrsRpebble.o)
                0x0000000000002be4                dict_read_first
 .text.dict_read_next
                0x0000000000002bf0        0xc /Users/edwinfinch/Library/Application Support/Pebble SDK/SDKs/current/sdk-core/pebble/aplite/lib/libpebble.a(tmpz2MrsRpebble.o)
                0x0000000000002bf0                dict_read_next
 .text.dict_write_data
                0x0000000000002bfc        0xc /Users/edwinfinch/Library/Application Support/Pebble SDK/SDKs/current/sdk-core/pebble/aplite/lib/libpebble.a(tmpz2MrsRpebble.o)
                0x0000000000002bfc                dict_write_data
 .text.dict_write_int32
                0x0000000000002c08        0xc /Users/edwinfinch/Library/Application Support/Pebble SDK/SDKs/current/sdk-core/pebble/aplite/lib/libpebble.a(tmpz2MrsRpebble.o)
                0x0000000000002c08                dict_write_int32
 .text.dict_write_int8
                0x0000000000002c14        0xc /Users/edwinfinch/Library/Application Support/Pebble SDK/SDKs/current/sdk-core/pebble/aplite/lib/libpebble.a(tmpz2MrsRpebble.o)
                0x0000000000002c14                dict_write_int8
 .text.dict_write_uint16
                0x0000000000002c20        0xc /Users/edwinfinch/Library/Application Support/Pebble SDK/SDKs/current/sdk-core/pebble/aplite/lib/libpebble.a(tmpz2MrsRpebble.o)
                0x0000000000002c20                dict_write_uint16
 .text.dict_write_uint32
                0x0000000000002c2c        0xc /Users/edwinfinch/Library/Application Support/Pebble SDK/SDKs/current/sdk-core/pebble/aplite/lib/libpebble.a(tmpz2MrsRpebble.o)
                0x0000000000002c2c                dict_write_uint32
 .text.dict_write_uint8
                0x0000000000002c38        0xc /Users/edwinfinch/Library/Application Support/Pebble SDK/SDKs/current/sdk-core/pebble/aplite/lib/libpebble.a(tmpz2MrsRpebble.o)
                0x0000000000002c38                dict_write_uint8
 .text.fonts_get_system_font
                0x0000000000002c44        0xc /Users/edwinfinch/Library/Application Support/Pebble SDK/SDKs/current/sdk-core/pebble/aplite/lib/libpebble.a(tmpz2MrsRpebble.o)
                0x0000000000002c44                fonts_get_system_font
 .text.free     0x0000000000002c50        0xc /Users/edwinfinch/Library/Application Support/Pebble SDK/SDKs/current/sdk-core/pebble/aplite/lib/libpebble.a(tmpz2MrsRpebble.o)
                0x0000000000002c50                free
 .text.gbitmap_create_with_resource
                0x0000000000002c5c        0xc /Users/edwinfinch/Library/Application Support/Pebble SDK/SDKs/current/sdk-core/pebble/aplite/lib/libpebble.a(tmpz2MrsRpebble.o)
                0x0000000000002c5c                gbitmap_create_with_resource
 .text.gbitmap_destroy
                0x0000000000002c68        0xc /Users/edwinfinch/Library/Application Support/Pebble SDK/SDKs/current/sdk-core/pebble/aplite/lib/libpebble.a(tmpz2MrsRpebble.o)
                0x0000000000002c68                gbitmap_destroy
 .text.graphics_context_set_compositing_mode
                0x0000000000002c74        0xc /Users/edwinfinch/Library/Application Support/Pebble SDK/SDKs/current/sdk-core/pebble/aplite/lib/libpebble.a(tmpz2MrsRpebble.o)
                0x0000000000002c74                graphics_context_set_compositing_mode
 .text.graphics_fill_rect
                0x0000000000002c80        0xc /Users/edwinfinch/Library/Application Support/Pebble SDK/SDKs/current/sdk-core/pebble/aplite/lib/libpebble.a(tmpz2MrsRpebble.o)
                0x0000000000002c80                graphics_fill_rect
 .text.layer_add_child
                0x0000000000002c8c        0xc /Users/edwinfinch/Library/Application Support/Pebble SDK/SDKs/current/sdk-core/pebble/aplite/lib/libpebble.a(tmpz2MrsRpebble.o)
                0x0000000000002c8c                layer_add_child
 .text.layer_create
                0x0000000000002c98        0xc /Users/edwinfinch/Library/Application Support/Pebble SDK/SDKs/current/sdk-core/pebble/aplite/lib/libpebble.a(tmpz2MrsRpebble.o)
                0x0000000000002c98                layer_create
 .text.layer_create_with_data
                0x0000000000002ca4        0xc /Users/edwinfinch/Library/Application Support/Pebble SDK/SDKs/current/sdk-core/pebble/aplite/lib/libpebble.a(tmpz2MrsRpebble.o)
                0x0000000000002ca4                layer_create_with_data
 .text.layer_destroy
                0x0000000000002cb0        0xc /Users/edwinfinch/Library/Application Support/Pebble SDK/SDKs/current/sdk-core/pebble/aplite/lib/libpebble.a(tmpz2MrsRpebble.o)
                0x0000000000002cb0                layer_destroy
 .text.layer_get_bounds
                0x0000000000002cbc        0xc /Users/edwinfinch/Library/Application Support/Pebble SDK/SDKs/current/sdk-core/pebble/aplite/lib/libpebble.a(tmpz2MrsRpebble.o)
                0x0000000000002cbc                layer_get_bounds
 .text.layer_get_data
                0x0000000000002cc8        0xc /Users/edwinfinch/Library/Application Support/Pebble SDK/SDKs/current/sdk-core/pebble/aplite/lib/libpebble.a(tmpz2MrsRpebble.o)
                0x0000000000002cc8                layer_get_data
 .text.layer_get_frame
                0x0000000000002cd4        0xc /Users/edwinfinch/Library/Application Support/Pebble SDK/SDKs/current/sdk-core/pebble/aplite/lib/libpebble.a(tmpz2MrsRpebble.o)
                0x0000000000002cd4                layer_get_frame
 .text.layer_mark_dirty
                0x0000000000002ce0        0xc /Users/edwinfinch/Library/Application Support/Pebble SDK/SDKs/current/sdk-core/pebble/aplite/lib/libpebble.a(tmpz2MrsRpebble.o)
                0x0000000000002ce0                layer_mark_dirty
 .text.layer_set_bounds
                0x0000000000002cec        0xc /Users/edwinfinch/Library/Application Support/Pebble SDK/SDKs/current/sdk-core/pebble/aplite/lib/libpebble.a(tmpz2MrsRpebble.o)
                0x0000000000002cec                layer_set_bounds
 .text.layer_set_frame
                0x0000000000002cf8        0xc /Users/edwinfinch/Library/Application Support/Pebble SDK/SDKs/current/sdk-core/pebble/aplite/lib/libpebble.a(tmpz2MrsRpebble.o)
                0x0000000000002cf8                layer_set_frame
 .text.layer_set_hidden
                0x0000000000002d04        0xc /Users/edwinfinch/Library/Application Support/Pebble SDK/SDKs/current/sdk-core/pebble/aplite/lib/libpebble.a(tmpz2MrsRpebble.o)
                0x0000000000002d04                layer_set_hidden
 .text.layer_set_update_proc
                0x0000000000002d10        0xc /Users/edwinfinch/Library/Application Support/Pebble SDK/SDKs/current/sdk-core/pebble/aplite/lib/libpebble.a(tmpz2MrsRpebble.o)
                0x0000000000002d10                layer_set_update_proc
 .text.malloc   0x0000000000002d1c        0xc /Users/edwinfinch/Library/Application Support/Pebble SDK/SDKs/current/sdk-core/pebble/aplite/lib/libpebble.a(tmpz2MrsRpebble.o)
                0x0000000000002d1c                malloc
 .text.memcpy   0x0000000000002d28        0xc /Users/edwinfinch/Library/Application Support/Pebble SDK/SDKs/current/sdk-core/pebble/aplite/lib/libpebble.a(tmpz2MrsRpebble.o)
                0x0000000000002d28                memcpy
 .text.memmove  0x0000000000002d34        0xc /Users/edwinfinch/Library/Application Support/Pebble SDK/SDKs/current/sdk-core/pebble/aplite/lib/libpebble.a(tmpz2MrsRpebble.o)
                0x0000000000002d34                memmove
 .text.memset   0x0000000000002d40        0xc /Users/edwinfinch/Library/Application Support/Pebble SDK/SDKs/current/sdk-core/pebble/aplite/lib/libpebble.a(tmpz2MrsRpebble.o)
                0x0000000000002d40                memset
 .text.menu_cell_basic_draw
                0x0000000000002d4c        0xc /Users/edwinfinch/Library/Application Support/Pebble SDK/SDKs/current/sdk-core/pebble/aplite/lib/libpebble.a(tmpz2MrsRpebble.o)
                0x0000000000002d4c                menu_cell_basic_draw
 .text.menu_layer_destroy
                0x0000000000002d58        0xc /Users/edwinfinch/Library/Application Support/Pebble SDK/SDKs/current/sdk-core/pebble/aplite/lib/libpebble.a(tmpz2MrsRpebble.o)
                0x0000000000002d58                menu_layer_destroy
 .text.menu_layer_get_layer
                0x0000000000002d64        0xc /Users/edwinfinch/Library/Application Support/Pebble SDK/SDKs/current/sdk-core/pebble/aplite/lib/libpebble.a(tmpz2MrsRpebble.o)
                0x0000000000002d64                menu_layer_get_layer
 .text.menu_layer_reload_data
                0x0000000000002d70        0xc /Users/edwinfinch/Library/Application Support/Pebble SDK/SDKs/current/sdk-core/pebble/aplite/lib/libpebble.a(tmpz2MrsRpebble.o)
                0x0000000000002d70                menu_layer_reload_data
 .text.menu_layer_set_click_config_onto_window
                0x0000000000002d7c        0xc /Users/edwinfinch/Library/Application Support/Pebble SDK/SDKs/current/sdk-core/pebble/aplite/lib/libpebble.a(tmpz2MrsRpebble.o)
                0x0000000000002d7c                menu_layer_set_click_config_onto_window
 .text.menu_layer_set_selected_index
                0x0000000000002d88        0xc /Users/edwinfinch/Library/Application Support/Pebble SDK/SDKs/current/sdk-core/pebble/aplite/lib/libpebble.a(tmpz2MrsRpebble.o)
                0x0000000000002d88                menu_layer_set_selected_index
 .text.snprintf
                0x0000000000002d94        0xc /Users/edwinfinch/Library/Application Support/Pebble SDK/SDKs/current/sdk-core/pebble/aplite/lib/libpebble.a(tmpz2MrsRpebble.o)
                0x0000000000002d94                snprintf
 .text.strcmp   0x0000000000002da0        0xc /Users/edwinfinch/Library/Application Support/Pebble SDK/SDKs/current/sdk-core/pebble/aplite/lib/libpebble.a(tmpz2MrsRpebble.o)
                0x0000000000002da0                strcmp
 .text.strlen   0x0000000000002dac        0xc /Users/edwinfinch/Library/Application Support/Pebble SDK/SDKs/current/sdk-core/pebble/aplite/lib/libpebble.a(tmpz2MrsRpebble.o)
                0x0000000000002dac                strlen
 .text.strncpy  0x0000000000002db8        0xc /Users/edwinfinch/Library/Application Support/Pebble SDK/SDKs/current/sdk-core/pebble/aplite/lib/libpebble.a(tmpz2MrsRpebble.o)
                0x0000000000002db8                strncpy
 .text.tick_timer_service_subscribe
                0x0000000000002dc4        0xc /Users/edwinfinch/Library/Application Support/Pebble SDK/SDKs/current/sdk-core/pebble/aplite/lib/libpebble.a(tmpz2MrsRpebble.o)
                0x0000000000002dc4                tick_timer_service_subscribe
 .text.vibes_double_pulse
                0x0000000000002dd0        0xc /Users/edwinfinch/Library/Application Support/Pebble SDK/SDKs/current/sdk-core/pebble/aplite/lib/libpebble.a(tmpz2MrsRpebble.o)
                0x0000000000002dd0                vibes_double_pulse
 .text.vibes_enqueue_custom_pattern
                0x0000000000002ddc        0xc /Users/edwinfinch/Library/Application Support/Pebble SDK/SDKs/current/sdk-core/pebble/aplite/lib/libpebble.a(tmpz2MrsRpebble.o)
                0x0000000000002ddc                vibes_enqueue_custom_pattern
 .text.vibes_long_pulse
                0x0000000000002de8        0xc /Users/edwinfinch/Library/Application Support/Pebble SDK/SDKs/current/sdk-core/pebble/aplite/lib/libpebble.a(tmpz2MrsRpebble.o)
                0x0000000000002de8                vibes_long_pulse
 .text.vibes_short_pulse
                0x0000000000002df4        0xc /Users/edwinfinch/Library/Application Support/Pebble SDK/SDKs/current/sdk-core/pebble/aplite/lib/libpebble.a(tmpz2MrsRpebble.o)
                0x0000000000002df4                vibes_short_pulse
 .text.window_create
                0x0000000000002e00        0xc /Users/edwinfinch/Library/Application Support/Pebble SDK/SDKs/current/sdk-core/pebble/aplite/lib/libpebble.a(tmpz2MrsRpebble.o)
                0x0000000000002e00                window_create
 .text.window_destroy
                0x0000000000002e0c        0xc /Users/edwinfinch/Library/Application Support/Pebble SDK/SDKs/current/sdk-core/pebble/aplite/lib/libpebble.a(tmpz2MrsRpebble.o)
                0x0000000000002e0c                window_destroy
 .text.window_get_root_layer
                0x0000000000002e18        0xc /Users/edwinfinch/Library/Application Support/Pebble SDK/SDKs/current/sdk-core/pebble/aplite/lib/libpebble.a(tmpz2MrsRpebble.o)
                0x0000000000002e18                window_get_root_layer
 .text.window_set_window_handlers
                0x0000000000002e24        0xc /Users/edwinfinch/Library/Application Support/Pebble SDK/SDKs/current/sdk-core/pebble/aplite/lib/libpebble.a(tmpz2MrsRpebble.o)
                0x0000000000002e24                window_set_window_handlers
 .text.window_stack_get_top_window
                0x0000000000002e30        0xc /Users/edwinfinch/Library/Application Support/Pebble SDK/SDKs/current/sdk-core/pebble/aplite/lib/libpebble.a(tmpz2MrsRpebble.o)
                0x0000000000002e30                window_stack_get_top_window
 .text.window_stack_push
                0x0000000000002e3c        0xc /Users/edwinfinch/Library/Application Support/Pebble SDK/SDKs/current/sdk-core/pebble/aplite/lib/libpebble.a(tmpz2MrsRpebble.o)
                0x0000000000002e3c                window_stack_push
 .text.window_stack_remove
                0x0000000000002e48        0xc /Users/edwinfinch/Library/Application Support/Pebble SDK/SDKs/current/sdk-core/pebble/aplite/lib/libpebble.a(tmpz2MrsRpebble.o)
                0x0000000000002e48                window_stack_remove
 .text.app_message_outbox_begin
                0x0000000000002e54        0xc /Users/edwinfinch/Library/Application Support/Pebble SDK/SDKs/current/sdk-core/pebble/aplite/lib/libpebble.a(tmpz2MrsRpebble.o)
                0x0000000000002e54                app_message_outbox_begin
 .text.app_message_outbox_send
                0x0000000000002e60        0xc /Users/edwinfinch/Library/Application Support/Pebble SDK/SDKs/current/sdk-core/pebble/aplite/lib/libpebble.a(tmpz2MrsRpebble.o)
                0x0000000000002e60                app_message_outbox_send
 .text.app_message_register_inbox_dropped
                0x0000000000002e6c        0xc /Users/edwinfinch/Library/Application Support/Pebble SDK/SDKs/current/sdk-core/pebble/aplite/lib/libpebble.a(tmpz2MrsRpebble.o)
                0x0000000000002e6c                app_message_register_inbox_dropped
 .text.app_message_register_inbox_received
                0x0000000000002e78        0xc /Users/edwinfinch/Library/Application Support/Pebble SDK/SDKs/current/sdk-core/pebble/aplite/lib/libpebble.a(tmpz2MrsRpebble.o)
                0x0000000000002e78                app_message_register_inbox_received
 .text.app_message_register_outbox_failed
                0x0000000000002e84        0xc /Users/edwinfinch/Library/Application Support/Pebble SDK/SDKs/current/sdk-core/pebble/aplite/lib/libpebble.a(tmpz2MrsRpebble.o)
                0x0000000000002e84                app_message_register_outbox_failed
 .text.window_long_click_subscribe
                0x0000000000002e90        0xc /Users/edwinfinch/Library/Application Support/Pebble SDK/SDKs/current/sdk-core/pebble/aplite/lib/libpebble.a(tmpz2MrsRpebble.o)
                0x0000000000002e90                window_long_click_subscribe
 .text.window_single_click_subscribe
                0x0000000000002e9c        0xc /Users/edwinfinch/Library/Application Support/Pebble SDK/SDKs/current/sdk-core/pebble/aplite/lib/libpebble.a(tmpz2MrsRpebble.o)
                0x0000000000002e9c                window_single_click_subscribe
 .text.graphics_draw_text
                0x0000000000002ea8        0xc /Users/edwinfinch/Library/Application Support/Pebble SDK/SDKs/current/sdk-core/pebble/aplite/lib/libpebble.a(tmpz2MrsRpebble.o)
                0x0000000000002ea8                graphics_draw_text
 .text.persist_read_data
                0x0000000000002eb4        0xc /Users/edwinfinch/Library/Application Support/Pebble SDK/SDKs/current/sdk-core/pebble/aplite/lib/libpebble.a(tmpz2MrsRpebble.o)
                0x0000000000002eb4                persist_read_data
 .text.persist_write_data
                0x0000000000002ec0        0xc /Users/edwinfinch/Library/Application Support/Pebble SDK/SDKs/current/sdk-core/pebble/aplite/lib/libpebble.a(tmpz2MrsRpebble.o)
                0x0000000000002ec0                persist_write_data
 .text.graphics_text_layout_get_content_size
                0x0000000000002ecc        0xc /Users/edwinfinch/Library/Application Support/Pebble SDK/SDKs/current/sdk-core/pebble/aplite/lib/libpebble.a(tmpz2MrsRpebble.o)
                0x0000000000002ecc                graphics_text_layout_get_content_size
 .text.bitmap_layer_get_bitmap
                0x0000000000002ed8        0xc /Users/edwinfinch/Library/Application Support/Pebble SDK/SDKs/current/sdk-core/pebble/aplite/lib/libpebble.a(tmpz2MrsRpebble.o)
                0x0000000000002ed8                bitmap_layer_get_bitmap
 .text.heap_bytes_free
                0x0000000000002ee4        0xc /Users/edwinfinch/Library/Application Support/Pebble SDK/SDKs/current/sdk-core/pebble/aplite/lib/libpebble.a(tmpz2MrsRpebble.o)
                0x0000000000002ee4                heap_bytes_free
 .text.watch_info_get_model
                0x0000000000002ef0        0xc /Users/edwinfinch/Library/Application Support/Pebble SDK/SDKs/current/sdk-core/pebble/aplite/lib/libpebble.a(tmpz2MrsRpebble.o)
                0x0000000000002ef0                watch_info_get_model
 .text.graphics_context_set_fill_color
                0x0000000000002efc        0xc /Users/edwinfinch/Library/Application Support/Pebble SDK/SDKs/current/sdk-core/pebble/aplite/lib/libpebble.a(tmpz2MrsRpebble.o)
                0x0000000000002efc                graphics_context_set_fill_color
 .text.graphics_context_set_text_color
                0x0000000000002f08        0xc /Users/edwinfinch/Library/Application Support/Pebble SDK/SDKs/current/sdk-core/pebble/aplite/lib/libpebble.a(tmpz2MrsRpebble.o)
                0x0000000000002f08                graphics_context_set_text_color
 .text.window_set_background_color
                0x0000000000002f14        0xc /Users/edwinfinch/Library/Application Support/Pebble SDK/SDKs/current/sdk-core/pebble/aplite/lib/libpebble.a(tmpz2MrsRpebble.o)
                0x0000000000002f14                window_set_background_color
 .text.animation_schedule
                0x0000000000002f20        0xc /Users/edwinfinch/Library/Application Support/Pebble SDK/SDKs/current/sdk-core/pebble/aplite/lib/libpebble.a(tmpz2MrsRpebble.o)
                0x0000000000002f20                animation_schedule
 .text.animation_set_delay
                0x0000000000002f2c        0xc /Users/edwinfinch/Library/Application Support/Pebble SDK/SDKs/current/sdk-core/pebble/aplite/lib/libpebble.a(tmpz2MrsRpebble.o)
                0x0000000000002f2c                animation_set_delay
 .text.animation_set_duration
                0x0000000000002f38        0xc /Users/edwinfinch/Library/Application Support/Pebble SDK/SDKs/current/sdk-core/pebble/aplite/lib/libpebble.a(tmpz2MrsRpebble.o)
                0x0000000000002f38                animation_set_duration
 .text.animation_set_handlers
                0x0000000000002f44        0xc /Users/edwinfinch/Library/Application Support/Pebble SDK/SDKs/current/sdk-core/pebble/aplite/lib/libpebble.a(tmpz2MrsRpebble.o)
                0x0000000000002f44                animation_set_handlers
 .text.property_animation_create_layer_frame
                0x0000000000002f50        0xc /Users/edwinfinch/Library/Application Support/Pebble SDK/SDKs/current/sdk-core/pebble/aplite/lib/libpebble.a(tmpz2MrsRpebble.o)
                0x0000000000002f50                property_animation_create_layer_frame
 .text.property_animation_destroy
                0x0000000000002f5c        0xc /Users/edwinfinch/Library/Application Support/Pebble SDK/SDKs/current/sdk-core/pebble/aplite/lib/libpebble.a(tmpz2MrsRpebble.o)
                0x0000000000002f5c                property_animation_destroy
 .text.property_animation_get_animation
                0x0000000000002f68        0xc /Users/edwinfinch/Library/Application Support/Pebble SDK/SDKs/current/sdk-core/pebble/aplite/lib/libpebble.a(tmpz2MrsRpebble.o)
                0x0000000000002f68                property_animation_get_animation
 .text.gbitmap_get_bounds
                0x0000000000002f74        0xc /Users/edwinfinch/Library/Application Support/Pebble SDK/SDKs/current/sdk-core/pebble/aplite/lib/libpebble.a(tmpz2MrsRpebble.o)
                0x0000000000002f74                gbitmap_get_bounds
 .text.gbitmap_create_from_png_data
                0x0000000000002f80        0xc /Users/edwinfinch/Library/Application Support/Pebble SDK/SDKs/current/sdk-core/pebble/aplite/lib/libpebble.a(tmpz2MrsRpebble.o)
                0x0000000000002f80                gbitmap_create_from_png_data
 .text.menu_layer_create
                0x0000000000002f8c        0xc /Users/edwinfinch/Library/Application Support/Pebble SDK/SDKs/current/sdk-core/pebble/aplite/lib/libpebble.a(tmpz2MrsRpebble.o)
                0x0000000000002f8c                menu_layer_create
 .text.action_bar_layer_add_to_window
                0x0000000000002f98        0xc /Users/edwinfinch/Library/Application Support/Pebble SDK/SDKs/current/sdk-core/pebble/aplite/lib/libpebble.a(tmpz2MrsRpebble.o)
                0x0000000000002f98                action_bar_layer_add_to_window
 .text.action_bar_layer_create
                0x0000000000002fa4        0xc /Users/edwinfinch/Library/Application Support/Pebble SDK/SDKs/current/sdk-core/pebble/aplite/lib/libpebble.a(tmpz2MrsRpebble.o)
                0x0000000000002fa4                action_bar_layer_create
 .text.action_bar_layer_destroy
                0x0000000000002fb0        0xc /Users/edwinfinch/Library/Application Support/Pebble SDK/SDKs/current/sdk-core/pebble/aplite/lib/libpebble.a(tmpz2MrsRpebble.o)
                0x0000000000002fb0                action_bar_layer_destroy
 .text.action_bar_layer_get_layer
                0x0000000000002fbc        0xc /Users/edwinfinch/Library/Application Support/Pebble SDK/SDKs/current/sdk-core/pebble/aplite/lib/libpebble.a(tmpz2MrsRpebble.o)
                0x0000000000002fbc                action_bar_layer_get_layer
 .text.action_bar_layer_set_click_config_provider
                0x0000000000002fc8        0xc /Users/edwinfinch/Library/Application Support/Pebble SDK/SDKs/current/sdk-core/pebble/aplite/lib/libpebble.a(tmpz2MrsRpebble.o)
                0x0000000000002fc8                action_bar_layer_set_click_config_provider
 .text.action_bar_layer_set_icon_animated
                0x0000000000002fd4        0xc /Users/edwinfinch/Library/Application Support/Pebble SDK/SDKs/current/sdk-core/pebble/aplite/lib/libpebble.a(tmpz2MrsRpebble.o)
                0x0000000000002fd4                action_bar_layer_set_icon_animated
 .text.menu_cell_layer_is_highlighted
                0x0000000000002fe0        0xc /Users/edwinfinch/Library/Application Support/Pebble SDK/SDKs/current/sdk-core/pebble/aplite/lib/libpebble.a(tmpz2MrsRpebble.o)
                0x0000000000002fe0                menu_cell_layer_is_highlighted
 .text.text_layer_create
                0x0000000000002fec        0xc /Users/edwinfinch/Library/Application Support/Pebble SDK/SDKs/current/sdk-core/pebble/aplite/lib/libpebble.a(tmpz2MrsRpebble.o)
                0x0000000000002fec                text_layer_create
 .text.text_layer_destroy
                0x0000000000002ff8        0xc /Users/edwinfinch/Library/Application Support/Pebble SDK/SDKs/current/sdk-core/pebble/aplite/lib/libpebble.a(tmpz2MrsRpebble.o)
                0x0000000000002ff8                text_layer_destroy
 .text.text_layer_get_layer
                0x0000000000003004        0xc /Users/edwinfinch/Library/Application Support/Pebble SDK/SDKs/current/sdk-core/pebble/aplite/lib/libpebble.a(tmpz2MrsRpebble.o)
                0x0000000000003004                text_layer_get_layer
 .text.text_layer_set_background_color
                0x0000000000003010        0xc /Users/edwinfinch/Library/Application Support/Pebble SDK/SDKs/current/sdk-core/pebble/aplite/lib/libpebble.a(tmpz2MrsRpebble.o)
                0x0000000000003010                text_layer_set_background_color
 .text.text_layer_set_font
                0x000000000000301c        0xc /Users/edwinfinch/Library/Application Support/Pebble SDK/SDKs/current/sdk-core/pebble/aplite/lib/libpebble.a(tmpz2MrsRpebble.o)
                0x000000000000301c                text_layer_set_font
 .text.text_layer_set_text
                0x0000000000003028        0xc /Users/edwinfinch/Library/Application Support/Pebble SDK/SDKs/current/sdk-core/pebble/aplite/lib/libpebble.a(tmpz2MrsRpebble.o)
                0x0000000000003028                text_layer_set_text
 .text.text_layer_set_text_alignment
                0x0000000000003034        0xc /Users/edwinfinch/Library/Application Support/Pebble SDK/SDKs/current/sdk-core/pebble/aplite/lib/libpebble.a(tmpz2MrsRpebble.o)
                0x0000000000003034                text_layer_set_text_alignment
 .text.text_layer_set_text_color
                0x0000000000003040        0xc /Users/edwinfinch/Library/Application Support/Pebble SDK/SDKs/current/sdk-core/pebble/aplite/lib/libpebble.a(tmpz2MrsRpebble.o)
                0x0000000000003040                text_layer_set_text_color
 .text.menu_layer_set_highlight_colors
                0x000000000000304c        0xc /Users/edwinfinch/Library/Application Support/Pebble SDK/SDKs/current/sdk-core/pebble/aplite/lib/libpebble.a(tmpz2MrsRpebble.o)
                0x000000000000304c                menu_layer_set_highlight_colors
 .text.menu_layer_set_normal_colors
                0x0000000000003058        0xc /Users/edwinfinch/Library/Application Support/Pebble SDK/SDKs/current/sdk-core/pebble/aplite/lib/libpebble.a(tmpz2MrsRpebble.o)
                0x0000000000003058                menu_layer_set_normal_colors
 .text.menu_layer_set_callbacks
                0x0000000000003064        0xc /Users/edwinfinch/Library/Application Support/Pebble SDK/SDKs/current/sdk-core/pebble/aplite/lib/libpebble.a(tmpz2MrsRpebble.o)
                0x0000000000003064                menu_layer_set_callbacks
 .text.connection_service_subscribe
                0x0000000000003070        0xc /Users/edwinfinch/Library/Application Support/Pebble SDK/SDKs/current/sdk-core/pebble/aplite/lib/libpebble.a(tmpz2MrsRpebble.o)
                0x0000000000003070                connection_service_subscribe
 .text.graphics_text_layout_get_content_size_with_attributes
                0x000000000000307c        0xc /Users/edwinfinch/Library/Application Support/Pebble SDK/SDKs/current/sdk-core/pebble/aplite/lib/libpebble.a(tmpz2MrsRpebble.o)
                0x000000000000307c                graphics_text_layout_get_content_size_with_attributes
 *(.rodata)
 .rodata        0x0000000000003088        0x8 src/windows/library_menus.c.28.o
 .rodata        0x0000000000003090        0x8 src/windows/main_menu.c.28.o
 .rodata        0x0000000000003098        0x8 src/windows/message_window.c.28.o
 .rodata        0x00000000000030a0       0x20 src/windows/now_playing.c.28.o
 *(.rodata*)
 .rodata.str1.1
                0x00000000000030c0       0xb1 src/ipod.c.28.o
 .rodata.str1.1
                0x0000000000003171      0x14a src/ipod_state.c.28.o
 .rodata.str1.1
                0x00000000000032bb       0x1a src/layers/marquee_text.c.28.o
 .rodata.str1.1
                0x00000000000032d5       0x60 src/settings.c.28.o
 .rodata.str1.1
                0x0000000000003335      0x166 src/windows/library_menus.c.28.o
                                        0x167 (size before relaxing)
 .rodata.str1.1
                0x000000000000349b       0x71 src/windows/main_menu.c.28.o
                                         0x72 (size before relaxing)
 .rodata.str1.1
                0x000000000000350c       0x69 src/windows/message_window.c.28.o
 *fill*         0x0000000000003575        0x3 
 .rodata.segments.7734
                0x0000000000003578        0x8 src/windows/now_playing.c.28.o
 .rodata.str1.1
                0x0000000000003580       0xea src/windows/now_playing.c.28.o

.glue_7         0x000000000000366c        0x0
 .glue_7        0x0000000000000000        0x0 linker stubs

.glue_7t        0x000000000000366c        0x0
 .glue_7t       0x0000000000000000        0x0 linker stubs

.vfp11_veneer   0x000000000000366c        0x0
 .vfp11_veneer  0x0000000000000000        0x0 linker stubs

.v4_bx          0x000000000000366c        0x0
 .v4_bx         0x0000000000000000        0x0 linker stubs

.iplt           0x000000000000366c        0x0
 .iplt          0x0000000000000000        0x0 /usr/local/Cellar/pebble-toolchain/2.0/arm-cs-tools/bin/../lib/gcc/arm-none-eabi/4.7.2/thumb2/crtbegin.o

.rel.dyn        0x000000000000366c        0x0
 .rel.iplt      0x0000000000000000        0x0 /usr/local/Cellar/pebble-toolchain/2.0/arm-cs-tools/bin/../lib/gcc/arm-none-eabi/4.7.2/thumb2/crtbegin.o
 .rel.got       0x0000000000000000        0x0 /usr/local/Cellar/pebble-toolchain/2.0/arm-cs-tools/bin/../lib/gcc/arm-none-eabi/4.7.2/thumb2/crtbegin.o

.data           0x000000000000366c       0x4d
 *(.data)
 .data          0x000000000000366c        0x0 /usr/local/Cellar/pebble-toolchain/2.0/arm-cs-tools/bin/../lib/gcc/arm-none-eabi/4.7.2/thumb2/crti.o
 .data          0x000000000000366c        0x4 /usr/local/Cellar/pebble-toolchain/2.0/arm-cs-tools/bin/../lib/gcc/arm-none-eabi/4.7.2/thumb2/crtbegin.o
                0x000000000000366c                __dso_handle
 .data          0x0000000000003670        0x0 src/common.c.28.o
 .data          0x0000000000003670        0x0 src/gbitmap.c.28.o
 .data          0x0000000000003670        0x8 src/ipod.c.28.o
 .data          0x0000000000003678        0x0 src/ipod_state.c.28.o
 .data          0x0000000000003678        0x0 src/layers/marquee_text.c.28.o
 .data          0x0000000000003678        0x0 src/layers/progress_bar.c.28.o
 .data          0x0000000000003678        0x0 src/settings.c.28.o
 .data          0x0000000000003678        0x0 src/windows/library_menus.c.28.o
 .data          0x0000000000003678        0x0 src/windows/main_menu.c.28.o
 .data          0x0000000000003678        0x0 src/windows/message_window.c.28.o
 .data          0x0000000000003678        0x8 src/windows/now_playing.c.28.o
 .data          0x0000000000003680        0x0 aplite/appinfo.auto.c.28.o
 .data          0x0000000000003680        0x0 aplite/src/resource_ids.auto.c.28.o
 .data          0x0000000000003680        0x0 /Users/edwinfinch/Library/Application Support/Pebble SDK/SDKs/current/sdk-core/pebble/aplite/lib/libpebble.a(tmpz2MrsRpebble.o)
 .data          0x0000000000003680        0x0 /usr/local/Cellar/pebble-toolchain/2.0/arm-cs-tools/bin/../lib/gcc/arm-none-eabi/4.7.2/thumb2/crtend.o
 .data          0x0000000000003680        0x0 /usr/local/Cellar/pebble-toolchain/2.0/arm-cs-tools/bin/../lib/gcc/arm-none-eabi/4.7.2/thumb2/crtn.o
 *(.data.*)
 .data.s_sequence_number
                0x0000000000003680        0x4 src/common.c.28.o
 .data.first_call
                0x0000000000003684        0x1 src/ipod_state.c.28.o
                0x0000000000003684                first_call
 *fill*         0x0000000000003685        0x3 
 .data.rel.ro.local.titles.7703
                0x0000000000003688       0x18 src/windows/main_menu.c.28.o
 .data.rel.ro.callbacks.7704
                0x00000000000036a0       0x18 src/windows/main_menu.c.28.o
 .data.now_playing_action_bar_is_showing
                0x00000000000036b8        0x1 src/windows/now_playing.c.28.o
                0x00000000000036b8                now_playing_action_bar_is_showing

.igot.plt       0x00000000000036bc        0x0
 .igot.plt      0x0000000000000000        0x0 /usr/local/Cellar/pebble-toolchain/2.0/arm-cs-tools/bin/../lib/gcc/arm-none-eabi/4.7.2/thumb2/crtbegin.o

.got            0x00000000000036bc       0x90
 .got           0x00000000000036bc       0x90 /usr/local/Cellar/pebble-toolchain/2.0/arm-cs-tools/bin/../lib/gcc/arm-none-eabi/4.7.2/thumb2/crtbegin.o

.got.plt        0x000000000000374c        0xc
 .got.plt       0x000000000000374c        0xc /usr/local/Cellar/pebble-toolchain/2.0/arm-cs-tools/bin/../lib/gcc/arm-none-eabi/4.7.2/thumb2/crtbegin.o
                0x000000000000374c                _GLOBAL_OFFSET_TABLE_

.bss            0x0000000000003758      0x2f4
 *(.bss)
 *(.bss.*)
 .bss.outbox_buffer.7656
                0x0000000000003758       0x41 src/ipod.c.28.o
 .bss.s_artist  0x0000000000003799       0x64 src/ipod_state.c.28.o
 .bss.s_title   0x00000000000037fd       0x64 src/ipod_state.c.28.o
 *fill*         0x0000000000003861        0x3 
 .bss.now_playing_album_art_size
                0x0000000000003864        0xc src/ipod_state.c.28.o
 .bss.header_icon_album_art_size
                0x0000000000003870        0x4 src/ipod_state.c.28.o
 .bss.s_album   0x0000000000003874       0x64 src/ipod_state.c.28.o
 .bss.library_icon_album_art_data
                0x00000000000038d8        0x4 src/ipod_state.c.28.o
 .bss.album_art_data
                0x00000000000038dc        0xc src/ipod_state.c.28.o
 .bss.head      0x00000000000038e8        0x4 src/layers/marquee_text.c.28.o
 .bss.action_bar_showing
                0x00000000000038ec        0x2 src/windows/now_playing.c.28.o
                0x00000000000038ec                action_bar_showing
 *fill*         0x00000000000038ee        0x2 
 .bss.icon_fast_forward
                0x00000000000038f0        0x4 src/windows/now_playing.c.28.o
 .bss.action_bar_hidden
                0x00000000000038f4        0x2 src/windows/now_playing.c.28.o
                0x00000000000038f4                action_bar_hidden
 .bss.is_shown  0x00000000000038f6        0x1 src/windows/now_playing.c.28.o
 *fill*         0x00000000000038f7        0x1 
 .bss.icon_play
                0x00000000000038f8        0x4 src/windows/now_playing.c.28.o
 .bss.icon_pause
                0x00000000000038fc        0x4 src/windows/now_playing.c.28.o
 .bss.controlling_volume
                0x0000000000003900        0x1 src/windows/now_playing.c.28.o
 *fill*         0x0000000000003901        0x3 
 .bss.icon_more
                0x0000000000003904        0x4 src/windows/now_playing.c.28.o
 .bss.icon_volume_up
                0x0000000000003908        0x4 src/windows/now_playing.c.28.o
 .bss.previous_play_status
                0x000000000000390c        0x1 src/windows/now_playing.c.28.o
                0x000000000000390c                previous_play_status
 *fill*         0x000000000000390d        0x3 
 .bss.icon_rewind
                0x0000000000003910        0x4 src/windows/now_playing.c.28.o
 .bss.icon_volume_down
                0x0000000000003914        0x4 src/windows/now_playing.c.28.o
 .bss.current_jump.7683
                0x0000000000003918        0x1 src/windows/now_playing.c.28.o
 .bss.action_bar_timer_registered
                0x0000000000003919        0x1 src/windows/now_playing.c.28.o
                0x0000000000003919                action_bar_timer_registered
 .bss.pebble_controls_pushed_select
                0x000000000000391a        0x1 src/windows/now_playing.c.28.o
                0x000000000000391a                pebble_controls_pushed_select
 *fill*         0x000000000000391b        0x1 
 COMMON         0x000000000000391c        0x4 src/ipod.c.28.o
                0x000000000000391c                window
 COMMON         0x0000000000003920       0x25 src/ipod_state.c.28.o
                0x0000000000003920                ipod_state_callback
                0x0000000000003924                library_icon_album_art_bitmap
                0x0000000000003928                s_shuffle_mode
                0x000000000000392c                s_current_time
                0x0000000000003930                current_type
                0x0000000000003931                s_repeat_mode
                0x0000000000003934                album_art_bitmap
                0x0000000000003940                s_duration
                0x0000000000003944                s_playback_state
 *fill*         0x0000000000003945        0x3 
 COMMON         0x0000000000003948        0x7 src/settings.c.28.o
                0x0000000000003948                current_callback
                0x000000000000394c                current_settings
 *fill*         0x000000000000394f        0x1 
 COMMON         0x0000000000003950       0x14 src/windows/library_menus.c.28.o
                0x0000000000003950                menu_stack_count
                0x0000000000003954                menu_stack
 COMMON         0x0000000000003964       0x98 src/windows/main_menu.c.28.o
                0x0000000000003964                main_menu_items
                0x00000000000039c4                main_menu_icons
                0x00000000000039dc                highlight_index
                0x00000000000039e0                main_menu_icons_inverted
                0x00000000000039f8                main_menu_layer
 COMMON         0x00000000000039fc       0x50 src/windows/now_playing.c.28.o
                0x00000000000039fc                now_playing_timer
                0x0000000000003a00                artist_font
                0x0000000000003a04                now_playing_window
                0x0000000000003a08                background_colour
                0x0000000000003a09                now_playing_settings
                0x0000000000003a0c                now_playing_progress_bar
                0x0000000000003a10                now_playing_artist_layer
                0x0000000000003a14                now_playing_album_art_layer
                0x0000000000003a20                now_playing_title_layer
                0x0000000000003a24                action_bar_timer
                0x0000000000003a28                no_album_art_bitmap
                0x0000000000003a2c                artist_frame
                0x0000000000003a34                control_action_bar
                0x0000000000003a38                now_playing_graphics_layer
                0x0000000000003a3c                invert_controls_timer
                0x0000000000003a40                now_playing_album_art_bitmap

DISCARD
 libc.a(*)
 libm.a(*)
 libgcc.a(*)
 *(.eh_frame)
OUTPUT(/Users/edwinfinch/Desktop/Lignite Music/music-pebble/build/aplite/pebble-app.elf elf32-littlearm)

.ARM.attributes
                0x0000000000000000       0x27
 .ARM.attributes
                0x0000000000000000       0x19 /usr/local/Cellar/pebble-toolchain/2.0/arm-cs-tools/bin/../lib/gcc/arm-none-eabi/4.7.2/thumb2/crti.o
 .ARM.attributes
                0x0000000000000019       0x29 /usr/local/Cellar/pebble-toolchain/2.0/arm-cs-tools/bin/../lib/gcc/arm-none-eabi/4.7.2/thumb2/crtbegin.o
 .ARM.attributes
                0x0000000000000042       0x33 src/common.c.28.o
 .ARM.attributes
                0x0000000000000075       0x33 src/gbitmap.c.28.o
 .ARM.attributes
                0x00000000000000a8       0x33 src/ipod.c.28.o
 .ARM.attributes
                0x00000000000000db       0x33 src/ipod_state.c.28.o
 .ARM.attributes
                0x000000000000010e       0x33 src/layers/marquee_text.c.28.o
 .ARM.attributes
                0x0000000000000141       0x33 src/layers/progress_bar.c.28.o
 .ARM.attributes
                0x0000000000000174       0x33 src/settings.c.28.o
 .ARM.attributes
                0x00000000000001a7       0x33 src/windows/library_menus.c.28.o
 .ARM.attributes
                0x00000000000001da       0x33 src/windows/main_menu.c.28.o
 .ARM.attributes
                0x000000000000020d       0x33 src/windows/message_window.c.28.o
 .ARM.attributes
                0x0000000000000240       0x33 src/windows/now_playing.c.28.o
 .ARM.attributes
                0x0000000000000273       0x33 aplite/appinfo.auto.c.28.o
 .ARM.attributes
                0x00000000000002a6       0x33 aplite/src/resource_ids.auto.c.28.o
 .ARM.attributes
                0x00000000000002d9       0x21 /Users/edwinfinch/Library/Application Support/Pebble SDK/SDKs/current/sdk-core/pebble/aplite/lib/libpebble.a(tmpz2MrsRpebble.o)
 .ARM.attributes
                0x00000000000002fa       0x29 /usr/local/Cellar/pebble-toolchain/2.0/arm-cs-tools/bin/../lib/gcc/arm-none-eabi/4.7.2/thumb2/crtend.o
 .ARM.attributes
                0x0000000000000323       0x19 /usr/local/Cellar/pebble-toolchain/2.0/arm-cs-tools/bin/../lib/gcc/arm-none-eabi/4.7.2/thumb2/crtn.o

.comment        0x0000000000000000       0x4e
 .comment       0x0000000000000000       0x4e /usr/local/Cellar/pebble-toolchain/2.0/arm-cs-tools/bin/../lib/gcc/arm-none-eabi/4.7.2/thumb2/crtbegin.o
                                         0x4f (size before relaxing)
 .comment       0x0000000000000000       0x4f src/common.c.28.o
 .comment       0x0000000000000000       0x4f src/gbitmap.c.28.o
 .comment       0x0000000000000000       0x4f src/ipod.c.28.o
 .comment       0x0000000000000000       0x4f src/ipod_state.c.28.o
 .comment       0x0000000000000000       0x4f src/layers/marquee_text.c.28.o
 .comment       0x0000000000000000       0x4f src/layers/progress_bar.c.28.o
 .comment       0x0000000000000000       0x4f src/settings.c.28.o
 .comment       0x0000000000000000       0x4f src/windows/library_menus.c.28.o
 .comment       0x0000000000000000       0x4f src/windows/main_menu.c.28.o
 .comment       0x0000000000000000       0x4f src/windows/message_window.c.28.o
 .comment       0x0000000000000000       0x4f src/windows/now_playing.c.28.o
 .comment       0x0000000000000000       0x4f aplite/appinfo.auto.c.28.o
 .comment       0x0000000000000000       0x4f aplite/src/resource_ids.auto.c.28.o
 .comment       0x0000000000000000       0x4f /usr/local/Cellar/pebble-toolchain/2.0/arm-cs-tools/bin/../lib/gcc/arm-none-eabi/4.7.2/thumb2/crtend.o

.debug_info     0x0000000000000000     0xa1ea
 .debug_info    0x0000000000000000      0x9ef src/common.c.28.o
 .debug_info    0x00000000000009ef       0x79 src/gbitmap.c.28.o
 .debug_info    0x0000000000000a68      0xc1d src/ipod.c.28.o
 .debug_info    0x0000000000001685     0x1566 src/ipod_state.c.28.o
 .debug_info    0x0000000000002beb      0x9cc src/layers/marquee_text.c.28.o
 .debug_info    0x00000000000035b7      0x66d src/layers/progress_bar.c.28.o
 .debug_info    0x0000000000003c24      0x32e src/settings.c.28.o
 .debug_info    0x0000000000003f52     0x1c4b src/windows/library_menus.c.28.o
 .debug_info    0x0000000000005b9d     0x10c5 src/windows/main_menu.c.28.o
 .debug_info    0x0000000000006c62      0xe7d src/windows/message_window.c.28.o
 .debug_info    0x0000000000007adf     0x22a8 src/windows/now_playing.c.28.o
 .debug_info    0x0000000000009d87      0x2e6 aplite/appinfo.auto.c.28.o
 .debug_info    0x000000000000a06d      0x17d aplite/src/resource_ids.auto.c.28.o

.debug_abbrev   0x0000000000000000     0x20a7
 .debug_abbrev  0x0000000000000000      0x290 src/common.c.28.o
 .debug_abbrev  0x0000000000000290       0x26 src/gbitmap.c.28.o
 .debug_abbrev  0x00000000000002b6      0x2c6 src/ipod.c.28.o
 .debug_abbrev  0x000000000000057c      0x3ff src/ipod_state.c.28.o
 .debug_abbrev  0x000000000000097b      0x2be src/layers/marquee_text.c.28.o
 .debug_abbrev  0x0000000000000c39      0x2a4 src/layers/progress_bar.c.28.o
 .debug_abbrev  0x0000000000000edd      0x1b1 src/settings.c.28.o
 .debug_abbrev  0x000000000000108e      0x482 src/windows/library_menus.c.28.o
 .debug_abbrev  0x0000000000001510      0x339 src/windows/main_menu.c.28.o
 .debug_abbrev  0x0000000000001849      0x277 src/windows/message_window.c.28.o
 .debug_abbrev  0x0000000000001ac0      0x51b src/windows/now_playing.c.28.o
 .debug_abbrev  0x0000000000001fdb       0x88 aplite/appinfo.auto.c.28.o
 .debug_abbrev  0x0000000000002063       0x44 aplite/src/resource_ids.auto.c.28.o

.debug_loc      0x0000000000000000     0x2c06
 .debug_loc     0x0000000000000000      0x1e0 src/common.c.28.o
 .debug_loc     0x00000000000001e0      0x268 src/ipod.c.28.o
 .debug_loc     0x0000000000000448      0x6dd src/ipod_state.c.28.o
 .debug_loc     0x0000000000000b25      0x2b5 src/layers/marquee_text.c.28.o
 .debug_loc     0x0000000000000dda      0x22a src/layers/progress_bar.c.28.o
 .debug_loc     0x0000000000001004       0xbc src/settings.c.28.o
 .debug_loc     0x00000000000010c0      0xc5a src/windows/library_menus.c.28.o
 .debug_loc     0x0000000000001d1a      0x419 src/windows/main_menu.c.28.o
 .debug_loc     0x0000000000002133      0x3db src/windows/message_window.c.28.o
 .debug_loc     0x000000000000250e      0x6f8 src/windows/now_playing.c.28.o

.debug_aranges  0x0000000000000000      0x508
 .debug_aranges
                0x0000000000000000       0x48 src/common.c.28.o
 .debug_aranges
                0x0000000000000048       0x18 src/gbitmap.c.28.o
 .debug_aranges
                0x0000000000000060       0x60 src/ipod.c.28.o
 .debug_aranges
                0x00000000000000c0       0xc0 src/ipod_state.c.28.o
 .debug_aranges
                0x0000000000000180       0x68 src/layers/marquee_text.c.28.o
 .debug_aranges
                0x00000000000001e8       0x48 src/layers/progress_bar.c.28.o
 .debug_aranges
                0x0000000000000230       0x48 src/settings.c.28.o
 .debug_aranges
                0x0000000000000278       0x98 src/windows/library_menus.c.28.o
 .debug_aranges
                0x0000000000000310       0x98 src/windows/main_menu.c.28.o
 .debug_aranges
                0x00000000000003a8       0x60 src/windows/message_window.c.28.o
 .debug_aranges
                0x0000000000000408       0xd0 src/windows/now_playing.c.28.o
 .debug_aranges
                0x00000000000004d8       0x18 aplite/appinfo.auto.c.28.o
 .debug_aranges
                0x00000000000004f0       0x18 aplite/src/resource_ids.auto.c.28.o

.debug_ranges   0x0000000000000000      0x6d0
 .debug_ranges  0x0000000000000000       0x38 src/common.c.28.o
 .debug_ranges  0x0000000000000038       0x50 src/ipod.c.28.o
 .debug_ranges  0x0000000000000088      0x1d0 src/ipod_state.c.28.o
 .debug_ranges  0x0000000000000258       0x58 src/layers/marquee_text.c.28.o
 .debug_ranges  0x00000000000002b0       0x38 src/layers/progress_bar.c.28.o
 .debug_ranges  0x00000000000002e8       0x38 src/settings.c.28.o
 .debug_ranges  0x0000000000000320      0x128 src/windows/library_menus.c.28.o
 .debug_ranges  0x0000000000000448       0xc0 src/windows/main_menu.c.28.o
 .debug_ranges  0x0000000000000508       0x50 src/windows/message_window.c.28.o
 .debug_ranges  0x0000000000000558      0x178 src/windows/now_playing.c.28.o

.debug_line     0x0000000000000000     0x27ac
 .debug_line    0x0000000000000000      0x25c src/common.c.28.o
 .debug_line    0x000000000000025c       0x1d src/gbitmap.c.28.o
 .debug_line    0x0000000000000279      0x388 src/ipod.c.28.o
 .debug_line    0x0000000000000601      0x501 src/ipod_state.c.28.o
 .debug_line    0x0000000000000b02      0x312 src/layers/marquee_text.c.28.o
 .debug_line    0x0000000000000e14      0x286 src/layers/progress_bar.c.28.o
 .debug_line    0x000000000000109a      0x25c src/settings.c.28.o
 .debug_line    0x00000000000012f6      0x5b5 src/windows/library_menus.c.28.o
 .debug_line    0x00000000000018ab      0x391 src/windows/main_menu.c.28.o
 .debug_line    0x0000000000001c3c      0x34f src/windows/message_window.c.28.o
 .debug_line    0x0000000000001f8b      0x624 src/windows/now_playing.c.28.o
 .debug_line    0x00000000000025af      0x139 aplite/appinfo.auto.c.28.o
 .debug_line    0x00000000000026e8       0xc4 aplite/src/resource_ids.auto.c.28.o

.debug_str      0x0000000000000000     0x3275
 .debug_str     0x0000000000000000      0x7be src/common.c.28.o
                                        0x888 (size before relaxing)
 .debug_str     0x00000000000007be       0x11 src/gbitmap.c.28.o
                                         0xf0 (size before relaxing)
 .debug_str     0x00000000000007cf      0x4c4 src/ipod.c.28.o
                                        0x86a (size before relaxing)
 .debug_str     0x0000000000000c93      0x822 src/ipod_state.c.28.o
                                        0xf85 (size before relaxing)
 .debug_str     0x00000000000014b5      0x3b6 src/layers/marquee_text.c.28.o
                                        0x550 (size before relaxing)
 .debug_str     0x000000000000186b      0x1ac src/layers/progress_bar.c.28.o
                                        0x3da (size before relaxing)
 .debug_str     0x0000000000001a17       0xb9 src/settings.c.28.o
                                        0x2bf (size before relaxing)
 .debug_str     0x0000000000001ad0      0x817 src/windows/library_menus.c.28.o
                                       0x11f9 (size before relaxing)
 .debug_str     0x00000000000022e7      0x2cc src/windows/main_menu.c.28.o
                                        0xa99 (size before relaxing)
 .debug_str     0x00000000000025b3      0x20f src/windows/message_window.c.28.o
                                        0x878 (size before relaxing)
 .debug_str     0x00000000000027c2      0x7ba src/windows/now_playing.c.28.o
                                       0x16da (size before relaxing)
 .debug_str     0x0000000000002f7c      0x15d aplite/appinfo.auto.c.28.o
                                        0x25e (size before relaxing)
 .debug_str     0x00000000000030d9      0x19c aplite/src/resource_ids.auto.c.28.o
                                        0x270 (size before relaxing)

.debug_frame    0x0000000000000000      0xc3c
 .debug_frame   0x0000000000000000       0x98 src/common.c.28.o
 .debug_frame   0x0000000000000098       0xf8 src/ipod.c.28.o
 .debug_frame   0x0000000000000190      0x1f8 src/ipod_state.c.28.o
 .debug_frame   0x0000000000000388       0xe4 src/layers/marquee_text.c.28.o
 .debug_frame   0x000000000000046c       0x98 src/layers/progress_bar.c.28.o
 .debug_frame   0x0000000000000504       0x9c src/settings.c.28.o
 .debug_frame   0x00000000000005a0      0x1c0 src/windows/library_menus.c.28.o
 .debug_frame   0x0000000000000760      0x150 src/windows/main_menu.c.28.o
 .debug_frame   0x00000000000008b0      0x114 src/windows/message_window.c.28.o
 .debug_frame   0x00000000000009c4      0x278 src/windows/now_playing.c.28.o
