Archive member included because of file (symbol)

/Users/edwinfinch/Library/Application Support/Pebble SDK/SDKs/current/sdk-core/pebble/aplite/lib/libpebble.a(tmpz2MrsRpebble.o)
                              src/ipod.c.28.o (app_event_loop)

Allocating common symbols
Common symbol       size              file

ipod_state_callback
                    0x4               src/ipod_state.c.28.o
now_playing_timer   0x4               src/windows/now_playing.c.28.o
main_menu_window    0x4               src/windows/main_menu.c.28.o
main_menu_items     0x60              src/windows/main_menu.c.28.o
main_menu_icons     0x18              src/windows/main_menu.c.28.o
artist_font         0x4               src/windows/now_playing.c.28.o
s_shuffle_mode      0x1               src/ipod_state.c.28.o
repeat_icon_inverted
                    0x4               src/windows/library_menus.c.28.o
current_callback    0x4               src/settings.c.28.o
now_playing_window  0x4               src/windows/now_playing.c.28.o
background_colour   0x1               src/windows/now_playing.c.28.o
now_playing_settings
                    0x3               src/windows/now_playing.c.28.o
now_playing_progress_bar
                    0x4               src/windows/now_playing.c.28.o
now_playing_artist_layer
                    0x4               src/windows/now_playing.c.28.o
shuffle_icon        0x4               src/windows/library_menus.c.28.o
now_playing_album_art_layer
                    0x8               src/windows/now_playing.c.28.o
menu_stack_count    0x1               src/windows/library_menus.c.28.o
now_playing_title_layer
                    0x4               src/windows/now_playing.c.28.o
action_bar_timer    0x4               src/windows/now_playing.c.28.o
highlight_index     0x4               src/windows/main_menu.c.28.o
s_current_time      0x4               src/ipod_state.c.28.o
main_menu_icons_inverted
                    0x18              src/windows/main_menu.c.28.o
current_type        0x1               src/ipod_state.c.28.o
s_repeat_mode       0x1               src/ipod_state.c.28.o
current_settings    0x3               src/settings.c.28.o
album_art_bitmap    0x8               src/ipod_state.c.28.o
repeat_icon         0x4               src/windows/library_menus.c.28.o
shuffle_icon_inverted
                    0x4               src/windows/library_menus.c.28.o
s_duration          0x4               src/ipod_state.c.28.o
menu_stack          0x10              src/windows/library_menus.c.28.o
window              0x4               src/ipod.c.28.o
artist_frame        0x8               src/windows/now_playing.c.28.o
control_action_bar  0x4               src/windows/now_playing.c.28.o
now_playing_graphics_layer
                    0x4               src/windows/now_playing.c.28.o
s_playback_state    0x1               src/ipod_state.c.28.o
invert_controls_timer
                    0x4               src/windows/now_playing.c.28.o
now_playing_album_art_bitmap
                    0x8               src/windows/now_playing.c.28.o

Discarded input sections

 .text          0x0000000000000000        0x0 /usr/local/Cellar/pebble-toolchain/2.0/arm-cs-tools/bin/../lib/gcc/arm-none-eabi/4.7.2/thumb2/crti.o
 .bss           0x0000000000000000        0x0 /usr/local/Cellar/pebble-toolchain/2.0/arm-cs-tools/bin/../lib/gcc/arm-none-eabi/4.7.2/thumb2/crti.o
 .init          0x0000000000000000        0x4 /usr/local/Cellar/pebble-toolchain/2.0/arm-cs-tools/bin/../lib/gcc/arm-none-eabi/4.7.2/thumb2/crti.o
 .fini          0x0000000000000000        0x4 /usr/local/Cellar/pebble-toolchain/2.0/arm-cs-tools/bin/../lib/gcc/arm-none-eabi/4.7.2/thumb2/crti.o
 .text          0x0000000000000000       0xc8 /usr/local/Cellar/pebble-toolchain/2.0/arm-cs-tools/bin/../lib/gcc/arm-none-eabi/4.7.2/thumb2/crtbegin.o
 .bss           0x0000000000000000       0x1c /usr/local/Cellar/pebble-toolchain/2.0/arm-cs-tools/bin/../lib/gcc/arm-none-eabi/4.7.2/thumb2/crtbegin.o
 .init_array    0x0000000000000000        0x4 /usr/local/Cellar/pebble-toolchain/2.0/arm-cs-tools/bin/../lib/gcc/arm-none-eabi/4.7.2/thumb2/crtbegin.o
 .fini_array    0x0000000000000000        0x4 /usr/local/Cellar/pebble-toolchain/2.0/arm-cs-tools/bin/../lib/gcc/arm-none-eabi/4.7.2/thumb2/crtbegin.o
 .eh_frame      0x0000000000000000        0x0 /usr/local/Cellar/pebble-toolchain/2.0/arm-cs-tools/bin/../lib/gcc/arm-none-eabi/4.7.2/thumb2/crtbegin.o
 .jcr           0x0000000000000000        0x0 /usr/local/Cellar/pebble-toolchain/2.0/arm-cs-tools/bin/../lib/gcc/arm-none-eabi/4.7.2/thumb2/crtbegin.o
 .tm_clone_table
                0x0000000000000000        0x0 /usr/local/Cellar/pebble-toolchain/2.0/arm-cs-tools/bin/../lib/gcc/arm-none-eabi/4.7.2/thumb2/crtbegin.o
 .text          0x0000000000000000        0x0 src/common.c.28.o
 .bss           0x0000000000000000        0x0 src/common.c.28.o
 .text.reset_sequence_number
                0x0000000000000000       0x22 src/common.c.28.o
[...]
Memory Configuration

Name             Origin             Length             Attributes
APP              0x0000000000000000 0x0000000000006000 xrw
*default*        0x0000000000000000 0xffffffffffffffff

Linker script and memory map

LOAD /usr/local/Cellar/pebble-toolchain/2.0/arm-cs-tools/bin/../lib/gcc/arm-none-eabi/4.7.2/thumb2/crti.o
LOAD /usr/local/Cellar/pebble-toolchain/2.0/arm-cs-tools/bin/../lib/gcc/arm-none-eabi/4.7.2/thumb2/crtbegin.o
LOAD src/common.c.28.o
LOAD src/gbitmap.c.28.o
LOAD src/ipod.c.28.o
LOAD src/ipod_state.c.28.o
LOAD src/layers/marquee_text.c.28.o
LOAD src/layers/progress_bar.c.28.o
LOAD src/settings.c.28.o
LOAD src/windows/library_menus.c.28.o
LOAD src/windows/main_menu.c.28.o
LOAD src/windows/message_window.c.28.o
LOAD src/windows/now_playing.c.28.o
LOAD aplite/appinfo.auto.c.28.o
LOAD aplite/src/resource_ids.auto.c.28.o
LOAD /Users/edwinfinch/Library/Application Support/Pebble SDK/SDKs/current/sdk-core/pebble/aplite/lib/libpebble.a
START GROUP
LOAD /usr/local/Cellar/pebble-toolchain/2.0/arm-cs-tools/bin/../lib/gcc/arm-none-eabi/4.7.2/thumb2/libgcc.a
LOAD /usr/local/Cellar/pebble-toolchain/2.0/arm-cs-tools/bin/../lib/gcc/arm-none-eabi/4.7.2/../../../../arm-none-eabi/lib/thumb2/libc.a
END GROUP
LOAD /usr/local/Cellar/pebble-toolchain/2.0/arm-cs-tools/bin/../lib/gcc/arm-none-eabi/4.7.2/thumb2/crtend.o
LOAD /usr/local/Cellar/pebble-toolchain/2.0/arm-cs-tools/bin/../lib/gcc/arm-none-eabi/4.7.2/thumb2/crtn.o

.header         0x0000000000000000       0x82
 *(.pbl_header)
 .pbl_header    0x0000000000000000       0x82 aplite/appinfo.auto.c.28.o
                0x0000000000000000                __pbl_app_info

.note.gnu.build-id
                0x0000000000000082       0x26
                0x0000000000000082                PROVIDE (BUILD_ID, .)
 *(.note.gnu.build-id)
 *fill*         0x0000000000000082        0x2 
 .note.gnu.build-id
                0x0000000000000084       0x24 linker stubs

.text           0x00000000000000a8     0x32bc
 *(.text)
 .text          0x00000000000000a8       0x14 /Users/edwinfinch/Library/Application Support/Pebble SDK/SDKs/current/sdk-core/pebble/aplite/lib/libpebble.a(tmpz2MrsRpebble.o)
 *(.text.*)
 .text.ipod_message_timer_fire
                0x00000000000000bc        0x4 src/common.c.28.o
                0x00000000000000bc                ipod_message_timer_fire
 .text.on_animation_stopped
                0x00000000000000c0        0x4 src/common.c.28.o
                0x00000000000000c0                on_animation_stopped
 .text.animate_layer
                0x00000000000000c4       0x54 src/common.c.28.o
                0x00000000000000c4                animate_layer
 .text.ipod_message_destroy
                0x0000000000000118       0x14 src/common.c.28.o
                0x0000000000000118                ipod_message_destroy
 .text.ipod_message_outbox_get
                0x000000000000012c       0x3c src/common.c.28.o
                0x000000000000012c                ipod_message_outbox_get
 .text.pebblekit_connection_handler
                0x0000000000000168       0x20 src/ipod.c.28.o
                0x0000000000000168                pebblekit_connection_handler
 .text.failed_outbox_handler
                0x0000000000000188       0x20 src/ipod.c.28.o
                0x0000000000000188                failed_outbox_handler
 .text.pebble_app_connection_handler
                0x00000000000001a8       0x34 src/ipod.c.28.o
                0x00000000000001a8                pebble_app_connection_handler
 .text.dropped_inbox_handler
                0x00000000000001dc       0x28 src/ipod.c.28.o
                0x00000000000001dc                dropped_inbox_handler
 .text.tick_handler
                0x0000000000000204        0xe src/ipod.c.28.o
                0x0000000000000204                tick_handler
 *fill*         0x0000000000000212        0x2 
 .text.ipod_create
                0x0000000000000214       0x30 src/ipod.c.28.o
                0x0000000000000214                ipod_create
 .text.ipod_app_timer_handler
                0x0000000000000244        0xe src/ipod.c.28.o
                0x0000000000000244                ipod_app_timer_handler
 *fill*         0x0000000000000252        0x2 
 .text.startup.main
                0x0000000000000254       0x98 src/ipod.c.28.o
                0x0000000000000254                main
 .text.ipod_state_tick
                0x00000000000002ec       0x50 src/ipod_state.c.28.o
                0x00000000000002ec                ipod_state_tick
 .text.ipod_state_set_callback
                0x000000000000033c       0x14 src/ipod_state.c.28.o
                0x000000000000033c                ipod_state_set_callback
 .text.ipod_state_current_time
                0x0000000000000350       0x14 src/ipod_state.c.28.o
                0x0000000000000350                ipod_state_current_time
 .text.ipod_state_duration
                0x0000000000000364       0x14 src/ipod_state.c.28.o
                0x0000000000000364                ipod_state_duration
 .text.ipod_get_playback_state
                0x0000000000000378       0x14 src/ipod_state.c.28.o
                0x0000000000000378                ipod_get_playback_state
 .text.ipod_get_artist
                0x000000000000038c        0xc src/ipod_state.c.28.o
                0x000000000000038c                ipod_get_artist
 .text.ipod_get_title
                0x0000000000000398        0xc src/ipod_state.c.28.o
                0x0000000000000398                ipod_get_title
 .text.now_playing_request
                0x00000000000003a4       0x64 src/ipod_state.c.28.o
                0x00000000000003a4                now_playing_request
 .text.call_callback
                0x0000000000000408       0x4c src/ipod_state.c.28.o
                0x0000000000000408                call_callback
 .text.destroy_all_album_art
                0x0000000000000454       0x40 src/ipod_state.c.28.o
                0x0000000000000454                destroy_all_album_art
 .text.create_bitmap
                0x0000000000000494       0xac src/ipod_state.c.28.o
                0x0000000000000494                create_bitmap
 .text.process_album_art_tuple
                0x0000000000000540      0x1a0 src/ipod_state.c.28.o
                0x0000000000000540                process_album_art_tuple
 .text.process_tuple
                0x00000000000006e0      0x1d4 src/ipod_state.c.28.o
                0x00000000000006e0                process_tuple
 .text.ipod_received_handler
                0x00000000000008b4       0x20 src/ipod_state.c.28.o
                0x00000000000008b4                ipod_received_handler
 .text.ipod_state_create
                0x00000000000008d4       0x30 src/ipod_state.c.28.o
                0x00000000000008d4                ipod_state_create
 .text.marquee_text_layer_update_proc
                0x0000000000000904      0x186 src/layers/marquee_text.c.28.o
                0x0000000000000904                marquee_text_layer_update_proc
 *fill*         0x0000000000000a8a        0x2 
 .text.marquee_text_layer_destroy
                0x0000000000000a8c       0x34 src/layers/marquee_text.c.28.o
                0x0000000000000a8c                marquee_text_layer_destroy
 .text.marquee_text_layer_get_layer
                0x0000000000000ac0        0x4 src/layers/marquee_text.c.28.o
                0x0000000000000ac0                marquee_text_layer_get_layer
 .text.marquee_text_layer_mark_dirty
                0x0000000000000ac4       0x14 src/layers/marquee_text.c.28.o
                0x0000000000000ac4                marquee_text_layer_mark_dirty
 .text.marquee_text_layer_set_font
                0x0000000000000ad8        0x6 src/layers/marquee_text.c.28.o
                0x0000000000000ad8                marquee_text_layer_set_font
 .text.marquee_text_layer_set_text
                0x0000000000000ade        0x6 src/layers/marquee_text.c.28.o
                0x0000000000000ade                marquee_text_layer_set_text
 .text.marquee_text_layer_create
                0x0000000000000ae4       0x90 src/layers/marquee_text.c.28.o
                0x0000000000000ae4                marquee_text_layer_create
 .text.marquee_text_layer_tick
                0x0000000000000b74       0x30 src/layers/marquee_text.c.28.o
                0x0000000000000b74                marquee_text_layer_tick
 .text.progress_bar_update_proc
                0x0000000000000ba4       0x64 src/layers/progress_bar.c.28.o
 .text.progress_bar_layer_create
                0x0000000000000c08       0x40 src/layers/progress_bar.c.28.o
                0x0000000000000c08                progress_bar_layer_create
 .text.progress_bar_layer_destroy
                0x0000000000000c48       0x14 src/layers/progress_bar.c.28.o
                0x0000000000000c48                progress_bar_layer_destroy
 .text.progress_bar_layer_get_layer
                0x0000000000000c5c        0x4 src/layers/progress_bar.c.28.o
                0x0000000000000c5c                progress_bar_layer_get_layer
 .text.progress_bar_layer_set_range
                0x0000000000000c60        0xe src/layers/progress_bar.c.28.o
                0x0000000000000c60                progress_bar_layer_set_range
 .text.progress_bar_layer_set_value
                0x0000000000000c6e        0xc src/layers/progress_bar.c.28.o
                0x0000000000000c6e                progress_bar_layer_set_value
 *fill*         0x0000000000000c7a        0x2 
 .text.settings_service_subscribe
                0x0000000000000c7c       0x14 src/settings.c.28.o
                0x0000000000000c7c                settings_service_subscribe
 .text.settings_get_settings
                0x0000000000000c90       0x34 src/settings.c.28.o
                0x0000000000000c90                settings_get_settings
 .text.settings_prepare_defaults
                0x0000000000000cc4       0x1c src/settings.c.28.o
                0x0000000000000cc4                settings_prepare_defaults
 .text.settings_load
                0x0000000000000ce0       0x44 src/settings.c.28.o
                0x0000000000000ce0                settings_load
 .text.settings_save
                0x0000000000000d24       0x3c src/settings.c.28.o
                0x0000000000000d24                settings_save
 .text.settings_set_settings
                0x0000000000000d60       0x44 src/settings.c.28.o
                0x0000000000000d60                settings_set_settings
 .text.get_num_rows
                0x0000000000000da4       0x34 src/windows/library_menus.c.28.o
                0x0000000000000da4                get_num_rows
 .text.draw_row
                0x0000000000000dd8      0x244 src/windows/library_menus.c.28.o
                0x0000000000000dd8                draw_row
 .text.library_menus_window_unload
                0x000000000000101c       0x94 src/windows/library_menus.c.28.o
                0x000000000000101c                library_menus_window_unload
 .text.library_menus_create
                0x00000000000010b0       0x18 src/windows/library_menus.c.28.o
                0x00000000000010b0                library_menus_create
 .text.library_menus_pop_all
                0x00000000000010c8       0x28 src/windows/library_menus.c.28.o
                0x00000000000010c8                library_menus_pop_all
 .text.build_parent_history
                0x00000000000010f0       0x7c src/windows/library_menus.c.28.o
                0x00000000000010f0                build_parent_history
 .text.send_library_request
                0x000000000000116c       0x74 src/windows/library_menus.c.28.o
                0x000000000000116c                send_library_request
 .text.selection_changed
                0x00000000000011e0       0x7a src/windows/library_menus.c.28.o
                0x00000000000011e0                selection_changed
 *fill*         0x000000000000125a        0x2 
 .text.play_track
                0x000000000000125c       0x74 src/windows/library_menus.c.28.o
                0x000000000000125c                play_track
 .text.clear_library_entry_data
                0x00000000000012d0       0x16 src/windows/library_menus.c.28.o
                0x00000000000012d0                clear_library_entry_data
 *fill*         0x00000000000012e6        0x2 
 .text.library_menus_display_view
                0x00000000000012e8      0x248 src/windows/library_menus.c.28.o
                0x00000000000012e8                library_menus_display_view
 .text.select_click
                0x0000000000001530       0xbc src/windows/library_menus.c.28.o
                0x0000000000001530                select_click
 .text.library_menus_inbox
                0x00000000000015ec      0x20c src/windows/library_menus.c.28.o
                0x00000000000015ec                library_menus_inbox
 .text.main_menu_get_num_sections
                0x00000000000017f8        0x4 src/windows/main_menu.c.28.o
                0x00000000000017f8                main_menu_get_num_sections
 .text.menu_get_num_rows_callback
                0x00000000000017fc        0x4 src/windows/main_menu.c.28.o
                0x00000000000017fc                menu_get_num_rows_callback
 .text.menu_get_header_height_callback
                0x0000000000001800        0x4 src/windows/main_menu.c.28.o
                0x0000000000001800                menu_get_header_height_callback
 .text.menu_select_callback
                0x0000000000001804       0x20 src/windows/main_menu.c.28.o
                0x0000000000001804                menu_select_callback
 .text.open_composer_list
                0x0000000000001824       0x10 src/windows/main_menu.c.28.o
                0x0000000000001824                open_composer_list
 .text.open_genre_list
                0x0000000000001834       0x10 src/windows/main_menu.c.28.o
                0x0000000000001834                open_genre_list
 .text.open_playlist_list
                0x0000000000001844       0x10 src/windows/main_menu.c.28.o
                0x0000000000001844                open_playlist_list
 .text.open_album_list
                0x0000000000001854       0x10 src/windows/main_menu.c.28.o
                0x0000000000001854                open_album_list
 .text.open_artist_list
                0x0000000000001864       0x10 src/windows/main_menu.c.28.o
                0x0000000000001864                open_artist_list
 .text.open_now_playing
                0x0000000000001874        0x4 src/windows/main_menu.c.28.o
                0x0000000000001874                open_now_playing
 .text.menu_selection_changed
                0x0000000000001878       0x2c src/windows/main_menu.c.28.o
                0x0000000000001878                menu_selection_changed
 .text.main_menu_send_now_playing_request
                0x00000000000018a4        0x6 src/windows/main_menu.c.28.o
                0x00000000000018a4                main_menu_send_now_playing_request
 *fill*         0x00000000000018aa        0x2 
 .text.menu_draw_row_callback
                0x00000000000018ac       0x70 src/windows/main_menu.c.28.o
                0x00000000000018ac                menu_draw_row_callback
 .text.update_highlight_colours
                0x000000000000191c       0x58 src/windows/main_menu.c.28.o
                0x000000000000191c                update_highlight_colours
 .text.main_menu_create
                0x0000000000001974      0x148 src/windows/main_menu.c.28.o
                0x0000000000001974                main_menu_create
 .text.main_menu_destroy
                0x0000000000001abc       0x4c src/windows/main_menu.c.28.o
                0x0000000000001abc                main_menu_destroy
 .text.now_playing_window_unload
                0x0000000000001b08      0x118 src/windows/now_playing.c.28.o
                0x0000000000001b08                now_playing_window_unload
 .text.now_playing_click_config_provider
                0x0000000000001c20       0x44 src/windows/now_playing.c.28.o
                0x0000000000001c20                now_playing_click_config_provider
 .text.animate_action_bar
                0x0000000000001c64       0x8c src/windows/now_playing.c.28.o
                0x0000000000001c64                animate_action_bar
 .text.now_playing_graphics_proc
                0x0000000000001cf0      0x198 src/windows/now_playing.c.28.o
                0x0000000000001cf0                now_playing_graphics_proc
 .text.display_no_album
                0x0000000000001e88       0x40 src/windows/now_playing.c.28.o
                0x0000000000001e88                display_no_album
 .text.now_playing_is_playing_music
                0x0000000000001ec8        0xe src/windows/now_playing.c.28.o
                0x0000000000001ec8                now_playing_is_playing_music
 *fill*         0x0000000000001ed6        0x2 
 .text.now_playing_invert_button_controls
                0x0000000000001ed8       0xc8 src/windows/now_playing.c.28.o
                0x0000000000001ed8                now_playing_invert_button_controls
 .text.now_playing_check_for_no_music
                0x0000000000001fa0       0x54 src/windows/now_playing.c.28.o
                0x0000000000001fa0                now_playing_check_for_no_music
 .text.now_playing_send_state_change
                0x0000000000001ff4       0x1e src/windows/now_playing.c.28.o
                0x0000000000001ff4                now_playing_send_state_change
 *fill*         0x0000000000002012        0x2 
 .text.now_playing_set_album_art
                0x0000000000002014       0x68 src/windows/now_playing.c.28.o
                0x0000000000002014                now_playing_set_album_art
 .text.now_playing_tick
                0x000000000000207c       0x58 src/windows/now_playing.c.28.o
                0x000000000000207c                now_playing_tick
 .text.now_playing_animation_tick
                0x00000000000020d4       0x3c src/windows/now_playing.c.28.o
                0x00000000000020d4                now_playing_animation_tick
 .text.now_playing_new_settings
                0x0000000000002110       0xf8 src/windows/now_playing.c.28.o
                0x0000000000002110                now_playing_new_settings
 .text.now_playing_action_bar_handle
                0x0000000000002208       0x98 src/windows/now_playing.c.28.o
                0x0000000000002208                now_playing_action_bar_handle
 .text.now_playing_long_clicked_select
                0x00000000000022a0       0x40 src/windows/now_playing.c.28.o
                0x00000000000022a0                now_playing_long_clicked_select
 .text.now_playing_state_callback
                0x00000000000022e0      0x134 src/windows/now_playing.c.28.o
                0x00000000000022e0                now_playing_state_callback
 .text.now_playing_window_load
                0x0000000000002414      0x3bc src/windows/now_playing.c.28.o
                0x0000000000002414                now_playing_window_load
 .text.now_playing_reset_invert_controls
                0x00000000000027d0       0x40 src/windows/now_playing.c.28.o
                0x00000000000027d0                now_playing_reset_invert_controls
 .text.now_playing_clicked_down
                0x0000000000002810       0x2c src/windows/now_playing.c.28.o
                0x0000000000002810                now_playing_clicked_down
 .text.now_playing_clicked_select
                0x000000000000283c       0x58 src/windows/now_playing.c.28.o
                0x000000000000283c                now_playing_clicked_select
 .text.now_playing_clicked_up
                0x0000000000002894       0x2c src/windows/now_playing.c.28.o
                0x0000000000002894                now_playing_clicked_up
 .text.now_playing_show
                0x00000000000028c0       0x94 src/windows/now_playing.c.28.o
                0x00000000000028c0                now_playing_show
 .text.app_event_loop
                0x0000000000002954        0xc /Users/edwinfinch/Library/Application Support/Pebble SDK/SDKs/current/sdk-core/pebble/aplite/lib/libpebble.a(tmpz2MrsRpebble.o)
                0x0000000000002954                app_event_loop
 .text.app_log  0x0000000000002960        0xc /Users/edwinfinch/Library/Application Support/Pebble SDK/SDKs/current/sdk-core/pebble/aplite/lib/libpebble.a(tmpz2MrsRpebble.o)
                0x0000000000002960                app_log
 .text.app_message_open
                0x000000000000296c        0xc /Users/edwinfinch/Library/Application Support/Pebble SDK/SDKs/current/sdk-core/pebble/aplite/lib/libpebble.a(tmpz2MrsRpebble.o)
                0x000000000000296c                app_message_open
 .text.app_timer_cancel
                0x0000000000002978        0xc /Users/edwinfinch/Library/Application Support/Pebble SDK/SDKs/current/sdk-core/pebble/aplite/lib/libpebble.a(tmpz2MrsRpebble.o)
                0x0000000000002978                app_timer_cancel
 .text.app_timer_register
                0x0000000000002984        0xc /Users/edwinfinch/Library/Application Support/Pebble SDK/SDKs/current/sdk-core/pebble/aplite/lib/libpebble.a(tmpz2MrsRpebble.o)
                0x0000000000002984                app_timer_register
 .text.bitmap_layer_create
                0x0000000000002990        0xc /Users/edwinfinch/Library/Application Support/Pebble SDK/SDKs/current/sdk-core/pebble/aplite/lib/libpebble.a(tmpz2MrsRpebble.o)
                0x0000000000002990                bitmap_layer_create
 .text.bitmap_layer_destroy
                0x000000000000299c        0xc /Users/edwinfinch/Library/Application Support/Pebble SDK/SDKs/current/sdk-core/pebble/aplite/lib/libpebble.a(tmpz2MrsRpebble.o)
                0x000000000000299c                bitmap_layer_destroy
 .text.bitmap_layer_get_layer
                0x00000000000029a8        0xc /Users/edwinfinch/Library/Application Support/Pebble SDK/SDKs/current/sdk-core/pebble/aplite/lib/libpebble.a(tmpz2MrsRpebble.o)
                0x00000000000029a8                bitmap_layer_get_layer
 .text.bitmap_layer_set_bitmap
                0x00000000000029b4        0xc /Users/edwinfinch/Library/Application Support/Pebble SDK/SDKs/current/sdk-core/pebble/aplite/lib/libpebble.a(tmpz2MrsRpebble.o)
                0x00000000000029b4                bitmap_layer_set_bitmap
 .text.dict_find
                0x00000000000029c0        0xc /Users/edwinfinch/Library/Application Support/Pebble SDK/SDKs/current/sdk-core/pebble/aplite/lib/libpebble.a(tmpz2MrsRpebble.o)
                0x00000000000029c0                dict_find
 .text.dict_read_first
                0x00000000000029cc        0xc /Users/edwinfinch/Library/Application Support/Pebble SDK/SDKs/current/sdk-core/pebble/aplite/lib/libpebble.a(tmpz2MrsRpebble.o)
                0x00000000000029cc                dict_read_first
 .text.dict_read_next
                0x00000000000029d8        0xc /Users/edwinfinch/Library/Application Support/Pebble SDK/SDKs/current/sdk-core/pebble/aplite/lib/libpebble.a(tmpz2MrsRpebble.o)
                0x00000000000029d8                dict_read_next
 .text.dict_write_data
                0x00000000000029e4        0xc /Users/edwinfinch/Library/Application Support/Pebble SDK/SDKs/current/sdk-core/pebble/aplite/lib/libpebble.a(tmpz2MrsRpebble.o)
                0x00000000000029e4                dict_write_data
 .text.dict_write_int16
                0x00000000000029f0        0xc /Users/edwinfinch/Library/Application Support/Pebble SDK/SDKs/current/sdk-core/pebble/aplite/lib/libpebble.a(tmpz2MrsRpebble.o)
                0x00000000000029f0                dict_write_int16
 .text.dict_write_int32
                0x00000000000029fc        0xc /Users/edwinfinch/Library/Application Support/Pebble SDK/SDKs/current/sdk-core/pebble/aplite/lib/libpebble.a(tmpz2MrsRpebble.o)
                0x00000000000029fc                dict_write_int32
 .text.dict_write_int8
                0x0000000000002a08        0xc /Users/edwinfinch/Library/Application Support/Pebble SDK/SDKs/current/sdk-core/pebble/aplite/lib/libpebble.a(tmpz2MrsRpebble.o)
                0x0000000000002a08                dict_write_int8
 .text.dict_write_uint16
                0x0000000000002a14        0xc /Users/edwinfinch/Library/Application Support/Pebble SDK/SDKs/current/sdk-core/pebble/aplite/lib/libpebble.a(tmpz2MrsRpebble.o)
                0x0000000000002a14                dict_write_uint16
 .text.dict_write_uint32
                0x0000000000002a20        0xc /Users/edwinfinch/Library/Application Support/Pebble SDK/SDKs/current/sdk-core/pebble/aplite/lib/libpebble.a(tmpz2MrsRpebble.o)
                0x0000000000002a20                dict_write_uint32
 .text.dict_write_uint8
                0x0000000000002a2c        0xc /Users/edwinfinch/Library/Application Support/Pebble SDK/SDKs/current/sdk-core/pebble/aplite/lib/libpebble.a(tmpz2MrsRpebble.o)
                0x0000000000002a2c                dict_write_uint8
 .text.fonts_get_system_font
                0x0000000000002a38        0xc /Users/edwinfinch/Library/Application Support/Pebble SDK/SDKs/current/sdk-core/pebble/aplite/lib/libpebble.a(tmpz2MrsRpebble.o)
                0x0000000000002a38                fonts_get_system_font
 .text.free     0x0000000000002a44        0xc /Users/edwinfinch/Library/Application Support/Pebble SDK/SDKs/current/sdk-core/pebble/aplite/lib/libpebble.a(tmpz2MrsRpebble.o)
                0x0000000000002a44                free
 .text.gbitmap_create_with_resource
                0x0000000000002a50        0xc /Users/edwinfinch/Library/Application Support/Pebble SDK/SDKs/current/sdk-core/pebble/aplite/lib/libpebble.a(tmpz2MrsRpebble.o)
                0x0000000000002a50                gbitmap_create_with_resource
 .text.gbitmap_destroy
                0x0000000000002a5c        0xc /Users/edwinfinch/Library/Application Support/Pebble SDK/SDKs/current/sdk-core/pebble/aplite/lib/libpebble.a(tmpz2MrsRpebble.o)
                0x0000000000002a5c                gbitmap_destroy
 .text.graphics_context_set_compositing_mode
                0x0000000000002a68        0xc /Users/edwinfinch/Library/Application Support/Pebble SDK/SDKs/current/sdk-core/pebble/aplite/lib/libpebble.a(tmpz2MrsRpebble.o)
                0x0000000000002a68                graphics_context_set_compositing_mode
 .text.graphics_draw_bitmap_in_rect
                0x0000000000002a74        0xc /Users/edwinfinch/Library/Application Support/Pebble SDK/SDKs/current/sdk-core/pebble/aplite/lib/libpebble.a(tmpz2MrsRpebble.o)
                0x0000000000002a74                graphics_draw_bitmap_in_rect
 .text.graphics_fill_rect
                0x0000000000002a80        0xc /Users/edwinfinch/Library/Application Support/Pebble SDK/SDKs/current/sdk-core/pebble/aplite/lib/libpebble.a(tmpz2MrsRpebble.o)
                0x0000000000002a80                graphics_fill_rect
 .text.layer_add_child
                0x0000000000002a8c        0xc /Users/edwinfinch/Library/Application Support/Pebble SDK/SDKs/current/sdk-core/pebble/aplite/lib/libpebble.a(tmpz2MrsRpebble.o)
                0x0000000000002a8c                layer_add_child
 .text.layer_create
                0x0000000000002a98        0xc /Users/edwinfinch/Library/Application Support/Pebble SDK/SDKs/current/sdk-core/pebble/aplite/lib/libpebble.a(tmpz2MrsRpebble.o)
                0x0000000000002a98                layer_create
 .text.layer_create_with_data
                0x0000000000002aa4        0xc /Users/edwinfinch/Library/Application Support/Pebble SDK/SDKs/current/sdk-core/pebble/aplite/lib/libpebble.a(tmpz2MrsRpebble.o)
                0x0000000000002aa4                layer_create_with_data
 .text.layer_destroy
                0x0000000000002ab0        0xc /Users/edwinfinch/Library/Application Support/Pebble SDK/SDKs/current/sdk-core/pebble/aplite/lib/libpebble.a(tmpz2MrsRpebble.o)
                0x0000000000002ab0                layer_destroy
 .text.layer_get_bounds
                0x0000000000002abc        0xc /Users/edwinfinch/Library/Application Support/Pebble SDK/SDKs/current/sdk-core/pebble/aplite/lib/libpebble.a(tmpz2MrsRpebble.o)
                0x0000000000002abc                layer_get_bounds
 .text.layer_get_data
                0x0000000000002ac8        0xc /Users/edwinfinch/Library/Application Support/Pebble SDK/SDKs/current/sdk-core/pebble/aplite/lib/libpebble.a(tmpz2MrsRpebble.o)
                0x0000000000002ac8                layer_get_data
 .text.layer_get_frame
                0x0000000000002ad4        0xc /Users/edwinfinch/Library/Application Support/Pebble SDK/SDKs/current/sdk-core/pebble/aplite/lib/libpebble.a(tmpz2MrsRpebble.o)
                0x0000000000002ad4                layer_get_frame
 .text.layer_mark_dirty
                0x0000000000002ae0        0xc /Users/edwinfinch/Library/Application Support/Pebble SDK/SDKs/current/sdk-core/pebble/aplite/lib/libpebble.a(tmpz2MrsRpebble.o)
                0x0000000000002ae0                layer_mark_dirty
 .text.layer_set_bounds
                0x0000000000002aec        0xc /Users/edwinfinch/Library/Application Support/Pebble SDK/SDKs/current/sdk-core/pebble/aplite/lib/libpebble.a(tmpz2MrsRpebble.o)
                0x0000000000002aec                layer_set_bounds
 .text.layer_set_hidden
                0x0000000000002af8        0xc /Users/edwinfinch/Library/Application Support/Pebble SDK/SDKs/current/sdk-core/pebble/aplite/lib/libpebble.a(tmpz2MrsRpebble.o)
                0x0000000000002af8                layer_set_hidden
 .text.layer_set_update_proc
                0x0000000000002b04        0xc /Users/edwinfinch/Library/Application Support/Pebble SDK/SDKs/current/sdk-core/pebble/aplite/lib/libpebble.a(tmpz2MrsRpebble.o)
                0x0000000000002b04                layer_set_update_proc
 .text.malloc   0x0000000000002b10        0xc /Users/edwinfinch/Library/Application Support/Pebble SDK/SDKs/current/sdk-core/pebble/aplite/lib/libpebble.a(tmpz2MrsRpebble.o)
                0x0000000000002b10                malloc
 .text.memcpy   0x0000000000002b1c        0xc /Users/edwinfinch/Library/Application Support/Pebble SDK/SDKs/current/sdk-core/pebble/aplite/lib/libpebble.a(tmpz2MrsRpebble.o)
                0x0000000000002b1c                memcpy
 .text.memmove  0x0000000000002b28        0xc /Users/edwinfinch/Library/Application Support/Pebble SDK/SDKs/current/sdk-core/pebble/aplite/lib/libpebble.a(tmpz2MrsRpebble.o)
                0x0000000000002b28                memmove
 .text.memset   0x0000000000002b34        0xc /Users/edwinfinch/Library/Application Support/Pebble SDK/SDKs/current/sdk-core/pebble/aplite/lib/libpebble.a(tmpz2MrsRpebble.o)
                0x0000000000002b34                memset
 .text.menu_cell_basic_draw
                0x0000000000002b40        0xc /Users/edwinfinch/Library/Application Support/Pebble SDK/SDKs/current/sdk-core/pebble/aplite/lib/libpebble.a(tmpz2MrsRpebble.o)
                0x0000000000002b40                menu_cell_basic_draw
 .text.menu_layer_destroy
                0x0000000000002b4c        0xc /Users/edwinfinch/Library/Application Support/Pebble SDK/SDKs/current/sdk-core/pebble/aplite/lib/libpebble.a(tmpz2MrsRpebble.o)
                0x0000000000002b4c                menu_layer_destroy
 .text.menu_layer_get_layer
                0x0000000000002b58        0xc /Users/edwinfinch/Library/Application Support/Pebble SDK/SDKs/current/sdk-core/pebble/aplite/lib/libpebble.a(tmpz2MrsRpebble.o)
                0x0000000000002b58                menu_layer_get_layer
 .text.menu_layer_reload_data
                0x0000000000002b64        0xc /Users/edwinfinch/Library/Application Support/Pebble SDK/SDKs/current/sdk-core/pebble/aplite/lib/libpebble.a(tmpz2MrsRpebble.o)
                0x0000000000002b64                menu_layer_reload_data
 .text.menu_layer_set_click_config_onto_window
                0x0000000000002b70        0xc /Users/edwinfinch/Library/Application Support/Pebble SDK/SDKs/current/sdk-core/pebble/aplite/lib/libpebble.a(tmpz2MrsRpebble.o)
                0x0000000000002b70                menu_layer_set_click_config_onto_window
 .text.menu_layer_set_selected_index
                0x0000000000002b7c        0xc /Users/edwinfinch/Library/Application Support/Pebble SDK/SDKs/current/sdk-core/pebble/aplite/lib/libpebble.a(tmpz2MrsRpebble.o)
                0x0000000000002b7c                menu_layer_set_selected_index
 .text.strcmp   0x0000000000002b88        0xc /Users/edwinfinch/Library/Application Support/Pebble SDK/SDKs/current/sdk-core/pebble/aplite/lib/libpebble.a(tmpz2MrsRpebble.o)
                0x0000000000002b88                strcmp
 .text.strlen   0x0000000000002b94        0xc /Users/edwinfinch/Library/Application Support/Pebble SDK/SDKs/current/sdk-core/pebble/aplite/lib/libpebble.a(tmpz2MrsRpebble.o)
                0x0000000000002b94                strlen
 .text.strncpy  0x0000000000002ba0        0xc /Users/edwinfinch/Library/Application Support/Pebble SDK/SDKs/current/sdk-core/pebble/aplite/lib/libpebble.a(tmpz2MrsRpebble.o)
                0x0000000000002ba0                strncpy
 .text.tick_timer_service_subscribe
                0x0000000000002bac        0xc /Users/edwinfinch/Library/Application Support/Pebble SDK/SDKs/current/sdk-core/pebble/aplite/lib/libpebble.a(tmpz2MrsRpebble.o)
                0x0000000000002bac                tick_timer_service_subscribe
 .text.vibes_double_pulse
                0x0000000000002bb8        0xc /Users/edwinfinch/Library/Application Support/Pebble SDK/SDKs/current/sdk-core/pebble/aplite/lib/libpebble.a(tmpz2MrsRpebble.o)
                0x0000000000002bb8                vibes_double_pulse
 .text.vibes_enqueue_custom_pattern
                0x0000000000002bc4        0xc /Users/edwinfinch/Library/Application Support/Pebble SDK/SDKs/current/sdk-core/pebble/aplite/lib/libpebble.a(tmpz2MrsRpebble.o)
                0x0000000000002bc4                vibes_enqueue_custom_pattern
 .text.vibes_long_pulse
                0x0000000000002bd0        0xc /Users/edwinfinch/Library/Application Support/Pebble SDK/SDKs/current/sdk-core/pebble/aplite/lib/libpebble.a(tmpz2MrsRpebble.o)
                0x0000000000002bd0                vibes_long_pulse
 .text.vibes_short_pulse
                0x0000000000002bdc        0xc /Users/edwinfinch/Library/Application Support/Pebble SDK/SDKs/current/sdk-core/pebble/aplite/lib/libpebble.a(tmpz2MrsRpebble.o)
                0x0000000000002bdc                vibes_short_pulse
 .text.window_create
                0x0000000000002be8        0xc /Users/edwinfinch/Library/Application Support/Pebble SDK/SDKs/current/sdk-core/pebble/aplite/lib/libpebble.a(tmpz2MrsRpebble.o)
                0x0000000000002be8                window_create
 .text.window_destroy
                0x0000000000002bf4        0xc /Users/edwinfinch/Library/Application Support/Pebble SDK/SDKs/current/sdk-core/pebble/aplite/lib/libpebble.a(tmpz2MrsRpebble.o)
                0x0000000000002bf4                window_destroy
 .text.window_get_root_layer
                0x0000000000002c00        0xc /Users/edwinfinch/Library/Application Support/Pebble SDK/SDKs/current/sdk-core/pebble/aplite/lib/libpebble.a(tmpz2MrsRpebble.o)
                0x0000000000002c00                window_get_root_layer
 .text.window_set_window_handlers
                0x0000000000002c0c        0xc /Users/edwinfinch/Library/Application Support/Pebble SDK/SDKs/current/sdk-core/pebble/aplite/lib/libpebble.a(tmpz2MrsRpebble.o)
                0x0000000000002c0c                window_set_window_handlers
 .text.window_stack_push
                0x0000000000002c18        0xc /Users/edwinfinch/Library/Application Support/Pebble SDK/SDKs/current/sdk-core/pebble/aplite/lib/libpebble.a(tmpz2MrsRpebble.o)
                0x0000000000002c18                window_stack_push
 .text.window_stack_remove
                0x0000000000002c24        0xc /Users/edwinfinch/Library/Application Support/Pebble SDK/SDKs/current/sdk-core/pebble/aplite/lib/libpebble.a(tmpz2MrsRpebble.o)
                0x0000000000002c24                window_stack_remove
 .text.app_message_outbox_begin
                0x0000000000002c30        0xc /Users/edwinfinch/Library/Application Support/Pebble SDK/SDKs/current/sdk-core/pebble/aplite/lib/libpebble.a(tmpz2MrsRpebble.o)
                0x0000000000002c30                app_message_outbox_begin
 .text.app_message_outbox_send
                0x0000000000002c3c        0xc /Users/edwinfinch/Library/Application Support/Pebble SDK/SDKs/current/sdk-core/pebble/aplite/lib/libpebble.a(tmpz2MrsRpebble.o)
                0x0000000000002c3c                app_message_outbox_send
 .text.app_message_register_inbox_dropped
                0x0000000000002c48        0xc /Users/edwinfinch/Library/Application Support/Pebble SDK/SDKs/current/sdk-core/pebble/aplite/lib/libpebble.a(tmpz2MrsRpebble.o)
                0x0000000000002c48                app_message_register_inbox_dropped
 .text.app_message_register_inbox_received
                0x0000000000002c54        0xc /Users/edwinfinch/Library/Application Support/Pebble SDK/SDKs/current/sdk-core/pebble/aplite/lib/libpebble.a(tmpz2MrsRpebble.o)
                0x0000000000002c54                app_message_register_inbox_received
 .text.app_message_register_outbox_failed
                0x0000000000002c60        0xc /Users/edwinfinch/Library/Application Support/Pebble SDK/SDKs/current/sdk-core/pebble/aplite/lib/libpebble.a(tmpz2MrsRpebble.o)
                0x0000000000002c60                app_message_register_outbox_failed
 .text.window_long_click_subscribe
                0x0000000000002c6c        0xc /Users/edwinfinch/Library/Application Support/Pebble SDK/SDKs/current/sdk-core/pebble/aplite/lib/libpebble.a(tmpz2MrsRpebble.o)
                0x0000000000002c6c                window_long_click_subscribe
 .text.window_single_click_subscribe
                0x0000000000002c78        0xc /Users/edwinfinch/Library/Application Support/Pebble SDK/SDKs/current/sdk-core/pebble/aplite/lib/libpebble.a(tmpz2MrsRpebble.o)
                0x0000000000002c78                window_single_click_subscribe
 .text.graphics_draw_text
                0x0000000000002c84        0xc /Users/edwinfinch/Library/Application Support/Pebble SDK/SDKs/current/sdk-core/pebble/aplite/lib/libpebble.a(tmpz2MrsRpebble.o)
                0x0000000000002c84                graphics_draw_text
 .text.persist_read_data
                0x0000000000002c90        0xc /Users/edwinfinch/Library/Application Support/Pebble SDK/SDKs/current/sdk-core/pebble/aplite/lib/libpebble.a(tmpz2MrsRpebble.o)
                0x0000000000002c90                persist_read_data
 .text.persist_write_data
                0x0000000000002c9c        0xc /Users/edwinfinch/Library/Application Support/Pebble SDK/SDKs/current/sdk-core/pebble/aplite/lib/libpebble.a(tmpz2MrsRpebble.o)
                0x0000000000002c9c                persist_write_data
 .text.graphics_text_layout_get_content_size
                0x0000000000002ca8        0xc /Users/edwinfinch/Library/Application Support/Pebble SDK/SDKs/current/sdk-core/pebble/aplite/lib/libpebble.a(tmpz2MrsRpebble.o)
                0x0000000000002ca8                graphics_text_layout_get_content_size
 .text.heap_bytes_free
                0x0000000000002cb4        0xc /Users/edwinfinch/Library/Application Support/Pebble SDK/SDKs/current/sdk-core/pebble/aplite/lib/libpebble.a(tmpz2MrsRpebble.o)
                0x0000000000002cb4                heap_bytes_free
 .text.watch_info_get_model
                0x0000000000002cc0        0xc /Users/edwinfinch/Library/Application Support/Pebble SDK/SDKs/current/sdk-core/pebble/aplite/lib/libpebble.a(tmpz2MrsRpebble.o)
                0x0000000000002cc0                watch_info_get_model
 .text.graphics_context_set_fill_color
                0x0000000000002ccc        0xc /Users/edwinfinch/Library/Application Support/Pebble SDK/SDKs/current/sdk-core/pebble/aplite/lib/libpebble.a(tmpz2MrsRpebble.o)
                0x0000000000002ccc                graphics_context_set_fill_color
 .text.graphics_context_set_text_color
                0x0000000000002cd8        0xc /Users/edwinfinch/Library/Application Support/Pebble SDK/SDKs/current/sdk-core/pebble/aplite/lib/libpebble.a(tmpz2MrsRpebble.o)
                0x0000000000002cd8                graphics_context_set_text_color
 .text.window_set_background_color
                0x0000000000002ce4        0xc /Users/edwinfinch/Library/Application Support/Pebble SDK/SDKs/current/sdk-core/pebble/aplite/lib/libpebble.a(tmpz2MrsRpebble.o)
                0x0000000000002ce4                window_set_background_color
 .text.animation_schedule
                0x0000000000002cf0        0xc /Users/edwinfinch/Library/Application Support/Pebble SDK/SDKs/current/sdk-core/pebble/aplite/lib/libpebble.a(tmpz2MrsRpebble.o)
                0x0000000000002cf0                animation_schedule
 .text.animation_set_delay
                0x0000000000002cfc        0xc /Users/edwinfinch/Library/Application Support/Pebble SDK/SDKs/current/sdk-core/pebble/aplite/lib/libpebble.a(tmpz2MrsRpebble.o)
                0x0000000000002cfc                animation_set_delay
 .text.animation_set_duration
                0x0000000000002d08        0xc /Users/edwinfinch/Library/Application Support/Pebble SDK/SDKs/current/sdk-core/pebble/aplite/lib/libpebble.a(tmpz2MrsRpebble.o)
                0x0000000000002d08                animation_set_duration
 .text.animation_set_handlers
                0x0000000000002d14        0xc /Users/edwinfinch/Library/Application Support/Pebble SDK/SDKs/current/sdk-core/pebble/aplite/lib/libpebble.a(tmpz2MrsRpebble.o)
                0x0000000000002d14                animation_set_handlers
 .text.property_animation_create_layer_frame
                0x0000000000002d20        0xc /Users/edwinfinch/Library/Application Support/Pebble SDK/SDKs/current/sdk-core/pebble/aplite/lib/libpebble.a(tmpz2MrsRpebble.o)
                0x0000000000002d20                property_animation_create_layer_frame
 .text.property_animation_destroy
                0x0000000000002d2c        0xc /Users/edwinfinch/Library/Application Support/Pebble SDK/SDKs/current/sdk-core/pebble/aplite/lib/libpebble.a(tmpz2MrsRpebble.o)
                0x0000000000002d2c                property_animation_destroy
 .text.property_animation_get_animation
                0x0000000000002d38        0xc /Users/edwinfinch/Library/Application Support/Pebble SDK/SDKs/current/sdk-core/pebble/aplite/lib/libpebble.a(tmpz2MrsRpebble.o)
                0x0000000000002d38                property_animation_get_animation
 .text.gbitmap_get_bounds
                0x0000000000002d44        0xc /Users/edwinfinch/Library/Application Support/Pebble SDK/SDKs/current/sdk-core/pebble/aplite/lib/libpebble.a(tmpz2MrsRpebble.o)
                0x0000000000002d44                gbitmap_get_bounds
 .text.gbitmap_create_from_png_data
                0x0000000000002d50        0xc /Users/edwinfinch/Library/Application Support/Pebble SDK/SDKs/current/sdk-core/pebble/aplite/lib/libpebble.a(tmpz2MrsRpebble.o)
                0x0000000000002d50                gbitmap_create_from_png_data
 .text.menu_layer_create
                0x0000000000002d5c        0xc /Users/edwinfinch/Library/Application Support/Pebble SDK/SDKs/current/sdk-core/pebble/aplite/lib/libpebble.a(tmpz2MrsRpebble.o)
                0x0000000000002d5c                menu_layer_create
 .text.action_bar_layer_add_to_window
                0x0000000000002d68        0xc /Users/edwinfinch/Library/Application Support/Pebble SDK/SDKs/current/sdk-core/pebble/aplite/lib/libpebble.a(tmpz2MrsRpebble.o)
                0x0000000000002d68                action_bar_layer_add_to_window
 .text.action_bar_layer_create
                0x0000000000002d74        0xc /Users/edwinfinch/Library/Application Support/Pebble SDK/SDKs/current/sdk-core/pebble/aplite/lib/libpebble.a(tmpz2MrsRpebble.o)
                0x0000000000002d74                action_bar_layer_create
 .text.action_bar_layer_destroy
                0x0000000000002d80        0xc /Users/edwinfinch/Library/Application Support/Pebble SDK/SDKs/current/sdk-core/pebble/aplite/lib/libpebble.a(tmpz2MrsRpebble.o)
                0x0000000000002d80                action_bar_layer_destroy
 .text.action_bar_layer_get_layer
                0x0000000000002d8c        0xc /Users/edwinfinch/Library/Application Support/Pebble SDK/SDKs/current/sdk-core/pebble/aplite/lib/libpebble.a(tmpz2MrsRpebble.o)
                0x0000000000002d8c                action_bar_layer_get_layer
 .text.action_bar_layer_set_click_config_provider
                0x0000000000002d98        0xc /Users/edwinfinch/Library/Application Support/Pebble SDK/SDKs/current/sdk-core/pebble/aplite/lib/libpebble.a(tmpz2MrsRpebble.o)
                0x0000000000002d98                action_bar_layer_set_click_config_provider
 .text.action_bar_layer_set_icon_animated
                0x0000000000002da4        0xc /Users/edwinfinch/Library/Application Support/Pebble SDK/SDKs/current/sdk-core/pebble/aplite/lib/libpebble.a(tmpz2MrsRpebble.o)
                0x0000000000002da4                action_bar_layer_set_icon_animated
 .text.menu_cell_layer_is_highlighted
                0x0000000000002db0        0xc /Users/edwinfinch/Library/Application Support/Pebble SDK/SDKs/current/sdk-core/pebble/aplite/lib/libpebble.a(tmpz2MrsRpebble.o)
                0x0000000000002db0                menu_cell_layer_is_highlighted
 .text.menu_layer_set_highlight_colors
                0x0000000000002dbc        0xc /Users/edwinfinch/Library/Application Support/Pebble SDK/SDKs/current/sdk-core/pebble/aplite/lib/libpebble.a(tmpz2MrsRpebble.o)
                0x0000000000002dbc                menu_layer_set_highlight_colors
 .text.menu_layer_set_normal_colors
                0x0000000000002dc8        0xc /Users/edwinfinch/Library/Application Support/Pebble SDK/SDKs/current/sdk-core/pebble/aplite/lib/libpebble.a(tmpz2MrsRpebble.o)
                0x0000000000002dc8                menu_layer_set_normal_colors
 .text.menu_layer_set_callbacks
                0x0000000000002dd4        0xc /Users/edwinfinch/Library/Application Support/Pebble SDK/SDKs/current/sdk-core/pebble/aplite/lib/libpebble.a(tmpz2MrsRpebble.o)
                0x0000000000002dd4                menu_layer_set_callbacks
 .text.connection_service_subscribe
                0x0000000000002de0        0xc /Users/edwinfinch/Library/Application Support/Pebble SDK/SDKs/current/sdk-core/pebble/aplite/lib/libpebble.a(tmpz2MrsRpebble.o)
                0x0000000000002de0                connection_service_subscribe
 *(.rodata)
 .rodata        0x0000000000002dec       0x10 src/windows/library_menus.c.28.o
 .rodata        0x0000000000002dfc        0x8 src/windows/main_menu.c.28.o
 .rodata        0x0000000000002e04       0x20 src/windows/now_playing.c.28.o
 *(.rodata*)
 .rodata.str1.1
                0x0000000000002e24       0x91 src/ipod.c.28.o
 .rodata.str1.1
                0x0000000000002eb5      0x115 src/ipod_state.c.28.o
 .rodata.str1.1
                0x0000000000002fca       0x1a src/layers/marquee_text.c.28.o
 .rodata.str1.1
                0x0000000000002fe4       0x60 src/settings.c.28.o
 .rodata.str1.1
                0x0000000000003044      0x218 src/windows/library_menus.c.28.o
                                        0x219 (size before relaxing)
 .rodata.str1.1
                0x000000000000325c       0x65 src/windows/main_menu.c.28.o
                                         0x66 (size before relaxing)
 .rodata.str1.1
                0x00000000000032c1       0x99 src/windows/now_playing.c.28.o
                                         0xaf (size before relaxing)
 *fill*         0x000000000000335a        0x2 
 .rodata.segments.7761
                0x000000000000335c        0x8 src/windows/now_playing.c.28.o

.glue_7         0x0000000000003364        0x0
 .glue_7        0x0000000000000000        0x0 linker stubs

.glue_7t        0x0000000000003364        0x0
 .glue_7t       0x0000000000000000        0x0 linker stubs

.vfp11_veneer   0x0000000000003364        0x0
 .vfp11_veneer  0x0000000000000000        0x0 linker stubs

.v4_bx          0x0000000000003364        0x0
 .v4_bx         0x0000000000000000        0x0 linker stubs

.iplt           0x0000000000003364        0x0
 .iplt          0x0000000000000000        0x0 /usr/local/Cellar/pebble-toolchain/2.0/arm-cs-tools/bin/../lib/gcc/arm-none-eabi/4.7.2/thumb2/crtbegin.o

.rel.dyn        0x0000000000003364        0x0
 .rel.iplt      0x0000000000000000        0x0 /usr/local/Cellar/pebble-toolchain/2.0/arm-cs-tools/bin/../lib/gcc/arm-none-eabi/4.7.2/thumb2/crtbegin.o
 .rel.got       0x0000000000000000        0x0 /usr/local/Cellar/pebble-toolchain/2.0/arm-cs-tools/bin/../lib/gcc/arm-none-eabi/4.7.2/thumb2/crtbegin.o

.data           0x0000000000003364       0x5d
 *(.data)
 .data          0x0000000000003364        0x0 /usr/local/Cellar/pebble-toolchain/2.0/arm-cs-tools/bin/../lib/gcc/arm-none-eabi/4.7.2/thumb2/crti.o
 .data          0x0000000000003364        0x4 /usr/local/Cellar/pebble-toolchain/2.0/arm-cs-tools/bin/../lib/gcc/arm-none-eabi/4.7.2/thumb2/crtbegin.o
                0x0000000000003364                __dso_handle
 .data          0x0000000000003368        0x0 src/common.c.28.o
 .data          0x0000000000003368        0x0 src/gbitmap.c.28.o
 .data          0x0000000000003368        0x8 src/ipod.c.28.o
 .data          0x0000000000003370        0x0 src/ipod_state.c.28.o
 .data          0x0000000000003370        0x0 src/layers/marquee_text.c.28.o
 .data          0x0000000000003370        0x0 src/layers/progress_bar.c.28.o
 .data          0x0000000000003370        0x0 src/settings.c.28.o
 .data          0x0000000000003370        0x0 src/windows/library_menus.c.28.o
 .data          0x0000000000003370        0x0 src/windows/main_menu.c.28.o
 .data          0x0000000000003370        0x0 src/windows/message_window.c.28.o
 .data          0x0000000000003370        0x8 src/windows/now_playing.c.28.o
 .data          0x0000000000003378        0x0 aplite/appinfo.auto.c.28.o
 .data          0x0000000000003378        0x0 aplite/src/resource_ids.auto.c.28.o
 .data          0x0000000000003378        0x0 /Users/edwinfinch/Library/Application Support/Pebble SDK/SDKs/current/sdk-core/pebble/aplite/lib/libpebble.a(tmpz2MrsRpebble.o)
 .data          0x0000000000003378        0x0 /usr/local/Cellar/pebble-toolchain/2.0/arm-cs-tools/bin/../lib/gcc/arm-none-eabi/4.7.2/thumb2/crtend.o
 .data          0x0000000000003378        0x0 /usr/local/Cellar/pebble-toolchain/2.0/arm-cs-tools/bin/../lib/gcc/arm-none-eabi/4.7.2/thumb2/crtn.o
 *(.data.*)
 .data.s_sequence_number
                0x0000000000003378        0x4 src/common.c.28.o
 .data.first_open
                0x000000000000337c        0x1 src/ipod_state.c.28.o
                0x000000000000337c                first_open
 .data.first_call
                0x000000000000337d        0x1 src/ipod_state.c.28.o
                0x000000000000337d                first_call
 *fill*         0x000000000000337e        0x2 
 .data.rel.local.repeat_modes
                0x0000000000003380       0x10 src/windows/library_menus.c.28.o
                0x0000000000003380                repeat_modes
 .data.rel.ro.local.titles.7718
                0x0000000000003390       0x18 src/windows/main_menu.c.28.o
 .data.rel.ro.callbacks.7719
                0x00000000000033a8       0x18 src/windows/main_menu.c.28.o
 .data.now_playing_action_bar_is_showing
                0x00000000000033c0        0x1 src/windows/now_playing.c.28.o
                0x00000000000033c0                now_playing_action_bar_is_showing

.igot.plt       0x00000000000033c4        0x0
 .igot.plt      0x0000000000000000        0x0 /usr/local/Cellar/pebble-toolchain/2.0/arm-cs-tools/bin/../lib/gcc/arm-none-eabi/4.7.2/thumb2/crtbegin.o

.got            0x00000000000033c4       0x88
 .got           0x00000000000033c4       0x88 /usr/local/Cellar/pebble-toolchain/2.0/arm-cs-tools/bin/../lib/gcc/arm-none-eabi/4.7.2/thumb2/crtbegin.o

.got.plt        0x000000000000344c        0xc
 .got.plt       0x000000000000344c        0xc /usr/local/Cellar/pebble-toolchain/2.0/arm-cs-tools/bin/../lib/gcc/arm-none-eabi/4.7.2/thumb2/crtbegin.o
                0x000000000000344c                _GLOBAL_OFFSET_TABLE_

.bss            0x0000000000003458      0x2a4
 *(.bss)
 *(.bss.*)
 .bss.s_artist  0x0000000000003458       0x64 src/ipod_state.c.28.o
 .bss.s_title   0x00000000000034bc       0x64 src/ipod_state.c.28.o
 .bss.now_playing_album_art_size
                0x0000000000003520        0x8 src/ipod_state.c.28.o
 .bss.s_album   0x0000000000003528       0x64 src/ipod_state.c.28.o
 .bss.album_art_data
                0x000000000000358c        0x8 src/ipod_state.c.28.o
 .bss.head      0x0000000000003594        0x4 src/layers/marquee_text.c.28.o
 .bss.main_menu_layer
                0x0000000000003598        0x4 src/windows/main_menu.c.28.o
                0x0000000000003598                main_menu_layer
 .bss.already_requested
                0x000000000000359c        0x1 src/windows/main_menu.c.28.o
                0x000000000000359c                already_requested
 .bss.draw_no_album
                0x000000000000359d        0x1 src/windows/now_playing.c.28.o
 *fill*         0x000000000000359e        0x2 
 .bss.no_album_art_bitmap
                0x00000000000035a0        0x4 src/windows/now_playing.c.28.o
                0x00000000000035a0                no_album_art_bitmap
 .bss.icon_fast_forward
                0x00000000000035a4        0x4 src/windows/now_playing.c.28.o
 .bss.action_bar_hidden
                0x00000000000035a8        0x2 src/windows/now_playing.c.28.o
                0x00000000000035a8                action_bar_hidden
 .bss.controlling_volume
                0x00000000000035aa        0x1 src/windows/now_playing.c.28.o
 *fill*         0x00000000000035ab        0x1 
 .bss.icon_play
                0x00000000000035ac        0x4 src/windows/now_playing.c.28.o
 .bss.icon_pause
                0x00000000000035b0        0x4 src/windows/now_playing.c.28.o
 .bss.icon_more
                0x00000000000035b4        0x4 src/windows/now_playing.c.28.o
 .bss.current_jump.7701
                0x00000000000035b8        0x1 src/windows/now_playing.c.28.o
 *fill*         0x00000000000035b9        0x3 
 .bss.icon_volume_up
                0x00000000000035bc        0x4 src/windows/now_playing.c.28.o
 .bss.action_bar_showing
                0x00000000000035c0        0x2 src/windows/now_playing.c.28.o
                0x00000000000035c0                action_bar_showing
 .bss.pebble_controls_pushed_select
                0x00000000000035c2        0x1 src/windows/now_playing.c.28.o
                0x00000000000035c2                pebble_controls_pushed_select
 *fill*         0x00000000000035c3        0x1 
 .bss.icon_rewind
                0x00000000000035c4        0x4 src/windows/now_playing.c.28.o
 .bss.icon_volume_down
                0x00000000000035c8        0x4 src/windows/now_playing.c.28.o
 .bss.action_bar_timer_registered
                0x00000000000035cc        0x1 src/windows/now_playing.c.28.o
                0x00000000000035cc                action_bar_timer_registered
 .bss.previous_play_status
                0x00000000000035cd        0x1 src/windows/now_playing.c.28.o
                0x00000000000035cd                previous_play_status
 .bss.is_shown  0x00000000000035ce        0x1 src/windows/now_playing.c.28.o
 *fill*         0x00000000000035cf        0x1 
 COMMON         0x00000000000035d0        0x4 src/ipod.c.28.o
                0x00000000000035d0                window
 COMMON         0x00000000000035d4       0x1d src/ipod_state.c.28.o
                0x00000000000035d4                ipod_state_callback
                0x00000000000035d8                s_shuffle_mode
                0x00000000000035dc                s_current_time
                0x00000000000035e0                current_type
                0x00000000000035e1                s_repeat_mode
                0x00000000000035e4                album_art_bitmap
                0x00000000000035ec                s_duration
                0x00000000000035f0                s_playback_state
 *fill*         0x00000000000035f1        0x3 
 COMMON         0x00000000000035f4        0x7 src/settings.c.28.o
                0x00000000000035f4                current_callback
                0x00000000000035f8                current_settings
 *fill*         0x00000000000035fb        0x1 
 COMMON         0x00000000000035fc       0x24 src/windows/library_menus.c.28.o
                0x00000000000035fc                repeat_icon_inverted
                0x0000000000003600                shuffle_icon
                0x0000000000003604                menu_stack_count
                0x0000000000003608                repeat_icon
                0x000000000000360c                shuffle_icon_inverted
                0x0000000000003610                menu_stack
 COMMON         0x0000000000003620       0x98 src/windows/main_menu.c.28.o
                0x0000000000003620                main_menu_window
                0x0000000000003624                main_menu_items
                0x0000000000003684                main_menu_icons
                0x000000000000369c                highlight_index
                0x00000000000036a0                main_menu_icons_inverted
 COMMON         0x00000000000036b8       0x44 src/windows/now_playing.c.28.o
                0x00000000000036b8                now_playing_timer
                0x00000000000036bc                artist_font
                0x00000000000036c0                now_playing_window
                0x00000000000036c4                background_colour
                0x00000000000036c5                now_playing_settings
                0x00000000000036c8                now_playing_progress_bar
                0x00000000000036cc                now_playing_artist_layer
                0x00000000000036d0                now_playing_album_art_layer
                0x00000000000036d8                now_playing_title_layer
                0x00000000000036dc                action_bar_timer
                0x00000000000036e0                artist_frame
                0x00000000000036e8                control_action_bar
                0x00000000000036ec                now_playing_graphics_layer
                0x00000000000036f0                invert_controls_timer
                0x00000000000036f4                now_playing_album_art_bitmap

DISCARD
 libc.a(*)
 libm.a(*)
 libgcc.a(*)
 *(.eh_frame)
OUTPUT(/Users/edwinfinch/Desktop/Lignite Music/music-pebble/build/aplite/pebble-app.elf elf32-littlearm)

.ARM.attributes
                0x0000000000000000       0x27
 .ARM.attributes
                0x0000000000000000       0x19 /usr/local/Cellar/pebble-toolchain/2.0/arm-cs-tools/bin/../lib/gcc/arm-none-eabi/4.7.2/thumb2/crti.o
 .ARM.attributes
                0x0000000000000019       0x29 /usr/local/Cellar/pebble-toolchain/2.0/arm-cs-tools/bin/../lib/gcc/arm-none-eabi/4.7.2/thumb2/crtbegin.o
 .ARM.attributes
                0x0000000000000042       0x33 src/common.c.28.o
 .ARM.attributes
                0x0000000000000075       0x33 src/gbitmap.c.28.o
 .ARM.attributes
                0x00000000000000a8       0x33 src/ipod.c.28.o
 .ARM.attributes
                0x00000000000000db       0x33 src/ipod_state.c.28.o
 .ARM.attributes
                0x000000000000010e       0x33 src/layers/marquee_text.c.28.o
 .ARM.attributes
                0x0000000000000141       0x33 src/layers/progress_bar.c.28.o
 .ARM.attributes
                0x0000000000000174       0x33 src/settings.c.28.o
 .ARM.attributes
                0x00000000000001a7       0x33 src/windows/library_menus.c.28.o
 .ARM.attributes
                0x00000000000001da       0x33 src/windows/main_menu.c.28.o
 .ARM.attributes
                0x000000000000020d       0x33 src/windows/message_window.c.28.o
 .ARM.attributes
                0x0000000000000240       0x33 src/windows/now_playing.c.28.o
 .ARM.attributes
                0x0000000000000273       0x33 aplite/appinfo.auto.c.28.o
 .ARM.attributes
                0x00000000000002a6       0x33 aplite/src/resource_ids.auto.c.28.o
 .ARM.attributes
                0x00000000000002d9       0x21 /Users/edwinfinch/Library/Application Support/Pebble SDK/SDKs/current/sdk-core/pebble/aplite/lib/libpebble.a(tmpz2MrsRpebble.o)
 .ARM.attributes
                0x00000000000002fa       0x29 /usr/local/Cellar/pebble-toolchain/2.0/arm-cs-tools/bin/../lib/gcc/arm-none-eabi/4.7.2/thumb2/crtend.o
 .ARM.attributes
                0x0000000000000323       0x19 /usr/local/Cellar/pebble-toolchain/2.0/arm-cs-tools/bin/../lib/gcc/arm-none-eabi/4.7.2/thumb2/crtn.o

.comment        0x0000000000000000       0x4e
 .comment       0x0000000000000000       0x4e /usr/local/Cellar/pebble-toolchain/2.0/arm-cs-tools/bin/../lib/gcc/arm-none-eabi/4.7.2/thumb2/crtbegin.o
                                         0x4f (size before relaxing)
 .comment       0x0000000000000000       0x4f src/common.c.28.o
 .comment       0x0000000000000000       0x4f src/gbitmap.c.28.o
 .comment       0x0000000000000000       0x4f src/ipod.c.28.o
 .comment       0x0000000000000000       0x4f src/ipod_state.c.28.o
 .comment       0x0000000000000000       0x4f src/layers/marquee_text.c.28.o
 .comment       0x0000000000000000       0x4f src/layers/progress_bar.c.28.o
 .comment       0x0000000000000000       0x4f src/settings.c.28.o
 .comment       0x0000000000000000       0x4f src/windows/library_menus.c.28.o
 .comment       0x0000000000000000       0x4f src/windows/main_menu.c.28.o
 .comment       0x0000000000000000       0x4f src/windows/message_window.c.28.o
 .comment       0x0000000000000000       0x4f src/windows/now_playing.c.28.o
 .comment       0x0000000000000000       0x4f aplite/appinfo.auto.c.28.o
 .comment       0x0000000000000000       0x4f aplite/src/resource_ids.auto.c.28.o
 .comment       0x0000000000000000       0x4f /usr/local/Cellar/pebble-toolchain/2.0/arm-cs-tools/bin/../lib/gcc/arm-none-eabi/4.7.2/thumb2/crtend.o

.debug_info     0x0000000000000000     0x9f1d
 .debug_info    0x0000000000000000      0xa15 src/common.c.28.o
 .debug_info    0x0000000000000a15       0x79 src/gbitmap.c.28.o
 .debug_info    0x0000000000000a8e      0x993 src/ipod.c.28.o
 .debug_info    0x0000000000001421     0x128b src/ipod_state.c.28.o
 .debug_info    0x00000000000026ac      0x9cc src/layers/marquee_text.c.28.o
 .debug_info    0x0000000000003078      0x66d src/layers/progress_bar.c.28.o
 .debug_info    0x00000000000036e5      0x32e src/settings.c.28.o
 .debug_info    0x0000000000003a13     0x1f59 src/windows/library_menus.c.28.o
 .debug_info    0x000000000000596c      0xfd8 src/windows/main_menu.c.28.o
 .debug_info    0x0000000000006944      0xcc2 src/windows/message_window.c.28.o
 .debug_info    0x0000000000007606     0x2490 src/windows/now_playing.c.28.o
 .debug_info    0x0000000000009a96      0x2e6 aplite/appinfo.auto.c.28.o
 .debug_info    0x0000000000009d7c      0x1a1 aplite/src/resource_ids.auto.c.28.o

.debug_abbrev   0x0000000000000000     0x1fcf
 .debug_abbrev  0x0000000000000000      0x290 src/common.c.28.o
 .debug_abbrev  0x0000000000000290       0x26 src/gbitmap.c.28.o
 .debug_abbrev  0x00000000000002b6      0x264 src/ipod.c.28.o
 .debug_abbrev  0x000000000000051a      0x3cc src/ipod_state.c.28.o
 .debug_abbrev  0x00000000000008e6      0x2be src/layers/marquee_text.c.28.o
 .debug_abbrev  0x0000000000000ba4      0x2a4 src/layers/progress_bar.c.28.o
 .debug_abbrev  0x0000000000000e48      0x1b1 src/settings.c.28.o
 .debug_abbrev  0x0000000000000ff9      0x491 src/windows/library_menus.c.28.o
 .debug_abbrev  0x000000000000148a      0x2f0 src/windows/main_menu.c.28.o
 .debug_abbrev  0x000000000000177a      0x282 src/windows/message_window.c.28.o
 .debug_abbrev  0x00000000000019fc      0x507 src/windows/now_playing.c.28.o
 .debug_abbrev  0x0000000000001f03       0x88 aplite/appinfo.auto.c.28.o
 .debug_abbrev  0x0000000000001f8b       0x44 aplite/src/resource_ids.auto.c.28.o

.debug_loc      0x0000000000000000     0x2e0b
 .debug_loc     0x0000000000000000      0x1e0 src/common.c.28.o
 .debug_loc     0x00000000000001e0      0x229 src/ipod.c.28.o
 .debug_loc     0x0000000000000409      0x593 src/ipod_state.c.28.o
 .debug_loc     0x000000000000099c      0x2b5 src/layers/marquee_text.c.28.o
 .debug_loc     0x0000000000000c51      0x22a src/layers/progress_bar.c.28.o
 .debug_loc     0x0000000000000e7b       0xbc src/settings.c.28.o
 .debug_loc     0x0000000000000f37      0xf18 src/windows/library_menus.c.28.o
 .debug_loc     0x0000000000001e4f      0x40e src/windows/main_menu.c.28.o
 .debug_loc     0x000000000000225d      0x43f src/windows/message_window.c.28.o
 .debug_loc     0x000000000000269c      0x76f src/windows/now_playing.c.28.o

.debug_aranges  0x0000000000000000      0x4e8
 .debug_aranges
                0x0000000000000000       0x48 src/common.c.28.o
 .debug_aranges
                0x0000000000000048       0x18 src/gbitmap.c.28.o
 .debug_aranges
                0x0000000000000060       0x58 src/ipod.c.28.o
 .debug_aranges
                0x00000000000000b8       0xb8 src/ipod_state.c.28.o
 .debug_aranges
                0x0000000000000170       0x68 src/layers/marquee_text.c.28.o
 .debug_aranges
                0x00000000000001d8       0x48 src/layers/progress_bar.c.28.o
 .debug_aranges
                0x0000000000000220       0x48 src/settings.c.28.o
 .debug_aranges
                0x0000000000000268       0x88 src/windows/library_menus.c.28.o
 .debug_aranges
                0x00000000000002f0       0x98 src/windows/main_menu.c.28.o
 .debug_aranges
                0x0000000000000388       0x60 src/windows/message_window.c.28.o
 .debug_aranges
                0x00000000000003e8       0xd0 src/windows/now_playing.c.28.o
 .debug_aranges
                0x00000000000004b8       0x18 aplite/appinfo.auto.c.28.o
 .debug_aranges
                0x00000000000004d0       0x18 aplite/src/resource_ids.auto.c.28.o

.debug_ranges   0x0000000000000000      0x670
 .debug_ranges  0x0000000000000000       0x38 src/common.c.28.o
 .debug_ranges  0x0000000000000038       0x48 src/ipod.c.28.o
 .debug_ranges  0x0000000000000080      0x168 src/ipod_state.c.28.o
 .debug_ranges  0x00000000000001e8       0x58 src/layers/marquee_text.c.28.o
 .debug_ranges  0x0000000000000240       0x38 src/layers/progress_bar.c.28.o
 .debug_ranges  0x0000000000000278       0x38 src/settings.c.28.o
 .debug_ranges  0x00000000000002b0      0x128 src/windows/library_menus.c.28.o
 .debug_ranges  0x00000000000003d8       0xa0 src/windows/main_menu.c.28.o
 .debug_ranges  0x0000000000000478       0x50 src/windows/message_window.c.28.o
 .debug_ranges  0x00000000000004c8      0x1a8 src/windows/now_playing.c.28.o

.debug_line     0x0000000000000000     0x285e
 .debug_line    0x0000000000000000      0x25d src/common.c.28.o
 .debug_line    0x000000000000025d       0x1d src/gbitmap.c.28.o
 .debug_line    0x000000000000027a      0x351 src/ipod.c.28.o
 .debug_line    0x00000000000005cb      0x4b0 src/ipod_state.c.28.o
 .debug_line    0x0000000000000a7b      0x312 src/layers/marquee_text.c.28.o
 .debug_line    0x0000000000000d8d      0x286 src/layers/progress_bar.c.28.o
 .debug_line    0x0000000000001013      0x25c src/settings.c.28.o
 .debug_line    0x000000000000126f      0x612 src/windows/library_menus.c.28.o
 .debug_line    0x0000000000001881      0x418 src/windows/main_menu.c.28.o
 .debug_line    0x0000000000001c99      0x34c src/windows/message_window.c.28.o
 .debug_line    0x0000000000001fe5      0x67c src/windows/now_playing.c.28.o
 .debug_line    0x0000000000002661      0x139 aplite/appinfo.auto.c.28.o
 .debug_line    0x000000000000279a       0xc4 aplite/src/resource_ids.auto.c.28.o

.debug_str      0x0000000000000000     0x332e
 .debug_str     0x0000000000000000      0x7fc src/common.c.28.o
                                        0x8cd (size before relaxing)
 .debug_str     0x00000000000007fc       0x11 src/gbitmap.c.28.o
                                         0xf0 (size before relaxing)
 .debug_str     0x000000000000080d      0x3e0 src/ipod.c.28.o
                                        0x731 (size before relaxing)
 .debug_str     0x0000000000000bed      0x820 src/ipod_state.c.28.o
                                        0xf92 (size before relaxing)
 .debug_str     0x000000000000140d      0x3b6 src/layers/marquee_text.c.28.o
                                        0x550 (size before relaxing)
 .debug_str     0x00000000000017c3      0x1ac src/layers/progress_bar.c.28.o
                                        0x3da (size before relaxing)
 .debug_str     0x000000000000196f       0xb9 src/settings.c.28.o
                                        0x2bf (size before relaxing)
 .debug_str     0x0000000000001a28      0x917 src/windows/library_menus.c.28.o
                                       0x14c7 (size before relaxing)
 .debug_str     0x000000000000233f      0x2b0 src/windows/main_menu.c.28.o
                                        0xa9c (size before relaxing)
 .debug_str     0x00000000000025ef      0x1f0 src/windows/message_window.c.28.o
                                        0x75a (size before relaxing)
 .debug_str     0x00000000000027df      0x825 src/windows/now_playing.c.28.o
                                       0x18b5 (size before relaxing)
 .debug_str     0x0000000000003004      0x15d aplite/appinfo.auto.c.28.o
                                        0x25e (size before relaxing)
 .debug_str     0x0000000000003161      0x1cd aplite/src/resource_ids.auto.c.28.o
                                        0x2a1 (size before relaxing)

.debug_frame    0x0000000000000000      0xbe0
 .debug_frame   0x0000000000000000       0x98 src/common.c.28.o
 .debug_frame   0x0000000000000098       0xe8 src/ipod.c.28.o
 .debug_frame   0x0000000000000180      0x1cc src/ipod_state.c.28.o
 .debug_frame   0x000000000000034c       0xe4 src/layers/marquee_text.c.28.o
 .debug_frame   0x0000000000000430       0x98 src/layers/progress_bar.c.28.o
 .debug_frame   0x00000000000004c8       0x9c src/settings.c.28.o
 .debug_frame   0x0000000000000564      0x1a4 src/windows/library_menus.c.28.o
 .debug_frame   0x0000000000000708      0x15c src/windows/main_menu.c.28.o
 .debug_frame   0x0000000000000864       0xfc src/windows/message_window.c.28.o
 .debug_frame   0x0000000000000960      0x280 src/windows/now_playing.c.28.o
