Archive member included because of file (symbol)

/Users/edwinfinch/Library/Application Support/Pebble SDK/SDKs/current/sdk-core/pebble/aplite/lib/libpebble.a(tmpz2MrsRpebble.o)
                              src/ipod.c.28.o (app_event_loop)

Allocating common symbols
Common symbol       size              file

ipod_state_callback
                    0x4               src/ipod_state.c.28.o
now_playing_timer   0x4               src/windows/now_playing.c.28.o
connection_window   0x4               src/windows/connection_window.c.28.o
main_menu_window    0x4               src/windows/main_menu.c.28.o
main_menu_items     0x60              src/windows/main_menu.c.28.o
main_menu_icons     0x18              src/windows/main_menu.c.28.o
artist_font         0x4               src/windows/now_playing.c.28.o
s_shuffle_mode      0x1               src/ipod_state.c.28.o
repeat_icon_inverted
                    0x4               src/windows/library_menus.c.28.o
current_callback    0x4               src/settings.c.28.o
now_playing_window  0x4               src/windows/now_playing.c.28.o
background_colour   0x1               src/windows/now_playing.c.28.o
now_playing_settings
                    0x3               src/windows/now_playing.c.28.o
now_playing_progress_bar
                    0x4               src/windows/now_playing.c.28.o
now_playing_artist_layer
                    0x4               src/windows/now_playing.c.28.o
shuffle_icon        0x4               src/windows/library_menus.c.28.o
now_playing_album_art_layer
                    0x8               src/windows/now_playing.c.28.o
menu_stack_count    0x1               src/windows/library_menus.c.28.o
now_playing_title_layer
                    0x4               src/windows/now_playing.c.28.o
action_bar_timer    0x4               src/windows/now_playing.c.28.o
highlight_index     0x4               src/windows/main_menu.c.28.o
s_current_time      0x4               src/ipod_state.c.28.o
main_menu_icons_inverted
                    0x18              src/windows/main_menu.c.28.o
current_type        0x1               src/ipod_state.c.28.o
s_repeat_mode       0x1               src/ipod_state.c.28.o
current_settings    0x3               src/settings.c.28.o
album_art_bitmap    0x8               src/ipod_state.c.28.o
repeat_icon         0x4               src/windows/library_menus.c.28.o
shuffle_icon_inverted
                    0x4               src/windows/library_menus.c.28.o
s_duration          0x4               src/ipod_state.c.28.o
menu_stack          0x10              src/windows/library_menus.c.28.o
window              0x4               src/ipod.c.28.o
artist_frame        0x8               src/windows/now_playing.c.28.o
control_action_bar  0x4               src/windows/now_playing.c.28.o
now_playing_graphics_layer
                    0x4               src/windows/now_playing.c.28.o
s_playback_state    0x1               src/ipod_state.c.28.o
invert_controls_timer
                    0x4               src/windows/now_playing.c.28.o
now_playing_album_art_bitmap
                    0x8               src/windows/now_playing.c.28.o
current_tasty_cookie
                    0x1               src/windows/connection_window.c.28.o

Discarded input sections

 .text          0x0000000000000000        0x0 /usr/local/Cellar/pebble-toolchain/2.0/arm-cs-tools/bin/../lib/gcc/arm-none-eabi/4.7.2/thumb2/crti.o
 .bss           0x0000000000000000        0x0 /usr/local/Cellar/pebble-toolchain/2.0/arm-cs-tools/bin/../lib/gcc/arm-none-eabi/4.7.2/thumb2/crti.o
 .init          0x0000000000000000        0x4 /usr/local/Cellar/pebble-toolchain/2.0/arm-cs-tools/bin/../lib/gcc/arm-none-eabi/4.7.2/thumb2/crti.o
 .fini          0x0000000000000000        0x4 /usr/local/Cellar/pebble-toolchain/2.0/arm-cs-tools/bin/../lib/gcc/arm-none-eabi/4.7.2/thumb2/crti.o
 .text          0x0000000000000000       0xc8 /usr/local/Cellar/pebble-toolchain/2.0/arm-cs-tools/bin/../lib/gcc/arm-none-eabi/4.7.2/thumb2/crtbegin.o
 .bss           0x0000000000000000       0x1c /usr/local/Cellar/pebble-toolchain/2.0/arm-cs-tools/bin/../lib/gcc/arm-none-eabi/4.7.2/thumb2/crtbegin.o
 .init_array    0x0000000000000000        0x4 /usr/local/Cellar/pebble-toolchain/2.0/arm-cs-tools/bin/../lib/gcc/arm-none-eabi/4.7.2/thumb2/crtbegin.o
 .fini_array    0x0000000000000000        0x4 /usr/local/Cellar/pebble-toolchain/2.0/arm-cs-tools/bin/../lib/gcc/arm-none-eabi/4.7.2/thumb2/crtbegin.o
 .eh_frame      0x0000000000000000        0x0 /usr/local/Cellar/pebble-toolchain/2.0/arm-cs-tools/bin/../lib/gcc/arm-none-eabi/4.7.2/thumb2/crtbegin.o
 .jcr           0x0000000000000000        0x0 /usr/local/Cellar/pebble-toolchain/2.0/arm-cs-tools/bin/../lib/gcc/arm-none-eabi/4.7.2/thumb2/crtbegin.o
 .tm_clone_table
                0x0000000000000000        0x0 /usr/local/Cellar/pebble-toolchain/2.0/arm-cs-tools/bin/../lib/gcc/arm-none-eabi/4.7.2/thumb2/crtbegin.o
 .text          0x0000000000000000        0x0 src/common.c.28.o
[...]
Memory Configuration

Name             Origin             Length             Attributes
APP              0x0000000000000000 0x0000000000006000 xrw
*default*        0x0000000000000000 0xffffffffffffffff

Linker script and memory map

LOAD /usr/local/Cellar/pebble-toolchain/2.0/arm-cs-tools/bin/../lib/gcc/arm-none-eabi/4.7.2/thumb2/crti.o
LOAD /usr/local/Cellar/pebble-toolchain/2.0/arm-cs-tools/bin/../lib/gcc/arm-none-eabi/4.7.2/thumb2/crtbegin.o
LOAD src/common.c.28.o
LOAD src/gbitmap.c.28.o
LOAD src/ipod.c.28.o
LOAD src/ipod_state.c.28.o
LOAD src/layers/marquee_text.c.28.o
LOAD src/layers/progress_bar.c.28.o
LOAD src/settings.c.28.o
LOAD src/windows/connection_window.c.28.o
LOAD src/windows/library_menus.c.28.o
LOAD src/windows/main_menu.c.28.o
LOAD src/windows/message_window.c.28.o
LOAD src/windows/now_playing.c.28.o
LOAD aplite/appinfo.auto.c.28.o
LOAD aplite/src/resource_ids.auto.c.28.o
LOAD /Users/edwinfinch/Library/Application Support/Pebble SDK/SDKs/current/sdk-core/pebble/aplite/lib/libpebble.a
START GROUP
LOAD /usr/local/Cellar/pebble-toolchain/2.0/arm-cs-tools/bin/../lib/gcc/arm-none-eabi/4.7.2/thumb2/libgcc.a
LOAD /usr/local/Cellar/pebble-toolchain/2.0/arm-cs-tools/bin/../lib/gcc/arm-none-eabi/4.7.2/../../../../arm-none-eabi/lib/thumb2/libc.a
END GROUP
LOAD /usr/local/Cellar/pebble-toolchain/2.0/arm-cs-tools/bin/../lib/gcc/arm-none-eabi/4.7.2/thumb2/crtend.o
LOAD /usr/local/Cellar/pebble-toolchain/2.0/arm-cs-tools/bin/../lib/gcc/arm-none-eabi/4.7.2/thumb2/crtn.o

.header         0x0000000000000000       0x82
 *(.pbl_header)
 .pbl_header    0x0000000000000000       0x82 aplite/appinfo.auto.c.28.o
                0x0000000000000000                __pbl_app_info

.note.gnu.build-id
                0x0000000000000082       0x26
                0x0000000000000082                PROVIDE (BUILD_ID, .)
 *(.note.gnu.build-id)
 *fill*         0x0000000000000082        0x2 
 .note.gnu.build-id
                0x0000000000000084       0x24 linker stubs

.text           0x00000000000000a8     0x3c05
 *(.text)
 .text          0x00000000000000a8       0x14 /Users/edwinfinch/Library/Application Support/Pebble SDK/SDKs/current/sdk-core/pebble/aplite/lib/libpebble.a(tmpz2MrsRpebble.o)
 *(.text.*)
 .text.ipod_message_timer_fire
                0x00000000000000bc        0x4 src/common.c.28.o
                0x00000000000000bc                ipod_message_timer_fire
 .text.on_animation_stopped
                0x00000000000000c0        0x4 src/common.c.28.o
                0x00000000000000c0                on_animation_stopped
 .text.animate_layer
                0x00000000000000c4       0x54 src/common.c.28.o
                0x00000000000000c4                animate_layer
 .text.ipod_message_destroy
                0x0000000000000118       0x14 src/common.c.28.o
                0x0000000000000118                ipod_message_destroy
 .text.ipod_message_outbox_get
                0x000000000000012c       0x3c src/common.c.28.o
                0x000000000000012c                ipod_message_outbox_get
 .text.tick_handler
                0x0000000000000168        0xe src/ipod.c.28.o
                0x0000000000000168                tick_handler
 *fill*         0x0000000000000176        0x2 
 .text.ipod_create
                0x0000000000000178       0x30 src/ipod.c.28.o
                0x0000000000000178                ipod_create
 .text.ipod_app_timer_handler
                0x00000000000001a8        0xe src/ipod.c.28.o
                0x00000000000001a8                ipod_app_timer_handler
 *fill*         0x00000000000001b6        0x2 
 .text.startup.main
                0x00000000000001b8       0x34 src/ipod.c.28.o
                0x00000000000001b8                main
 .text.ipod_state_tick
                0x00000000000001ec       0x50 src/ipod_state.c.28.o
                0x00000000000001ec                ipod_state_tick
 .text.ipod_state_set_callback
                0x000000000000023c       0x14 src/ipod_state.c.28.o
                0x000000000000023c                ipod_state_set_callback
 .text.ipod_state_current_time
                0x0000000000000250       0x14 src/ipod_state.c.28.o
                0x0000000000000250                ipod_state_current_time
 .text.ipod_state_duration
                0x0000000000000264       0x14 src/ipod_state.c.28.o
                0x0000000000000264                ipod_state_duration
 .text.ipod_get_playback_state
                0x0000000000000278       0x14 src/ipod_state.c.28.o
                0x0000000000000278                ipod_get_playback_state
 .text.ipod_get_artist
                0x000000000000028c        0xc src/ipod_state.c.28.o
                0x000000000000028c                ipod_get_artist
 .text.ipod_get_title
                0x0000000000000298        0xc src/ipod_state.c.28.o
                0x0000000000000298                ipod_get_title
 .text.now_playing_request
                0x00000000000002a4       0x64 src/ipod_state.c.28.o
                0x00000000000002a4                now_playing_request
 .text.call_callback
                0x0000000000000308       0x4c src/ipod_state.c.28.o
                0x0000000000000308                call_callback
 .text.destroy_all_album_art
                0x0000000000000354       0x40 src/ipod_state.c.28.o
                0x0000000000000354                destroy_all_album_art
 .text.create_bitmap
                0x0000000000000394       0xac src/ipod_state.c.28.o
                0x0000000000000394                create_bitmap
 .text.process_album_art_tuple
                0x0000000000000440      0x1a0 src/ipod_state.c.28.o
                0x0000000000000440                process_album_art_tuple
 .text.process_tuple
                0x00000000000005e0      0x1e4 src/ipod_state.c.28.o
                0x00000000000005e0                process_tuple
 .text.ipod_received_handler
                0x00000000000007c4       0x20 src/ipod_state.c.28.o
                0x00000000000007c4                ipod_received_handler
 .text.ipod_state_create
                0x00000000000007e4       0x30 src/ipod_state.c.28.o
                0x00000000000007e4                ipod_state_create
 .text.marquee_text_layer_update_proc
                0x0000000000000814      0x186 src/layers/marquee_text.c.28.o
                0x0000000000000814                marquee_text_layer_update_proc
 *fill*         0x000000000000099a        0x2 
 .text.marquee_text_layer_destroy
                0x000000000000099c       0x34 src/layers/marquee_text.c.28.o
                0x000000000000099c                marquee_text_layer_destroy
 .text.marquee_text_layer_get_layer
                0x00000000000009d0        0x4 src/layers/marquee_text.c.28.o
                0x00000000000009d0                marquee_text_layer_get_layer
 .text.marquee_text_layer_mark_dirty
                0x00000000000009d4       0x14 src/layers/marquee_text.c.28.o
                0x00000000000009d4                marquee_text_layer_mark_dirty
 .text.marquee_text_layer_set_font
                0x00000000000009e8        0x6 src/layers/marquee_text.c.28.o
                0x00000000000009e8                marquee_text_layer_set_font
 .text.marquee_text_layer_set_text
                0x00000000000009ee        0x6 src/layers/marquee_text.c.28.o
                0x00000000000009ee                marquee_text_layer_set_text
 .text.marquee_text_layer_create
                0x00000000000009f4       0x90 src/layers/marquee_text.c.28.o
                0x00000000000009f4                marquee_text_layer_create
 .text.marquee_text_layer_tick
                0x0000000000000a84       0x30 src/layers/marquee_text.c.28.o
                0x0000000000000a84                marquee_text_layer_tick
 .text.progress_bar_update_proc
                0x0000000000000ab4       0x64 src/layers/progress_bar.c.28.o
 .text.progress_bar_layer_create
                0x0000000000000b18       0x40 src/layers/progress_bar.c.28.o
                0x0000000000000b18                progress_bar_layer_create
 .text.progress_bar_layer_destroy
                0x0000000000000b58       0x14 src/layers/progress_bar.c.28.o
                0x0000000000000b58                progress_bar_layer_destroy
 .text.progress_bar_layer_get_layer
                0x0000000000000b6c        0x4 src/layers/progress_bar.c.28.o
                0x0000000000000b6c                progress_bar_layer_get_layer
 .text.progress_bar_layer_set_range
                0x0000000000000b70        0xe src/layers/progress_bar.c.28.o
                0x0000000000000b70                progress_bar_layer_set_range
 .text.progress_bar_layer_set_value
                0x0000000000000b7e        0xc src/layers/progress_bar.c.28.o
                0x0000000000000b7e                progress_bar_layer_set_value
 *fill*         0x0000000000000b8a        0x2 
 .text.settings_service_subscribe
                0x0000000000000b8c       0x14 src/settings.c.28.o
                0x0000000000000b8c                settings_service_subscribe
 .text.settings_get_settings
                0x0000000000000ba0       0x34 src/settings.c.28.o
                0x0000000000000ba0                settings_get_settings
 .text.settings_prepare_defaults
                0x0000000000000bd4       0x1c src/settings.c.28.o
                0x0000000000000bd4                settings_prepare_defaults
 .text.settings_load
                0x0000000000000bf0       0x44 src/settings.c.28.o
                0x0000000000000bf0                settings_load
 .text.settings_save
                0x0000000000000c34       0x3c src/settings.c.28.o
                0x0000000000000c34                settings_save
 .text.settings_set_settings
                0x0000000000000c70       0x44 src/settings.c.28.o
                0x0000000000000c70                settings_set_settings
 .text.connection_window_unload
                0x0000000000000cb4       0x38 src/windows/connection_window.c.28.o
                0x0000000000000cb4                connection_window_unload
 .text.connection_window_load
                0x0000000000000cec      0x36c src/windows/connection_window.c.28.o
                0x0000000000000cec                connection_window_load
 .text.connection_window_background_proc
                0x0000000000001058       0x2e src/windows/connection_window.c.28.o
                0x0000000000001058                connection_window_background_proc
 *fill*         0x0000000000001086        0x2 
 .text.connection_window_click_config_provider
                0x0000000000001088       0x24 src/windows/connection_window.c.28.o
                0x0000000000001088                connection_window_click_config_provider
 .text.connection_window_click_back
                0x00000000000010ac        0x6 src/windows/connection_window.c.28.o
                0x00000000000010ac                connection_window_click_back
 *fill*         0x00000000000010b2        0x2 
 .text.connection_window_click_select
                0x00000000000010b4       0x34 src/windows/connection_window.c.28.o
                0x00000000000010b4                connection_window_click_select
 .text.connection_window_send_test_message
                0x00000000000010e8       0x48 src/windows/connection_window.c.28.o
                0x00000000000010e8                connection_window_send_test_message
 .text.connection_window_reload
                0x0000000000001130       0x5c src/windows/connection_window.c.28.o
                0x0000000000001130                connection_window_reload
 .text.connection_window_push
                0x000000000000118c       0x98 src/windows/connection_window.c.28.o
                0x000000000000118c                connection_window_push
 .text.connection_window_pebblekit_connection_handler
                0x0000000000001224       0x24 src/windows/connection_window.c.28.o
                0x0000000000001224                connection_window_pebblekit_connection_handler
 .text.connection_window_pebble_app_connection_handler
                0x0000000000001248       0x24 src/windows/connection_window.c.28.o
                0x0000000000001248                connection_window_pebble_app_connection_handler
 .text.connection_window_outbox_failed_handler
                0x000000000000126c        0x6 src/windows/connection_window.c.28.o
                0x000000000000126c                connection_window_outbox_failed_handler
 .text.connection_window_inbox_dropped_handler
                0x0000000000001272        0xe src/windows/connection_window.c.28.o
                0x0000000000001272                connection_window_inbox_dropped_handler
 .text.connection_window_got_test_message
                0x0000000000001280       0x20 src/windows/connection_window.c.28.o
                0x0000000000001280                connection_window_got_test_message
 .text.connection_window_set_wakeup_cookie
                0x00000000000012a0       0x14 src/windows/connection_window.c.28.o
                0x00000000000012a0                connection_window_set_wakeup_cookie
 .text.connection_window_attach
                0x00000000000012b4       0x34 src/windows/connection_window.c.28.o
                0x00000000000012b4                connection_window_attach
 .text.get_num_rows
                0x00000000000012e8       0x34 src/windows/library_menus.c.28.o
                0x00000000000012e8                get_num_rows
 .text.draw_row
                0x000000000000131c      0x244 src/windows/library_menus.c.28.o
                0x000000000000131c                draw_row
 .text.library_menus_window_unload
                0x0000000000001560       0x98 src/windows/library_menus.c.28.o
                0x0000000000001560                library_menus_window_unload
 .text.library_menus_create
                0x00000000000015f8       0x18 src/windows/library_menus.c.28.o
                0x00000000000015f8                library_menus_create
 .text.library_menus_pop_all
                0x0000000000001610       0x28 src/windows/library_menus.c.28.o
                0x0000000000001610                library_menus_pop_all
 .text.build_parent_history
                0x0000000000001638       0x7c src/windows/library_menus.c.28.o
                0x0000000000001638                build_parent_history
 .text.send_library_request
                0x00000000000016b4       0x74 src/windows/library_menus.c.28.o
                0x00000000000016b4                send_library_request
 .text.selection_changed
                0x0000000000001728       0x7a src/windows/library_menus.c.28.o
                0x0000000000001728                selection_changed
 *fill*         0x00000000000017a2        0x2 
 .text.play_track
                0x00000000000017a4       0x74 src/windows/library_menus.c.28.o
                0x00000000000017a4                play_track
 .text.clear_library_entry_data
                0x0000000000001818       0x16 src/windows/library_menus.c.28.o
                0x0000000000001818                clear_library_entry_data
 *fill*         0x000000000000182e        0x2 
 .text.library_menus_display_view
                0x0000000000001830      0x1f8 src/windows/library_menus.c.28.o
                0x0000000000001830                library_menus_display_view
 .text.select_click
                0x0000000000001a28       0xbc src/windows/library_menus.c.28.o
                0x0000000000001a28                select_click
 .text.library_menus_inbox
                0x0000000000001ae4      0x1e8 src/windows/library_menus.c.28.o
                0x0000000000001ae4                library_menus_inbox
 .text.main_menu_get_num_sections
                0x0000000000001ccc        0x4 src/windows/main_menu.c.28.o
                0x0000000000001ccc                main_menu_get_num_sections
 .text.menu_get_num_rows_callback
                0x0000000000001cd0        0x4 src/windows/main_menu.c.28.o
                0x0000000000001cd0                menu_get_num_rows_callback
 .text.menu_get_header_height_callback
                0x0000000000001cd4        0x4 src/windows/main_menu.c.28.o
                0x0000000000001cd4                menu_get_header_height_callback
 .text.menu_select_callback
                0x0000000000001cd8       0x20 src/windows/main_menu.c.28.o
                0x0000000000001cd8                menu_select_callback
 .text.open_composer_list
                0x0000000000001cf8       0x10 src/windows/main_menu.c.28.o
                0x0000000000001cf8                open_composer_list
 .text.open_genre_list
                0x0000000000001d08       0x10 src/windows/main_menu.c.28.o
                0x0000000000001d08                open_genre_list
 .text.open_playlist_list
                0x0000000000001d18       0x10 src/windows/main_menu.c.28.o
                0x0000000000001d18                open_playlist_list
 .text.open_album_list
                0x0000000000001d28       0x10 src/windows/main_menu.c.28.o
                0x0000000000001d28                open_album_list
 .text.open_artist_list
                0x0000000000001d38       0x10 src/windows/main_menu.c.28.o
                0x0000000000001d38                open_artist_list
 .text.open_now_playing
                0x0000000000001d48        0x4 src/windows/main_menu.c.28.o
                0x0000000000001d48                open_now_playing
 .text.menu_selection_changed
                0x0000000000001d4c       0x2c src/windows/main_menu.c.28.o
                0x0000000000001d4c                menu_selection_changed
 .text.main_menu_appear
                0x0000000000001d78        0x6 src/windows/main_menu.c.28.o
                0x0000000000001d78                main_menu_appear
 .text.main_menu_send_now_playing_request
                0x0000000000001d7e        0x6 src/windows/main_menu.c.28.o
                0x0000000000001d7e                main_menu_send_now_playing_request
 .text.menu_draw_row_callback
                0x0000000000001d84       0x70 src/windows/main_menu.c.28.o
                0x0000000000001d84                menu_draw_row_callback
 .text.update_highlight_colours
                0x0000000000001df4       0x58 src/windows/main_menu.c.28.o
                0x0000000000001df4                update_highlight_colours
 .text.main_menu_create
                0x0000000000001e4c      0x1bc src/windows/main_menu.c.28.o
                0x0000000000001e4c                main_menu_create
 .text.main_menu_destroy
                0x0000000000002008       0x10 src/windows/main_menu.c.28.o
                0x0000000000002008                main_menu_destroy
 .text.now_playing_window_appear
                0x0000000000002018        0x6 src/windows/now_playing.c.28.o
                0x0000000000002018                now_playing_window_appear
 *fill*         0x000000000000201e        0x2 
 .text.now_playing_window_unload
                0x0000000000002020      0x118 src/windows/now_playing.c.28.o
                0x0000000000002020                now_playing_window_unload
 .text.now_playing_click_config_provider
                0x0000000000002138       0x44 src/windows/now_playing.c.28.o
                0x0000000000002138                now_playing_click_config_provider
 .text.animate_action_bar
                0x000000000000217c       0x8c src/windows/now_playing.c.28.o
                0x000000000000217c                animate_action_bar
 .text.now_playing_graphics_proc
                0x0000000000002208      0x198 src/windows/now_playing.c.28.o
                0x0000000000002208                now_playing_graphics_proc
 .text.display_no_album
                0x00000000000023a0       0x40 src/windows/now_playing.c.28.o
                0x00000000000023a0                display_no_album
 .text.now_playing_is_playing_music
                0x00000000000023e0        0xe src/windows/now_playing.c.28.o
                0x00000000000023e0                now_playing_is_playing_music
 *fill*         0x00000000000023ee        0x2 
 .text.now_playing_invert_button_controls
                0x00000000000023f0       0xc8 src/windows/now_playing.c.28.o
                0x00000000000023f0                now_playing_invert_button_controls
 .text.now_playing_check_for_no_music
                0x00000000000024b8       0x54 src/windows/now_playing.c.28.o
                0x00000000000024b8                now_playing_check_for_no_music
 .text.now_playing_send_state_change
                0x000000000000250c       0x1e src/windows/now_playing.c.28.o
                0x000000000000250c                now_playing_send_state_change
 *fill*         0x000000000000252a        0x2 
 .text.now_playing_set_album_art
                0x000000000000252c       0x68 src/windows/now_playing.c.28.o
                0x000000000000252c                now_playing_set_album_art
 .text.now_playing_tick
                0x0000000000002594       0x58 src/windows/now_playing.c.28.o
                0x0000000000002594                now_playing_tick
 .text.now_playing_animation_tick
                0x00000000000025ec       0x3c src/windows/now_playing.c.28.o
                0x00000000000025ec                now_playing_animation_tick
 .text.now_playing_new_settings
                0x0000000000002628       0xf8 src/windows/now_playing.c.28.o
                0x0000000000002628                now_playing_new_settings
 .text.now_playing_action_bar_handle
                0x0000000000002720       0x98 src/windows/now_playing.c.28.o
                0x0000000000002720                now_playing_action_bar_handle
 .text.now_playing_long_clicked_select
                0x00000000000027b8       0x40 src/windows/now_playing.c.28.o
                0x00000000000027b8                now_playing_long_clicked_select
 .text.now_playing_state_callback
                0x00000000000027f8      0x134 src/windows/now_playing.c.28.o
                0x00000000000027f8                now_playing_state_callback
 .text.now_playing_window_load
                0x000000000000292c      0x3bc src/windows/now_playing.c.28.o
                0x000000000000292c                now_playing_window_load
 .text.now_playing_reset_invert_controls
                0x0000000000002ce8       0x40 src/windows/now_playing.c.28.o
                0x0000000000002ce8                now_playing_reset_invert_controls
 .text.now_playing_clicked_down
                0x0000000000002d28       0x2c src/windows/now_playing.c.28.o
                0x0000000000002d28                now_playing_clicked_down
 .text.now_playing_clicked_select
                0x0000000000002d54       0x58 src/windows/now_playing.c.28.o
                0x0000000000002d54                now_playing_clicked_select
 .text.now_playing_clicked_up
                0x0000000000002dac       0x2c src/windows/now_playing.c.28.o
                0x0000000000002dac                now_playing_clicked_up
 .text.now_playing_show
                0x0000000000002dd8       0xa0 src/windows/now_playing.c.28.o
                0x0000000000002dd8                now_playing_show
 .text.app_event_loop
                0x0000000000002e78        0xc /Users/edwinfinch/Library/Application Support/Pebble SDK/SDKs/current/sdk-core/pebble/aplite/lib/libpebble.a(tmpz2MrsRpebble.o)
                0x0000000000002e78                app_event_loop
 .text.app_log  0x0000000000002e84        0xc /Users/edwinfinch/Library/Application Support/Pebble SDK/SDKs/current/sdk-core/pebble/aplite/lib/libpebble.a(tmpz2MrsRpebble.o)
                0x0000000000002e84                app_log
 .text.app_message_open
                0x0000000000002e90        0xc /Users/edwinfinch/Library/Application Support/Pebble SDK/SDKs/current/sdk-core/pebble/aplite/lib/libpebble.a(tmpz2MrsRpebble.o)
                0x0000000000002e90                app_message_open
 .text.app_timer_cancel
                0x0000000000002e9c        0xc /Users/edwinfinch/Library/Application Support/Pebble SDK/SDKs/current/sdk-core/pebble/aplite/lib/libpebble.a(tmpz2MrsRpebble.o)
                0x0000000000002e9c                app_timer_cancel
 .text.app_timer_register
                0x0000000000002ea8        0xc /Users/edwinfinch/Library/Application Support/Pebble SDK/SDKs/current/sdk-core/pebble/aplite/lib/libpebble.a(tmpz2MrsRpebble.o)
                0x0000000000002ea8                app_timer_register
 .text.bitmap_layer_create
                0x0000000000002eb4        0xc /Users/edwinfinch/Library/Application Support/Pebble SDK/SDKs/current/sdk-core/pebble/aplite/lib/libpebble.a(tmpz2MrsRpebble.o)
                0x0000000000002eb4                bitmap_layer_create
 .text.bitmap_layer_destroy
                0x0000000000002ec0        0xc /Users/edwinfinch/Library/Application Support/Pebble SDK/SDKs/current/sdk-core/pebble/aplite/lib/libpebble.a(tmpz2MrsRpebble.o)
                0x0000000000002ec0                bitmap_layer_destroy
 .text.bitmap_layer_get_layer
                0x0000000000002ecc        0xc /Users/edwinfinch/Library/Application Support/Pebble SDK/SDKs/current/sdk-core/pebble/aplite/lib/libpebble.a(tmpz2MrsRpebble.o)
                0x0000000000002ecc                bitmap_layer_get_layer
 .text.bitmap_layer_set_bitmap
                0x0000000000002ed8        0xc /Users/edwinfinch/Library/Application Support/Pebble SDK/SDKs/current/sdk-core/pebble/aplite/lib/libpebble.a(tmpz2MrsRpebble.o)
                0x0000000000002ed8                bitmap_layer_set_bitmap
 .text.dict_find
                0x0000000000002ee4        0xc /Users/edwinfinch/Library/Application Support/Pebble SDK/SDKs/current/sdk-core/pebble/aplite/lib/libpebble.a(tmpz2MrsRpebble.o)
                0x0000000000002ee4                dict_find
 .text.dict_read_first
                0x0000000000002ef0        0xc /Users/edwinfinch/Library/Application Support/Pebble SDK/SDKs/current/sdk-core/pebble/aplite/lib/libpebble.a(tmpz2MrsRpebble.o)
                0x0000000000002ef0                dict_read_first
 .text.dict_read_next
                0x0000000000002efc        0xc /Users/edwinfinch/Library/Application Support/Pebble SDK/SDKs/current/sdk-core/pebble/aplite/lib/libpebble.a(tmpz2MrsRpebble.o)
                0x0000000000002efc                dict_read_next
 .text.dict_write_data
                0x0000000000002f08        0xc /Users/edwinfinch/Library/Application Support/Pebble SDK/SDKs/current/sdk-core/pebble/aplite/lib/libpebble.a(tmpz2MrsRpebble.o)
                0x0000000000002f08                dict_write_data
 .text.dict_write_int16
                0x0000000000002f14        0xc /Users/edwinfinch/Library/Application Support/Pebble SDK/SDKs/current/sdk-core/pebble/aplite/lib/libpebble.a(tmpz2MrsRpebble.o)
                0x0000000000002f14                dict_write_int16
 .text.dict_write_int32
                0x0000000000002f20        0xc /Users/edwinfinch/Library/Application Support/Pebble SDK/SDKs/current/sdk-core/pebble/aplite/lib/libpebble.a(tmpz2MrsRpebble.o)
                0x0000000000002f20                dict_write_int32
 .text.dict_write_int8
                0x0000000000002f2c        0xc /Users/edwinfinch/Library/Application Support/Pebble SDK/SDKs/current/sdk-core/pebble/aplite/lib/libpebble.a(tmpz2MrsRpebble.o)
                0x0000000000002f2c                dict_write_int8
 .text.dict_write_uint16
                0x0000000000002f38        0xc /Users/edwinfinch/Library/Application Support/Pebble SDK/SDKs/current/sdk-core/pebble/aplite/lib/libpebble.a(tmpz2MrsRpebble.o)
                0x0000000000002f38                dict_write_uint16
 .text.dict_write_uint32
                0x0000000000002f44        0xc /Users/edwinfinch/Library/Application Support/Pebble SDK/SDKs/current/sdk-core/pebble/aplite/lib/libpebble.a(tmpz2MrsRpebble.o)
                0x0000000000002f44                dict_write_uint32
 .text.dict_write_uint8
                0x0000000000002f50        0xc /Users/edwinfinch/Library/Application Support/Pebble SDK/SDKs/current/sdk-core/pebble/aplite/lib/libpebble.a(tmpz2MrsRpebble.o)
                0x0000000000002f50                dict_write_uint8
 .text.fonts_get_system_font
                0x0000000000002f5c        0xc /Users/edwinfinch/Library/Application Support/Pebble SDK/SDKs/current/sdk-core/pebble/aplite/lib/libpebble.a(tmpz2MrsRpebble.o)
                0x0000000000002f5c                fonts_get_system_font
 .text.free     0x0000000000002f68        0xc /Users/edwinfinch/Library/Application Support/Pebble SDK/SDKs/current/sdk-core/pebble/aplite/lib/libpebble.a(tmpz2MrsRpebble.o)
                0x0000000000002f68                free
 .text.gbitmap_create_with_resource
                0x0000000000002f74        0xc /Users/edwinfinch/Library/Application Support/Pebble SDK/SDKs/current/sdk-core/pebble/aplite/lib/libpebble.a(tmpz2MrsRpebble.o)
                0x0000000000002f74                gbitmap_create_with_resource
 .text.gbitmap_destroy
                0x0000000000002f80        0xc /Users/edwinfinch/Library/Application Support/Pebble SDK/SDKs/current/sdk-core/pebble/aplite/lib/libpebble.a(tmpz2MrsRpebble.o)
                0x0000000000002f80                gbitmap_destroy
 .text.graphics_context_set_compositing_mode
                0x0000000000002f8c        0xc /Users/edwinfinch/Library/Application Support/Pebble SDK/SDKs/current/sdk-core/pebble/aplite/lib/libpebble.a(tmpz2MrsRpebble.o)
                0x0000000000002f8c                graphics_context_set_compositing_mode
 .text.graphics_draw_bitmap_in_rect
                0x0000000000002f98        0xc /Users/edwinfinch/Library/Application Support/Pebble SDK/SDKs/current/sdk-core/pebble/aplite/lib/libpebble.a(tmpz2MrsRpebble.o)
                0x0000000000002f98                graphics_draw_bitmap_in_rect
 .text.graphics_fill_rect
                0x0000000000002fa4        0xc /Users/edwinfinch/Library/Application Support/Pebble SDK/SDKs/current/sdk-core/pebble/aplite/lib/libpebble.a(tmpz2MrsRpebble.o)
                0x0000000000002fa4                graphics_fill_rect
 .text.layer_add_child
                0x0000000000002fb0        0xc /Users/edwinfinch/Library/Application Support/Pebble SDK/SDKs/current/sdk-core/pebble/aplite/lib/libpebble.a(tmpz2MrsRpebble.o)
                0x0000000000002fb0                layer_add_child
 .text.layer_create
                0x0000000000002fbc        0xc /Users/edwinfinch/Library/Application Support/Pebble SDK/SDKs/current/sdk-core/pebble/aplite/lib/libpebble.a(tmpz2MrsRpebble.o)
                0x0000000000002fbc                layer_create
 .text.layer_create_with_data
                0x0000000000002fc8        0xc /Users/edwinfinch/Library/Application Support/Pebble SDK/SDKs/current/sdk-core/pebble/aplite/lib/libpebble.a(tmpz2MrsRpebble.o)
                0x0000000000002fc8                layer_create_with_data
 .text.layer_destroy
                0x0000000000002fd4        0xc /Users/edwinfinch/Library/Application Support/Pebble SDK/SDKs/current/sdk-core/pebble/aplite/lib/libpebble.a(tmpz2MrsRpebble.o)
                0x0000000000002fd4                layer_destroy
 .text.layer_get_bounds
                0x0000000000002fe0        0xc /Users/edwinfinch/Library/Application Support/Pebble SDK/SDKs/current/sdk-core/pebble/aplite/lib/libpebble.a(tmpz2MrsRpebble.o)
                0x0000000000002fe0                layer_get_bounds
 .text.layer_get_data
                0x0000000000002fec        0xc /Users/edwinfinch/Library/Application Support/Pebble SDK/SDKs/current/sdk-core/pebble/aplite/lib/libpebble.a(tmpz2MrsRpebble.o)
                0x0000000000002fec                layer_get_data
 .text.layer_get_frame
                0x0000000000002ff8        0xc /Users/edwinfinch/Library/Application Support/Pebble SDK/SDKs/current/sdk-core/pebble/aplite/lib/libpebble.a(tmpz2MrsRpebble.o)
                0x0000000000002ff8                layer_get_frame
 .text.layer_mark_dirty
                0x0000000000003004        0xc /Users/edwinfinch/Library/Application Support/Pebble SDK/SDKs/current/sdk-core/pebble/aplite/lib/libpebble.a(tmpz2MrsRpebble.o)
                0x0000000000003004                layer_mark_dirty
 .text.layer_set_bounds
                0x0000000000003010        0xc /Users/edwinfinch/Library/Application Support/Pebble SDK/SDKs/current/sdk-core/pebble/aplite/lib/libpebble.a(tmpz2MrsRpebble.o)
                0x0000000000003010                layer_set_bounds
 .text.layer_set_hidden
                0x000000000000301c        0xc /Users/edwinfinch/Library/Application Support/Pebble SDK/SDKs/current/sdk-core/pebble/aplite/lib/libpebble.a(tmpz2MrsRpebble.o)
                0x000000000000301c                layer_set_hidden
 .text.layer_set_update_proc
                0x0000000000003028        0xc /Users/edwinfinch/Library/Application Support/Pebble SDK/SDKs/current/sdk-core/pebble/aplite/lib/libpebble.a(tmpz2MrsRpebble.o)
                0x0000000000003028                layer_set_update_proc
 .text.malloc   0x0000000000003034        0xc /Users/edwinfinch/Library/Application Support/Pebble SDK/SDKs/current/sdk-core/pebble/aplite/lib/libpebble.a(tmpz2MrsRpebble.o)
                0x0000000000003034                malloc
 .text.memcpy   0x0000000000003040        0xc /Users/edwinfinch/Library/Application Support/Pebble SDK/SDKs/current/sdk-core/pebble/aplite/lib/libpebble.a(tmpz2MrsRpebble.o)
                0x0000000000003040                memcpy
 .text.memmove  0x000000000000304c        0xc /Users/edwinfinch/Library/Application Support/Pebble SDK/SDKs/current/sdk-core/pebble/aplite/lib/libpebble.a(tmpz2MrsRpebble.o)
                0x000000000000304c                memmove
 .text.memset   0x0000000000003058        0xc /Users/edwinfinch/Library/Application Support/Pebble SDK/SDKs/current/sdk-core/pebble/aplite/lib/libpebble.a(tmpz2MrsRpebble.o)
                0x0000000000003058                memset
 .text.menu_cell_basic_draw
                0x0000000000003064        0xc /Users/edwinfinch/Library/Application Support/Pebble SDK/SDKs/current/sdk-core/pebble/aplite/lib/libpebble.a(tmpz2MrsRpebble.o)
                0x0000000000003064                menu_cell_basic_draw
 .text.menu_layer_destroy
                0x0000000000003070        0xc /Users/edwinfinch/Library/Application Support/Pebble SDK/SDKs/current/sdk-core/pebble/aplite/lib/libpebble.a(tmpz2MrsRpebble.o)
                0x0000000000003070                menu_layer_destroy
 .text.menu_layer_get_layer
                0x000000000000307c        0xc /Users/edwinfinch/Library/Application Support/Pebble SDK/SDKs/current/sdk-core/pebble/aplite/lib/libpebble.a(tmpz2MrsRpebble.o)
                0x000000000000307c                menu_layer_get_layer
 .text.menu_layer_reload_data
                0x0000000000003088        0xc /Users/edwinfinch/Library/Application Support/Pebble SDK/SDKs/current/sdk-core/pebble/aplite/lib/libpebble.a(tmpz2MrsRpebble.o)
                0x0000000000003088                menu_layer_reload_data
 .text.menu_layer_set_click_config_onto_window
                0x0000000000003094        0xc /Users/edwinfinch/Library/Application Support/Pebble SDK/SDKs/current/sdk-core/pebble/aplite/lib/libpebble.a(tmpz2MrsRpebble.o)
                0x0000000000003094                menu_layer_set_click_config_onto_window
 .text.menu_layer_set_selected_index
                0x00000000000030a0        0xc /Users/edwinfinch/Library/Application Support/Pebble SDK/SDKs/current/sdk-core/pebble/aplite/lib/libpebble.a(tmpz2MrsRpebble.o)
                0x00000000000030a0                menu_layer_set_selected_index
 .text.scroll_layer_add_child
                0x00000000000030ac        0xc /Users/edwinfinch/Library/Application Support/Pebble SDK/SDKs/current/sdk-core/pebble/aplite/lib/libpebble.a(tmpz2MrsRpebble.o)
                0x00000000000030ac                scroll_layer_add_child
 .text.scroll_layer_create
                0x00000000000030b8        0xc /Users/edwinfinch/Library/Application Support/Pebble SDK/SDKs/current/sdk-core/pebble/aplite/lib/libpebble.a(tmpz2MrsRpebble.o)
                0x00000000000030b8                scroll_layer_create
 .text.scroll_layer_destroy
                0x00000000000030c4        0xc /Users/edwinfinch/Library/Application Support/Pebble SDK/SDKs/current/sdk-core/pebble/aplite/lib/libpebble.a(tmpz2MrsRpebble.o)
                0x00000000000030c4                scroll_layer_destroy
 .text.scroll_layer_get_layer
                0x00000000000030d0        0xc /Users/edwinfinch/Library/Application Support/Pebble SDK/SDKs/current/sdk-core/pebble/aplite/lib/libpebble.a(tmpz2MrsRpebble.o)
                0x00000000000030d0                scroll_layer_get_layer
 .text.scroll_layer_set_callbacks
                0x00000000000030dc        0xc /Users/edwinfinch/Library/Application Support/Pebble SDK/SDKs/current/sdk-core/pebble/aplite/lib/libpebble.a(tmpz2MrsRpebble.o)
                0x00000000000030dc                scroll_layer_set_callbacks
 .text.scroll_layer_set_click_config_onto_window
                0x00000000000030e8        0xc /Users/edwinfinch/Library/Application Support/Pebble SDK/SDKs/current/sdk-core/pebble/aplite/lib/libpebble.a(tmpz2MrsRpebble.o)
                0x00000000000030e8                scroll_layer_set_click_config_onto_window
 .text.scroll_layer_set_content_size
                0x00000000000030f4        0xc /Users/edwinfinch/Library/Application Support/Pebble SDK/SDKs/current/sdk-core/pebble/aplite/lib/libpebble.a(tmpz2MrsRpebble.o)
                0x00000000000030f4                scroll_layer_set_content_size
 .text.snprintf
                0x0000000000003100        0xc /Users/edwinfinch/Library/Application Support/Pebble SDK/SDKs/current/sdk-core/pebble/aplite/lib/libpebble.a(tmpz2MrsRpebble.o)
                0x0000000000003100                snprintf
 .text.strcmp   0x000000000000310c        0xc /Users/edwinfinch/Library/Application Support/Pebble SDK/SDKs/current/sdk-core/pebble/aplite/lib/libpebble.a(tmpz2MrsRpebble.o)
                0x000000000000310c                strcmp
 .text.strcpy   0x0000000000003118        0xc /Users/edwinfinch/Library/Application Support/Pebble SDK/SDKs/current/sdk-core/pebble/aplite/lib/libpebble.a(tmpz2MrsRpebble.o)
                0x0000000000003118                strcpy
 .text.strlen   0x0000000000003124        0xc /Users/edwinfinch/Library/Application Support/Pebble SDK/SDKs/current/sdk-core/pebble/aplite/lib/libpebble.a(tmpz2MrsRpebble.o)
                0x0000000000003124                strlen
 .text.strncpy  0x0000000000003130        0xc /Users/edwinfinch/Library/Application Support/Pebble SDK/SDKs/current/sdk-core/pebble/aplite/lib/libpebble.a(tmpz2MrsRpebble.o)
                0x0000000000003130                strncpy
 .text.tick_timer_service_subscribe
                0x000000000000313c        0xc /Users/edwinfinch/Library/Application Support/Pebble SDK/SDKs/current/sdk-core/pebble/aplite/lib/libpebble.a(tmpz2MrsRpebble.o)
                0x000000000000313c                tick_timer_service_subscribe
 .text.vibes_double_pulse
                0x0000000000003148        0xc /Users/edwinfinch/Library/Application Support/Pebble SDK/SDKs/current/sdk-core/pebble/aplite/lib/libpebble.a(tmpz2MrsRpebble.o)
                0x0000000000003148                vibes_double_pulse
 .text.vibes_enqueue_custom_pattern
                0x0000000000003154        0xc /Users/edwinfinch/Library/Application Support/Pebble SDK/SDKs/current/sdk-core/pebble/aplite/lib/libpebble.a(tmpz2MrsRpebble.o)
                0x0000000000003154                vibes_enqueue_custom_pattern
 .text.window_create
                0x0000000000003160        0xc /Users/edwinfinch/Library/Application Support/Pebble SDK/SDKs/current/sdk-core/pebble/aplite/lib/libpebble.a(tmpz2MrsRpebble.o)
                0x0000000000003160                window_create
 .text.window_destroy
                0x000000000000316c        0xc /Users/edwinfinch/Library/Application Support/Pebble SDK/SDKs/current/sdk-core/pebble/aplite/lib/libpebble.a(tmpz2MrsRpebble.o)
                0x000000000000316c                window_destroy
 .text.window_get_root_layer
                0x0000000000003178        0xc /Users/edwinfinch/Library/Application Support/Pebble SDK/SDKs/current/sdk-core/pebble/aplite/lib/libpebble.a(tmpz2MrsRpebble.o)
                0x0000000000003178                window_get_root_layer
 .text.window_set_window_handlers
                0x0000000000003184        0xc /Users/edwinfinch/Library/Application Support/Pebble SDK/SDKs/current/sdk-core/pebble/aplite/lib/libpebble.a(tmpz2MrsRpebble.o)
                0x0000000000003184                window_set_window_handlers
 .text.window_stack_pop
                0x0000000000003190        0xc /Users/edwinfinch/Library/Application Support/Pebble SDK/SDKs/current/sdk-core/pebble/aplite/lib/libpebble.a(tmpz2MrsRpebble.o)
                0x0000000000003190                window_stack_pop
 .text.window_stack_pop_all
                0x000000000000319c        0xc /Users/edwinfinch/Library/Application Support/Pebble SDK/SDKs/current/sdk-core/pebble/aplite/lib/libpebble.a(tmpz2MrsRpebble.o)
                0x000000000000319c                window_stack_pop_all
 .text.window_stack_push
                0x00000000000031a8        0xc /Users/edwinfinch/Library/Application Support/Pebble SDK/SDKs/current/sdk-core/pebble/aplite/lib/libpebble.a(tmpz2MrsRpebble.o)
                0x00000000000031a8                window_stack_push
 .text.window_stack_remove
                0x00000000000031b4        0xc /Users/edwinfinch/Library/Application Support/Pebble SDK/SDKs/current/sdk-core/pebble/aplite/lib/libpebble.a(tmpz2MrsRpebble.o)
                0x00000000000031b4                window_stack_remove
 .text.app_message_outbox_begin
                0x00000000000031c0        0xc /Users/edwinfinch/Library/Application Support/Pebble SDK/SDKs/current/sdk-core/pebble/aplite/lib/libpebble.a(tmpz2MrsRpebble.o)
                0x00000000000031c0                app_message_outbox_begin
 .text.app_message_outbox_send
                0x00000000000031cc        0xc /Users/edwinfinch/Library/Application Support/Pebble SDK/SDKs/current/sdk-core/pebble/aplite/lib/libpebble.a(tmpz2MrsRpebble.o)
                0x00000000000031cc                app_message_outbox_send
 .text.app_message_register_inbox_dropped
                0x00000000000031d8        0xc /Users/edwinfinch/Library/Application Support/Pebble SDK/SDKs/current/sdk-core/pebble/aplite/lib/libpebble.a(tmpz2MrsRpebble.o)
                0x00000000000031d8                app_message_register_inbox_dropped
 .text.app_message_register_inbox_received
                0x00000000000031e4        0xc /Users/edwinfinch/Library/Application Support/Pebble SDK/SDKs/current/sdk-core/pebble/aplite/lib/libpebble.a(tmpz2MrsRpebble.o)
                0x00000000000031e4                app_message_register_inbox_received
 .text.app_message_register_outbox_failed
                0x00000000000031f0        0xc /Users/edwinfinch/Library/Application Support/Pebble SDK/SDKs/current/sdk-core/pebble/aplite/lib/libpebble.a(tmpz2MrsRpebble.o)
                0x00000000000031f0                app_message_register_outbox_failed
 .text.window_long_click_subscribe
                0x00000000000031fc        0xc /Users/edwinfinch/Library/Application Support/Pebble SDK/SDKs/current/sdk-core/pebble/aplite/lib/libpebble.a(tmpz2MrsRpebble.o)
                0x00000000000031fc                window_long_click_subscribe
 .text.window_single_click_subscribe
                0x0000000000003208        0xc /Users/edwinfinch/Library/Application Support/Pebble SDK/SDKs/current/sdk-core/pebble/aplite/lib/libpebble.a(tmpz2MrsRpebble.o)
                0x0000000000003208                window_single_click_subscribe
 .text.graphics_draw_text
                0x0000000000003214        0xc /Users/edwinfinch/Library/Application Support/Pebble SDK/SDKs/current/sdk-core/pebble/aplite/lib/libpebble.a(tmpz2MrsRpebble.o)
                0x0000000000003214                graphics_draw_text
 .text.persist_read_data
                0x0000000000003220        0xc /Users/edwinfinch/Library/Application Support/Pebble SDK/SDKs/current/sdk-core/pebble/aplite/lib/libpebble.a(tmpz2MrsRpebble.o)
                0x0000000000003220                persist_read_data
 .text.persist_write_data
                0x000000000000322c        0xc /Users/edwinfinch/Library/Application Support/Pebble SDK/SDKs/current/sdk-core/pebble/aplite/lib/libpebble.a(tmpz2MrsRpebble.o)
                0x000000000000322c                persist_write_data
 .text.graphics_text_layout_get_content_size
                0x0000000000003238        0xc /Users/edwinfinch/Library/Application Support/Pebble SDK/SDKs/current/sdk-core/pebble/aplite/lib/libpebble.a(tmpz2MrsRpebble.o)
                0x0000000000003238                graphics_text_layout_get_content_size
 .text.heap_bytes_free
                0x0000000000003244        0xc /Users/edwinfinch/Library/Application Support/Pebble SDK/SDKs/current/sdk-core/pebble/aplite/lib/libpebble.a(tmpz2MrsRpebble.o)
                0x0000000000003244                heap_bytes_free
 .text.watch_info_get_model
                0x0000000000003250        0xc /Users/edwinfinch/Library/Application Support/Pebble SDK/SDKs/current/sdk-core/pebble/aplite/lib/libpebble.a(tmpz2MrsRpebble.o)
                0x0000000000003250                watch_info_get_model
 .text.launch_reason
                0x000000000000325c        0xc /Users/edwinfinch/Library/Application Support/Pebble SDK/SDKs/current/sdk-core/pebble/aplite/lib/libpebble.a(tmpz2MrsRpebble.o)
                0x000000000000325c                launch_reason
 .text.wakeup_get_launch_event
                0x0000000000003268        0xc /Users/edwinfinch/Library/Application Support/Pebble SDK/SDKs/current/sdk-core/pebble/aplite/lib/libpebble.a(tmpz2MrsRpebble.o)
                0x0000000000003268                wakeup_get_launch_event
 .text.wakeup_schedule
                0x0000000000003274        0xc /Users/edwinfinch/Library/Application Support/Pebble SDK/SDKs/current/sdk-core/pebble/aplite/lib/libpebble.a(tmpz2MrsRpebble.o)
                0x0000000000003274                wakeup_schedule
 .text.graphics_context_set_fill_color
                0x0000000000003280        0xc /Users/edwinfinch/Library/Application Support/Pebble SDK/SDKs/current/sdk-core/pebble/aplite/lib/libpebble.a(tmpz2MrsRpebble.o)
                0x0000000000003280                graphics_context_set_fill_color
 .text.graphics_context_set_text_color
                0x000000000000328c        0xc /Users/edwinfinch/Library/Application Support/Pebble SDK/SDKs/current/sdk-core/pebble/aplite/lib/libpebble.a(tmpz2MrsRpebble.o)
                0x000000000000328c                graphics_context_set_text_color
 .text.window_set_background_color
                0x0000000000003298        0xc /Users/edwinfinch/Library/Application Support/Pebble SDK/SDKs/current/sdk-core/pebble/aplite/lib/libpebble.a(tmpz2MrsRpebble.o)
                0x0000000000003298                window_set_background_color
 .text.animation_schedule
                0x00000000000032a4        0xc /Users/edwinfinch/Library/Application Support/Pebble SDK/SDKs/current/sdk-core/pebble/aplite/lib/libpebble.a(tmpz2MrsRpebble.o)
                0x00000000000032a4                animation_schedule
 .text.animation_set_delay
                0x00000000000032b0        0xc /Users/edwinfinch/Library/Application Support/Pebble SDK/SDKs/current/sdk-core/pebble/aplite/lib/libpebble.a(tmpz2MrsRpebble.o)
                0x00000000000032b0                animation_set_delay
 .text.animation_set_duration
                0x00000000000032bc        0xc /Users/edwinfinch/Library/Application Support/Pebble SDK/SDKs/current/sdk-core/pebble/aplite/lib/libpebble.a(tmpz2MrsRpebble.o)
                0x00000000000032bc                animation_set_duration
 .text.animation_set_handlers
                0x00000000000032c8        0xc /Users/edwinfinch/Library/Application Support/Pebble SDK/SDKs/current/sdk-core/pebble/aplite/lib/libpebble.a(tmpz2MrsRpebble.o)
                0x00000000000032c8                animation_set_handlers
 .text.property_animation_create_layer_frame
                0x00000000000032d4        0xc /Users/edwinfinch/Library/Application Support/Pebble SDK/SDKs/current/sdk-core/pebble/aplite/lib/libpebble.a(tmpz2MrsRpebble.o)
                0x00000000000032d4                property_animation_create_layer_frame
 .text.property_animation_destroy
                0x00000000000032e0        0xc /Users/edwinfinch/Library/Application Support/Pebble SDK/SDKs/current/sdk-core/pebble/aplite/lib/libpebble.a(tmpz2MrsRpebble.o)
                0x00000000000032e0                property_animation_destroy
 .text.property_animation_get_animation
                0x00000000000032ec        0xc /Users/edwinfinch/Library/Application Support/Pebble SDK/SDKs/current/sdk-core/pebble/aplite/lib/libpebble.a(tmpz2MrsRpebble.o)
                0x00000000000032ec                property_animation_get_animation
 .text.gbitmap_get_bounds
                0x00000000000032f8        0xc /Users/edwinfinch/Library/Application Support/Pebble SDK/SDKs/current/sdk-core/pebble/aplite/lib/libpebble.a(tmpz2MrsRpebble.o)
                0x00000000000032f8                gbitmap_get_bounds
 .text.gbitmap_create_from_png_data
                0x0000000000003304        0xc /Users/edwinfinch/Library/Application Support/Pebble SDK/SDKs/current/sdk-core/pebble/aplite/lib/libpebble.a(tmpz2MrsRpebble.o)
                0x0000000000003304                gbitmap_create_from_png_data
 .text.menu_layer_create
                0x0000000000003310        0xc /Users/edwinfinch/Library/Application Support/Pebble SDK/SDKs/current/sdk-core/pebble/aplite/lib/libpebble.a(tmpz2MrsRpebble.o)
                0x0000000000003310                menu_layer_create
 .text.action_bar_layer_add_to_window
                0x000000000000331c        0xc /Users/edwinfinch/Library/Application Support/Pebble SDK/SDKs/current/sdk-core/pebble/aplite/lib/libpebble.a(tmpz2MrsRpebble.o)
                0x000000000000331c                action_bar_layer_add_to_window
 .text.action_bar_layer_create
                0x0000000000003328        0xc /Users/edwinfinch/Library/Application Support/Pebble SDK/SDKs/current/sdk-core/pebble/aplite/lib/libpebble.a(tmpz2MrsRpebble.o)
                0x0000000000003328                action_bar_layer_create
 .text.action_bar_layer_destroy
                0x0000000000003334        0xc /Users/edwinfinch/Library/Application Support/Pebble SDK/SDKs/current/sdk-core/pebble/aplite/lib/libpebble.a(tmpz2MrsRpebble.o)
                0x0000000000003334                action_bar_layer_destroy
 .text.action_bar_layer_get_layer
                0x0000000000003340        0xc /Users/edwinfinch/Library/Application Support/Pebble SDK/SDKs/current/sdk-core/pebble/aplite/lib/libpebble.a(tmpz2MrsRpebble.o)
                0x0000000000003340                action_bar_layer_get_layer
 .text.action_bar_layer_set_click_config_provider
                0x000000000000334c        0xc /Users/edwinfinch/Library/Application Support/Pebble SDK/SDKs/current/sdk-core/pebble/aplite/lib/libpebble.a(tmpz2MrsRpebble.o)
                0x000000000000334c                action_bar_layer_set_click_config_provider
 .text.action_bar_layer_set_icon_animated
                0x0000000000003358        0xc /Users/edwinfinch/Library/Application Support/Pebble SDK/SDKs/current/sdk-core/pebble/aplite/lib/libpebble.a(tmpz2MrsRpebble.o)
                0x0000000000003358                action_bar_layer_set_icon_animated
 .text.menu_cell_layer_is_highlighted
                0x0000000000003364        0xc /Users/edwinfinch/Library/Application Support/Pebble SDK/SDKs/current/sdk-core/pebble/aplite/lib/libpebble.a(tmpz2MrsRpebble.o)
                0x0000000000003364                menu_cell_layer_is_highlighted
 .text.text_layer_create
                0x0000000000003370        0xc /Users/edwinfinch/Library/Application Support/Pebble SDK/SDKs/current/sdk-core/pebble/aplite/lib/libpebble.a(tmpz2MrsRpebble.o)
                0x0000000000003370                text_layer_create
 .text.text_layer_destroy
                0x000000000000337c        0xc /Users/edwinfinch/Library/Application Support/Pebble SDK/SDKs/current/sdk-core/pebble/aplite/lib/libpebble.a(tmpz2MrsRpebble.o)
                0x000000000000337c                text_layer_destroy
 .text.text_layer_get_layer
                0x0000000000003388        0xc /Users/edwinfinch/Library/Application Support/Pebble SDK/SDKs/current/sdk-core/pebble/aplite/lib/libpebble.a(tmpz2MrsRpebble.o)
                0x0000000000003388                text_layer_get_layer
 .text.text_layer_set_background_color
                0x0000000000003394        0xc /Users/edwinfinch/Library/Application Support/Pebble SDK/SDKs/current/sdk-core/pebble/aplite/lib/libpebble.a(tmpz2MrsRpebble.o)
                0x0000000000003394                text_layer_set_background_color
 .text.text_layer_set_font
                0x00000000000033a0        0xc /Users/edwinfinch/Library/Application Support/Pebble SDK/SDKs/current/sdk-core/pebble/aplite/lib/libpebble.a(tmpz2MrsRpebble.o)
                0x00000000000033a0                text_layer_set_font
 .text.text_layer_set_overflow_mode
                0x00000000000033ac        0xc /Users/edwinfinch/Library/Application Support/Pebble SDK/SDKs/current/sdk-core/pebble/aplite/lib/libpebble.a(tmpz2MrsRpebble.o)
                0x00000000000033ac                text_layer_set_overflow_mode
 .text.text_layer_set_text
                0x00000000000033b8        0xc /Users/edwinfinch/Library/Application Support/Pebble SDK/SDKs/current/sdk-core/pebble/aplite/lib/libpebble.a(tmpz2MrsRpebble.o)
                0x00000000000033b8                text_layer_set_text
 .text.text_layer_set_text_color
                0x00000000000033c4        0xc /Users/edwinfinch/Library/Application Support/Pebble SDK/SDKs/current/sdk-core/pebble/aplite/lib/libpebble.a(tmpz2MrsRpebble.o)
                0x00000000000033c4                text_layer_set_text_color
 .text.time     0x00000000000033d0        0xc /Users/edwinfinch/Library/Application Support/Pebble SDK/SDKs/current/sdk-core/pebble/aplite/lib/libpebble.a(tmpz2MrsRpebble.o)
                0x00000000000033d0                time
 .text.menu_layer_set_highlight_colors
                0x00000000000033dc        0xc /Users/edwinfinch/Library/Application Support/Pebble SDK/SDKs/current/sdk-core/pebble/aplite/lib/libpebble.a(tmpz2MrsRpebble.o)
                0x00000000000033dc                menu_layer_set_highlight_colors
 .text.menu_layer_set_normal_colors
                0x00000000000033e8        0xc /Users/edwinfinch/Library/Application Support/Pebble SDK/SDKs/current/sdk-core/pebble/aplite/lib/libpebble.a(tmpz2MrsRpebble.o)
                0x00000000000033e8                menu_layer_set_normal_colors
 .text.menu_layer_set_callbacks
                0x00000000000033f4        0xc /Users/edwinfinch/Library/Application Support/Pebble SDK/SDKs/current/sdk-core/pebble/aplite/lib/libpebble.a(tmpz2MrsRpebble.o)
                0x00000000000033f4                menu_layer_set_callbacks
 .text.connection_service_peek_pebble_app_connection
                0x0000000000003400        0xc /Users/edwinfinch/Library/Application Support/Pebble SDK/SDKs/current/sdk-core/pebble/aplite/lib/libpebble.a(tmpz2MrsRpebble.o)
                0x0000000000003400                connection_service_peek_pebble_app_connection
 .text.connection_service_peek_pebblekit_connection
                0x000000000000340c        0xc /Users/edwinfinch/Library/Application Support/Pebble SDK/SDKs/current/sdk-core/pebble/aplite/lib/libpebble.a(tmpz2MrsRpebble.o)
                0x000000000000340c                connection_service_peek_pebblekit_connection
 .text.connection_service_subscribe
                0x0000000000003418        0xc /Users/edwinfinch/Library/Application Support/Pebble SDK/SDKs/current/sdk-core/pebble/aplite/lib/libpebble.a(tmpz2MrsRpebble.o)
                0x0000000000003418                connection_service_subscribe
 *(.rodata)
 .rodata        0x0000000000003424        0x8 src/windows/connection_window.c.28.o
 .rodata        0x000000000000342c       0x10 src/windows/library_menus.c.28.o
 .rodata        0x000000000000343c        0x8 src/windows/main_menu.c.28.o
 .rodata        0x0000000000003444       0x20 src/windows/now_playing.c.28.o
 *(.rodata*)
 .rodata.str1.1
                0x0000000000003464      0x115 src/ipod_state.c.28.o
 .rodata.str1.1
                0x0000000000003579       0x1a src/layers/marquee_text.c.28.o
 .rodata.str1.1
                0x0000000000003593       0x60 src/settings.c.28.o
 .rodata.str1.1
                0x00000000000035f3      0x401 src/windows/connection_window.c.28.o
                                        0x404 (size before relaxing)
 .rodata.str1.1
                0x00000000000039f4      0x1b9 src/windows/library_menus.c.28.o
                                        0x1ba (size before relaxing)
 .rodata.str1.1
                0x0000000000003bad       0x5c src/windows/main_menu.c.28.o
                                         0x5d (size before relaxing)
 *fill*         0x0000000000003c09        0x3 
 .rodata.segments.7793
                0x0000000000003c0c        0x8 src/windows/now_playing.c.28.o
 .rodata.str1.1
                0x0000000000003c14       0x99 src/windows/now_playing.c.28.o
                                         0xaf (size before relaxing)

.glue_7         0x0000000000003cb0        0x0
 .glue_7        0x0000000000000000        0x0 linker stubs

.glue_7t        0x0000000000003cb0        0x0
 .glue_7t       0x0000000000000000        0x0 linker stubs

.vfp11_veneer   0x0000000000003cb0        0x0
 .vfp11_veneer  0x0000000000000000        0x0 linker stubs

.v4_bx          0x0000000000003cb0        0x0
 .v4_bx         0x0000000000000000        0x0 linker stubs

.iplt           0x0000000000003cb0        0x0
 .iplt          0x0000000000000000        0x0 /usr/local/Cellar/pebble-toolchain/2.0/arm-cs-tools/bin/../lib/gcc/arm-none-eabi/4.7.2/thumb2/crtbegin.o

.rel.dyn        0x0000000000003cb0        0x0
 .rel.iplt      0x0000000000000000        0x0 /usr/local/Cellar/pebble-toolchain/2.0/arm-cs-tools/bin/../lib/gcc/arm-none-eabi/4.7.2/thumb2/crtbegin.o
 .rel.got       0x0000000000000000        0x0 /usr/local/Cellar/pebble-toolchain/2.0/arm-cs-tools/bin/../lib/gcc/arm-none-eabi/4.7.2/thumb2/crtbegin.o

.data           0x0000000000003cb0       0x5d
 *(.data)
 .data          0x0000000000003cb0        0x0 /usr/local/Cellar/pebble-toolchain/2.0/arm-cs-tools/bin/../lib/gcc/arm-none-eabi/4.7.2/thumb2/crti.o
 .data          0x0000000000003cb0        0x4 /usr/local/Cellar/pebble-toolchain/2.0/arm-cs-tools/bin/../lib/gcc/arm-none-eabi/4.7.2/thumb2/crtbegin.o
                0x0000000000003cb0                __dso_handle
 .data          0x0000000000003cb4        0x0 src/common.c.28.o
 .data          0x0000000000003cb4        0x0 src/gbitmap.c.28.o
 .data          0x0000000000003cb4        0x0 src/ipod.c.28.o
 .data          0x0000000000003cb4        0x0 src/ipod_state.c.28.o
 .data          0x0000000000003cb4        0x0 src/layers/marquee_text.c.28.o
 .data          0x0000000000003cb4        0x0 src/layers/progress_bar.c.28.o
 .data          0x0000000000003cb4        0x0 src/settings.c.28.o
 .data          0x0000000000003cb4        0x8 src/windows/connection_window.c.28.o
 .data          0x0000000000003cbc        0x0 src/windows/library_menus.c.28.o
 .data          0x0000000000003cbc        0x0 src/windows/main_menu.c.28.o
 .data          0x0000000000003cbc        0x0 src/windows/message_window.c.28.o
 .data          0x0000000000003cbc        0x8 src/windows/now_playing.c.28.o
 .data          0x0000000000003cc4        0x0 aplite/appinfo.auto.c.28.o
 .data          0x0000000000003cc4        0x0 aplite/src/resource_ids.auto.c.28.o
 .data          0x0000000000003cc4        0x0 /Users/edwinfinch/Library/Application Support/Pebble SDK/SDKs/current/sdk-core/pebble/aplite/lib/libpebble.a(tmpz2MrsRpebble.o)
 .data          0x0000000000003cc4        0x0 /usr/local/Cellar/pebble-toolchain/2.0/arm-cs-tools/bin/../lib/gcc/arm-none-eabi/4.7.2/thumb2/crtend.o
 .data          0x0000000000003cc4        0x0 /usr/local/Cellar/pebble-toolchain/2.0/arm-cs-tools/bin/../lib/gcc/arm-none-eabi/4.7.2/thumb2/crtn.o
 *(.data.*)
 .data.s_sequence_number
                0x0000000000003cc4        0x4 src/common.c.28.o
 .data.first_open
                0x0000000000003cc8        0x1 src/ipod_state.c.28.o
                0x0000000000003cc8                first_open
 .data.first_call
                0x0000000000003cc9        0x1 src/ipod_state.c.28.o
                0x0000000000003cc9                first_call
 *fill*         0x0000000000003cca        0x2 
 .data.rel.local.repeat_modes
                0x0000000000003ccc       0x10 src/windows/library_menus.c.28.o
                0x0000000000003ccc                repeat_modes
 .data.rel.ro.local.titles.7754
                0x0000000000003cdc       0x18 src/windows/main_menu.c.28.o
 .data.rel.ro.callbacks.7755
                0x0000000000003cf4       0x18 src/windows/main_menu.c.28.o
 .data.now_playing_action_bar_is_showing
                0x0000000000003d0c        0x1 src/windows/now_playing.c.28.o
                0x0000000000003d0c                now_playing_action_bar_is_showing

.igot.plt       0x0000000000003d10        0x0
 .igot.plt      0x0000000000000000        0x0 /usr/local/Cellar/pebble-toolchain/2.0/arm-cs-tools/bin/../lib/gcc/arm-none-eabi/4.7.2/thumb2/crtbegin.o

.got            0x0000000000003d10       0x94
 .got           0x0000000000003d10       0x94 /usr/local/Cellar/pebble-toolchain/2.0/arm-cs-tools/bin/../lib/gcc/arm-none-eabi/4.7.2/thumb2/crtbegin.o

.got.plt        0x0000000000003da4        0xc
 .got.plt       0x0000000000003da4        0xc /usr/local/Cellar/pebble-toolchain/2.0/arm-cs-tools/bin/../lib/gcc/arm-none-eabi/4.7.2/thumb2/crtbegin.o
                0x0000000000003da4                _GLOBAL_OFFSET_TABLE_

.bss            0x0000000000003db0      0x35c
 *(.bss)
 *(.bss.*)
 .bss.s_artist  0x0000000000003db0       0x64 src/ipod_state.c.28.o
 .bss.s_title   0x0000000000003e14       0x64 src/ipod_state.c.28.o
 .bss.now_playing_album_art_size
                0x0000000000003e78        0x8 src/ipod_state.c.28.o
 .bss.s_album   0x0000000000003e80       0x64 src/ipod_state.c.28.o
 .bss.album_art_data
                0x0000000000003ee4        0x8 src/ipod_state.c.28.o
 .bss.head      0x0000000000003eec        0x4 src/layers/marquee_text.c.28.o
 .bss.title.7707
                0x0000000000003ef0       0x1e src/windows/connection_window.c.28.o
 .bss.description.7708
                0x0000000000003f0e       0x96 src/windows/connection_window.c.28.o
 .bss.main_menu_layer
                0x0000000000003fa4        0x4 src/windows/main_menu.c.28.o
                0x0000000000003fa4                main_menu_layer
 .bss.already_requested
                0x0000000000003fa8        0x1 src/windows/main_menu.c.28.o
                0x0000000000003fa8                already_requested
 .bss.draw_no_album
                0x0000000000003fa9        0x1 src/windows/now_playing.c.28.o
 *fill*         0x0000000000003faa        0x2 
 .bss.no_album_art_bitmap
                0x0000000000003fac        0x4 src/windows/now_playing.c.28.o
                0x0000000000003fac                no_album_art_bitmap
 .bss.icon_fast_forward
                0x0000000000003fb0        0x4 src/windows/now_playing.c.28.o
 .bss.action_bar_hidden
                0x0000000000003fb4        0x2 src/windows/now_playing.c.28.o
                0x0000000000003fb4                action_bar_hidden
 .bss.controlling_volume
                0x0000000000003fb6        0x1 src/windows/now_playing.c.28.o
 *fill*         0x0000000000003fb7        0x1 
 .bss.icon_play
                0x0000000000003fb8        0x4 src/windows/now_playing.c.28.o
 .bss.icon_pause
                0x0000000000003fbc        0x4 src/windows/now_playing.c.28.o
 .bss.icon_more
                0x0000000000003fc0        0x4 src/windows/now_playing.c.28.o
 .bss.icon_volume_up
                0x0000000000003fc4        0x4 src/windows/now_playing.c.28.o
 .bss.action_bar_showing
                0x0000000000003fc8        0x2 src/windows/now_playing.c.28.o
                0x0000000000003fc8                action_bar_showing
 .bss.pebble_controls_pushed_select
                0x0000000000003fca        0x1 src/windows/now_playing.c.28.o
                0x0000000000003fca                pebble_controls_pushed_select
 *fill*         0x0000000000003fcb        0x1 
 .bss.icon_rewind
                0x0000000000003fcc        0x4 src/windows/now_playing.c.28.o
 .bss.icon_volume_down
                0x0000000000003fd0        0x4 src/windows/now_playing.c.28.o
 .bss.current_jump.7733
                0x0000000000003fd4        0x1 src/windows/now_playing.c.28.o
 .bss.action_bar_timer_registered
                0x0000000000003fd5        0x1 src/windows/now_playing.c.28.o
                0x0000000000003fd5                action_bar_timer_registered
 .bss.previous_play_status
                0x0000000000003fd6        0x1 src/windows/now_playing.c.28.o
                0x0000000000003fd6                previous_play_status
 .bss.is_shown  0x0000000000003fd7        0x1 src/windows/now_playing.c.28.o
 COMMON         0x0000000000003fd8        0x4 src/ipod.c.28.o
                0x0000000000003fd8                window
 COMMON         0x0000000000003fdc       0x1d src/ipod_state.c.28.o
                0x0000000000003fdc                ipod_state_callback
                0x0000000000003fe0                s_shuffle_mode
                0x0000000000003fe4                s_current_time
                0x0000000000003fe8                current_type
                0x0000000000003fe9                s_repeat_mode
                0x0000000000003fec                album_art_bitmap
                0x0000000000003ff4                s_duration
                0x0000000000003ff8                s_playback_state
 *fill*         0x0000000000003ff9        0x3 
 COMMON         0x0000000000003ffc        0x7 src/settings.c.28.o
                0x0000000000003ffc                current_callback
                0x0000000000004000                current_settings
 *fill*         0x0000000000004003        0x1 
 COMMON         0x0000000000004004        0x5 src/windows/connection_window.c.28.o
                0x0000000000004004                connection_window
                0x0000000000004008                current_tasty_cookie
 *fill*         0x0000000000004009        0x3 
 COMMON         0x000000000000400c       0x24 src/windows/library_menus.c.28.o
                0x000000000000400c                repeat_icon_inverted
                0x0000000000004010                shuffle_icon
                0x0000000000004014                menu_stack_count
                0x0000000000004018                repeat_icon
                0x000000000000401c                shuffle_icon_inverted
                0x0000000000004020                menu_stack
 COMMON         0x0000000000004030       0x98 src/windows/main_menu.c.28.o
                0x0000000000004030                main_menu_window
                0x0000000000004034                main_menu_items
                0x0000000000004094                main_menu_icons
                0x00000000000040ac                highlight_index
                0x00000000000040b0                main_menu_icons_inverted
 COMMON         0x00000000000040c8       0x44 src/windows/now_playing.c.28.o
                0x00000000000040c8                now_playing_timer
                0x00000000000040cc                artist_font
                0x00000000000040d0                now_playing_window
                0x00000000000040d4                background_colour
                0x00000000000040d5                now_playing_settings
                0x00000000000040d8                now_playing_progress_bar
                0x00000000000040dc                now_playing_artist_layer
                0x00000000000040e0                now_playing_album_art_layer
                0x00000000000040e8                now_playing_title_layer
                0x00000000000040ec                action_bar_timer
                0x00000000000040f0                artist_frame
                0x00000000000040f8                control_action_bar
                0x00000000000040fc                now_playing_graphics_layer
                0x0000000000004100                invert_controls_timer
                0x0000000000004104                now_playing_album_art_bitmap

DISCARD
 libc.a(*)
 libm.a(*)
 libgcc.a(*)
 *(.eh_frame)
OUTPUT(/Users/edwinfinch/Desktop/Lignite Music/music-pebble/build/aplite/pebble-app.elf elf32-littlearm)

.ARM.attributes
                0x0000000000000000       0x27
 .ARM.attributes
                0x0000000000000000       0x19 /usr/local/Cellar/pebble-toolchain/2.0/arm-cs-tools/bin/../lib/gcc/arm-none-eabi/4.7.2/thumb2/crti.o
 .ARM.attributes
                0x0000000000000019       0x29 /usr/local/Cellar/pebble-toolchain/2.0/arm-cs-tools/bin/../lib/gcc/arm-none-eabi/4.7.2/thumb2/crtbegin.o
 .ARM.attributes
                0x0000000000000042       0x33 src/common.c.28.o
 .ARM.attributes
                0x0000000000000075       0x33 src/gbitmap.c.28.o
 .ARM.attributes
                0x00000000000000a8       0x33 src/ipod.c.28.o
 .ARM.attributes
                0x00000000000000db       0x33 src/ipod_state.c.28.o
 .ARM.attributes
                0x000000000000010e       0x33 src/layers/marquee_text.c.28.o
 .ARM.attributes
                0x0000000000000141       0x33 src/layers/progress_bar.c.28.o
 .ARM.attributes
                0x0000000000000174       0x33 src/settings.c.28.o
 .ARM.attributes
                0x00000000000001a7       0x33 src/windows/connection_window.c.28.o
 .ARM.attributes
                0x00000000000001da       0x33 src/windows/library_menus.c.28.o
 .ARM.attributes
                0x000000000000020d       0x33 src/windows/main_menu.c.28.o
 .ARM.attributes
                0x0000000000000240       0x33 src/windows/message_window.c.28.o
 .ARM.attributes
                0x0000000000000273       0x33 src/windows/now_playing.c.28.o
 .ARM.attributes
                0x00000000000002a6       0x33 aplite/appinfo.auto.c.28.o
 .ARM.attributes
                0x00000000000002d9       0x33 aplite/src/resource_ids.auto.c.28.o
 .ARM.attributes
                0x000000000000030c       0x21 /Users/edwinfinch/Library/Application Support/Pebble SDK/SDKs/current/sdk-core/pebble/aplite/lib/libpebble.a(tmpz2MrsRpebble.o)
 .ARM.attributes
                0x000000000000032d       0x29 /usr/local/Cellar/pebble-toolchain/2.0/arm-cs-tools/bin/../lib/gcc/arm-none-eabi/4.7.2/thumb2/crtend.o
 .ARM.attributes
                0x0000000000000356       0x19 /usr/local/Cellar/pebble-toolchain/2.0/arm-cs-tools/bin/../lib/gcc/arm-none-eabi/4.7.2/thumb2/crtn.o

.comment        0x0000000000000000       0x4e
 .comment       0x0000000000000000       0x4e /usr/local/Cellar/pebble-toolchain/2.0/arm-cs-tools/bin/../lib/gcc/arm-none-eabi/4.7.2/thumb2/crtbegin.o
                                         0x4f (size before relaxing)
 .comment       0x0000000000000000       0x4f src/common.c.28.o
 .comment       0x0000000000000000       0x4f src/gbitmap.c.28.o
 .comment       0x0000000000000000       0x4f src/ipod.c.28.o
 .comment       0x0000000000000000       0x4f src/ipod_state.c.28.o
 .comment       0x0000000000000000       0x4f src/layers/marquee_text.c.28.o
 .comment       0x0000000000000000       0x4f src/layers/progress_bar.c.28.o
 .comment       0x0000000000000000       0x4f src/settings.c.28.o
 .comment       0x0000000000000000       0x4f src/windows/connection_window.c.28.o
 .comment       0x0000000000000000       0x4f src/windows/library_menus.c.28.o
 .comment       0x0000000000000000       0x4f src/windows/main_menu.c.28.o
 .comment       0x0000000000000000       0x4f src/windows/message_window.c.28.o
 .comment       0x0000000000000000       0x4f src/windows/now_playing.c.28.o
 .comment       0x0000000000000000       0x4f aplite/appinfo.auto.c.28.o
 .comment       0x0000000000000000       0x4f aplite/src/resource_ids.auto.c.28.o
 .comment       0x0000000000000000       0x4f /usr/local/Cellar/pebble-toolchain/2.0/arm-cs-tools/bin/../lib/gcc/arm-none-eabi/4.7.2/thumb2/crtend.o

.debug_info     0x0000000000000000     0xb357
 .debug_info    0x0000000000000000      0xa1b src/common.c.28.o
 .debug_info    0x0000000000000a1b       0x79 src/gbitmap.c.28.o
 .debug_info    0x0000000000000a94      0x4ad src/ipod.c.28.o
 .debug_info    0x0000000000000f41     0x12aa src/ipod_state.c.28.o
 .debug_info    0x00000000000021eb      0x9cc src/layers/marquee_text.c.28.o
 .debug_info    0x0000000000002bb7      0x66d src/layers/progress_bar.c.28.o
 .debug_info    0x0000000000003224      0x32e src/settings.c.28.o
 .debug_info    0x0000000000003552     0x172d src/windows/connection_window.c.28.o
 .debug_info    0x0000000000004c7f     0x1ef4 src/windows/library_menus.c.28.o
 .debug_info    0x0000000000006b73     0x11b1 src/windows/main_menu.c.28.o
 .debug_info    0x0000000000007d24      0xca7 src/windows/message_window.c.28.o
 .debug_info    0x00000000000089cb     0x2505 src/windows/now_playing.c.28.o
 .debug_info    0x000000000000aed0      0x2e6 aplite/appinfo.auto.c.28.o
 .debug_info    0x000000000000b1b6      0x1a1 aplite/src/resource_ids.auto.c.28.o

.debug_abbrev   0x0000000000000000     0x22fb
 .debug_abbrev  0x0000000000000000      0x290 src/common.c.28.o
 .debug_abbrev  0x0000000000000290       0x26 src/gbitmap.c.28.o
 .debug_abbrev  0x00000000000002b6      0x1fb src/ipod.c.28.o
 .debug_abbrev  0x00000000000004b1      0x3cc src/ipod_state.c.28.o
 .debug_abbrev  0x000000000000087d      0x2be src/layers/marquee_text.c.28.o
 .debug_abbrev  0x0000000000000b3b      0x2a4 src/layers/progress_bar.c.28.o
 .debug_abbrev  0x0000000000000ddf      0x1b1 src/settings.c.28.o
 .debug_abbrev  0x0000000000000f90      0x371 src/windows/connection_window.c.28.o
 .debug_abbrev  0x0000000000001301      0x481 src/windows/library_menus.c.28.o
 .debug_abbrev  0x0000000000001782      0x30a src/windows/main_menu.c.28.o
 .debug_abbrev  0x0000000000001a8c      0x282 src/windows/message_window.c.28.o
 .debug_abbrev  0x0000000000001d0e      0x521 src/windows/now_playing.c.28.o
 .debug_abbrev  0x000000000000222f       0x88 aplite/appinfo.auto.c.28.o
 .debug_abbrev  0x00000000000022b7       0x44 aplite/src/resource_ids.auto.c.28.o

.debug_loc      0x0000000000000000     0x3382
 .debug_loc     0x0000000000000000      0x1e0 src/common.c.28.o
 .debug_loc     0x00000000000001e0       0xc2 src/ipod.c.28.o
 .debug_loc     0x00000000000002a2      0x5aa src/ipod_state.c.28.o
 .debug_loc     0x000000000000084c      0x2b5 src/layers/marquee_text.c.28.o
 .debug_loc     0x0000000000000b01      0x22a src/layers/progress_bar.c.28.o
 .debug_loc     0x0000000000000d2b       0xbc src/settings.c.28.o
 .debug_loc     0x0000000000000de7      0x586 src/windows/connection_window.c.28.o
 .debug_loc     0x000000000000136d      0xfda src/windows/library_menus.c.28.o
 .debug_loc     0x0000000000002347      0x453 src/windows/main_menu.c.28.o
 .debug_loc     0x000000000000279a      0x458 src/windows/message_window.c.28.o
 .debug_loc     0x0000000000002bf2      0x790 src/windows/now_playing.c.28.o

.debug_aranges  0x0000000000000000      0x578
 .debug_aranges
                0x0000000000000000       0x48 src/common.c.28.o
 .debug_aranges
                0x0000000000000048       0x18 src/gbitmap.c.28.o
 .debug_aranges
                0x0000000000000060       0x38 src/ipod.c.28.o
 .debug_aranges
                0x0000000000000098       0xb8 src/ipod_state.c.28.o
 .debug_aranges
                0x0000000000000150       0x68 src/layers/marquee_text.c.28.o
 .debug_aranges
                0x00000000000001b8       0x48 src/layers/progress_bar.c.28.o
 .debug_aranges
                0x0000000000000200       0x48 src/settings.c.28.o
 .debug_aranges
                0x0000000000000248       0xa0 src/windows/connection_window.c.28.o
 .debug_aranges
                0x00000000000002e8       0x88 src/windows/library_menus.c.28.o
 .debug_aranges
                0x0000000000000370       0xa0 src/windows/main_menu.c.28.o
 .debug_aranges
                0x0000000000000410       0x60 src/windows/message_window.c.28.o
 .debug_aranges
                0x0000000000000470       0xd8 src/windows/now_playing.c.28.o
 .debug_aranges
                0x0000000000000548       0x18 aplite/appinfo.auto.c.28.o
 .debug_aranges
                0x0000000000000560       0x18 aplite/src/resource_ids.auto.c.28.o

.debug_ranges   0x0000000000000000      0x708
 .debug_ranges  0x0000000000000000       0x38 src/common.c.28.o
 .debug_ranges  0x0000000000000038       0x28 src/ipod.c.28.o
 .debug_ranges  0x0000000000000060      0x168 src/ipod_state.c.28.o
 .debug_ranges  0x00000000000001c8       0x58 src/layers/marquee_text.c.28.o
 .debug_ranges  0x0000000000000220       0x38 src/layers/progress_bar.c.28.o
 .debug_ranges  0x0000000000000258       0x38 src/settings.c.28.o
 .debug_ranges  0x0000000000000290       0xa8 src/windows/connection_window.c.28.o
 .debug_ranges  0x0000000000000338      0x128 src/windows/library_menus.c.28.o
 .debug_ranges  0x0000000000000460       0xa8 src/windows/main_menu.c.28.o
 .debug_ranges  0x0000000000000508       0x50 src/windows/message_window.c.28.o
 .debug_ranges  0x0000000000000558      0x1b0 src/windows/now_playing.c.28.o

.debug_line     0x0000000000000000     0x2c84
 .debug_line    0x0000000000000000      0x25d src/common.c.28.o
 .debug_line    0x000000000000025d       0x1d src/gbitmap.c.28.o
 .debug_line    0x000000000000027a      0x2ac src/ipod.c.28.o
 .debug_line    0x0000000000000526      0x4cc src/ipod_state.c.28.o
 .debug_line    0x00000000000009f2      0x312 src/layers/marquee_text.c.28.o
 .debug_line    0x0000000000000d04      0x286 src/layers/progress_bar.c.28.o
 .debug_line    0x0000000000000f8a      0x25c src/settings.c.28.o
 .debug_line    0x00000000000011e6      0x4d8 src/windows/connection_window.c.28.o
 .debug_line    0x00000000000016be      0x610 src/windows/library_menus.c.28.o
 .debug_line    0x0000000000001cce      0x3cd src/windows/main_menu.c.28.o
 .debug_line    0x000000000000209b      0x346 src/windows/message_window.c.28.o
 .debug_line    0x00000000000023e1      0x6a6 src/windows/now_playing.c.28.o
 .debug_line    0x0000000000002a87      0x139 aplite/appinfo.auto.c.28.o
 .debug_line    0x0000000000002bc0       0xc4 aplite/src/resource_ids.auto.c.28.o

.debug_str      0x0000000000000000     0x3a03
 .debug_str     0x0000000000000000      0x80d src/common.c.28.o
                                        0x8e6 (size before relaxing)
 .debug_str     0x000000000000080d       0x11 src/gbitmap.c.28.o
                                         0xf0 (size before relaxing)
 .debug_str     0x000000000000081e      0x207 src/ipod.c.28.o
                                        0x469 (size before relaxing)
 .debug_str     0x0000000000000a25      0x8db src/ipod_state.c.28.o
                                        0xfce (size before relaxing)
 .debug_str     0x0000000000001300      0x3b6 src/layers/marquee_text.c.28.o
                                        0x550 (size before relaxing)
 .debug_str     0x00000000000016b6      0x1ac src/layers/progress_bar.c.28.o
                                        0x3da (size before relaxing)
 .debug_str     0x0000000000001862       0xb9 src/settings.c.28.o
                                        0x2bf (size before relaxing)
 .debug_str     0x000000000000191b      0x802 src/windows/connection_window.c.28.o
                                       0x1352 (size before relaxing)
 .debug_str     0x000000000000211d      0x8bc src/windows/library_menus.c.28.o
                                       0x14f4 (size before relaxing)
 .debug_str     0x00000000000029d9      0x381 src/windows/main_menu.c.28.o
                                        0xc20 (size before relaxing)
 .debug_str     0x0000000000002d5a      0x1f0 src/windows/message_window.c.28.o
                                        0x75a (size before relaxing)
 .debug_str     0x0000000000002f4a      0x78f src/windows/now_playing.c.28.o
                                       0x1945 (size before relaxing)
 .debug_str     0x00000000000036d9      0x15d aplite/appinfo.auto.c.28.o
                                        0x25e (size before relaxing)
 .debug_str     0x0000000000003836      0x1cd aplite/src/resource_ids.auto.c.28.o
                                        0x2a1 (size before relaxing)

.debug_frame    0x0000000000000000      0xd0c
 .debug_frame   0x0000000000000000       0x98 src/common.c.28.o
 .debug_frame   0x0000000000000098       0x70 src/ipod.c.28.o
 .debug_frame   0x0000000000000108      0x1cc src/ipod_state.c.28.o
 .debug_frame   0x00000000000002d4       0xe4 src/layers/marquee_text.c.28.o
 .debug_frame   0x00000000000003b8       0x98 src/layers/progress_bar.c.28.o
 .debug_frame   0x0000000000000450       0x9c src/settings.c.28.o
 .debug_frame   0x00000000000004ec      0x198 src/windows/connection_window.c.28.o
 .debug_frame   0x0000000000000684      0x1a0 src/windows/library_menus.c.28.o
 .debug_frame   0x0000000000000824      0x160 src/windows/main_menu.c.28.o
 .debug_frame   0x0000000000000984       0xf8 src/windows/message_window.c.28.o
 .debug_frame   0x0000000000000a7c      0x290 src/windows/now_playing.c.28.o
