Archive member included because of file (symbol)

/Users/edwinfinch/Library/Application Support/Pebble SDK/SDKs/current/sdk-core/pebble/aplite/lib/libpebble.a(tmpqO8TxMpebble.o)
                              src/ipod.c.33.o (app_event_loop)

Allocating common symbols
Common symbol       size              file

ipod_state_callback
                    0x4               src/ipod_state.c.33.o
now_playing_timer   0x4               src/windows/now_playing.c.33.o
connection_window   0x4               src/windows/connection_window.c.33.o
main_menu_window    0x4               src/windows/main_menu.c.33.o
main_menu_items     0x60              src/windows/main_menu.c.33.o
main_menu_icons     0x18              src/windows/main_menu.c.33.o
artist_font         0x4               src/windows/now_playing.c.33.o
s_shuffle_mode      0x1               src/ipod_state.c.33.o
repeat_icon_inverted
                    0x4               src/windows/library_menus.c.33.o
current_callback    0x4               src/settings.c.33.o
now_playing_window  0x4               src/windows/now_playing.c.33.o
background_colour   0x1               src/windows/now_playing.c.33.o
now_playing_settings
                    0x3               src/windows/now_playing.c.33.o
now_playing_progress_bar
                    0x4               src/windows/now_playing.c.33.o
now_playing_artist_layer
                    0x4               src/windows/now_playing.c.33.o
shuffle_icon        0x4               src/windows/library_menus.c.33.o
now_playing_album_art_layer
                    0x8               src/windows/now_playing.c.33.o
menu_stack_count    0x1               src/windows/library_menus.c.33.o
now_playing_title_layer
                    0x4               src/windows/now_playing.c.33.o
action_bar_timer    0x4               src/windows/now_playing.c.33.o
highlight_index     0x4               src/windows/main_menu.c.33.o
s_current_time      0x4               src/ipod_state.c.33.o
main_menu_icons_inverted
                    0x18              src/windows/main_menu.c.33.o
current_type        0x1               src/ipod_state.c.33.o
s_repeat_mode       0x1               src/ipod_state.c.33.o
current_settings    0x3               src/settings.c.33.o
album_art_bitmap    0x8               src/ipod_state.c.33.o
repeat_icon         0x4               src/windows/library_menus.c.33.o
shuffle_icon_inverted
                    0x4               src/windows/library_menus.c.33.o
s_duration          0x4               src/ipod_state.c.33.o
menu_stack          0x10              src/windows/library_menus.c.33.o
window              0x4               src/ipod.c.33.o
artist_frame        0x8               src/windows/now_playing.c.33.o
control_action_bar  0x4               src/windows/now_playing.c.33.o
now_playing_graphics_layer
                    0x4               src/windows/now_playing.c.33.o
s_playback_state    0x1               src/ipod_state.c.33.o
invert_controls_timer
                    0x4               src/windows/now_playing.c.33.o
now_playing_album_art_bitmap
                    0x8               src/windows/now_playing.c.33.o
current_tasty_cookie
                    0x1               src/windows/connection_window.c.33.o

Discarded input sections

 .text          0x0000000000000000        0x0 /usr/local/Cellar/pebble-toolchain/2.0/arm-cs-tools/bin/../lib/gcc/arm-none-eabi/4.7.2/thumb2/crti.o
 .bss           0x0000000000000000        0x0 /usr/local/Cellar/pebble-toolchain/2.0/arm-cs-tools/bin/../lib/gcc/arm-none-eabi/4.7.2/thumb2/crti.o
 .init          0x0000000000000000        0x4 /usr/local/Cellar/pebble-toolchain/2.0/arm-cs-tools/bin/../lib/gcc/arm-none-eabi/4.7.2/thumb2/crti.o
 .fini          0x0000000000000000        0x4 /usr/local/Cellar/pebble-toolchain/2.0/arm-cs-tools/bin/../lib/gcc/arm-none-eabi/4.7.2/thumb2/crti.o
 .text          0x0000000000000000       0xc8 /usr/local/Cellar/pebble-toolchain/2.0/arm-cs-tools/bin/../lib/gcc/arm-none-eabi/4.7.2/thumb2/crtbegin.o
 .bss           0x0000000000000000       0x1c /usr/local/Cellar/pebble-toolchain/2.0/arm-cs-tools/bin/../lib/gcc/arm-none-eabi/4.7.2/thumb2/crtbegin.o
 .init_array    0x0000000000000000        0x4 /usr/local/Cellar/pebble-toolchain/2.0/arm-cs-tools/bin/../lib/gcc/arm-none-eabi/4.7.2/thumb2/crtbegin.o
 .fini_array    0x0000000000000000        0x4 /usr/local/Cellar/pebble-toolchain/2.0/arm-cs-tools/bin/../lib/gcc/arm-none-eabi/4.7.2/thumb2/crtbegin.o
 .eh_frame      0x0000000000000000        0x0 /usr/local/Cellar/pebble-toolchain/2.0/arm-cs-tools/bin/../lib/gcc/arm-none-eabi/4.7.2/thumb2/crtbegin.o
 .jcr           0x0000000000000000        0x0 /usr/local/Cellar/pebble-toolchain/2.0/arm-cs-tools/bin/../lib/gcc/arm-none-eabi/4.7.2/thumb2/crtbegin.o
 .tm_clone_table
                0x0000000000000000        0x0 /usr/local/Cellar/pebble-toolchain/2.0/arm-cs-tools/bin/../lib/gcc/arm-none-eabi/4.7.2/thumb2/crtbegin.o
 .text          0x0000000000000000        0x0 src/common.c.33.o
[...]
Memory Configuration

Name             Origin             Length             Attributes
APP              0x0000000000000000 0x0000000000006000 xrw
*default*        0x0000000000000000 0xffffffffffffffff

Linker script and memory map

LOAD /usr/local/Cellar/pebble-toolchain/2.0/arm-cs-tools/bin/../lib/gcc/arm-none-eabi/4.7.2/thumb2/crti.o
LOAD /usr/local/Cellar/pebble-toolchain/2.0/arm-cs-tools/bin/../lib/gcc/arm-none-eabi/4.7.2/thumb2/crtbegin.o
LOAD src/common.c.33.o
LOAD src/gbitmap.c.33.o
LOAD src/ipod.c.33.o
LOAD src/ipod_state.c.33.o
LOAD src/layers/marquee_text.c.33.o
LOAD src/layers/progress_bar.c.33.o
LOAD src/settings.c.33.o
LOAD src/windows/connection_window.c.33.o
LOAD src/windows/library_menus.c.33.o
LOAD src/windows/main_menu.c.33.o
LOAD src/windows/message_window.c.33.o
LOAD src/windows/now_playing.c.33.o
LOAD aplite/appinfo.auto.c.33.o
LOAD aplite/src/resource_ids.auto.c.33.o
LOAD /Users/edwinfinch/Library/Application Support/Pebble SDK/SDKs/current/sdk-core/pebble/aplite/lib/libpebble.a
START GROUP
LOAD /usr/local/Cellar/pebble-toolchain/2.0/arm-cs-tools/bin/../lib/gcc/arm-none-eabi/4.7.2/thumb2/libgcc.a
LOAD /usr/local/Cellar/pebble-toolchain/2.0/arm-cs-tools/bin/../lib/gcc/arm-none-eabi/4.7.2/../../../../arm-none-eabi/lib/thumb2/libc.a
END GROUP
LOAD /usr/local/Cellar/pebble-toolchain/2.0/arm-cs-tools/bin/../lib/gcc/arm-none-eabi/4.7.2/thumb2/crtend.o
LOAD /usr/local/Cellar/pebble-toolchain/2.0/arm-cs-tools/bin/../lib/gcc/arm-none-eabi/4.7.2/thumb2/crtn.o

.header         0x0000000000000000       0x82
 *(.pbl_header)
 .pbl_header    0x0000000000000000       0x82 aplite/appinfo.auto.c.33.o
                0x0000000000000000                __pbl_app_info

.note.gnu.build-id
                0x0000000000000082       0x26
                0x0000000000000082                PROVIDE (BUILD_ID, .)
 *(.note.gnu.build-id)
 *fill*         0x0000000000000082        0x2 
 .note.gnu.build-id
                0x0000000000000084       0x24 linker stubs

.text           0x00000000000000a8     0x33d8
 *(.text)
 .text          0x00000000000000a8       0x14 /Users/edwinfinch/Library/Application Support/Pebble SDK/SDKs/current/sdk-core/pebble/aplite/lib/libpebble.a(tmpqO8TxMpebble.o)
 *(.text.*)
 .text.ipod_message_timer_fire
                0x00000000000000bc        0x4 src/common.c.33.o
                0x00000000000000bc                ipod_message_timer_fire
 .text.ipod_message_destroy
                0x00000000000000c0       0x14 src/common.c.33.o
                0x00000000000000c0                ipod_message_destroy
 .text.ipod_message_outbox_get
                0x00000000000000d4       0x3c src/common.c.33.o
                0x00000000000000d4                ipod_message_outbox_get
 .text.tick_handler
                0x0000000000000110        0xe src/ipod.c.33.o
                0x0000000000000110                tick_handler
 *fill*         0x000000000000011e        0x2 
 .text.ipod_create
                0x0000000000000120       0x30 src/ipod.c.33.o
                0x0000000000000120                ipod_create
 .text.ipod_app_timer_handler
                0x0000000000000150        0xe src/ipod.c.33.o
                0x0000000000000150                ipod_app_timer_handler
 *fill*         0x000000000000015e        0x2 
 .text.startup.main
                0x0000000000000160       0x34 src/ipod.c.33.o
                0x0000000000000160                main
 .text.ipod_state_set_callback
                0x0000000000000194       0x14 src/ipod_state.c.33.o
                0x0000000000000194                ipod_state_set_callback
 .text.ipod_state_current_time
                0x00000000000001a8       0x14 src/ipod_state.c.33.o
                0x00000000000001a8                ipod_state_current_time
 .text.ipod_state_duration
                0x00000000000001bc       0x14 src/ipod_state.c.33.o
                0x00000000000001bc                ipod_state_duration
 .text.ipod_get_playback_state
                0x00000000000001d0       0x14 src/ipod_state.c.33.o
                0x00000000000001d0                ipod_get_playback_state
 .text.ipod_get_artist
                0x00000000000001e4        0xc src/ipod_state.c.33.o
                0x00000000000001e4                ipod_get_artist
 .text.ipod_get_title
                0x00000000000001f0        0xc src/ipod_state.c.33.o
                0x00000000000001f0                ipod_get_title
 .text.now_playing_request
                0x00000000000001fc       0x64 src/ipod_state.c.33.o
                0x00000000000001fc                now_playing_request
 .text.ipod_state_tick
                0x0000000000000260       0x58 src/ipod_state.c.33.o
                0x0000000000000260                ipod_state_tick
 .text.call_callback
                0x00000000000002b8       0x4c src/ipod_state.c.33.o
                0x00000000000002b8                call_callback
 .text.destroy_all_album_art
                0x0000000000000304       0x40 src/ipod_state.c.33.o
                0x0000000000000304                destroy_all_album_art
 .text.create_bitmap
                0x0000000000000344       0x74 src/ipod_state.c.33.o
                0x0000000000000344                create_bitmap
 .text.process_album_art_tuple
                0x00000000000003b8      0x108 src/ipod_state.c.33.o
                0x00000000000003b8                process_album_art_tuple
 .text.process_tuple
                0x00000000000004c0      0x1bc src/ipod_state.c.33.o
                0x00000000000004c0                process_tuple
 .text.ipod_received_handler
                0x000000000000067c       0x20 src/ipod_state.c.33.o
                0x000000000000067c                ipod_received_handler
 .text.ipod_state_create
                0x000000000000069c       0x28 src/ipod_state.c.33.o
                0x000000000000069c                ipod_state_create
 .text.marquee_text_layer_update_proc
                0x00000000000006c4      0x186 src/layers/marquee_text.c.33.o
                0x00000000000006c4                marquee_text_layer_update_proc
 *fill*         0x000000000000084a        0x2 
 .text.marquee_text_layer_destroy
                0x000000000000084c       0x34 src/layers/marquee_text.c.33.o
                0x000000000000084c                marquee_text_layer_destroy
 .text.marquee_text_layer_get_layer
                0x0000000000000880        0x4 src/layers/marquee_text.c.33.o
                0x0000000000000880                marquee_text_layer_get_layer
 .text.marquee_text_layer_mark_dirty
                0x0000000000000884       0x14 src/layers/marquee_text.c.33.o
                0x0000000000000884                marquee_text_layer_mark_dirty
 .text.marquee_text_layer_set_font
                0x0000000000000898        0x6 src/layers/marquee_text.c.33.o
                0x0000000000000898                marquee_text_layer_set_font
 .text.marquee_text_layer_set_text
                0x000000000000089e        0x6 src/layers/marquee_text.c.33.o
                0x000000000000089e                marquee_text_layer_set_text
 .text.marquee_text_layer_create
                0x00000000000008a4       0x90 src/layers/marquee_text.c.33.o
                0x00000000000008a4                marquee_text_layer_create
 .text.marquee_text_layer_tick
                0x0000000000000934       0x30 src/layers/marquee_text.c.33.o
                0x0000000000000934                marquee_text_layer_tick
 .text.progress_bar_update_proc
                0x0000000000000964       0x64 src/layers/progress_bar.c.33.o
 .text.progress_bar_layer_create
                0x00000000000009c8       0x40 src/layers/progress_bar.c.33.o
                0x00000000000009c8                progress_bar_layer_create
 .text.progress_bar_layer_destroy
                0x0000000000000a08       0x14 src/layers/progress_bar.c.33.o
                0x0000000000000a08                progress_bar_layer_destroy
 .text.progress_bar_layer_get_layer
                0x0000000000000a1c        0x4 src/layers/progress_bar.c.33.o
                0x0000000000000a1c                progress_bar_layer_get_layer
 .text.progress_bar_layer_set_range
                0x0000000000000a20        0xe src/layers/progress_bar.c.33.o
                0x0000000000000a20                progress_bar_layer_set_range
 .text.progress_bar_layer_set_value
                0x0000000000000a2e        0xc src/layers/progress_bar.c.33.o
                0x0000000000000a2e                progress_bar_layer_set_value
 *fill*         0x0000000000000a3a        0x2 
 .text.settings_service_subscribe
                0x0000000000000a3c       0x14 src/settings.c.33.o
                0x0000000000000a3c                settings_service_subscribe
 .text.settings_get_settings
                0x0000000000000a50       0x34 src/settings.c.33.o
                0x0000000000000a50                settings_get_settings
 .text.settings_prepare_defaults
                0x0000000000000a84       0x1c src/settings.c.33.o
                0x0000000000000a84                settings_prepare_defaults
 .text.settings_load
                0x0000000000000aa0       0x28 src/settings.c.33.o
                0x0000000000000aa0                settings_load
 .text.settings_save
                0x0000000000000ac8       0x18 src/settings.c.33.o
                0x0000000000000ac8                settings_save
 .text.settings_set_settings
                0x0000000000000ae0       0x44 src/settings.c.33.o
                0x0000000000000ae0                settings_set_settings
 .text.connection_window_unload
                0x0000000000000b24       0x38 src/windows/connection_window.c.33.o
                0x0000000000000b24                connection_window_unload
 .text.connection_window_load
                0x0000000000000b5c      0x2d0 src/windows/connection_window.c.33.o
                0x0000000000000b5c                connection_window_load
 .text.connection_window_background_proc
                0x0000000000000e2c       0x2e src/windows/connection_window.c.33.o
                0x0000000000000e2c                connection_window_background_proc
 *fill*         0x0000000000000e5a        0x2 
 .text.connection_window_click_config_provider
                0x0000000000000e5c       0x24 src/windows/connection_window.c.33.o
                0x0000000000000e5c                connection_window_click_config_provider
 .text.connection_window_click_back
                0x0000000000000e80        0x6 src/windows/connection_window.c.33.o
                0x0000000000000e80                connection_window_click_back
 *fill*         0x0000000000000e86        0x2 
 .text.connection_window_click_select
                0x0000000000000e88       0x34 src/windows/connection_window.c.33.o
                0x0000000000000e88                connection_window_click_select
 .text.connection_window_send_test_message
                0x0000000000000ebc       0x48 src/windows/connection_window.c.33.o
                0x0000000000000ebc                connection_window_send_test_message
 .text.connection_window_reload
                0x0000000000000f04       0x5c src/windows/connection_window.c.33.o
                0x0000000000000f04                connection_window_reload
 .text.connection_window_push
                0x0000000000000f60       0x98 src/windows/connection_window.c.33.o
                0x0000000000000f60                connection_window_push
 .text.connection_window_pebblekit_connection_handler
                0x0000000000000ff8       0x24 src/windows/connection_window.c.33.o
                0x0000000000000ff8                connection_window_pebblekit_connection_handler
 .text.connection_window_pebble_app_connection_handler
                0x000000000000101c       0x24 src/windows/connection_window.c.33.o
                0x000000000000101c                connection_window_pebble_app_connection_handler
 .text.connection_window_outbox_failed_handler
                0x0000000000001040        0x6 src/windows/connection_window.c.33.o
                0x0000000000001040                connection_window_outbox_failed_handler
 .text.connection_window_inbox_dropped_handler
                0x0000000000001046        0xe src/windows/connection_window.c.33.o
                0x0000000000001046                connection_window_inbox_dropped_handler
 .text.connection_window_got_test_message
                0x0000000000001054       0x20 src/windows/connection_window.c.33.o
                0x0000000000001054                connection_window_got_test_message
 .text.connection_window_set_wakeup_cookie
                0x0000000000001074       0x14 src/windows/connection_window.c.33.o
                0x0000000000001074                connection_window_set_wakeup_cookie
 .text.connection_window_attach
                0x0000000000001088       0x34 src/windows/connection_window.c.33.o
                0x0000000000001088                connection_window_attach
 .text.get_num_rows
                0x00000000000010bc       0x34 src/windows/library_menus.c.33.o
                0x00000000000010bc                get_num_rows
 .text.draw_row
                0x00000000000010f0      0x244 src/windows/library_menus.c.33.o
                0x00000000000010f0                draw_row
 .text.library_menus_window_unload
                0x0000000000001334       0x78 src/windows/library_menus.c.33.o
                0x0000000000001334                library_menus_window_unload
 .text.library_menus_create
                0x00000000000013ac       0x18 src/windows/library_menus.c.33.o
                0x00000000000013ac                library_menus_create
 .text.library_menus_pop_all
                0x00000000000013c4       0x28 src/windows/library_menus.c.33.o
                0x00000000000013c4                library_menus_pop_all
 .text.build_parent_history
                0x00000000000013ec       0x7c src/windows/library_menus.c.33.o
                0x00000000000013ec                build_parent_history
 .text.send_library_request
                0x0000000000001468       0x34 src/windows/library_menus.c.33.o
                0x0000000000001468                send_library_request
 .text.selection_changed
                0x000000000000149c       0x7a src/windows/library_menus.c.33.o
                0x000000000000149c                selection_changed
 *fill*         0x0000000000001516        0x2 
 .text.play_track
                0x0000000000001518       0x6c src/windows/library_menus.c.33.o
                0x0000000000001518                play_track
 .text.clear_library_entry_data
                0x0000000000001584       0x16 src/windows/library_menus.c.33.o
                0x0000000000001584                clear_library_entry_data
 *fill*         0x000000000000159a        0x2 
 .text.library_menus_display_view
                0x000000000000159c      0x1ac src/windows/library_menus.c.33.o
                0x000000000000159c                library_menus_display_view
 .text.select_click
                0x0000000000001748       0xbc src/windows/library_menus.c.33.o
                0x0000000000001748                select_click
 .text.library_menus_inbox
                0x0000000000001804      0x1b4 src/windows/library_menus.c.33.o
                0x0000000000001804                library_menus_inbox
 .text.main_menu_get_num_sections
                0x00000000000019b8        0x4 src/windows/main_menu.c.33.o
                0x00000000000019b8                main_menu_get_num_sections
 .text.menu_get_num_rows_callback
                0x00000000000019bc        0x4 src/windows/main_menu.c.33.o
                0x00000000000019bc                menu_get_num_rows_callback
 .text.menu_get_header_height_callback
                0x00000000000019c0        0x4 src/windows/main_menu.c.33.o
                0x00000000000019c0                menu_get_header_height_callback
 .text.update_highlight_colours
                0x00000000000019c4        0x2 src/windows/main_menu.c.33.o
                0x00000000000019c4                update_highlight_colours
 *fill*         0x00000000000019c6        0x2 
 .text.menu_select_callback
                0x00000000000019c8       0x20 src/windows/main_menu.c.33.o
                0x00000000000019c8                menu_select_callback
 .text.open_composer_list
                0x00000000000019e8       0x10 src/windows/main_menu.c.33.o
                0x00000000000019e8                open_composer_list
 .text.open_genre_list
                0x00000000000019f8       0x10 src/windows/main_menu.c.33.o
                0x00000000000019f8                open_genre_list
 .text.open_playlist_list
                0x0000000000001a08       0x10 src/windows/main_menu.c.33.o
                0x0000000000001a08                open_playlist_list
 .text.open_album_list
                0x0000000000001a18       0x10 src/windows/main_menu.c.33.o
                0x0000000000001a18                open_album_list
 .text.open_artist_list
                0x0000000000001a28       0x10 src/windows/main_menu.c.33.o
                0x0000000000001a28                open_artist_list
 .text.open_now_playing
                0x0000000000001a38        0x4 src/windows/main_menu.c.33.o
                0x0000000000001a38                open_now_playing
 .text.menu_selection_changed
                0x0000000000001a3c       0x2c src/windows/main_menu.c.33.o
                0x0000000000001a3c                menu_selection_changed
 .text.main_menu_appear
                0x0000000000001a68        0x6 src/windows/main_menu.c.33.o
                0x0000000000001a68                main_menu_appear
 .text.main_menu_send_now_playing_request
                0x0000000000001a6e        0x6 src/windows/main_menu.c.33.o
                0x0000000000001a6e                main_menu_send_now_playing_request
 .text.menu_draw_row_callback
                0x0000000000001a74       0x28 src/windows/main_menu.c.33.o
                0x0000000000001a74                menu_draw_row_callback
 .text.main_menu_create
                0x0000000000001a9c      0x1bc src/windows/main_menu.c.33.o
                0x0000000000001a9c                main_menu_create
 .text.main_menu_destroy
                0x0000000000001c58       0x10 src/windows/main_menu.c.33.o
                0x0000000000001c58                main_menu_destroy
 .text.now_playing_window_appear
                0x0000000000001c68        0x6 src/windows/now_playing.c.33.o
                0x0000000000001c68                now_playing_window_appear
 *fill*         0x0000000000001c6e        0x2 
 .text.now_playing_window_unload
                0x0000000000001c70      0x118 src/windows/now_playing.c.33.o
                0x0000000000001c70                now_playing_window_unload
 .text.now_playing_click_config_provider
                0x0000000000001d88       0x44 src/windows/now_playing.c.33.o
                0x0000000000001d88                now_playing_click_config_provider
 .text.animate_action_bar
                0x0000000000001dcc       0x20 src/windows/now_playing.c.33.o
                0x0000000000001dcc                animate_action_bar
 .text.now_playing_graphics_proc
                0x0000000000001dec      0x198 src/windows/now_playing.c.33.o
                0x0000000000001dec                now_playing_graphics_proc
 .text.display_no_album
                0x0000000000001f84       0x40 src/windows/now_playing.c.33.o
                0x0000000000001f84                display_no_album
 .text.now_playing_is_playing_music
                0x0000000000001fc4        0xe src/windows/now_playing.c.33.o
                0x0000000000001fc4                now_playing_is_playing_music
 *fill*         0x0000000000001fd2        0x2 
 .text.now_playing_invert_button_controls
                0x0000000000001fd4       0xc8 src/windows/now_playing.c.33.o
                0x0000000000001fd4                now_playing_invert_button_controls
 .text.now_playing_check_for_no_music
                0x000000000000209c       0x48 src/windows/now_playing.c.33.o
                0x000000000000209c                now_playing_check_for_no_music
 .text.now_playing_send_state_change
                0x00000000000020e4       0x1e src/windows/now_playing.c.33.o
                0x00000000000020e4                now_playing_send_state_change
 *fill*         0x0000000000002102        0x2 
 .text.now_playing_set_album_art
                0x0000000000002104       0x68 src/windows/now_playing.c.33.o
                0x0000000000002104                now_playing_set_album_art
 .text.now_playing_tick
                0x000000000000216c       0x58 src/windows/now_playing.c.33.o
                0x000000000000216c                now_playing_tick
 .text.now_playing_animation_tick
                0x00000000000021c4       0x3c src/windows/now_playing.c.33.o
                0x00000000000021c4                now_playing_animation_tick
 .text.now_playing_new_settings
                0x0000000000002200       0xf8 src/windows/now_playing.c.33.o
                0x0000000000002200                now_playing_new_settings
 .text.now_playing_action_bar_handle
                0x00000000000022f8       0x98 src/windows/now_playing.c.33.o
                0x00000000000022f8                now_playing_action_bar_handle
 .text.now_playing_long_clicked_select
                0x0000000000002390       0x40 src/windows/now_playing.c.33.o
                0x0000000000002390                now_playing_long_clicked_select
 .text.now_playing_state_callback
                0x00000000000023d0      0x134 src/windows/now_playing.c.33.o
                0x00000000000023d0                now_playing_state_callback
 .text.now_playing_window_load
                0x0000000000002504      0x350 src/windows/now_playing.c.33.o
                0x0000000000002504                now_playing_window_load
 .text.now_playing_reset_invert_controls
                0x0000000000002854       0x40 src/windows/now_playing.c.33.o
                0x0000000000002854                now_playing_reset_invert_controls
 .text.now_playing_clicked_down
                0x0000000000002894       0x2c src/windows/now_playing.c.33.o
                0x0000000000002894                now_playing_clicked_down
 .text.now_playing_clicked_select
                0x00000000000028c0       0x58 src/windows/now_playing.c.33.o
                0x00000000000028c0                now_playing_clicked_select
 .text.now_playing_clicked_up
                0x0000000000002918       0x2c src/windows/now_playing.c.33.o
                0x0000000000002918                now_playing_clicked_up
 .text.now_playing_show
                0x0000000000002944       0x84 src/windows/now_playing.c.33.o
                0x0000000000002944                now_playing_show
 .text.app_event_loop
                0x00000000000029c8        0xc /Users/edwinfinch/Library/Application Support/Pebble SDK/SDKs/current/sdk-core/pebble/aplite/lib/libpebble.a(tmpqO8TxMpebble.o)
                0x00000000000029c8                app_event_loop
 .text.app_log  0x00000000000029d4        0xc /Users/edwinfinch/Library/Application Support/Pebble SDK/SDKs/current/sdk-core/pebble/aplite/lib/libpebble.a(tmpqO8TxMpebble.o)
                0x00000000000029d4                app_log
 .text.app_message_open
                0x00000000000029e0        0xc /Users/edwinfinch/Library/Application Support/Pebble SDK/SDKs/current/sdk-core/pebble/aplite/lib/libpebble.a(tmpqO8TxMpebble.o)
                0x00000000000029e0                app_message_open
 .text.app_timer_cancel
                0x00000000000029ec        0xc /Users/edwinfinch/Library/Application Support/Pebble SDK/SDKs/current/sdk-core/pebble/aplite/lib/libpebble.a(tmpqO8TxMpebble.o)
                0x00000000000029ec                app_timer_cancel
 .text.app_timer_register
                0x00000000000029f8        0xc /Users/edwinfinch/Library/Application Support/Pebble SDK/SDKs/current/sdk-core/pebble/aplite/lib/libpebble.a(tmpqO8TxMpebble.o)
                0x00000000000029f8                app_timer_register
 .text.bitmap_layer_create
                0x0000000000002a04        0xc /Users/edwinfinch/Library/Application Support/Pebble SDK/SDKs/current/sdk-core/pebble/aplite/lib/libpebble.a(tmpqO8TxMpebble.o)
                0x0000000000002a04                bitmap_layer_create
 .text.bitmap_layer_destroy
                0x0000000000002a10        0xc /Users/edwinfinch/Library/Application Support/Pebble SDK/SDKs/current/sdk-core/pebble/aplite/lib/libpebble.a(tmpqO8TxMpebble.o)
                0x0000000000002a10                bitmap_layer_destroy
 .text.bitmap_layer_get_layer
                0x0000000000002a1c        0xc /Users/edwinfinch/Library/Application Support/Pebble SDK/SDKs/current/sdk-core/pebble/aplite/lib/libpebble.a(tmpqO8TxMpebble.o)
                0x0000000000002a1c                bitmap_layer_get_layer
 .text.bitmap_layer_set_bitmap
                0x0000000000002a28        0xc /Users/edwinfinch/Library/Application Support/Pebble SDK/SDKs/current/sdk-core/pebble/aplite/lib/libpebble.a(tmpqO8TxMpebble.o)
                0x0000000000002a28                bitmap_layer_set_bitmap
 .text.dict_find
                0x0000000000002a34        0xc /Users/edwinfinch/Library/Application Support/Pebble SDK/SDKs/current/sdk-core/pebble/aplite/lib/libpebble.a(tmpqO8TxMpebble.o)
                0x0000000000002a34                dict_find
 .text.dict_read_first
                0x0000000000002a40        0xc /Users/edwinfinch/Library/Application Support/Pebble SDK/SDKs/current/sdk-core/pebble/aplite/lib/libpebble.a(tmpqO8TxMpebble.o)
                0x0000000000002a40                dict_read_first
 .text.dict_read_next
                0x0000000000002a4c        0xc /Users/edwinfinch/Library/Application Support/Pebble SDK/SDKs/current/sdk-core/pebble/aplite/lib/libpebble.a(tmpqO8TxMpebble.o)
                0x0000000000002a4c                dict_read_next
 .text.dict_write_data
                0x0000000000002a58        0xc /Users/edwinfinch/Library/Application Support/Pebble SDK/SDKs/current/sdk-core/pebble/aplite/lib/libpebble.a(tmpqO8TxMpebble.o)
                0x0000000000002a58                dict_write_data
 .text.dict_write_int16
                0x0000000000002a64        0xc /Users/edwinfinch/Library/Application Support/Pebble SDK/SDKs/current/sdk-core/pebble/aplite/lib/libpebble.a(tmpqO8TxMpebble.o)
                0x0000000000002a64                dict_write_int16
 .text.dict_write_int32
                0x0000000000002a70        0xc /Users/edwinfinch/Library/Application Support/Pebble SDK/SDKs/current/sdk-core/pebble/aplite/lib/libpebble.a(tmpqO8TxMpebble.o)
                0x0000000000002a70                dict_write_int32
 .text.dict_write_int8
                0x0000000000002a7c        0xc /Users/edwinfinch/Library/Application Support/Pebble SDK/SDKs/current/sdk-core/pebble/aplite/lib/libpebble.a(tmpqO8TxMpebble.o)
                0x0000000000002a7c                dict_write_int8
 .text.dict_write_uint16
                0x0000000000002a88        0xc /Users/edwinfinch/Library/Application Support/Pebble SDK/SDKs/current/sdk-core/pebble/aplite/lib/libpebble.a(tmpqO8TxMpebble.o)
                0x0000000000002a88                dict_write_uint16
 .text.dict_write_uint32
                0x0000000000002a94        0xc /Users/edwinfinch/Library/Application Support/Pebble SDK/SDKs/current/sdk-core/pebble/aplite/lib/libpebble.a(tmpqO8TxMpebble.o)
                0x0000000000002a94                dict_write_uint32
 .text.dict_write_uint8
                0x0000000000002aa0        0xc /Users/edwinfinch/Library/Application Support/Pebble SDK/SDKs/current/sdk-core/pebble/aplite/lib/libpebble.a(tmpqO8TxMpebble.o)
                0x0000000000002aa0                dict_write_uint8
 .text.fonts_get_system_font
                0x0000000000002aac        0xc /Users/edwinfinch/Library/Application Support/Pebble SDK/SDKs/current/sdk-core/pebble/aplite/lib/libpebble.a(tmpqO8TxMpebble.o)
                0x0000000000002aac                fonts_get_system_font
 .text.free     0x0000000000002ab8        0xc /Users/edwinfinch/Library/Application Support/Pebble SDK/SDKs/current/sdk-core/pebble/aplite/lib/libpebble.a(tmpqO8TxMpebble.o)
                0x0000000000002ab8                free
 .text.gbitmap_create_with_resource
                0x0000000000002ac4        0xc /Users/edwinfinch/Library/Application Support/Pebble SDK/SDKs/current/sdk-core/pebble/aplite/lib/libpebble.a(tmpqO8TxMpebble.o)
                0x0000000000002ac4                gbitmap_create_with_resource
 .text.gbitmap_destroy
                0x0000000000002ad0        0xc /Users/edwinfinch/Library/Application Support/Pebble SDK/SDKs/current/sdk-core/pebble/aplite/lib/libpebble.a(tmpqO8TxMpebble.o)
                0x0000000000002ad0                gbitmap_destroy
 .text.graphics_context_set_compositing_mode
                0x0000000000002adc        0xc /Users/edwinfinch/Library/Application Support/Pebble SDK/SDKs/current/sdk-core/pebble/aplite/lib/libpebble.a(tmpqO8TxMpebble.o)
                0x0000000000002adc                graphics_context_set_compositing_mode
 .text.graphics_draw_bitmap_in_rect
                0x0000000000002ae8        0xc /Users/edwinfinch/Library/Application Support/Pebble SDK/SDKs/current/sdk-core/pebble/aplite/lib/libpebble.a(tmpqO8TxMpebble.o)
                0x0000000000002ae8                graphics_draw_bitmap_in_rect
 .text.graphics_fill_rect
                0x0000000000002af4        0xc /Users/edwinfinch/Library/Application Support/Pebble SDK/SDKs/current/sdk-core/pebble/aplite/lib/libpebble.a(tmpqO8TxMpebble.o)
                0x0000000000002af4                graphics_fill_rect
 .text.layer_add_child
                0x0000000000002b00        0xc /Users/edwinfinch/Library/Application Support/Pebble SDK/SDKs/current/sdk-core/pebble/aplite/lib/libpebble.a(tmpqO8TxMpebble.o)
                0x0000000000002b00                layer_add_child
 .text.layer_create
                0x0000000000002b0c        0xc /Users/edwinfinch/Library/Application Support/Pebble SDK/SDKs/current/sdk-core/pebble/aplite/lib/libpebble.a(tmpqO8TxMpebble.o)
                0x0000000000002b0c                layer_create
 .text.layer_create_with_data
                0x0000000000002b18        0xc /Users/edwinfinch/Library/Application Support/Pebble SDK/SDKs/current/sdk-core/pebble/aplite/lib/libpebble.a(tmpqO8TxMpebble.o)
                0x0000000000002b18                layer_create_with_data
 .text.layer_destroy
                0x0000000000002b24        0xc /Users/edwinfinch/Library/Application Support/Pebble SDK/SDKs/current/sdk-core/pebble/aplite/lib/libpebble.a(tmpqO8TxMpebble.o)
                0x0000000000002b24                layer_destroy
 .text.layer_get_bounds
                0x0000000000002b30        0xc /Users/edwinfinch/Library/Application Support/Pebble SDK/SDKs/current/sdk-core/pebble/aplite/lib/libpebble.a(tmpqO8TxMpebble.o)
                0x0000000000002b30                layer_get_bounds
 .text.layer_get_data
                0x0000000000002b3c        0xc /Users/edwinfinch/Library/Application Support/Pebble SDK/SDKs/current/sdk-core/pebble/aplite/lib/libpebble.a(tmpqO8TxMpebble.o)
                0x0000000000002b3c                layer_get_data
 .text.layer_get_frame
                0x0000000000002b48        0xc /Users/edwinfinch/Library/Application Support/Pebble SDK/SDKs/current/sdk-core/pebble/aplite/lib/libpebble.a(tmpqO8TxMpebble.o)
                0x0000000000002b48                layer_get_frame
 .text.layer_mark_dirty
                0x0000000000002b54        0xc /Users/edwinfinch/Library/Application Support/Pebble SDK/SDKs/current/sdk-core/pebble/aplite/lib/libpebble.a(tmpqO8TxMpebble.o)
                0x0000000000002b54                layer_mark_dirty
 .text.layer_set_bounds
                0x0000000000002b60        0xc /Users/edwinfinch/Library/Application Support/Pebble SDK/SDKs/current/sdk-core/pebble/aplite/lib/libpebble.a(tmpqO8TxMpebble.o)
                0x0000000000002b60                layer_set_bounds
 .text.layer_set_hidden
                0x0000000000002b6c        0xc /Users/edwinfinch/Library/Application Support/Pebble SDK/SDKs/current/sdk-core/pebble/aplite/lib/libpebble.a(tmpqO8TxMpebble.o)
                0x0000000000002b6c                layer_set_hidden
 .text.layer_set_update_proc
                0x0000000000002b78        0xc /Users/edwinfinch/Library/Application Support/Pebble SDK/SDKs/current/sdk-core/pebble/aplite/lib/libpebble.a(tmpqO8TxMpebble.o)
                0x0000000000002b78                layer_set_update_proc
 .text.malloc   0x0000000000002b84        0xc /Users/edwinfinch/Library/Application Support/Pebble SDK/SDKs/current/sdk-core/pebble/aplite/lib/libpebble.a(tmpqO8TxMpebble.o)
                0x0000000000002b84                malloc
 .text.memcpy   0x0000000000002b90        0xc /Users/edwinfinch/Library/Application Support/Pebble SDK/SDKs/current/sdk-core/pebble/aplite/lib/libpebble.a(tmpqO8TxMpebble.o)
                0x0000000000002b90                memcpy
 .text.memmove  0x0000000000002b9c        0xc /Users/edwinfinch/Library/Application Support/Pebble SDK/SDKs/current/sdk-core/pebble/aplite/lib/libpebble.a(tmpqO8TxMpebble.o)
                0x0000000000002b9c                memmove
 .text.memset   0x0000000000002ba8        0xc /Users/edwinfinch/Library/Application Support/Pebble SDK/SDKs/current/sdk-core/pebble/aplite/lib/libpebble.a(tmpqO8TxMpebble.o)
                0x0000000000002ba8                memset
 .text.menu_cell_basic_draw
                0x0000000000002bb4        0xc /Users/edwinfinch/Library/Application Support/Pebble SDK/SDKs/current/sdk-core/pebble/aplite/lib/libpebble.a(tmpqO8TxMpebble.o)
                0x0000000000002bb4                menu_cell_basic_draw
 .text.menu_layer_destroy
                0x0000000000002bc0        0xc /Users/edwinfinch/Library/Application Support/Pebble SDK/SDKs/current/sdk-core/pebble/aplite/lib/libpebble.a(tmpqO8TxMpebble.o)
                0x0000000000002bc0                menu_layer_destroy
 .text.menu_layer_get_layer
                0x0000000000002bcc        0xc /Users/edwinfinch/Library/Application Support/Pebble SDK/SDKs/current/sdk-core/pebble/aplite/lib/libpebble.a(tmpqO8TxMpebble.o)
                0x0000000000002bcc                menu_layer_get_layer
 .text.menu_layer_reload_data
                0x0000000000002bd8        0xc /Users/edwinfinch/Library/Application Support/Pebble SDK/SDKs/current/sdk-core/pebble/aplite/lib/libpebble.a(tmpqO8TxMpebble.o)
                0x0000000000002bd8                menu_layer_reload_data
 .text.menu_layer_set_click_config_onto_window
                0x0000000000002be4        0xc /Users/edwinfinch/Library/Application Support/Pebble SDK/SDKs/current/sdk-core/pebble/aplite/lib/libpebble.a(tmpqO8TxMpebble.o)
                0x0000000000002be4                menu_layer_set_click_config_onto_window
 .text.menu_layer_set_selected_index
                0x0000000000002bf0        0xc /Users/edwinfinch/Library/Application Support/Pebble SDK/SDKs/current/sdk-core/pebble/aplite/lib/libpebble.a(tmpqO8TxMpebble.o)
                0x0000000000002bf0                menu_layer_set_selected_index
 .text.scroll_layer_add_child
                0x0000000000002bfc        0xc /Users/edwinfinch/Library/Application Support/Pebble SDK/SDKs/current/sdk-core/pebble/aplite/lib/libpebble.a(tmpqO8TxMpebble.o)
                0x0000000000002bfc                scroll_layer_add_child
 .text.scroll_layer_create
                0x0000000000002c08        0xc /Users/edwinfinch/Library/Application Support/Pebble SDK/SDKs/current/sdk-core/pebble/aplite/lib/libpebble.a(tmpqO8TxMpebble.o)
                0x0000000000002c08                scroll_layer_create
 .text.scroll_layer_destroy
                0x0000000000002c14        0xc /Users/edwinfinch/Library/Application Support/Pebble SDK/SDKs/current/sdk-core/pebble/aplite/lib/libpebble.a(tmpqO8TxMpebble.o)
                0x0000000000002c14                scroll_layer_destroy
 .text.scroll_layer_get_layer
                0x0000000000002c20        0xc /Users/edwinfinch/Library/Application Support/Pebble SDK/SDKs/current/sdk-core/pebble/aplite/lib/libpebble.a(tmpqO8TxMpebble.o)
                0x0000000000002c20                scroll_layer_get_layer
 .text.scroll_layer_set_callbacks
                0x0000000000002c2c        0xc /Users/edwinfinch/Library/Application Support/Pebble SDK/SDKs/current/sdk-core/pebble/aplite/lib/libpebble.a(tmpqO8TxMpebble.o)
                0x0000000000002c2c                scroll_layer_set_callbacks
 .text.scroll_layer_set_click_config_onto_window
                0x0000000000002c38        0xc /Users/edwinfinch/Library/Application Support/Pebble SDK/SDKs/current/sdk-core/pebble/aplite/lib/libpebble.a(tmpqO8TxMpebble.o)
                0x0000000000002c38                scroll_layer_set_click_config_onto_window
 .text.scroll_layer_set_content_size
                0x0000000000002c44        0xc /Users/edwinfinch/Library/Application Support/Pebble SDK/SDKs/current/sdk-core/pebble/aplite/lib/libpebble.a(tmpqO8TxMpebble.o)
                0x0000000000002c44                scroll_layer_set_content_size
 .text.snprintf
                0x0000000000002c50        0xc /Users/edwinfinch/Library/Application Support/Pebble SDK/SDKs/current/sdk-core/pebble/aplite/lib/libpebble.a(tmpqO8TxMpebble.o)
                0x0000000000002c50                snprintf
 .text.strcmp   0x0000000000002c5c        0xc /Users/edwinfinch/Library/Application Support/Pebble SDK/SDKs/current/sdk-core/pebble/aplite/lib/libpebble.a(tmpqO8TxMpebble.o)
                0x0000000000002c5c                strcmp
 .text.strlen   0x0000000000002c68        0xc /Users/edwinfinch/Library/Application Support/Pebble SDK/SDKs/current/sdk-core/pebble/aplite/lib/libpebble.a(tmpqO8TxMpebble.o)
                0x0000000000002c68                strlen
 .text.strncpy  0x0000000000002c74        0xc /Users/edwinfinch/Library/Application Support/Pebble SDK/SDKs/current/sdk-core/pebble/aplite/lib/libpebble.a(tmpqO8TxMpebble.o)
                0x0000000000002c74                strncpy
 .text.tick_timer_service_subscribe
                0x0000000000002c80        0xc /Users/edwinfinch/Library/Application Support/Pebble SDK/SDKs/current/sdk-core/pebble/aplite/lib/libpebble.a(tmpqO8TxMpebble.o)
                0x0000000000002c80                tick_timer_service_subscribe
 .text.vibes_double_pulse
                0x0000000000002c8c        0xc /Users/edwinfinch/Library/Application Support/Pebble SDK/SDKs/current/sdk-core/pebble/aplite/lib/libpebble.a(tmpqO8TxMpebble.o)
                0x0000000000002c8c                vibes_double_pulse
 .text.vibes_enqueue_custom_pattern
                0x0000000000002c98        0xc /Users/edwinfinch/Library/Application Support/Pebble SDK/SDKs/current/sdk-core/pebble/aplite/lib/libpebble.a(tmpqO8TxMpebble.o)
                0x0000000000002c98                vibes_enqueue_custom_pattern
 .text.window_create
                0x0000000000002ca4        0xc /Users/edwinfinch/Library/Application Support/Pebble SDK/SDKs/current/sdk-core/pebble/aplite/lib/libpebble.a(tmpqO8TxMpebble.o)
                0x0000000000002ca4                window_create
 .text.window_destroy
                0x0000000000002cb0        0xc /Users/edwinfinch/Library/Application Support/Pebble SDK/SDKs/current/sdk-core/pebble/aplite/lib/libpebble.a(tmpqO8TxMpebble.o)
                0x0000000000002cb0                window_destroy
 .text.window_get_root_layer
                0x0000000000002cbc        0xc /Users/edwinfinch/Library/Application Support/Pebble SDK/SDKs/current/sdk-core/pebble/aplite/lib/libpebble.a(tmpqO8TxMpebble.o)
                0x0000000000002cbc                window_get_root_layer
 .text.window_set_window_handlers
                0x0000000000002cc8        0xc /Users/edwinfinch/Library/Application Support/Pebble SDK/SDKs/current/sdk-core/pebble/aplite/lib/libpebble.a(tmpqO8TxMpebble.o)
                0x0000000000002cc8                window_set_window_handlers
 .text.window_stack_pop
                0x0000000000002cd4        0xc /Users/edwinfinch/Library/Application Support/Pebble SDK/SDKs/current/sdk-core/pebble/aplite/lib/libpebble.a(tmpqO8TxMpebble.o)
                0x0000000000002cd4                window_stack_pop
 .text.window_stack_pop_all
                0x0000000000002ce0        0xc /Users/edwinfinch/Library/Application Support/Pebble SDK/SDKs/current/sdk-core/pebble/aplite/lib/libpebble.a(tmpqO8TxMpebble.o)
                0x0000000000002ce0                window_stack_pop_all
 .text.window_stack_push
                0x0000000000002cec        0xc /Users/edwinfinch/Library/Application Support/Pebble SDK/SDKs/current/sdk-core/pebble/aplite/lib/libpebble.a(tmpqO8TxMpebble.o)
                0x0000000000002cec                window_stack_push
 .text.window_stack_remove
                0x0000000000002cf8        0xc /Users/edwinfinch/Library/Application Support/Pebble SDK/SDKs/current/sdk-core/pebble/aplite/lib/libpebble.a(tmpqO8TxMpebble.o)
                0x0000000000002cf8                window_stack_remove
 .text.app_message_outbox_begin
                0x0000000000002d04        0xc /Users/edwinfinch/Library/Application Support/Pebble SDK/SDKs/current/sdk-core/pebble/aplite/lib/libpebble.a(tmpqO8TxMpebble.o)
                0x0000000000002d04                app_message_outbox_begin
 .text.app_message_outbox_send
                0x0000000000002d10        0xc /Users/edwinfinch/Library/Application Support/Pebble SDK/SDKs/current/sdk-core/pebble/aplite/lib/libpebble.a(tmpqO8TxMpebble.o)
                0x0000000000002d10                app_message_outbox_send
 .text.app_message_register_inbox_dropped
                0x0000000000002d1c        0xc /Users/edwinfinch/Library/Application Support/Pebble SDK/SDKs/current/sdk-core/pebble/aplite/lib/libpebble.a(tmpqO8TxMpebble.o)
                0x0000000000002d1c                app_message_register_inbox_dropped
 .text.app_message_register_inbox_received
                0x0000000000002d28        0xc /Users/edwinfinch/Library/Application Support/Pebble SDK/SDKs/current/sdk-core/pebble/aplite/lib/libpebble.a(tmpqO8TxMpebble.o)
                0x0000000000002d28                app_message_register_inbox_received
 .text.app_message_register_outbox_failed
                0x0000000000002d34        0xc /Users/edwinfinch/Library/Application Support/Pebble SDK/SDKs/current/sdk-core/pebble/aplite/lib/libpebble.a(tmpqO8TxMpebble.o)
                0x0000000000002d34                app_message_register_outbox_failed
 .text.window_long_click_subscribe
                0x0000000000002d40        0xc /Users/edwinfinch/Library/Application Support/Pebble SDK/SDKs/current/sdk-core/pebble/aplite/lib/libpebble.a(tmpqO8TxMpebble.o)
                0x0000000000002d40                window_long_click_subscribe
 .text.window_single_click_subscribe
                0x0000000000002d4c        0xc /Users/edwinfinch/Library/Application Support/Pebble SDK/SDKs/current/sdk-core/pebble/aplite/lib/libpebble.a(tmpqO8TxMpebble.o)
                0x0000000000002d4c                window_single_click_subscribe
 .text.graphics_draw_text
                0x0000000000002d58        0xc /Users/edwinfinch/Library/Application Support/Pebble SDK/SDKs/current/sdk-core/pebble/aplite/lib/libpebble.a(tmpqO8TxMpebble.o)
                0x0000000000002d58                graphics_draw_text
 .text.persist_read_data
                0x0000000000002d64        0xc /Users/edwinfinch/Library/Application Support/Pebble SDK/SDKs/current/sdk-core/pebble/aplite/lib/libpebble.a(tmpqO8TxMpebble.o)
                0x0000000000002d64                persist_read_data
 .text.persist_write_data
                0x0000000000002d70        0xc /Users/edwinfinch/Library/Application Support/Pebble SDK/SDKs/current/sdk-core/pebble/aplite/lib/libpebble.a(tmpqO8TxMpebble.o)
                0x0000000000002d70                persist_write_data
 .text.graphics_text_layout_get_content_size
                0x0000000000002d7c        0xc /Users/edwinfinch/Library/Application Support/Pebble SDK/SDKs/current/sdk-core/pebble/aplite/lib/libpebble.a(tmpqO8TxMpebble.o)
                0x0000000000002d7c                graphics_text_layout_get_content_size
 .text.heap_bytes_free
                0x0000000000002d88        0xc /Users/edwinfinch/Library/Application Support/Pebble SDK/SDKs/current/sdk-core/pebble/aplite/lib/libpebble.a(tmpqO8TxMpebble.o)
                0x0000000000002d88                heap_bytes_free
 .text.watch_info_get_model
                0x0000000000002d94        0xc /Users/edwinfinch/Library/Application Support/Pebble SDK/SDKs/current/sdk-core/pebble/aplite/lib/libpebble.a(tmpqO8TxMpebble.o)
                0x0000000000002d94                watch_info_get_model
 .text.launch_reason
                0x0000000000002da0        0xc /Users/edwinfinch/Library/Application Support/Pebble SDK/SDKs/current/sdk-core/pebble/aplite/lib/libpebble.a(tmpqO8TxMpebble.o)
                0x0000000000002da0                launch_reason
 .text.wakeup_get_launch_event
                0x0000000000002dac        0xc /Users/edwinfinch/Library/Application Support/Pebble SDK/SDKs/current/sdk-core/pebble/aplite/lib/libpebble.a(tmpqO8TxMpebble.o)
                0x0000000000002dac                wakeup_get_launch_event
 .text.wakeup_schedule
                0x0000000000002db8        0xc /Users/edwinfinch/Library/Application Support/Pebble SDK/SDKs/current/sdk-core/pebble/aplite/lib/libpebble.a(tmpqO8TxMpebble.o)
                0x0000000000002db8                wakeup_schedule
 .text.graphics_context_set_fill_color
                0x0000000000002dc4        0xc /Users/edwinfinch/Library/Application Support/Pebble SDK/SDKs/current/sdk-core/pebble/aplite/lib/libpebble.a(tmpqO8TxMpebble.o)
                0x0000000000002dc4                graphics_context_set_fill_color
 .text.graphics_context_set_text_color
                0x0000000000002dd0        0xc /Users/edwinfinch/Library/Application Support/Pebble SDK/SDKs/current/sdk-core/pebble/aplite/lib/libpebble.a(tmpqO8TxMpebble.o)
                0x0000000000002dd0                graphics_context_set_text_color
 .text.window_set_background_color
                0x0000000000002ddc        0xc /Users/edwinfinch/Library/Application Support/Pebble SDK/SDKs/current/sdk-core/pebble/aplite/lib/libpebble.a(tmpqO8TxMpebble.o)
                0x0000000000002ddc                window_set_background_color
 .text.gbitmap_get_bounds
                0x0000000000002de8        0xc /Users/edwinfinch/Library/Application Support/Pebble SDK/SDKs/current/sdk-core/pebble/aplite/lib/libpebble.a(tmpqO8TxMpebble.o)
                0x0000000000002de8                gbitmap_get_bounds
 .text.gbitmap_create_from_png_data
                0x0000000000002df4        0xc /Users/edwinfinch/Library/Application Support/Pebble SDK/SDKs/current/sdk-core/pebble/aplite/lib/libpebble.a(tmpqO8TxMpebble.o)
                0x0000000000002df4                gbitmap_create_from_png_data
 .text.menu_layer_create
                0x0000000000002e00        0xc /Users/edwinfinch/Library/Application Support/Pebble SDK/SDKs/current/sdk-core/pebble/aplite/lib/libpebble.a(tmpqO8TxMpebble.o)
                0x0000000000002e00                menu_layer_create
 .text.action_bar_layer_add_to_window
                0x0000000000002e0c        0xc /Users/edwinfinch/Library/Application Support/Pebble SDK/SDKs/current/sdk-core/pebble/aplite/lib/libpebble.a(tmpqO8TxMpebble.o)
                0x0000000000002e0c                action_bar_layer_add_to_window
 .text.action_bar_layer_create
                0x0000000000002e18        0xc /Users/edwinfinch/Library/Application Support/Pebble SDK/SDKs/current/sdk-core/pebble/aplite/lib/libpebble.a(tmpqO8TxMpebble.o)
                0x0000000000002e18                action_bar_layer_create
 .text.action_bar_layer_destroy
                0x0000000000002e24        0xc /Users/edwinfinch/Library/Application Support/Pebble SDK/SDKs/current/sdk-core/pebble/aplite/lib/libpebble.a(tmpqO8TxMpebble.o)
                0x0000000000002e24                action_bar_layer_destroy
 .text.action_bar_layer_get_layer
                0x0000000000002e30        0xc /Users/edwinfinch/Library/Application Support/Pebble SDK/SDKs/current/sdk-core/pebble/aplite/lib/libpebble.a(tmpqO8TxMpebble.o)
                0x0000000000002e30                action_bar_layer_get_layer
 .text.action_bar_layer_set_click_config_provider
                0x0000000000002e3c        0xc /Users/edwinfinch/Library/Application Support/Pebble SDK/SDKs/current/sdk-core/pebble/aplite/lib/libpebble.a(tmpqO8TxMpebble.o)
                0x0000000000002e3c                action_bar_layer_set_click_config_provider
 .text.action_bar_layer_set_icon_animated
                0x0000000000002e48        0xc /Users/edwinfinch/Library/Application Support/Pebble SDK/SDKs/current/sdk-core/pebble/aplite/lib/libpebble.a(tmpqO8TxMpebble.o)
                0x0000000000002e48                action_bar_layer_set_icon_animated
 .text.menu_cell_layer_is_highlighted
                0x0000000000002e54        0xc /Users/edwinfinch/Library/Application Support/Pebble SDK/SDKs/current/sdk-core/pebble/aplite/lib/libpebble.a(tmpqO8TxMpebble.o)
                0x0000000000002e54                menu_cell_layer_is_highlighted
 .text.text_layer_create
                0x0000000000002e60        0xc /Users/edwinfinch/Library/Application Support/Pebble SDK/SDKs/current/sdk-core/pebble/aplite/lib/libpebble.a(tmpqO8TxMpebble.o)
                0x0000000000002e60                text_layer_create
 .text.text_layer_destroy
                0x0000000000002e6c        0xc /Users/edwinfinch/Library/Application Support/Pebble SDK/SDKs/current/sdk-core/pebble/aplite/lib/libpebble.a(tmpqO8TxMpebble.o)
                0x0000000000002e6c                text_layer_destroy
 .text.text_layer_get_layer
                0x0000000000002e78        0xc /Users/edwinfinch/Library/Application Support/Pebble SDK/SDKs/current/sdk-core/pebble/aplite/lib/libpebble.a(tmpqO8TxMpebble.o)
                0x0000000000002e78                text_layer_get_layer
 .text.text_layer_set_background_color
                0x0000000000002e84        0xc /Users/edwinfinch/Library/Application Support/Pebble SDK/SDKs/current/sdk-core/pebble/aplite/lib/libpebble.a(tmpqO8TxMpebble.o)
                0x0000000000002e84                text_layer_set_background_color
 .text.text_layer_set_font
                0x0000000000002e90        0xc /Users/edwinfinch/Library/Application Support/Pebble SDK/SDKs/current/sdk-core/pebble/aplite/lib/libpebble.a(tmpqO8TxMpebble.o)
                0x0000000000002e90                text_layer_set_font
 .text.text_layer_set_overflow_mode
                0x0000000000002e9c        0xc /Users/edwinfinch/Library/Application Support/Pebble SDK/SDKs/current/sdk-core/pebble/aplite/lib/libpebble.a(tmpqO8TxMpebble.o)
                0x0000000000002e9c                text_layer_set_overflow_mode
 .text.text_layer_set_text
                0x0000000000002ea8        0xc /Users/edwinfinch/Library/Application Support/Pebble SDK/SDKs/current/sdk-core/pebble/aplite/lib/libpebble.a(tmpqO8TxMpebble.o)
                0x0000000000002ea8                text_layer_set_text
 .text.text_layer_set_text_color
                0x0000000000002eb4        0xc /Users/edwinfinch/Library/Application Support/Pebble SDK/SDKs/current/sdk-core/pebble/aplite/lib/libpebble.a(tmpqO8TxMpebble.o)
                0x0000000000002eb4                text_layer_set_text_color
 .text.time     0x0000000000002ec0        0xc /Users/edwinfinch/Library/Application Support/Pebble SDK/SDKs/current/sdk-core/pebble/aplite/lib/libpebble.a(tmpqO8TxMpebble.o)
                0x0000000000002ec0                time
 .text.menu_layer_set_highlight_colors
                0x0000000000002ecc        0xc /Users/edwinfinch/Library/Application Support/Pebble SDK/SDKs/current/sdk-core/pebble/aplite/lib/libpebble.a(tmpqO8TxMpebble.o)
                0x0000000000002ecc                menu_layer_set_highlight_colors
 .text.menu_layer_set_normal_colors
                0x0000000000002ed8        0xc /Users/edwinfinch/Library/Application Support/Pebble SDK/SDKs/current/sdk-core/pebble/aplite/lib/libpebble.a(tmpqO8TxMpebble.o)
                0x0000000000002ed8                menu_layer_set_normal_colors
 .text.menu_layer_set_callbacks
                0x0000000000002ee4        0xc /Users/edwinfinch/Library/Application Support/Pebble SDK/SDKs/current/sdk-core/pebble/aplite/lib/libpebble.a(tmpqO8TxMpebble.o)
                0x0000000000002ee4                menu_layer_set_callbacks
 .text.connection_service_peek_pebble_app_connection
                0x0000000000002ef0        0xc /Users/edwinfinch/Library/Application Support/Pebble SDK/SDKs/current/sdk-core/pebble/aplite/lib/libpebble.a(tmpqO8TxMpebble.o)
                0x0000000000002ef0                connection_service_peek_pebble_app_connection
 .text.connection_service_peek_pebblekit_connection
                0x0000000000002efc        0xc /Users/edwinfinch/Library/Application Support/Pebble SDK/SDKs/current/sdk-core/pebble/aplite/lib/libpebble.a(tmpqO8TxMpebble.o)
                0x0000000000002efc                connection_service_peek_pebblekit_connection
 .text.connection_service_subscribe
                0x0000000000002f08        0xc /Users/edwinfinch/Library/Application Support/Pebble SDK/SDKs/current/sdk-core/pebble/aplite/lib/libpebble.a(tmpqO8TxMpebble.o)
                0x0000000000002f08                connection_service_subscribe
 *(.rodata)
 .rodata        0x0000000000002f14        0x8 src/windows/connection_window.c.33.o
 .rodata        0x0000000000002f1c       0x10 src/windows/library_menus.c.33.o
 .rodata        0x0000000000002f2c        0x8 src/windows/main_menu.c.33.o
 .rodata        0x0000000000002f34       0x20 src/windows/now_playing.c.33.o
 *(.rodata*)
 .rodata.str1.1
                0x0000000000002f54       0x1a src/layers/marquee_text.c.33.o
 .rodata.str1.1
                0x0000000000002f6e      0x3e8 src/windows/connection_window.c.33.o
                                        0x3ef (size before relaxing)
 .rodata.str1.1
                0x0000000000003356       0x7f src/windows/library_menus.c.33.o
                                         0x80 (size before relaxing)
 .rodata.str1.1
                0x00000000000033d5       0x5c src/windows/main_menu.c.33.o
                                         0x5d (size before relaxing)
 .rodata.str1.1
                0x0000000000003431       0x47 src/windows/now_playing.c.33.o
                                         0x5d (size before relaxing)
 .rodata.segments.7811
                0x0000000000003478        0x8 src/windows/now_playing.c.33.o

.glue_7         0x0000000000003480        0x0
 .glue_7        0x0000000000000000        0x0 linker stubs

.glue_7t        0x0000000000003480        0x0
 .glue_7t       0x0000000000000000        0x0 linker stubs

.vfp11_veneer   0x0000000000003480        0x0
 .vfp11_veneer  0x0000000000000000        0x0 linker stubs

.v4_bx          0x0000000000003480        0x0
 .v4_bx         0x0000000000000000        0x0 linker stubs

.iplt           0x0000000000003480        0x0
 .iplt          0x0000000000000000        0x0 /usr/local/Cellar/pebble-toolchain/2.0/arm-cs-tools/bin/../lib/gcc/arm-none-eabi/4.7.2/thumb2/crtbegin.o

.rel.dyn        0x0000000000003480        0x0
 .rel.iplt      0x0000000000000000        0x0 /usr/local/Cellar/pebble-toolchain/2.0/arm-cs-tools/bin/../lib/gcc/arm-none-eabi/4.7.2/thumb2/crtbegin.o
 .rel.got       0x0000000000000000        0x0 /usr/local/Cellar/pebble-toolchain/2.0/arm-cs-tools/bin/../lib/gcc/arm-none-eabi/4.7.2/thumb2/crtbegin.o

.data           0x0000000000003480       0x8d
 *(.data)
 .data          0x0000000000003480        0x0 /usr/local/Cellar/pebble-toolchain/2.0/arm-cs-tools/bin/../lib/gcc/arm-none-eabi/4.7.2/thumb2/crti.o
 .data          0x0000000000003480        0x4 /usr/local/Cellar/pebble-toolchain/2.0/arm-cs-tools/bin/../lib/gcc/arm-none-eabi/4.7.2/thumb2/crtbegin.o
                0x0000000000003480                __dso_handle
 .data          0x0000000000003484        0x0 src/common.c.33.o
 .data          0x0000000000003484        0x0 src/gbitmap.c.33.o
 .data          0x0000000000003484        0x0 src/ipod.c.33.o
 .data          0x0000000000003484        0x0 src/ipod_state.c.33.o
 .data          0x0000000000003484        0x0 src/layers/marquee_text.c.33.o
 .data          0x0000000000003484        0x0 src/layers/progress_bar.c.33.o
 .data          0x0000000000003484        0x0 src/settings.c.33.o
 .data          0x0000000000003484        0x8 src/windows/connection_window.c.33.o
 .data          0x000000000000348c        0x0 src/windows/library_menus.c.33.o
 .data          0x000000000000348c        0x0 src/windows/main_menu.c.33.o
 .data          0x000000000000348c        0x0 src/windows/message_window.c.33.o
 .data          0x000000000000348c        0x8 src/windows/now_playing.c.33.o
 .data          0x0000000000003494        0x0 aplite/appinfo.auto.c.33.o
 .data          0x0000000000003494        0x0 aplite/src/resource_ids.auto.c.33.o
 .data          0x0000000000003494        0x0 /Users/edwinfinch/Library/Application Support/Pebble SDK/SDKs/current/sdk-core/pebble/aplite/lib/libpebble.a(tmpqO8TxMpebble.o)
 .data          0x0000000000003494        0x0 /usr/local/Cellar/pebble-toolchain/2.0/arm-cs-tools/bin/../lib/gcc/arm-none-eabi/4.7.2/thumb2/crtend.o
 .data          0x0000000000003494        0x0 /usr/local/Cellar/pebble-toolchain/2.0/arm-cs-tools/bin/../lib/gcc/arm-none-eabi/4.7.2/thumb2/crtn.o
 *(.data.*)
 .data.s_sequence_number
                0x0000000000003494        0x4 src/common.c.33.o
 .data.first_open
                0x0000000000003498        0x1 src/ipod_state.c.33.o
                0x0000000000003498                first_open
 .data.first_call
                0x0000000000003499        0x1 src/ipod_state.c.33.o
                0x0000000000003499                first_call
 *fill*         0x000000000000349a        0x2 
 .data.rel.local.connection_titles
                0x000000000000349c       0x18 src/windows/connection_window.c.33.o
                0x000000000000349c                connection_titles
 .data.rel.local.connection_descriptions
                0x00000000000034b4       0x18 src/windows/connection_window.c.33.o
                0x00000000000034b4                connection_descriptions
 .data.rel.local.repeat_modes
                0x00000000000034cc       0x10 src/windows/library_menus.c.33.o
                0x00000000000034cc                repeat_modes
 .data.rel.ro.local.titles.7774
                0x00000000000034dc       0x18 src/windows/main_menu.c.33.o
 .data.rel.ro.callbacks.7775
                0x00000000000034f4       0x18 src/windows/main_menu.c.33.o
 .data.now_playing_action_bar_is_showing
                0x000000000000350c        0x1 src/windows/now_playing.c.33.o
                0x000000000000350c                now_playing_action_bar_is_showing

.igot.plt       0x0000000000003510        0x0
 .igot.plt      0x0000000000000000        0x0 /usr/local/Cellar/pebble-toolchain/2.0/arm-cs-tools/bin/../lib/gcc/arm-none-eabi/4.7.2/thumb2/crtbegin.o

.got            0x0000000000003510       0x8c
 .got           0x0000000000003510       0x8c /usr/local/Cellar/pebble-toolchain/2.0/arm-cs-tools/bin/../lib/gcc/arm-none-eabi/4.7.2/thumb2/crtbegin.o

.got.plt        0x000000000000359c        0xc
 .got.plt       0x000000000000359c        0xc /usr/local/Cellar/pebble-toolchain/2.0/arm-cs-tools/bin/../lib/gcc/arm-none-eabi/4.7.2/thumb2/crtbegin.o
                0x000000000000359c                _GLOBAL_OFFSET_TABLE_

.bss            0x00000000000035a8      0x330
 *(.bss)
 *(.bss.*)
 .bss.s_artist  0x00000000000035a8       0x64 src/ipod_state.c.33.o
 .bss.s_title   0x000000000000360c       0x64 src/ipod_state.c.33.o
 .bss.now_playing_album_art_size
                0x0000000000003670        0x8 src/ipod_state.c.33.o
 .bss.already_requested_new_song
                0x0000000000003678        0x1 src/ipod_state.c.33.o
                0x0000000000003678                already_requested_new_song
 *fill*         0x0000000000003679        0x3 
 .bss.album_art_data
                0x000000000000367c        0x8 src/ipod_state.c.33.o
 .bss.head      0x0000000000003684        0x4 src/layers/marquee_text.c.33.o
 .bss.description.7734
                0x0000000000003688       0xc8 src/windows/connection_window.c.33.o
 .bss.title.7733
                0x0000000000003750       0x1e src/windows/connection_window.c.33.o
 *fill*         0x000000000000376e        0x2 
 .bss.main_menu_layer
                0x0000000000003770        0x4 src/windows/main_menu.c.33.o
                0x0000000000003770                main_menu_layer
 .bss.already_requested
                0x0000000000003774        0x1 src/windows/main_menu.c.33.o
                0x0000000000003774                already_requested
 .bss.draw_no_album
                0x0000000000003775        0x1 src/windows/now_playing.c.33.o
 *fill*         0x0000000000003776        0x2 
 .bss.no_album_art_bitmap
                0x0000000000003778        0x4 src/windows/now_playing.c.33.o
                0x0000000000003778                no_album_art_bitmap
 .bss.icon_fast_forward
                0x000000000000377c        0x4 src/windows/now_playing.c.33.o
 .bss.controlling_volume
                0x0000000000003780        0x1 src/windows/now_playing.c.33.o
 .bss.current_jump.7756
                0x0000000000003781        0x1 src/windows/now_playing.c.33.o
 *fill*         0x0000000000003782        0x2 
 .bss.icon_play
                0x0000000000003784        0x4 src/windows/now_playing.c.33.o
 .bss.icon_pause
                0x0000000000003788        0x4 src/windows/now_playing.c.33.o
 .bss.icon_more
                0x000000000000378c        0x4 src/windows/now_playing.c.33.o
 .bss.icon_volume_up
                0x0000000000003790        0x4 src/windows/now_playing.c.33.o
 .bss.previous_play_status
                0x0000000000003794        0x1 src/windows/now_playing.c.33.o
                0x0000000000003794                previous_play_status
 .bss.pebble_controls_pushed_select
                0x0000000000003795        0x1 src/windows/now_playing.c.33.o
                0x0000000000003795                pebble_controls_pushed_select
 *fill*         0x0000000000003796        0x2 
 .bss.icon_rewind
                0x0000000000003798        0x4 src/windows/now_playing.c.33.o
 .bss.icon_volume_down
                0x000000000000379c        0x4 src/windows/now_playing.c.33.o
 .bss.action_bar_timer_registered
                0x00000000000037a0        0x1 src/windows/now_playing.c.33.o
                0x00000000000037a0                action_bar_timer_registered
 .bss.is_shown  0x00000000000037a1        0x1 src/windows/now_playing.c.33.o
 *fill*         0x00000000000037a2        0x2 
 COMMON         0x00000000000037a4        0x4 src/ipod.c.33.o
                0x00000000000037a4                window
 COMMON         0x00000000000037a8       0x1d src/ipod_state.c.33.o
                0x00000000000037a8                ipod_state_callback
                0x00000000000037ac                s_shuffle_mode
                0x00000000000037b0                s_current_time
                0x00000000000037b4                current_type
                0x00000000000037b5                s_repeat_mode
                0x00000000000037b8                album_art_bitmap
                0x00000000000037c0                s_duration
                0x00000000000037c4                s_playback_state
 *fill*         0x00000000000037c5        0x3 
 COMMON         0x00000000000037c8        0x7 src/settings.c.33.o
                0x00000000000037c8                current_callback
                0x00000000000037cc                current_settings
 *fill*         0x00000000000037cf        0x1 
 COMMON         0x00000000000037d0        0x5 src/windows/connection_window.c.33.o
                0x00000000000037d0                connection_window
                0x00000000000037d4                current_tasty_cookie
 *fill*         0x00000000000037d5        0x3 
 COMMON         0x00000000000037d8       0x24 src/windows/library_menus.c.33.o
                0x00000000000037d8                repeat_icon_inverted
                0x00000000000037dc                shuffle_icon
                0x00000000000037e0                menu_stack_count
                0x00000000000037e4                repeat_icon
                0x00000000000037e8                shuffle_icon_inverted
                0x00000000000037ec                menu_stack
 COMMON         0x00000000000037fc       0x98 src/windows/main_menu.c.33.o
                0x00000000000037fc                main_menu_window
                0x0000000000003800                main_menu_items
                0x0000000000003860                main_menu_icons
                0x0000000000003878                highlight_index
                0x000000000000387c                main_menu_icons_inverted
 COMMON         0x0000000000003894       0x44 src/windows/now_playing.c.33.o
                0x0000000000003894                now_playing_timer
                0x0000000000003898                artist_font
                0x000000000000389c                now_playing_window
                0x00000000000038a0                background_colour
                0x00000000000038a1                now_playing_settings
                0x00000000000038a4                now_playing_progress_bar
                0x00000000000038a8                now_playing_artist_layer
                0x00000000000038ac                now_playing_album_art_layer
                0x00000000000038b4                now_playing_title_layer
                0x00000000000038b8                action_bar_timer
                0x00000000000038bc                artist_frame
                0x00000000000038c4                control_action_bar
                0x00000000000038c8                now_playing_graphics_layer
                0x00000000000038cc                invert_controls_timer
                0x00000000000038d0                now_playing_album_art_bitmap

DISCARD
 libc.a(*)
 libm.a(*)
 libgcc.a(*)
 *(.eh_frame)
OUTPUT(/Users/edwinfinch/Desktop/Lignite Music/music-pebble/build/aplite/pebble-app.elf elf32-littlearm)

.ARM.attributes
                0x0000000000000000       0x27
 .ARM.attributes
                0x0000000000000000       0x19 /usr/local/Cellar/pebble-toolchain/2.0/arm-cs-tools/bin/../lib/gcc/arm-none-eabi/4.7.2/thumb2/crti.o
 .ARM.attributes
                0x0000000000000019       0x29 /usr/local/Cellar/pebble-toolchain/2.0/arm-cs-tools/bin/../lib/gcc/arm-none-eabi/4.7.2/thumb2/crtbegin.o
 .ARM.attributes
                0x0000000000000042       0x33 src/common.c.33.o
 .ARM.attributes
                0x0000000000000075       0x33 src/gbitmap.c.33.o
 .ARM.attributes
                0x00000000000000a8       0x33 src/ipod.c.33.o
 .ARM.attributes
                0x00000000000000db       0x33 src/ipod_state.c.33.o
 .ARM.attributes
                0x000000000000010e       0x33 src/layers/marquee_text.c.33.o
 .ARM.attributes
                0x0000000000000141       0x33 src/layers/progress_bar.c.33.o
 .ARM.attributes
                0x0000000000000174       0x33 src/settings.c.33.o
 .ARM.attributes
                0x00000000000001a7       0x33 src/windows/connection_window.c.33.o
 .ARM.attributes
                0x00000000000001da       0x33 src/windows/library_menus.c.33.o
 .ARM.attributes
                0x000000000000020d       0x33 src/windows/main_menu.c.33.o
 .ARM.attributes
                0x0000000000000240       0x33 src/windows/message_window.c.33.o
 .ARM.attributes
                0x0000000000000273       0x33 src/windows/now_playing.c.33.o
 .ARM.attributes
                0x00000000000002a6       0x33 aplite/appinfo.auto.c.33.o
 .ARM.attributes
                0x00000000000002d9       0x33 aplite/src/resource_ids.auto.c.33.o
 .ARM.attributes
                0x000000000000030c       0x21 /Users/edwinfinch/Library/Application Support/Pebble SDK/SDKs/current/sdk-core/pebble/aplite/lib/libpebble.a(tmpqO8TxMpebble.o)
 .ARM.attributes
                0x000000000000032d       0x29 /usr/local/Cellar/pebble-toolchain/2.0/arm-cs-tools/bin/../lib/gcc/arm-none-eabi/4.7.2/thumb2/crtend.o
 .ARM.attributes
                0x0000000000000356       0x19 /usr/local/Cellar/pebble-toolchain/2.0/arm-cs-tools/bin/../lib/gcc/arm-none-eabi/4.7.2/thumb2/crtn.o

.comment        0x0000000000000000       0x4e
 .comment       0x0000000000000000       0x4e /usr/local/Cellar/pebble-toolchain/2.0/arm-cs-tools/bin/../lib/gcc/arm-none-eabi/4.7.2/thumb2/crtbegin.o
                                         0x4f (size before relaxing)
 .comment       0x0000000000000000       0x4f src/common.c.33.o
 .comment       0x0000000000000000       0x4f src/gbitmap.c.33.o
 .comment       0x0000000000000000       0x4f src/ipod.c.33.o
 .comment       0x0000000000000000       0x4f src/ipod_state.c.33.o
 .comment       0x0000000000000000       0x4f src/layers/marquee_text.c.33.o
 .comment       0x0000000000000000       0x4f src/layers/progress_bar.c.33.o
 .comment       0x0000000000000000       0x4f src/settings.c.33.o
 .comment       0x0000000000000000       0x4f src/windows/connection_window.c.33.o
 .comment       0x0000000000000000       0x4f src/windows/library_menus.c.33.o
 .comment       0x0000000000000000       0x4f src/windows/main_menu.c.33.o
 .comment       0x0000000000000000       0x4f src/windows/message_window.c.33.o
 .comment       0x0000000000000000       0x4f src/windows/now_playing.c.33.o
 .comment       0x0000000000000000       0x4f aplite/appinfo.auto.c.33.o
 .comment       0x0000000000000000       0x4f aplite/src/resource_ids.auto.c.33.o
 .comment       0x0000000000000000       0x4f /usr/local/Cellar/pebble-toolchain/2.0/arm-cs-tools/bin/../lib/gcc/arm-none-eabi/4.7.2/thumb2/crtend.o

.debug_info     0x0000000000000000     0xa07b
 .debug_info    0x0000000000000000      0xa1b src/common.c.33.o
 .debug_info    0x0000000000000a1b       0x79 src/gbitmap.c.33.o
 .debug_info    0x0000000000000a94      0x4a5 src/ipod.c.33.o
 .debug_info    0x0000000000000f39     0x10d7 src/ipod_state.c.33.o
 .debug_info    0x0000000000002010      0x9cc src/layers/marquee_text.c.33.o
 .debug_info    0x00000000000029dc      0x66d src/layers/progress_bar.c.33.o
 .debug_info    0x0000000000003049      0x270 src/settings.c.33.o
 .debug_info    0x00000000000032b9     0x16e1 src/windows/connection_window.c.33.o
 .debug_info    0x000000000000499a     0x1dd9 src/windows/library_menus.c.33.o
 .debug_info    0x0000000000006773     0x10e9 src/windows/main_menu.c.33.o
 .debug_info    0x000000000000785c       0x79 src/windows/message_window.c.33.o
 .debug_info    0x00000000000078d5     0x231f src/windows/now_playing.c.33.o
 .debug_info    0x0000000000009bf4      0x2e6 aplite/appinfo.auto.c.33.o
 .debug_info    0x0000000000009eda      0x1a1 aplite/src/resource_ids.auto.c.33.o

.debug_abbrev   0x0000000000000000     0x2004
 .debug_abbrev  0x0000000000000000      0x290 src/common.c.33.o
 .debug_abbrev  0x0000000000000290       0x26 src/gbitmap.c.33.o
 .debug_abbrev  0x00000000000002b6      0x1e6 src/ipod.c.33.o
 .debug_abbrev  0x000000000000049c      0x3bc src/ipod_state.c.33.o
 .debug_abbrev  0x0000000000000858      0x2be src/layers/marquee_text.c.33.o
 .debug_abbrev  0x0000000000000b16      0x2a4 src/layers/progress_bar.c.33.o
 .debug_abbrev  0x0000000000000dba      0x1aa src/settings.c.33.o
 .debug_abbrev  0x0000000000000f64      0x341 src/windows/connection_window.c.33.o
 .debug_abbrev  0x00000000000012a5      0x481 src/windows/library_menus.c.33.o
 .debug_abbrev  0x0000000000001726      0x308 src/windows/main_menu.c.33.o
 .debug_abbrev  0x0000000000001a2e       0x26 src/windows/message_window.c.33.o
 .debug_abbrev  0x0000000000001a54      0x4e4 src/windows/now_playing.c.33.o
 .debug_abbrev  0x0000000000001f38       0x88 aplite/appinfo.auto.c.33.o
 .debug_abbrev  0x0000000000001fc0       0x44 aplite/src/resource_ids.auto.c.33.o

.debug_loc      0x0000000000000000     0x2dc4
 .debug_loc     0x0000000000000000      0x1e0 src/common.c.33.o
 .debug_loc     0x00000000000001e0       0xc2 src/ipod.c.33.o
 .debug_loc     0x00000000000002a2      0x54e src/ipod_state.c.33.o
 .debug_loc     0x00000000000007f0      0x2b5 src/layers/marquee_text.c.33.o
 .debug_loc     0x0000000000000aa5      0x22a src/layers/progress_bar.c.33.o
 .debug_loc     0x0000000000000ccf       0x7e src/settings.c.33.o
 .debug_loc     0x0000000000000d4d      0x5a6 src/windows/connection_window.c.33.o
 .debug_loc     0x00000000000012f3      0xf25 src/windows/library_menus.c.33.o
 .debug_loc     0x0000000000002218      0x43c src/windows/main_menu.c.33.o
 .debug_loc     0x0000000000002654      0x770 src/windows/now_playing.c.33.o

.debug_aranges  0x0000000000000000      0x518
 .debug_aranges
                0x0000000000000000       0x48 src/common.c.33.o
 .debug_aranges
                0x0000000000000048       0x18 src/gbitmap.c.33.o
 .debug_aranges
                0x0000000000000060       0x38 src/ipod.c.33.o
 .debug_aranges
                0x0000000000000098       0xa0 src/ipod_state.c.33.o
 .debug_aranges
                0x0000000000000138       0x68 src/layers/marquee_text.c.33.o
 .debug_aranges
                0x00000000000001a0       0x48 src/layers/progress_bar.c.33.o
 .debug_aranges
                0x00000000000001e8       0x48 src/settings.c.33.o
 .debug_aranges
                0x0000000000000230       0xa0 src/windows/connection_window.c.33.o
 .debug_aranges
                0x00000000000002d0       0x88 src/windows/library_menus.c.33.o
 .debug_aranges
                0x0000000000000358       0xa0 src/windows/main_menu.c.33.o
 .debug_aranges
                0x00000000000003f8       0x18 src/windows/message_window.c.33.o
 .debug_aranges
                0x0000000000000410       0xd8 src/windows/now_playing.c.33.o
 .debug_aranges
                0x00000000000004e8       0x18 aplite/appinfo.auto.c.33.o
 .debug_aranges
                0x0000000000000500       0x18 aplite/src/resource_ids.auto.c.33.o

.debug_ranges   0x0000000000000000      0x628
 .debug_ranges  0x0000000000000000       0x38 src/common.c.33.o
 .debug_ranges  0x0000000000000038       0x28 src/ipod.c.33.o
 .debug_ranges  0x0000000000000060      0x120 src/ipod_state.c.33.o
 .debug_ranges  0x0000000000000180       0x58 src/layers/marquee_text.c.33.o
 .debug_ranges  0x00000000000001d8       0x38 src/layers/progress_bar.c.33.o
 .debug_ranges  0x0000000000000210       0x38 src/settings.c.33.o
 .debug_ranges  0x0000000000000248       0xa8 src/windows/connection_window.c.33.o
 .debug_ranges  0x00000000000002f0      0x110 src/windows/library_menus.c.33.o
 .debug_ranges  0x0000000000000400       0xa8 src/windows/main_menu.c.33.o
 .debug_ranges  0x00000000000004a8      0x180 src/windows/now_playing.c.33.o

.debug_line     0x0000000000000000     0x2837
 .debug_line    0x0000000000000000      0x25d src/common.c.33.o
 .debug_line    0x000000000000025d       0x1d src/gbitmap.c.33.o
 .debug_line    0x000000000000027a      0x2ac src/ipod.c.33.o
 .debug_line    0x0000000000000526      0x483 src/ipod_state.c.33.o
 .debug_line    0x00000000000009a9      0x312 src/layers/marquee_text.c.33.o
 .debug_line    0x0000000000000cbb      0x286 src/layers/progress_bar.c.33.o
 .debug_line    0x0000000000000f41      0x257 src/settings.c.33.o
 .debug_line    0x0000000000001198      0x4c9 src/windows/connection_window.c.33.o
 .debug_line    0x0000000000001661      0x600 src/windows/library_menus.c.33.o
 .debug_line    0x0000000000001c61      0x3bf src/windows/main_menu.c.33.o
 .debug_line    0x0000000000002020       0x1d src/windows/message_window.c.33.o
 .debug_line    0x000000000000203d      0x5fd src/windows/now_playing.c.33.o
 .debug_line    0x000000000000263a      0x139 aplite/appinfo.auto.c.33.o
 .debug_line    0x0000000000002773       0xc4 aplite/src/resource_ids.auto.c.33.o

.debug_str      0x0000000000000000     0x37d0
 .debug_str     0x0000000000000000      0x80d src/common.c.33.o
                                        0x8e6 (size before relaxing)
 .debug_str     0x000000000000080d       0x11 src/gbitmap.c.33.o
                                         0xf0 (size before relaxing)
 .debug_str     0x000000000000081e      0x215 src/ipod.c.33.o
                                        0x469 (size before relaxing)
 .debug_str     0x0000000000000a33      0x820 src/ipod_state.c.33.o
                                        0xf13 (size before relaxing)
 .debug_str     0x0000000000001253      0x3b6 src/layers/marquee_text.c.33.o
                                        0x550 (size before relaxing)
 .debug_str     0x0000000000001609      0x1ac src/layers/progress_bar.c.33.o
                                        0x3da (size before relaxing)
 .debug_str     0x00000000000017b5       0xab src/settings.c.33.o
                                        0x234 (size before relaxing)
 .debug_str     0x0000000000001860      0x822 src/windows/connection_window.c.33.o
                                       0x12ef (size before relaxing)
 .debug_str     0x0000000000002082      0x8d5 src/windows/library_menus.c.33.o
                                       0x1471 (size before relaxing)
 .debug_str     0x0000000000002957      0x377 src/windows/main_menu.c.33.o
                                        0xb71 (size before relaxing)
 .debug_str     0x0000000000002cce       0x20 src/windows/message_window.c.33.o
                                         0xff (size before relaxing)
 .debug_str     0x0000000000002cee      0x7b8 src/windows/now_playing.c.33.o
                                       0x1845 (size before relaxing)
 .debug_str     0x00000000000034a6      0x15d aplite/appinfo.auto.c.33.o
                                        0x25e (size before relaxing)
 .debug_str     0x0000000000003603      0x1cd aplite/src/resource_ids.auto.c.33.o
                                        0x2a1 (size before relaxing)

.debug_frame    0x0000000000000000      0xbb8
 .debug_frame   0x0000000000000000       0x98 src/common.c.33.o
 .debug_frame   0x0000000000000098       0x70 src/ipod.c.33.o
 .debug_frame   0x0000000000000108      0x194 src/ipod_state.c.33.o
 .debug_frame   0x000000000000029c       0xe4 src/layers/marquee_text.c.33.o
 .debug_frame   0x0000000000000380       0x98 src/layers/progress_bar.c.33.o
 .debug_frame   0x0000000000000418       0x8c src/settings.c.33.o
 .debug_frame   0x00000000000004a4      0x1a0 src/windows/connection_window.c.33.o
 .debug_frame   0x0000000000000644      0x198 src/windows/library_menus.c.33.o
 .debug_frame   0x00000000000007dc      0x150 src/windows/main_menu.c.33.o
 .debug_frame   0x000000000000092c      0x28c src/windows/now_playing.c.33.o
