Archive member included because of file (symbol)

/Users/edwinfinch/Library/Application Support/Pebble SDK/SDKs/current/sdk-core/pebble/aplite/lib/libpebble.a(tmpz2MrsRpebble.o)
                              src/ipod.c.28.o (app_event_loop)

Allocating common symbols
Common symbol       size              file

ipod_state_callback
                    0x4               src/ipod_state.c.28.o
now_playing_timer   0x4               src/windows/now_playing.c.28.o
library_icon_album_art_bitmap
                    0x4               src/ipod_state.c.28.o
main_menu_window    0x4               src/windows/main_menu.c.28.o
main_menu_items     0x60              src/windows/main_menu.c.28.o
main_menu_icons     0x18              src/windows/main_menu.c.28.o
artist_font         0x4               src/windows/now_playing.c.28.o
s_shuffle_mode      0x1               src/ipod_state.c.28.o
current_callback    0x4               src/settings.c.28.o
now_playing_window  0x4               src/windows/now_playing.c.28.o
background_colour   0x1               src/windows/now_playing.c.28.o
now_playing_settings
                    0x3               src/windows/now_playing.c.28.o
now_playing_progress_bar
                    0x4               src/windows/now_playing.c.28.o
now_playing_artist_layer
                    0x4               src/windows/now_playing.c.28.o
now_playing_album_art_layer
                    0xc               src/windows/now_playing.c.28.o
menu_stack_count    0x1               src/windows/library_menus.c.28.o
now_playing_title_layer
                    0x4               src/windows/now_playing.c.28.o
action_bar_timer    0x4               src/windows/now_playing.c.28.o
highlight_index     0x4               src/windows/main_menu.c.28.o
s_current_time      0x4               src/ipod_state.c.28.o
main_menu_icons_inverted
                    0x18              src/windows/main_menu.c.28.o
current_type        0x1               src/ipod_state.c.28.o
no_album_art_bitmap
                    0x4               src/windows/now_playing.c.28.o
s_repeat_mode       0x1               src/ipod_state.c.28.o
current_settings    0x3               src/settings.c.28.o
album_art_bitmap    0xc               src/ipod_state.c.28.o
s_duration          0x4               src/ipod_state.c.28.o
menu_stack          0x10              src/windows/library_menus.c.28.o
window              0x4               src/ipod.c.28.o
artist_frame        0x8               src/windows/now_playing.c.28.o
control_action_bar  0x4               src/windows/now_playing.c.28.o
now_playing_graphics_layer
                    0x4               src/windows/now_playing.c.28.o
s_playback_state    0x1               src/ipod_state.c.28.o
invert_controls_timer
                    0x4               src/windows/now_playing.c.28.o
now_playing_album_art_bitmap
                    0xc               src/windows/now_playing.c.28.o

Discarded input sections

 .text          0x0000000000000000        0x0 /usr/local/Cellar/pebble-toolchain/2.0/arm-cs-tools/bin/../lib/gcc/arm-none-eabi/4.7.2/thumb2/crti.o
 .bss           0x0000000000000000        0x0 /usr/local/Cellar/pebble-toolchain/2.0/arm-cs-tools/bin/../lib/gcc/arm-none-eabi/4.7.2/thumb2/crti.o
 .init          0x0000000000000000        0x4 /usr/local/Cellar/pebble-toolchain/2.0/arm-cs-tools/bin/../lib/gcc/arm-none-eabi/4.7.2/thumb2/crti.o
 .fini          0x0000000000000000        0x4 /usr/local/Cellar/pebble-toolchain/2.0/arm-cs-tools/bin/../lib/gcc/arm-none-eabi/4.7.2/thumb2/crti.o
 .text          0x0000000000000000       0xc8 /usr/local/Cellar/pebble-toolchain/2.0/arm-cs-tools/bin/../lib/gcc/arm-none-eabi/4.7.2/thumb2/crtbegin.o
 .bss           0x0000000000000000       0x1c /usr/local/Cellar/pebble-toolchain/2.0/arm-cs-tools/bin/../lib/gcc/arm-none-eabi/4.7.2/thumb2/crtbegin.o
 .init_array    0x0000000000000000        0x4 /usr/local/Cellar/pebble-toolchain/2.0/arm-cs-tools/bin/../lib/gcc/arm-none-eabi/4.7.2/thumb2/crtbegin.o
 .fini_array    0x0000000000000000        0x4 /usr/local/Cellar/pebble-toolchain/2.0/arm-cs-tools/bin/../lib/gcc/arm-none-eabi/4.7.2/thumb2/crtbegin.o
 .eh_frame      0x0000000000000000        0x0 /usr/local/Cellar/pebble-toolchain/2.0/arm-cs-tools/bin/../lib/gcc/arm-none-eabi/4.7.2/thumb2/crtbegin.o
 .jcr           0x0000000000000000        0x0 /usr/local/Cellar/pebble-toolchain/2.0/arm-cs-tools/bin/../lib/gcc/arm-none-eabi/4.7.2/thumb2/crtbegin.o
 .tm_clone_table
                0x0000000000000000        0x0 /usr/local/Cellar/pebble-toolchain/2.0/arm-cs-tools/bin/../lib/gcc/arm-none-eabi/4.7.2/thumb2/crtbegin.o
 .text          0x0000000000000000        0x0 src/common.c.28.o
 .bss           0x0000000000000000        0x0 src/common.c.28.o
 .text.reset_sequence_number
                0x0000000000000000       0x22 src/common.c.28.o
 .text          0x0000000000000000        0x0 src/gbitmap.c.28.o
 .bss           0x0000000000000000        0x0 src/gbitmap.c.28.o
[...]
Memory Configuration

Name             Origin             Length             Attributes
APP              0x0000000000000000 0x0000000000006000 xrw
*default*        0x0000000000000000 0xffffffffffffffff

Linker script and memory map

LOAD /usr/local/Cellar/pebble-toolchain/2.0/arm-cs-tools/bin/../lib/gcc/arm-none-eabi/4.7.2/thumb2/crti.o
LOAD /usr/local/Cellar/pebble-toolchain/2.0/arm-cs-tools/bin/../lib/gcc/arm-none-eabi/4.7.2/thumb2/crtbegin.o
LOAD src/common.c.28.o
LOAD src/gbitmap.c.28.o
LOAD src/ipod.c.28.o
LOAD src/ipod_state.c.28.o
LOAD src/layers/marquee_text.c.28.o
LOAD src/layers/progress_bar.c.28.o
LOAD src/settings.c.28.o
LOAD src/windows/library_menus.c.28.o
LOAD src/windows/main_menu.c.28.o
LOAD src/windows/message_window.c.28.o
LOAD src/windows/now_playing.c.28.o
LOAD aplite/appinfo.auto.c.28.o
LOAD aplite/src/resource_ids.auto.c.28.o
LOAD /Users/edwinfinch/Library/Application Support/Pebble SDK/SDKs/current/sdk-core/pebble/aplite/lib/libpebble.a
START GROUP
LOAD /usr/local/Cellar/pebble-toolchain/2.0/arm-cs-tools/bin/../lib/gcc/arm-none-eabi/4.7.2/thumb2/libgcc.a
LOAD /usr/local/Cellar/pebble-toolchain/2.0/arm-cs-tools/bin/../lib/gcc/arm-none-eabi/4.7.2/../../../../arm-none-eabi/lib/thumb2/libc.a
END GROUP
LOAD /usr/local/Cellar/pebble-toolchain/2.0/arm-cs-tools/bin/../lib/gcc/arm-none-eabi/4.7.2/thumb2/crtend.o
LOAD /usr/local/Cellar/pebble-toolchain/2.0/arm-cs-tools/bin/../lib/gcc/arm-none-eabi/4.7.2/thumb2/crtn.o

.header         0x0000000000000000       0x82
 *(.pbl_header)
 .pbl_header    0x0000000000000000       0x82 aplite/appinfo.auto.c.28.o
                0x0000000000000000                __pbl_app_info

.note.gnu.build-id
                0x0000000000000082       0x26
                0x0000000000000082                PROVIDE (BUILD_ID, .)
 *(.note.gnu.build-id)
 *fill*         0x0000000000000082        0x2 
 .note.gnu.build-id
                0x0000000000000084       0x24 linker stubs

.text           0x00000000000000a8     0x387b
 *(.text)
 .text          0x00000000000000a8       0x14 /Users/edwinfinch/Library/Application Support/Pebble SDK/SDKs/current/sdk-core/pebble/aplite/lib/libpebble.a(tmpz2MrsRpebble.o)
 *(.text.*)
 .text.ipod_message_timer_fire
                0x00000000000000bc        0x4 src/common.c.28.o
                0x00000000000000bc                ipod_message_timer_fire
 .text.on_animation_stopped
                0x00000000000000c0        0x4 src/common.c.28.o
                0x00000000000000c0                on_animation_stopped
 .text.animate_layer
                0x00000000000000c4       0x54 src/common.c.28.o
                0x00000000000000c4                animate_layer
 .text.ipod_message_outbox_get
                0x0000000000000118       0x38 src/common.c.28.o
                0x0000000000000118                ipod_message_outbox_get
 .text.ipod_message_destroy
                0x0000000000000150       0x14 src/common.c.28.o
                0x0000000000000150                ipod_message_destroy
 .text.pebblekit_connection_handler
                0x0000000000000164       0x20 src/ipod.c.28.o
                0x0000000000000164                pebblekit_connection_handler
 .text.dropped_inbox
                0x0000000000000184       0x20 src/ipod.c.28.o
                0x0000000000000184                dropped_inbox
 .text.pebble_app_connection_handler
                0x00000000000001a4       0x34 src/ipod.c.28.o
                0x00000000000001a4                pebble_app_connection_handler
 .text.failed_outbox
                0x00000000000001d8       0x70 src/ipod.c.28.o
                0x00000000000001d8                failed_outbox
 .text.auto_destroy_error_window
                0x0000000000000248        0x8 src/ipod.c.28.o
                0x0000000000000248                auto_destroy_error_window
 .text.tick_handler
                0x0000000000000250        0xe src/ipod.c.28.o
                0x0000000000000250                tick_handler
 *fill*         0x000000000000025e        0x2 
 .text.ipod_create
                0x0000000000000260       0x6c src/ipod.c.28.o
                0x0000000000000260                ipod_create
 .text.ipod_app_timer_handler
                0x00000000000002cc        0xe src/ipod.c.28.o
                0x00000000000002cc                ipod_app_timer_handler
 *fill*         0x00000000000002da        0x2 
 .text.startup.main
                0x00000000000002dc       0x98 src/ipod.c.28.o
                0x00000000000002dc                main
 .text.create_bitmap_for_header
                0x0000000000000374       0x90 src/ipod_state.c.28.o
                0x0000000000000374                create_bitmap_for_header
 .text.ipod_state_tick
                0x0000000000000404       0x5c src/ipod_state.c.28.o
                0x0000000000000404                ipod_state_tick
 .text.ipod_state_set_callback
                0x0000000000000460       0x14 src/ipod_state.c.28.o
                0x0000000000000460                ipod_state_set_callback
 .text.ipod_state_current_time
                0x0000000000000474       0x14 src/ipod_state.c.28.o
                0x0000000000000474                ipod_state_current_time
 .text.ipod_state_duration
                0x0000000000000488       0x14 src/ipod_state.c.28.o
                0x0000000000000488                ipod_state_duration
 .text.ipod_get_playback_state
                0x000000000000049c       0x14 src/ipod_state.c.28.o
                0x000000000000049c                ipod_get_playback_state
 .text.ipod_get_artist
                0x00000000000004b0        0xc src/ipod_state.c.28.o
                0x00000000000004b0                ipod_get_artist
 .text.ipod_get_title
                0x00000000000004bc        0xc src/ipod_state.c.28.o
                0x00000000000004bc                ipod_get_title
 .text.now_playing_request
                0x00000000000004c8       0x70 src/ipod_state.c.28.o
                0x00000000000004c8                now_playing_request
 .text.call_callback
                0x0000000000000538       0x4c src/ipod_state.c.28.o
                0x0000000000000538                call_callback
 .text.create_bitmap
                0x0000000000000584      0x11c src/ipod_state.c.28.o
                0x0000000000000584                create_bitmap
 .text.process_album_art_tuple
                0x00000000000006a0      0x208 src/ipod_state.c.28.o
                0x00000000000006a0                process_album_art_tuple
 .text.process_library_menu_album_art_tuple
                0x00000000000008a8      0x174 src/ipod_state.c.28.o
                0x00000000000008a8                process_library_menu_album_art_tuple
 .text.process_tuple
                0x0000000000000a1c      0x1dc src/ipod_state.c.28.o
                0x0000000000000a1c                process_tuple
 .text.ipod_received_handler
                0x0000000000000bf8       0x20 src/ipod_state.c.28.o
                0x0000000000000bf8                ipod_received_handler
 .text.ipod_state_create
                0x0000000000000c18       0x30 src/ipod_state.c.28.o
                0x0000000000000c18                ipod_state_create
 .text.marquee_text_layer_update_proc
                0x0000000000000c48      0x186 src/layers/marquee_text.c.28.o
                0x0000000000000c48                marquee_text_layer_update_proc
 *fill*         0x0000000000000dce        0x2 
 .text.marquee_text_layer_destroy
                0x0000000000000dd0       0x34 src/layers/marquee_text.c.28.o
                0x0000000000000dd0                marquee_text_layer_destroy
 .text.marquee_text_layer_get_layer
                0x0000000000000e04        0x4 src/layers/marquee_text.c.28.o
                0x0000000000000e04                marquee_text_layer_get_layer
 .text.marquee_text_layer_mark_dirty
                0x0000000000000e08       0x14 src/layers/marquee_text.c.28.o
                0x0000000000000e08                marquee_text_layer_mark_dirty
 .text.marquee_text_layer_set_font
                0x0000000000000e1c        0x6 src/layers/marquee_text.c.28.o
                0x0000000000000e1c                marquee_text_layer_set_font
 .text.marquee_text_layer_set_text
                0x0000000000000e22        0x6 src/layers/marquee_text.c.28.o
                0x0000000000000e22                marquee_text_layer_set_text
 .text.marquee_text_layer_create
                0x0000000000000e28       0x90 src/layers/marquee_text.c.28.o
                0x0000000000000e28                marquee_text_layer_create
 .text.marquee_text_layer_tick
                0x0000000000000eb8       0x30 src/layers/marquee_text.c.28.o
                0x0000000000000eb8                marquee_text_layer_tick
 .text.progress_bar_update_proc
                0x0000000000000ee8       0x64 src/layers/progress_bar.c.28.o
 .text.progress_bar_layer_create
                0x0000000000000f4c       0x44 src/layers/progress_bar.c.28.o
                0x0000000000000f4c                progress_bar_layer_create
 .text.progress_bar_layer_destroy
                0x0000000000000f90       0x14 src/layers/progress_bar.c.28.o
                0x0000000000000f90                progress_bar_layer_destroy
 .text.progress_bar_layer_get_layer
                0x0000000000000fa4        0x4 src/layers/progress_bar.c.28.o
                0x0000000000000fa4                progress_bar_layer_get_layer
 .text.progress_bar_layer_set_range
                0x0000000000000fa8        0xe src/layers/progress_bar.c.28.o
                0x0000000000000fa8                progress_bar_layer_set_range
 .text.progress_bar_layer_set_value
                0x0000000000000fb6        0xc src/layers/progress_bar.c.28.o
                0x0000000000000fb6                progress_bar_layer_set_value
 *fill*         0x0000000000000fc2        0x2 
 .text.settings_service_subscribe
                0x0000000000000fc4       0x14 src/settings.c.28.o
                0x0000000000000fc4                settings_service_subscribe
 .text.settings_get_settings
                0x0000000000000fd8       0x34 src/settings.c.28.o
                0x0000000000000fd8                settings_get_settings
 .text.settings_prepare_defaults
                0x000000000000100c       0x1c src/settings.c.28.o
                0x000000000000100c                settings_prepare_defaults
 .text.settings_load
                0x0000000000001028       0x44 src/settings.c.28.o
                0x0000000000001028                settings_load
 .text.settings_save
                0x000000000000106c       0x3c src/settings.c.28.o
                0x000000000000106c                settings_save
 .text.settings_set_settings
                0x00000000000010a8       0x44 src/settings.c.28.o
                0x00000000000010a8                settings_set_settings
 .text.get_num_rows
                0x00000000000010ec       0x1e src/windows/library_menus.c.28.o
                0x00000000000010ec                get_num_rows
 *fill*         0x000000000000110a        0x2 
 .text.draw_row
                0x000000000000110c       0xb4 src/windows/library_menus.c.28.o
                0x000000000000110c                draw_row
 .text.library_menus_window_unload
                0x00000000000011c0       0xbc src/windows/library_menus.c.28.o
                0x00000000000011c0                library_menus_window_unload
 .text.library_menus_create
                0x000000000000127c       0x18 src/windows/library_menus.c.28.o
                0x000000000000127c                library_menus_create
 .text.library_menus_pop_all
                0x0000000000001294       0x28 src/windows/library_menus.c.28.o
                0x0000000000001294                library_menus_pop_all
 .text.build_parent_history
                0x00000000000012bc       0x7c src/windows/library_menus.c.28.o
                0x00000000000012bc                build_parent_history
 .text.send_library_request
                0x0000000000001338       0x58 src/windows/library_menus.c.28.o
                0x0000000000001338                send_library_request
 .text.selection_changed
                0x0000000000001390       0x7a src/windows/library_menus.c.28.o
                0x0000000000001390                selection_changed
 *fill*         0x000000000000140a        0x2 
 .text.play_track
                0x000000000000140c       0x5c src/windows/library_menus.c.28.o
                0x000000000000140c                play_track
 .text.clear_library_entry_data
                0x0000000000001468       0x16 src/windows/library_menus.c.28.o
                0x0000000000001468                clear_library_entry_data
 *fill*         0x000000000000147e        0x2 
 .text.library_menus_display_view
                0x0000000000001480      0x1cc src/windows/library_menus.c.28.o
                0x0000000000001480                library_menus_display_view
 .text.select_click
                0x000000000000164c       0xc0 src/windows/library_menus.c.28.o
                0x000000000000164c                select_click
 .text.library_menus_set_header_icon
                0x000000000000170c       0x3c src/windows/library_menus.c.28.o
                0x000000000000170c                library_menus_set_header_icon
 .text.library_menus_inbox
                0x0000000000001748      0x20c src/windows/library_menus.c.28.o
                0x0000000000001748                library_menus_inbox
 .text.main_menu_get_num_sections
                0x0000000000001954        0x4 src/windows/main_menu.c.28.o
                0x0000000000001954                main_menu_get_num_sections
 .text.menu_get_num_rows_callback
                0x0000000000001958        0x4 src/windows/main_menu.c.28.o
                0x0000000000001958                menu_get_num_rows_callback
 .text.menu_get_header_height_callback
                0x000000000000195c        0x4 src/windows/main_menu.c.28.o
                0x000000000000195c                menu_get_header_height_callback
 .text.menu_select_callback
                0x0000000000001960       0x20 src/windows/main_menu.c.28.o
                0x0000000000001960                menu_select_callback
 .text.open_composer_list
                0x0000000000001980       0x10 src/windows/main_menu.c.28.o
                0x0000000000001980                open_composer_list
 .text.open_genre_list
                0x0000000000001990       0x10 src/windows/main_menu.c.28.o
                0x0000000000001990                open_genre_list
 .text.open_playlist_list
                0x00000000000019a0       0x10 src/windows/main_menu.c.28.o
                0x00000000000019a0                open_playlist_list
 .text.open_album_list
                0x00000000000019b0       0x10 src/windows/main_menu.c.28.o
                0x00000000000019b0                open_album_list
 .text.open_artist_list
                0x00000000000019c0       0x10 src/windows/main_menu.c.28.o
                0x00000000000019c0                open_artist_list
 .text.open_now_playing
                0x00000000000019d0        0x4 src/windows/main_menu.c.28.o
                0x00000000000019d0                open_now_playing
 .text.menu_selection_changed
                0x00000000000019d4       0x2c src/windows/main_menu.c.28.o
                0x00000000000019d4                menu_selection_changed
 .text.main_menu_destroy_warning
                0x0000000000001a00        0x8 src/windows/main_menu.c.28.o
                0x0000000000001a00                main_menu_destroy_warning
 .text.main_menu_send_now_playing_request
                0x0000000000001a08        0x6 src/windows/main_menu.c.28.o
                0x0000000000001a08                main_menu_send_now_playing_request
 *fill*         0x0000000000001a0e        0x2 
 .text.menu_draw_row_callback
                0x0000000000001a10       0x70 src/windows/main_menu.c.28.o
                0x0000000000001a10                menu_draw_row_callback
 .text.update_highlight_colours
                0x0000000000001a80       0x58 src/windows/main_menu.c.28.o
                0x0000000000001a80                update_highlight_colours
 .text.main_menu_create
                0x0000000000001ad8      0x19c src/windows/main_menu.c.28.o
                0x0000000000001ad8                main_menu_create
 .text.main_menu_destroy
                0x0000000000001c74       0x4c src/windows/main_menu.c.28.o
                0x0000000000001c74                main_menu_destroy
 .text.message_window_update_proc
                0x0000000000001cc0       0x2a src/windows/message_window.c.28.o
                0x0000000000001cc0                message_window_update_proc
 *fill*         0x0000000000001cea        0x2 
 .text.message_window_update_frames
                0x0000000000001cec       0xbc src/windows/message_window.c.28.o
                0x0000000000001cec                message_window_update_frames
 .text.message_window_create
                0x0000000000001da8       0xc4 src/windows/message_window.c.28.o
                0x0000000000001da8                message_window_create
 .text.message_window_destroy
                0x0000000000001e6c       0x34 src/windows/message_window.c.28.o
                0x0000000000001e6c                message_window_destroy
 .text.message_window_auto_destroy
                0x0000000000001ea0        0x4 src/windows/message_window.c.28.o
                0x0000000000001ea0                message_window_auto_destroy
 .text.message_window_push_on_window
                0x0000000000001ea4       0x68 src/windows/message_window.c.28.o
                0x0000000000001ea4                message_window_push_on_window
 .text.message_window_pop_off_window
                0x0000000000001f0c       0x98 src/windows/message_window.c.28.o
                0x0000000000001f0c                message_window_pop_off_window
 .text.message_window_set_text
                0x0000000000001fa4       0x22 src/windows/message_window.c.28.o
                0x0000000000001fa4                message_window_set_text
 *fill*         0x0000000000001fc6        0x2 
 .text.now_playing_window_unload
                0x0000000000001fc8      0x114 src/windows/now_playing.c.28.o
                0x0000000000001fc8                now_playing_window_unload
 .text.now_playing_click_config_provider
                0x00000000000020dc       0x44 src/windows/now_playing.c.28.o
                0x00000000000020dc                now_playing_click_config_provider
 .text.animate_action_bar
                0x0000000000002120       0x8c src/windows/now_playing.c.28.o
                0x0000000000002120                animate_action_bar
 .text.now_playing_graphics_proc
                0x00000000000021ac       0xc0 src/windows/now_playing.c.28.o
                0x00000000000021ac                now_playing_graphics_proc
 .text.display_no_album
                0x000000000000226c       0x18 src/windows/now_playing.c.28.o
                0x000000000000226c                display_no_album
 .text.now_playing_is_playing_music
                0x0000000000002284        0xe src/windows/now_playing.c.28.o
                0x0000000000002284                now_playing_is_playing_music
 *fill*         0x0000000000002292        0x2 
 .text.now_playing_invert_button_controls
                0x0000000000002294       0xc8 src/windows/now_playing.c.28.o
                0x0000000000002294                now_playing_invert_button_controls
 .text.now_playing_check_for_no_music
                0x000000000000235c       0x54 src/windows/now_playing.c.28.o
                0x000000000000235c                now_playing_check_for_no_music
 .text.now_playing_send_state_change
                0x00000000000023b0       0x26 src/windows/now_playing.c.28.o
                0x00000000000023b0                now_playing_send_state_change
 *fill*         0x00000000000023d6        0x2 
 .text.now_playing_set_album_art
                0x00000000000023d8       0x84 src/windows/now_playing.c.28.o
                0x00000000000023d8                now_playing_set_album_art
 .text.now_playing_tick
                0x000000000000245c       0x58 src/windows/now_playing.c.28.o
                0x000000000000245c                now_playing_tick
 .text.now_playing_animation_tick
                0x00000000000024b4       0x3c src/windows/now_playing.c.28.o
                0x00000000000024b4                now_playing_animation_tick
 .text.now_playing_new_settings
                0x00000000000024f0       0xf8 src/windows/now_playing.c.28.o
                0x00000000000024f0                now_playing_new_settings
 .text.now_playing_action_bar_handle
                0x00000000000025e8       0x98 src/windows/now_playing.c.28.o
                0x00000000000025e8                now_playing_action_bar_handle
 .text.now_playing_long_clicked_select
                0x0000000000002680       0x40 src/windows/now_playing.c.28.o
                0x0000000000002680                now_playing_long_clicked_select
 .text.now_playing_state_callback
                0x00000000000026c0      0x134 src/windows/now_playing.c.28.o
                0x00000000000026c0                now_playing_state_callback
 .text.now_playing_window_load
                0x00000000000027f4      0x364 src/windows/now_playing.c.28.o
                0x00000000000027f4                now_playing_window_load
 .text.now_playing_reset_invert_controls
                0x0000000000002b58       0x40 src/windows/now_playing.c.28.o
                0x0000000000002b58                now_playing_reset_invert_controls
 .text.now_playing_clicked_down
                0x0000000000002b98       0x2c src/windows/now_playing.c.28.o
                0x0000000000002b98                now_playing_clicked_down
 .text.now_playing_clicked_select
                0x0000000000002bc4       0x58 src/windows/now_playing.c.28.o
                0x0000000000002bc4                now_playing_clicked_select
 .text.now_playing_clicked_up
                0x0000000000002c1c       0x2c src/windows/now_playing.c.28.o
                0x0000000000002c1c                now_playing_clicked_up
 .text.now_playing_show
                0x0000000000002c48       0x94 src/windows/now_playing.c.28.o
                0x0000000000002c48                now_playing_show
 .text.app_event_loop
                0x0000000000002cdc        0xc /Users/edwinfinch/Library/Application Support/Pebble SDK/SDKs/current/sdk-core/pebble/aplite/lib/libpebble.a(tmpz2MrsRpebble.o)
                0x0000000000002cdc                app_event_loop
 .text.app_log  0x0000000000002ce8        0xc /Users/edwinfinch/Library/Application Support/Pebble SDK/SDKs/current/sdk-core/pebble/aplite/lib/libpebble.a(tmpz2MrsRpebble.o)
                0x0000000000002ce8                app_log
 .text.app_message_open
                0x0000000000002cf4        0xc /Users/edwinfinch/Library/Application Support/Pebble SDK/SDKs/current/sdk-core/pebble/aplite/lib/libpebble.a(tmpz2MrsRpebble.o)
                0x0000000000002cf4                app_message_open
 .text.app_timer_cancel
                0x0000000000002d00        0xc /Users/edwinfinch/Library/Application Support/Pebble SDK/SDKs/current/sdk-core/pebble/aplite/lib/libpebble.a(tmpz2MrsRpebble.o)
                0x0000000000002d00                app_timer_cancel
 .text.app_timer_register
                0x0000000000002d0c        0xc /Users/edwinfinch/Library/Application Support/Pebble SDK/SDKs/current/sdk-core/pebble/aplite/lib/libpebble.a(tmpz2MrsRpebble.o)
                0x0000000000002d0c                app_timer_register
 .text.bitmap_layer_create
                0x0000000000002d18        0xc /Users/edwinfinch/Library/Application Support/Pebble SDK/SDKs/current/sdk-core/pebble/aplite/lib/libpebble.a(tmpz2MrsRpebble.o)
                0x0000000000002d18                bitmap_layer_create
 .text.bitmap_layer_destroy
                0x0000000000002d24        0xc /Users/edwinfinch/Library/Application Support/Pebble SDK/SDKs/current/sdk-core/pebble/aplite/lib/libpebble.a(tmpz2MrsRpebble.o)
                0x0000000000002d24                bitmap_layer_destroy
 .text.bitmap_layer_get_layer
                0x0000000000002d30        0xc /Users/edwinfinch/Library/Application Support/Pebble SDK/SDKs/current/sdk-core/pebble/aplite/lib/libpebble.a(tmpz2MrsRpebble.o)
                0x0000000000002d30                bitmap_layer_get_layer
 .text.bitmap_layer_set_bitmap
                0x0000000000002d3c        0xc /Users/edwinfinch/Library/Application Support/Pebble SDK/SDKs/current/sdk-core/pebble/aplite/lib/libpebble.a(tmpz2MrsRpebble.o)
                0x0000000000002d3c                bitmap_layer_set_bitmap
 .text.bluetooth_connection_service_peek
                0x0000000000002d48        0xc /Users/edwinfinch/Library/Application Support/Pebble SDK/SDKs/current/sdk-core/pebble/aplite/lib/libpebble.a(tmpz2MrsRpebble.o)
                0x0000000000002d48                bluetooth_connection_service_peek
 .text.dict_find
                0x0000000000002d54        0xc /Users/edwinfinch/Library/Application Support/Pebble SDK/SDKs/current/sdk-core/pebble/aplite/lib/libpebble.a(tmpz2MrsRpebble.o)
                0x0000000000002d54                dict_find
 .text.dict_read_first
                0x0000000000002d60        0xc /Users/edwinfinch/Library/Application Support/Pebble SDK/SDKs/current/sdk-core/pebble/aplite/lib/libpebble.a(tmpz2MrsRpebble.o)
                0x0000000000002d60                dict_read_first
 .text.dict_read_next
                0x0000000000002d6c        0xc /Users/edwinfinch/Library/Application Support/Pebble SDK/SDKs/current/sdk-core/pebble/aplite/lib/libpebble.a(tmpz2MrsRpebble.o)
                0x0000000000002d6c                dict_read_next
 .text.dict_write_data
                0x0000000000002d78        0xc /Users/edwinfinch/Library/Application Support/Pebble SDK/SDKs/current/sdk-core/pebble/aplite/lib/libpebble.a(tmpz2MrsRpebble.o)
                0x0000000000002d78                dict_write_data
 .text.dict_write_int16
                0x0000000000002d84        0xc /Users/edwinfinch/Library/Application Support/Pebble SDK/SDKs/current/sdk-core/pebble/aplite/lib/libpebble.a(tmpz2MrsRpebble.o)
                0x0000000000002d84                dict_write_int16
 .text.dict_write_int32
                0x0000000000002d90        0xc /Users/edwinfinch/Library/Application Support/Pebble SDK/SDKs/current/sdk-core/pebble/aplite/lib/libpebble.a(tmpz2MrsRpebble.o)
                0x0000000000002d90                dict_write_int32
 .text.dict_write_int8
                0x0000000000002d9c        0xc /Users/edwinfinch/Library/Application Support/Pebble SDK/SDKs/current/sdk-core/pebble/aplite/lib/libpebble.a(tmpz2MrsRpebble.o)
                0x0000000000002d9c                dict_write_int8
 .text.dict_write_uint16
                0x0000000000002da8        0xc /Users/edwinfinch/Library/Application Support/Pebble SDK/SDKs/current/sdk-core/pebble/aplite/lib/libpebble.a(tmpz2MrsRpebble.o)
                0x0000000000002da8                dict_write_uint16
 .text.dict_write_uint32
                0x0000000000002db4        0xc /Users/edwinfinch/Library/Application Support/Pebble SDK/SDKs/current/sdk-core/pebble/aplite/lib/libpebble.a(tmpz2MrsRpebble.o)
                0x0000000000002db4                dict_write_uint32
 .text.dict_write_uint8
                0x0000000000002dc0        0xc /Users/edwinfinch/Library/Application Support/Pebble SDK/SDKs/current/sdk-core/pebble/aplite/lib/libpebble.a(tmpz2MrsRpebble.o)
                0x0000000000002dc0                dict_write_uint8
 .text.fonts_get_system_font
                0x0000000000002dcc        0xc /Users/edwinfinch/Library/Application Support/Pebble SDK/SDKs/current/sdk-core/pebble/aplite/lib/libpebble.a(tmpz2MrsRpebble.o)
                0x0000000000002dcc                fonts_get_system_font
 .text.free     0x0000000000002dd8        0xc /Users/edwinfinch/Library/Application Support/Pebble SDK/SDKs/current/sdk-core/pebble/aplite/lib/libpebble.a(tmpz2MrsRpebble.o)
                0x0000000000002dd8                free
 .text.gbitmap_create_with_resource
                0x0000000000002de4        0xc /Users/edwinfinch/Library/Application Support/Pebble SDK/SDKs/current/sdk-core/pebble/aplite/lib/libpebble.a(tmpz2MrsRpebble.o)
                0x0000000000002de4                gbitmap_create_with_resource
 .text.gbitmap_destroy
                0x0000000000002df0        0xc /Users/edwinfinch/Library/Application Support/Pebble SDK/SDKs/current/sdk-core/pebble/aplite/lib/libpebble.a(tmpz2MrsRpebble.o)
                0x0000000000002df0                gbitmap_destroy
 .text.graphics_context_set_compositing_mode
                0x0000000000002dfc        0xc /Users/edwinfinch/Library/Application Support/Pebble SDK/SDKs/current/sdk-core/pebble/aplite/lib/libpebble.a(tmpz2MrsRpebble.o)
                0x0000000000002dfc                graphics_context_set_compositing_mode
 .text.graphics_fill_rect
                0x0000000000002e08        0xc /Users/edwinfinch/Library/Application Support/Pebble SDK/SDKs/current/sdk-core/pebble/aplite/lib/libpebble.a(tmpz2MrsRpebble.o)
                0x0000000000002e08                graphics_fill_rect
 .text.layer_add_child
                0x0000000000002e14        0xc /Users/edwinfinch/Library/Application Support/Pebble SDK/SDKs/current/sdk-core/pebble/aplite/lib/libpebble.a(tmpz2MrsRpebble.o)
                0x0000000000002e14                layer_add_child
 .text.layer_create
                0x0000000000002e20        0xc /Users/edwinfinch/Library/Application Support/Pebble SDK/SDKs/current/sdk-core/pebble/aplite/lib/libpebble.a(tmpz2MrsRpebble.o)
                0x0000000000002e20                layer_create
 .text.layer_create_with_data
                0x0000000000002e2c        0xc /Users/edwinfinch/Library/Application Support/Pebble SDK/SDKs/current/sdk-core/pebble/aplite/lib/libpebble.a(tmpz2MrsRpebble.o)
                0x0000000000002e2c                layer_create_with_data
 .text.layer_destroy
                0x0000000000002e38        0xc /Users/edwinfinch/Library/Application Support/Pebble SDK/SDKs/current/sdk-core/pebble/aplite/lib/libpebble.a(tmpz2MrsRpebble.o)
                0x0000000000002e38                layer_destroy
 .text.layer_get_bounds
                0x0000000000002e44        0xc /Users/edwinfinch/Library/Application Support/Pebble SDK/SDKs/current/sdk-core/pebble/aplite/lib/libpebble.a(tmpz2MrsRpebble.o)
                0x0000000000002e44                layer_get_bounds
 .text.layer_get_data
                0x0000000000002e50        0xc /Users/edwinfinch/Library/Application Support/Pebble SDK/SDKs/current/sdk-core/pebble/aplite/lib/libpebble.a(tmpz2MrsRpebble.o)
                0x0000000000002e50                layer_get_data
 .text.layer_get_frame
                0x0000000000002e5c        0xc /Users/edwinfinch/Library/Application Support/Pebble SDK/SDKs/current/sdk-core/pebble/aplite/lib/libpebble.a(tmpz2MrsRpebble.o)
                0x0000000000002e5c                layer_get_frame
 .text.layer_mark_dirty
                0x0000000000002e68        0xc /Users/edwinfinch/Library/Application Support/Pebble SDK/SDKs/current/sdk-core/pebble/aplite/lib/libpebble.a(tmpz2MrsRpebble.o)
                0x0000000000002e68                layer_mark_dirty
 .text.layer_set_bounds
                0x0000000000002e74        0xc /Users/edwinfinch/Library/Application Support/Pebble SDK/SDKs/current/sdk-core/pebble/aplite/lib/libpebble.a(tmpz2MrsRpebble.o)
                0x0000000000002e74                layer_set_bounds
 .text.layer_set_frame
                0x0000000000002e80        0xc /Users/edwinfinch/Library/Application Support/Pebble SDK/SDKs/current/sdk-core/pebble/aplite/lib/libpebble.a(tmpz2MrsRpebble.o)
                0x0000000000002e80                layer_set_frame
 .text.layer_set_hidden
                0x0000000000002e8c        0xc /Users/edwinfinch/Library/Application Support/Pebble SDK/SDKs/current/sdk-core/pebble/aplite/lib/libpebble.a(tmpz2MrsRpebble.o)
                0x0000000000002e8c                layer_set_hidden
 .text.layer_set_update_proc
                0x0000000000002e98        0xc /Users/edwinfinch/Library/Application Support/Pebble SDK/SDKs/current/sdk-core/pebble/aplite/lib/libpebble.a(tmpz2MrsRpebble.o)
                0x0000000000002e98                layer_set_update_proc
 .text.malloc   0x0000000000002ea4        0xc /Users/edwinfinch/Library/Application Support/Pebble SDK/SDKs/current/sdk-core/pebble/aplite/lib/libpebble.a(tmpz2MrsRpebble.o)
                0x0000000000002ea4                malloc
 .text.memcpy   0x0000000000002eb0        0xc /Users/edwinfinch/Library/Application Support/Pebble SDK/SDKs/current/sdk-core/pebble/aplite/lib/libpebble.a(tmpz2MrsRpebble.o)
                0x0000000000002eb0                memcpy
 .text.memmove  0x0000000000002ebc        0xc /Users/edwinfinch/Library/Application Support/Pebble SDK/SDKs/current/sdk-core/pebble/aplite/lib/libpebble.a(tmpz2MrsRpebble.o)
                0x0000000000002ebc                memmove
 .text.memset   0x0000000000002ec8        0xc /Users/edwinfinch/Library/Application Support/Pebble SDK/SDKs/current/sdk-core/pebble/aplite/lib/libpebble.a(tmpz2MrsRpebble.o)
                0x0000000000002ec8                memset
 .text.menu_cell_basic_draw
                0x0000000000002ed4        0xc /Users/edwinfinch/Library/Application Support/Pebble SDK/SDKs/current/sdk-core/pebble/aplite/lib/libpebble.a(tmpz2MrsRpebble.o)
                0x0000000000002ed4                menu_cell_basic_draw
 .text.menu_layer_destroy
                0x0000000000002ee0        0xc /Users/edwinfinch/Library/Application Support/Pebble SDK/SDKs/current/sdk-core/pebble/aplite/lib/libpebble.a(tmpz2MrsRpebble.o)
                0x0000000000002ee0                menu_layer_destroy
 .text.menu_layer_get_layer
                0x0000000000002eec        0xc /Users/edwinfinch/Library/Application Support/Pebble SDK/SDKs/current/sdk-core/pebble/aplite/lib/libpebble.a(tmpz2MrsRpebble.o)
                0x0000000000002eec                menu_layer_get_layer
 .text.menu_layer_reload_data
                0x0000000000002ef8        0xc /Users/edwinfinch/Library/Application Support/Pebble SDK/SDKs/current/sdk-core/pebble/aplite/lib/libpebble.a(tmpz2MrsRpebble.o)
                0x0000000000002ef8                menu_layer_reload_data
 .text.menu_layer_set_click_config_onto_window
                0x0000000000002f04        0xc /Users/edwinfinch/Library/Application Support/Pebble SDK/SDKs/current/sdk-core/pebble/aplite/lib/libpebble.a(tmpz2MrsRpebble.o)
                0x0000000000002f04                menu_layer_set_click_config_onto_window
 .text.menu_layer_set_selected_index
                0x0000000000002f10        0xc /Users/edwinfinch/Library/Application Support/Pebble SDK/SDKs/current/sdk-core/pebble/aplite/lib/libpebble.a(tmpz2MrsRpebble.o)
                0x0000000000002f10                menu_layer_set_selected_index
 .text.snprintf
                0x0000000000002f1c        0xc /Users/edwinfinch/Library/Application Support/Pebble SDK/SDKs/current/sdk-core/pebble/aplite/lib/libpebble.a(tmpz2MrsRpebble.o)
                0x0000000000002f1c                snprintf
 .text.strcmp   0x0000000000002f28        0xc /Users/edwinfinch/Library/Application Support/Pebble SDK/SDKs/current/sdk-core/pebble/aplite/lib/libpebble.a(tmpz2MrsRpebble.o)
                0x0000000000002f28                strcmp
 .text.strlen   0x0000000000002f34        0xc /Users/edwinfinch/Library/Application Support/Pebble SDK/SDKs/current/sdk-core/pebble/aplite/lib/libpebble.a(tmpz2MrsRpebble.o)
                0x0000000000002f34                strlen
 .text.strncpy  0x0000000000002f40        0xc /Users/edwinfinch/Library/Application Support/Pebble SDK/SDKs/current/sdk-core/pebble/aplite/lib/libpebble.a(tmpz2MrsRpebble.o)
                0x0000000000002f40                strncpy
 .text.tick_timer_service_subscribe
                0x0000000000002f4c        0xc /Users/edwinfinch/Library/Application Support/Pebble SDK/SDKs/current/sdk-core/pebble/aplite/lib/libpebble.a(tmpz2MrsRpebble.o)
                0x0000000000002f4c                tick_timer_service_subscribe
 .text.vibes_double_pulse
                0x0000000000002f58        0xc /Users/edwinfinch/Library/Application Support/Pebble SDK/SDKs/current/sdk-core/pebble/aplite/lib/libpebble.a(tmpz2MrsRpebble.o)
                0x0000000000002f58                vibes_double_pulse
 .text.vibes_enqueue_custom_pattern
                0x0000000000002f64        0xc /Users/edwinfinch/Library/Application Support/Pebble SDK/SDKs/current/sdk-core/pebble/aplite/lib/libpebble.a(tmpz2MrsRpebble.o)
                0x0000000000002f64                vibes_enqueue_custom_pattern
 .text.vibes_long_pulse
                0x0000000000002f70        0xc /Users/edwinfinch/Library/Application Support/Pebble SDK/SDKs/current/sdk-core/pebble/aplite/lib/libpebble.a(tmpz2MrsRpebble.o)
                0x0000000000002f70                vibes_long_pulse
 .text.vibes_short_pulse
                0x0000000000002f7c        0xc /Users/edwinfinch/Library/Application Support/Pebble SDK/SDKs/current/sdk-core/pebble/aplite/lib/libpebble.a(tmpz2MrsRpebble.o)
                0x0000000000002f7c                vibes_short_pulse
 .text.window_create
                0x0000000000002f88        0xc /Users/edwinfinch/Library/Application Support/Pebble SDK/SDKs/current/sdk-core/pebble/aplite/lib/libpebble.a(tmpz2MrsRpebble.o)
                0x0000000000002f88                window_create
 .text.window_destroy
                0x0000000000002f94        0xc /Users/edwinfinch/Library/Application Support/Pebble SDK/SDKs/current/sdk-core/pebble/aplite/lib/libpebble.a(tmpz2MrsRpebble.o)
                0x0000000000002f94                window_destroy
 .text.window_get_root_layer
                0x0000000000002fa0        0xc /Users/edwinfinch/Library/Application Support/Pebble SDK/SDKs/current/sdk-core/pebble/aplite/lib/libpebble.a(tmpz2MrsRpebble.o)
                0x0000000000002fa0                window_get_root_layer
 .text.window_set_window_handlers
                0x0000000000002fac        0xc /Users/edwinfinch/Library/Application Support/Pebble SDK/SDKs/current/sdk-core/pebble/aplite/lib/libpebble.a(tmpz2MrsRpebble.o)
                0x0000000000002fac                window_set_window_handlers
 .text.window_stack_get_top_window
                0x0000000000002fb8        0xc /Users/edwinfinch/Library/Application Support/Pebble SDK/SDKs/current/sdk-core/pebble/aplite/lib/libpebble.a(tmpz2MrsRpebble.o)
                0x0000000000002fb8                window_stack_get_top_window
 .text.window_stack_push
                0x0000000000002fc4        0xc /Users/edwinfinch/Library/Application Support/Pebble SDK/SDKs/current/sdk-core/pebble/aplite/lib/libpebble.a(tmpz2MrsRpebble.o)
                0x0000000000002fc4                window_stack_push
 .text.window_stack_remove
                0x0000000000002fd0        0xc /Users/edwinfinch/Library/Application Support/Pebble SDK/SDKs/current/sdk-core/pebble/aplite/lib/libpebble.a(tmpz2MrsRpebble.o)
                0x0000000000002fd0                window_stack_remove
 .text.app_message_outbox_begin
                0x0000000000002fdc        0xc /Users/edwinfinch/Library/Application Support/Pebble SDK/SDKs/current/sdk-core/pebble/aplite/lib/libpebble.a(tmpz2MrsRpebble.o)
                0x0000000000002fdc                app_message_outbox_begin
 .text.app_message_outbox_send
                0x0000000000002fe8        0xc /Users/edwinfinch/Library/Application Support/Pebble SDK/SDKs/current/sdk-core/pebble/aplite/lib/libpebble.a(tmpz2MrsRpebble.o)
                0x0000000000002fe8                app_message_outbox_send
 .text.app_message_register_inbox_dropped
                0x0000000000002ff4        0xc /Users/edwinfinch/Library/Application Support/Pebble SDK/SDKs/current/sdk-core/pebble/aplite/lib/libpebble.a(tmpz2MrsRpebble.o)
                0x0000000000002ff4                app_message_register_inbox_dropped
 .text.app_message_register_inbox_received
                0x0000000000003000        0xc /Users/edwinfinch/Library/Application Support/Pebble SDK/SDKs/current/sdk-core/pebble/aplite/lib/libpebble.a(tmpz2MrsRpebble.o)
                0x0000000000003000                app_message_register_inbox_received
 .text.app_message_register_outbox_failed
                0x000000000000300c        0xc /Users/edwinfinch/Library/Application Support/Pebble SDK/SDKs/current/sdk-core/pebble/aplite/lib/libpebble.a(tmpz2MrsRpebble.o)
                0x000000000000300c                app_message_register_outbox_failed
 .text.window_long_click_subscribe
                0x0000000000003018        0xc /Users/edwinfinch/Library/Application Support/Pebble SDK/SDKs/current/sdk-core/pebble/aplite/lib/libpebble.a(tmpz2MrsRpebble.o)
                0x0000000000003018                window_long_click_subscribe
 .text.window_single_click_subscribe
                0x0000000000003024        0xc /Users/edwinfinch/Library/Application Support/Pebble SDK/SDKs/current/sdk-core/pebble/aplite/lib/libpebble.a(tmpz2MrsRpebble.o)
                0x0000000000003024                window_single_click_subscribe
 .text.graphics_draw_text
                0x0000000000003030        0xc /Users/edwinfinch/Library/Application Support/Pebble SDK/SDKs/current/sdk-core/pebble/aplite/lib/libpebble.a(tmpz2MrsRpebble.o)
                0x0000000000003030                graphics_draw_text
 .text.persist_read_data
                0x000000000000303c        0xc /Users/edwinfinch/Library/Application Support/Pebble SDK/SDKs/current/sdk-core/pebble/aplite/lib/libpebble.a(tmpz2MrsRpebble.o)
                0x000000000000303c                persist_read_data
 .text.persist_write_data
                0x0000000000003048        0xc /Users/edwinfinch/Library/Application Support/Pebble SDK/SDKs/current/sdk-core/pebble/aplite/lib/libpebble.a(tmpz2MrsRpebble.o)
                0x0000000000003048                persist_write_data
 .text.graphics_text_layout_get_content_size
                0x0000000000003054        0xc /Users/edwinfinch/Library/Application Support/Pebble SDK/SDKs/current/sdk-core/pebble/aplite/lib/libpebble.a(tmpz2MrsRpebble.o)
                0x0000000000003054                graphics_text_layout_get_content_size
 .text.bitmap_layer_get_bitmap
                0x0000000000003060        0xc /Users/edwinfinch/Library/Application Support/Pebble SDK/SDKs/current/sdk-core/pebble/aplite/lib/libpebble.a(tmpz2MrsRpebble.o)
                0x0000000000003060                bitmap_layer_get_bitmap
 .text.heap_bytes_free
                0x000000000000306c        0xc /Users/edwinfinch/Library/Application Support/Pebble SDK/SDKs/current/sdk-core/pebble/aplite/lib/libpebble.a(tmpz2MrsRpebble.o)
                0x000000000000306c                heap_bytes_free
 .text.watch_info_get_model
                0x0000000000003078        0xc /Users/edwinfinch/Library/Application Support/Pebble SDK/SDKs/current/sdk-core/pebble/aplite/lib/libpebble.a(tmpz2MrsRpebble.o)
                0x0000000000003078                watch_info_get_model
 .text.graphics_context_set_fill_color
                0x0000000000003084        0xc /Users/edwinfinch/Library/Application Support/Pebble SDK/SDKs/current/sdk-core/pebble/aplite/lib/libpebble.a(tmpz2MrsRpebble.o)
                0x0000000000003084                graphics_context_set_fill_color
 .text.graphics_context_set_text_color
                0x0000000000003090        0xc /Users/edwinfinch/Library/Application Support/Pebble SDK/SDKs/current/sdk-core/pebble/aplite/lib/libpebble.a(tmpz2MrsRpebble.o)
                0x0000000000003090                graphics_context_set_text_color
 .text.window_set_background_color
                0x000000000000309c        0xc /Users/edwinfinch/Library/Application Support/Pebble SDK/SDKs/current/sdk-core/pebble/aplite/lib/libpebble.a(tmpz2MrsRpebble.o)
                0x000000000000309c                window_set_background_color
 .text.animation_schedule
                0x00000000000030a8        0xc /Users/edwinfinch/Library/Application Support/Pebble SDK/SDKs/current/sdk-core/pebble/aplite/lib/libpebble.a(tmpz2MrsRpebble.o)
                0x00000000000030a8                animation_schedule
 .text.animation_set_delay
                0x00000000000030b4        0xc /Users/edwinfinch/Library/Application Support/Pebble SDK/SDKs/current/sdk-core/pebble/aplite/lib/libpebble.a(tmpz2MrsRpebble.o)
                0x00000000000030b4                animation_set_delay
 .text.animation_set_duration
                0x00000000000030c0        0xc /Users/edwinfinch/Library/Application Support/Pebble SDK/SDKs/current/sdk-core/pebble/aplite/lib/libpebble.a(tmpz2MrsRpebble.o)
                0x00000000000030c0                animation_set_duration
 .text.animation_set_handlers
                0x00000000000030cc        0xc /Users/edwinfinch/Library/Application Support/Pebble SDK/SDKs/current/sdk-core/pebble/aplite/lib/libpebble.a(tmpz2MrsRpebble.o)
                0x00000000000030cc                animation_set_handlers
 .text.property_animation_create_layer_frame
                0x00000000000030d8        0xc /Users/edwinfinch/Library/Application Support/Pebble SDK/SDKs/current/sdk-core/pebble/aplite/lib/libpebble.a(tmpz2MrsRpebble.o)
                0x00000000000030d8                property_animation_create_layer_frame
 .text.property_animation_destroy
                0x00000000000030e4        0xc /Users/edwinfinch/Library/Application Support/Pebble SDK/SDKs/current/sdk-core/pebble/aplite/lib/libpebble.a(tmpz2MrsRpebble.o)
                0x00000000000030e4                property_animation_destroy
 .text.property_animation_get_animation
                0x00000000000030f0        0xc /Users/edwinfinch/Library/Application Support/Pebble SDK/SDKs/current/sdk-core/pebble/aplite/lib/libpebble.a(tmpz2MrsRpebble.o)
                0x00000000000030f0                property_animation_get_animation
 .text.gbitmap_get_bounds
                0x00000000000030fc        0xc /Users/edwinfinch/Library/Application Support/Pebble SDK/SDKs/current/sdk-core/pebble/aplite/lib/libpebble.a(tmpz2MrsRpebble.o)
                0x00000000000030fc                gbitmap_get_bounds
 .text.gbitmap_create_from_png_data
                0x0000000000003108        0xc /Users/edwinfinch/Library/Application Support/Pebble SDK/SDKs/current/sdk-core/pebble/aplite/lib/libpebble.a(tmpz2MrsRpebble.o)
                0x0000000000003108                gbitmap_create_from_png_data
 .text.menu_layer_create
                0x0000000000003114        0xc /Users/edwinfinch/Library/Application Support/Pebble SDK/SDKs/current/sdk-core/pebble/aplite/lib/libpebble.a(tmpz2MrsRpebble.o)
                0x0000000000003114                menu_layer_create
 .text.action_bar_layer_add_to_window
                0x0000000000003120        0xc /Users/edwinfinch/Library/Application Support/Pebble SDK/SDKs/current/sdk-core/pebble/aplite/lib/libpebble.a(tmpz2MrsRpebble.o)
                0x0000000000003120                action_bar_layer_add_to_window
 .text.action_bar_layer_create
                0x000000000000312c        0xc /Users/edwinfinch/Library/Application Support/Pebble SDK/SDKs/current/sdk-core/pebble/aplite/lib/libpebble.a(tmpz2MrsRpebble.o)
                0x000000000000312c                action_bar_layer_create
 .text.action_bar_layer_destroy
                0x0000000000003138        0xc /Users/edwinfinch/Library/Application Support/Pebble SDK/SDKs/current/sdk-core/pebble/aplite/lib/libpebble.a(tmpz2MrsRpebble.o)
                0x0000000000003138                action_bar_layer_destroy
 .text.action_bar_layer_get_layer
                0x0000000000003144        0xc /Users/edwinfinch/Library/Application Support/Pebble SDK/SDKs/current/sdk-core/pebble/aplite/lib/libpebble.a(tmpz2MrsRpebble.o)
                0x0000000000003144                action_bar_layer_get_layer
 .text.action_bar_layer_set_click_config_provider
                0x0000000000003150        0xc /Users/edwinfinch/Library/Application Support/Pebble SDK/SDKs/current/sdk-core/pebble/aplite/lib/libpebble.a(tmpz2MrsRpebble.o)
                0x0000000000003150                action_bar_layer_set_click_config_provider
 .text.action_bar_layer_set_icon_animated
                0x000000000000315c        0xc /Users/edwinfinch/Library/Application Support/Pebble SDK/SDKs/current/sdk-core/pebble/aplite/lib/libpebble.a(tmpz2MrsRpebble.o)
                0x000000000000315c                action_bar_layer_set_icon_animated
 .text.menu_cell_layer_is_highlighted
                0x0000000000003168        0xc /Users/edwinfinch/Library/Application Support/Pebble SDK/SDKs/current/sdk-core/pebble/aplite/lib/libpebble.a(tmpz2MrsRpebble.o)
                0x0000000000003168                menu_cell_layer_is_highlighted
 .text.text_layer_create
                0x0000000000003174        0xc /Users/edwinfinch/Library/Application Support/Pebble SDK/SDKs/current/sdk-core/pebble/aplite/lib/libpebble.a(tmpz2MrsRpebble.o)
                0x0000000000003174                text_layer_create
 .text.text_layer_destroy
                0x0000000000003180        0xc /Users/edwinfinch/Library/Application Support/Pebble SDK/SDKs/current/sdk-core/pebble/aplite/lib/libpebble.a(tmpz2MrsRpebble.o)
                0x0000000000003180                text_layer_destroy
 .text.text_layer_get_layer
                0x000000000000318c        0xc /Users/edwinfinch/Library/Application Support/Pebble SDK/SDKs/current/sdk-core/pebble/aplite/lib/libpebble.a(tmpz2MrsRpebble.o)
                0x000000000000318c                text_layer_get_layer
 .text.text_layer_set_background_color
                0x0000000000003198        0xc /Users/edwinfinch/Library/Application Support/Pebble SDK/SDKs/current/sdk-core/pebble/aplite/lib/libpebble.a(tmpz2MrsRpebble.o)
                0x0000000000003198                text_layer_set_background_color
 .text.text_layer_set_font
                0x00000000000031a4        0xc /Users/edwinfinch/Library/Application Support/Pebble SDK/SDKs/current/sdk-core/pebble/aplite/lib/libpebble.a(tmpz2MrsRpebble.o)
                0x00000000000031a4                text_layer_set_font
 .text.text_layer_set_text
                0x00000000000031b0        0xc /Users/edwinfinch/Library/Application Support/Pebble SDK/SDKs/current/sdk-core/pebble/aplite/lib/libpebble.a(tmpz2MrsRpebble.o)
                0x00000000000031b0                text_layer_set_text
 .text.text_layer_set_text_alignment
                0x00000000000031bc        0xc /Users/edwinfinch/Library/Application Support/Pebble SDK/SDKs/current/sdk-core/pebble/aplite/lib/libpebble.a(tmpz2MrsRpebble.o)
                0x00000000000031bc                text_layer_set_text_alignment
 .text.text_layer_set_text_color
                0x00000000000031c8        0xc /Users/edwinfinch/Library/Application Support/Pebble SDK/SDKs/current/sdk-core/pebble/aplite/lib/libpebble.a(tmpz2MrsRpebble.o)
                0x00000000000031c8                text_layer_set_text_color
 .text.menu_layer_set_highlight_colors
                0x00000000000031d4        0xc /Users/edwinfinch/Library/Application Support/Pebble SDK/SDKs/current/sdk-core/pebble/aplite/lib/libpebble.a(tmpz2MrsRpebble.o)
                0x00000000000031d4                menu_layer_set_highlight_colors
 .text.menu_layer_set_normal_colors
                0x00000000000031e0        0xc /Users/edwinfinch/Library/Application Support/Pebble SDK/SDKs/current/sdk-core/pebble/aplite/lib/libpebble.a(tmpz2MrsRpebble.o)
                0x00000000000031e0                menu_layer_set_normal_colors
 .text.menu_layer_set_callbacks
                0x00000000000031ec        0xc /Users/edwinfinch/Library/Application Support/Pebble SDK/SDKs/current/sdk-core/pebble/aplite/lib/libpebble.a(tmpz2MrsRpebble.o)
                0x00000000000031ec                menu_layer_set_callbacks
 .text.connection_service_subscribe
                0x00000000000031f8        0xc /Users/edwinfinch/Library/Application Support/Pebble SDK/SDKs/current/sdk-core/pebble/aplite/lib/libpebble.a(tmpz2MrsRpebble.o)
                0x00000000000031f8                connection_service_subscribe
 .text.graphics_text_layout_get_content_size_with_attributes
                0x0000000000003204        0xc /Users/edwinfinch/Library/Application Support/Pebble SDK/SDKs/current/sdk-core/pebble/aplite/lib/libpebble.a(tmpz2MrsRpebble.o)
                0x0000000000003204                graphics_text_layout_get_content_size_with_attributes
 *(.rodata)
 .rodata        0x0000000000003210        0x8 src/windows/library_menus.c.28.o
 .rodata        0x0000000000003218        0x8 src/windows/main_menu.c.28.o
 .rodata        0x0000000000003220        0x8 src/windows/message_window.c.28.o
 .rodata        0x0000000000003228       0x20 src/windows/now_playing.c.28.o
 *(.rodata*)
 .rodata.str1.1
                0x0000000000003248       0xeb src/ipod.c.28.o
 .rodata.str1.1
                0x0000000000003333      0x212 src/ipod_state.c.28.o
 .rodata.str1.1
                0x0000000000003545       0x1a src/layers/marquee_text.c.28.o
 .rodata.str1.1
                0x000000000000355f       0x60 src/settings.c.28.o
 .rodata.str1.1
                0x00000000000035bf      0x166 src/windows/library_menus.c.28.o
                                        0x167 (size before relaxing)
 .rodata.str1.1
                0x0000000000003725       0xdc src/windows/main_menu.c.28.o
                                         0xdd (size before relaxing)
 .rodata.str1.1
                0x0000000000003801       0x4d src/windows/message_window.c.28.o
 *fill*         0x000000000000384e        0x2 
 .rodata.segments.7736
                0x0000000000003850        0x8 src/windows/now_playing.c.28.o
 .rodata.str1.1
                0x0000000000003858       0xcb src/windows/now_playing.c.28.o

.glue_7         0x0000000000003924        0x0
 .glue_7        0x0000000000000000        0x0 linker stubs

.glue_7t        0x0000000000003924        0x0
 .glue_7t       0x0000000000000000        0x0 linker stubs

.vfp11_veneer   0x0000000000003924        0x0
 .vfp11_veneer  0x0000000000000000        0x0 linker stubs

.v4_bx          0x0000000000003924        0x0
 .v4_bx         0x0000000000000000        0x0 linker stubs

.iplt           0x0000000000003924        0x0
 .iplt          0x0000000000000000        0x0 /usr/local/Cellar/pebble-toolchain/2.0/arm-cs-tools/bin/../lib/gcc/arm-none-eabi/4.7.2/thumb2/crtbegin.o

.rel.dyn        0x0000000000003924        0x0
 .rel.iplt      0x0000000000000000        0x0 /usr/local/Cellar/pebble-toolchain/2.0/arm-cs-tools/bin/../lib/gcc/arm-none-eabi/4.7.2/thumb2/crtbegin.o
 .rel.got       0x0000000000000000        0x0 /usr/local/Cellar/pebble-toolchain/2.0/arm-cs-tools/bin/../lib/gcc/arm-none-eabi/4.7.2/thumb2/crtbegin.o

.data           0x0000000000003924       0x4d
 *(.data)
 .data          0x0000000000003924        0x0 /usr/local/Cellar/pebble-toolchain/2.0/arm-cs-tools/bin/../lib/gcc/arm-none-eabi/4.7.2/thumb2/crti.o
 .data          0x0000000000003924        0x4 /usr/local/Cellar/pebble-toolchain/2.0/arm-cs-tools/bin/../lib/gcc/arm-none-eabi/4.7.2/thumb2/crtbegin.o
                0x0000000000003924                __dso_handle
 .data          0x0000000000003928        0x0 src/common.c.28.o
 .data          0x0000000000003928        0x0 src/gbitmap.c.28.o
 .data          0x0000000000003928        0x8 src/ipod.c.28.o
 .data          0x0000000000003930        0x0 src/ipod_state.c.28.o
 .data          0x0000000000003930        0x0 src/layers/marquee_text.c.28.o
 .data          0x0000000000003930        0x0 src/layers/progress_bar.c.28.o
 .data          0x0000000000003930        0x0 src/settings.c.28.o
 .data          0x0000000000003930        0x0 src/windows/library_menus.c.28.o
 .data          0x0000000000003930        0x0 src/windows/main_menu.c.28.o
 .data          0x0000000000003930        0x0 src/windows/message_window.c.28.o
 .data          0x0000000000003930        0x8 src/windows/now_playing.c.28.o
 .data          0x0000000000003938        0x0 aplite/appinfo.auto.c.28.o
 .data          0x0000000000003938        0x0 aplite/src/resource_ids.auto.c.28.o
 .data          0x0000000000003938        0x0 /Users/edwinfinch/Library/Application Support/Pebble SDK/SDKs/current/sdk-core/pebble/aplite/lib/libpebble.a(tmpz2MrsRpebble.o)
 .data          0x0000000000003938        0x0 /usr/local/Cellar/pebble-toolchain/2.0/arm-cs-tools/bin/../lib/gcc/arm-none-eabi/4.7.2/thumb2/crtend.o
 .data          0x0000000000003938        0x0 /usr/local/Cellar/pebble-toolchain/2.0/arm-cs-tools/bin/../lib/gcc/arm-none-eabi/4.7.2/thumb2/crtn.o
 *(.data.*)
 .data.s_sequence_number
                0x0000000000003938        0x4 src/common.c.28.o
 .data.first_call
                0x000000000000393c        0x1 src/ipod_state.c.28.o
                0x000000000000393c                first_call
 *fill*         0x000000000000393d        0x3 
 .data.rel.ro.local.titles.7706
                0x0000000000003940       0x18 src/windows/main_menu.c.28.o
 .data.rel.ro.callbacks.7707
                0x0000000000003958       0x18 src/windows/main_menu.c.28.o
 .data.now_playing_action_bar_is_showing
                0x0000000000003970        0x1 src/windows/now_playing.c.28.o
                0x0000000000003970                now_playing_action_bar_is_showing

.igot.plt       0x0000000000003974        0x0
 .igot.plt      0x0000000000000000        0x0 /usr/local/Cellar/pebble-toolchain/2.0/arm-cs-tools/bin/../lib/gcc/arm-none-eabi/4.7.2/thumb2/crtbegin.o

.got            0x0000000000003974       0x90
 .got           0x0000000000003974       0x90 /usr/local/Cellar/pebble-toolchain/2.0/arm-cs-tools/bin/../lib/gcc/arm-none-eabi/4.7.2/thumb2/crtbegin.o

.got.plt        0x0000000000003a04        0xc
 .got.plt       0x0000000000003a04        0xc /usr/local/Cellar/pebble-toolchain/2.0/arm-cs-tools/bin/../lib/gcc/arm-none-eabi/4.7.2/thumb2/crtbegin.o
                0x0000000000003a04                _GLOBAL_OFFSET_TABLE_

.bss            0x0000000000003a10      0x2f8
 *(.bss)
 *(.bss.*)
 .bss.outbox_buffer.7658
                0x0000000000003a10       0x41 src/ipod.c.28.o
 .bss.s_artist  0x0000000000003a51       0x64 src/ipod_state.c.28.o
 .bss.s_title   0x0000000000003ab5       0x64 src/ipod_state.c.28.o
 *fill*         0x0000000000003b19        0x3 
 .bss.now_playing_album_art_size
                0x0000000000003b1c        0xc src/ipod_state.c.28.o
 .bss.header_icon_album_art_size
                0x0000000000003b28        0x4 src/ipod_state.c.28.o
 .bss.s_album   0x0000000000003b2c       0x64 src/ipod_state.c.28.o
 .bss.library_icon_album_art_data
                0x0000000000003b90        0x4 src/ipod_state.c.28.o
 .bss.album_art_data
                0x0000000000003b94        0xc src/ipod_state.c.28.o
 .bss.head      0x0000000000003ba0        0x4 src/layers/marquee_text.c.28.o
 .bss.main_menu_layer
                0x0000000000003ba4        0x4 src/windows/main_menu.c.28.o
                0x0000000000003ba4                main_menu_layer
 .bss.previous_play_status
                0x0000000000003ba8        0x1 src/windows/now_playing.c.28.o
                0x0000000000003ba8                previous_play_status
 *fill*         0x0000000000003ba9        0x3 
 .bss.icon_fast_forward
                0x0000000000003bac        0x4 src/windows/now_playing.c.28.o
 .bss.action_bar_hidden
                0x0000000000003bb0        0x2 src/windows/now_playing.c.28.o
                0x0000000000003bb0                action_bar_hidden
 .bss.is_shown  0x0000000000003bb2        0x1 src/windows/now_playing.c.28.o
 *fill*         0x0000000000003bb3        0x1 
 .bss.icon_play
                0x0000000000003bb4        0x4 src/windows/now_playing.c.28.o
 .bss.icon_pause
                0x0000000000003bb8        0x4 src/windows/now_playing.c.28.o
 .bss.controlling_volume
                0x0000000000003bbc        0x1 src/windows/now_playing.c.28.o
 *fill*         0x0000000000003bbd        0x3 
 .bss.icon_more
                0x0000000000003bc0        0x4 src/windows/now_playing.c.28.o
 .bss.icon_volume_up
                0x0000000000003bc4        0x4 src/windows/now_playing.c.28.o
 .bss.action_bar_showing
                0x0000000000003bc8        0x2 src/windows/now_playing.c.28.o
                0x0000000000003bc8                action_bar_showing
 *fill*         0x0000000000003bca        0x2 
 .bss.icon_rewind
                0x0000000000003bcc        0x4 src/windows/now_playing.c.28.o
 .bss.icon_volume_down
                0x0000000000003bd0        0x4 src/windows/now_playing.c.28.o
 .bss.action_bar_timer_registered
                0x0000000000003bd4        0x1 src/windows/now_playing.c.28.o
                0x0000000000003bd4                action_bar_timer_registered
 .bss.current_jump.7685
                0x0000000000003bd5        0x1 src/windows/now_playing.c.28.o
 .bss.pebble_controls_pushed_select
                0x0000000000003bd6        0x1 src/windows/now_playing.c.28.o
                0x0000000000003bd6                pebble_controls_pushed_select
 *fill*         0x0000000000003bd7        0x1 
 COMMON         0x0000000000003bd8        0x4 src/ipod.c.28.o
                0x0000000000003bd8                window
 COMMON         0x0000000000003bdc       0x25 src/ipod_state.c.28.o
                0x0000000000003bdc                ipod_state_callback
                0x0000000000003be0                library_icon_album_art_bitmap
                0x0000000000003be4                s_shuffle_mode
                0x0000000000003be8                s_current_time
                0x0000000000003bec                current_type
                0x0000000000003bed                s_repeat_mode
                0x0000000000003bf0                album_art_bitmap
                0x0000000000003bfc                s_duration
                0x0000000000003c00                s_playback_state
 *fill*         0x0000000000003c01        0x3 
 COMMON         0x0000000000003c04        0x7 src/settings.c.28.o
                0x0000000000003c04                current_callback
                0x0000000000003c08                current_settings
 *fill*         0x0000000000003c0b        0x1 
 COMMON         0x0000000000003c0c       0x14 src/windows/library_menus.c.28.o
                0x0000000000003c0c                menu_stack_count
                0x0000000000003c10                menu_stack
 COMMON         0x0000000000003c20       0x98 src/windows/main_menu.c.28.o
                0x0000000000003c20                main_menu_window
                0x0000000000003c24                main_menu_items
                0x0000000000003c84                main_menu_icons
                0x0000000000003c9c                highlight_index
                0x0000000000003ca0                main_menu_icons_inverted
 COMMON         0x0000000000003cb8       0x50 src/windows/now_playing.c.28.o
                0x0000000000003cb8                now_playing_timer
                0x0000000000003cbc                artist_font
                0x0000000000003cc0                now_playing_window
                0x0000000000003cc4                background_colour
                0x0000000000003cc5                now_playing_settings
                0x0000000000003cc8                now_playing_progress_bar
                0x0000000000003ccc                now_playing_artist_layer
                0x0000000000003cd0                now_playing_album_art_layer
                0x0000000000003cdc                now_playing_title_layer
                0x0000000000003ce0                action_bar_timer
                0x0000000000003ce4                no_album_art_bitmap
                0x0000000000003ce8                artist_frame
                0x0000000000003cf0                control_action_bar
                0x0000000000003cf4                now_playing_graphics_layer
                0x0000000000003cf8                invert_controls_timer
                0x0000000000003cfc                now_playing_album_art_bitmap

DISCARD
 libc.a(*)
 libm.a(*)
 libgcc.a(*)
 *(.eh_frame)
OUTPUT(/Users/edwinfinch/Desktop/Lignite Music/music-pebble/build/aplite/pebble-app.elf elf32-littlearm)

.ARM.attributes
                0x0000000000000000       0x27
 .ARM.attributes
                0x0000000000000000       0x19 /usr/local/Cellar/pebble-toolchain/2.0/arm-cs-tools/bin/../lib/gcc/arm-none-eabi/4.7.2/thumb2/crti.o
 .ARM.attributes
                0x0000000000000019       0x29 /usr/local/Cellar/pebble-toolchain/2.0/arm-cs-tools/bin/../lib/gcc/arm-none-eabi/4.7.2/thumb2/crtbegin.o
 .ARM.attributes
                0x0000000000000042       0x33 src/common.c.28.o
 .ARM.attributes
                0x0000000000000075       0x33 src/gbitmap.c.28.o
 .ARM.attributes
                0x00000000000000a8       0x33 src/ipod.c.28.o
 .ARM.attributes
                0x00000000000000db       0x33 src/ipod_state.c.28.o
 .ARM.attributes
                0x000000000000010e       0x33 src/layers/marquee_text.c.28.o
 .ARM.attributes
                0x0000000000000141       0x33 src/layers/progress_bar.c.28.o
 .ARM.attributes
                0x0000000000000174       0x33 src/settings.c.28.o
 .ARM.attributes
                0x00000000000001a7       0x33 src/windows/library_menus.c.28.o
 .ARM.attributes
                0x00000000000001da       0x33 src/windows/main_menu.c.28.o
 .ARM.attributes
                0x000000000000020d       0x33 src/windows/message_window.c.28.o
 .ARM.attributes
                0x0000000000000240       0x33 src/windows/now_playing.c.28.o
 .ARM.attributes
                0x0000000000000273       0x33 aplite/appinfo.auto.c.28.o
 .ARM.attributes
                0x00000000000002a6       0x33 aplite/src/resource_ids.auto.c.28.o
 .ARM.attributes
                0x00000000000002d9       0x21 /Users/edwinfinch/Library/Application Support/Pebble SDK/SDKs/current/sdk-core/pebble/aplite/lib/libpebble.a(tmpz2MrsRpebble.o)
 .ARM.attributes
                0x00000000000002fa       0x29 /usr/local/Cellar/pebble-toolchain/2.0/arm-cs-tools/bin/../lib/gcc/arm-none-eabi/4.7.2/thumb2/crtend.o
 .ARM.attributes
                0x0000000000000323       0x19 /usr/local/Cellar/pebble-toolchain/2.0/arm-cs-tools/bin/../lib/gcc/arm-none-eabi/4.7.2/thumb2/crtn.o

.comment        0x0000000000000000       0x4e
 .comment       0x0000000000000000       0x4e /usr/local/Cellar/pebble-toolchain/2.0/arm-cs-tools/bin/../lib/gcc/arm-none-eabi/4.7.2/thumb2/crtbegin.o
                                         0x4f (size before relaxing)
 .comment       0x0000000000000000       0x4f src/common.c.28.o
 .comment       0x0000000000000000       0x4f src/gbitmap.c.28.o
 .comment       0x0000000000000000       0x4f src/ipod.c.28.o
 .comment       0x0000000000000000       0x4f src/ipod_state.c.28.o
 .comment       0x0000000000000000       0x4f src/layers/marquee_text.c.28.o
 .comment       0x0000000000000000       0x4f src/layers/progress_bar.c.28.o
 .comment       0x0000000000000000       0x4f src/settings.c.28.o
 .comment       0x0000000000000000       0x4f src/windows/library_menus.c.28.o
 .comment       0x0000000000000000       0x4f src/windows/main_menu.c.28.o
 .comment       0x0000000000000000       0x4f src/windows/message_window.c.28.o
 .comment       0x0000000000000000       0x4f src/windows/now_playing.c.28.o
 .comment       0x0000000000000000       0x4f aplite/appinfo.auto.c.28.o
 .comment       0x0000000000000000       0x4f aplite/src/resource_ids.auto.c.28.o
 .comment       0x0000000000000000       0x4f /usr/local/Cellar/pebble-toolchain/2.0/arm-cs-tools/bin/../lib/gcc/arm-none-eabi/4.7.2/thumb2/crtend.o

.debug_info     0x0000000000000000     0xa499
 .debug_info    0x0000000000000000      0x9f5 src/common.c.28.o
 .debug_info    0x00000000000009f5       0x79 src/gbitmap.c.28.o
 .debug_info    0x0000000000000a6e      0xcce src/ipod.c.28.o
 .debug_info    0x000000000000173c     0x1664 src/ipod_state.c.28.o
 .debug_info    0x0000000000002da0      0x9cc src/layers/marquee_text.c.28.o
 .debug_info    0x000000000000376c      0x66d src/layers/progress_bar.c.28.o
 .debug_info    0x0000000000003dd9      0x32e src/settings.c.28.o
 .debug_info    0x0000000000004107     0x1c4d src/windows/library_menus.c.28.o
 .debug_info    0x0000000000005d54     0x11e8 src/windows/main_menu.c.28.o
 .debug_info    0x0000000000006f3c      0xe55 src/windows/message_window.c.28.o
 .debug_info    0x0000000000007d91     0x22a5 src/windows/now_playing.c.28.o
 .debug_info    0x000000000000a036      0x2e6 aplite/appinfo.auto.c.28.o
 .debug_info    0x000000000000a31c      0x17d aplite/src/resource_ids.auto.c.28.o

.debug_abbrev   0x0000000000000000     0x20bd
 .debug_abbrev  0x0000000000000000      0x290 src/common.c.28.o
 .debug_abbrev  0x0000000000000290       0x26 src/gbitmap.c.28.o
 .debug_abbrev  0x00000000000002b6      0x2c6 src/ipod.c.28.o
 .debug_abbrev  0x000000000000057c      0x3ff src/ipod_state.c.28.o
 .debug_abbrev  0x000000000000097b      0x2be src/layers/marquee_text.c.28.o
 .debug_abbrev  0x0000000000000c39      0x2a4 src/layers/progress_bar.c.28.o
 .debug_abbrev  0x0000000000000edd      0x1b1 src/settings.c.28.o
 .debug_abbrev  0x000000000000108e      0x482 src/windows/library_menus.c.28.o
 .debug_abbrev  0x0000000000001510      0x34f src/windows/main_menu.c.28.o
 .debug_abbrev  0x000000000000185f      0x277 src/windows/message_window.c.28.o
 .debug_abbrev  0x0000000000001ad6      0x51b src/windows/now_playing.c.28.o
 .debug_abbrev  0x0000000000001ff1       0x88 aplite/appinfo.auto.c.28.o
 .debug_abbrev  0x0000000000002079       0x44 aplite/src/resource_ids.auto.c.28.o

.debug_loc      0x0000000000000000     0x2c2e
 .debug_loc     0x0000000000000000      0x1e0 src/common.c.28.o
 .debug_loc     0x00000000000001e0      0x268 src/ipod.c.28.o
 .debug_loc     0x0000000000000448      0x6dc src/ipod_state.c.28.o
 .debug_loc     0x0000000000000b24      0x2b5 src/layers/marquee_text.c.28.o
 .debug_loc     0x0000000000000dd9      0x22a src/layers/progress_bar.c.28.o
 .debug_loc     0x0000000000001003       0xbc src/settings.c.28.o
 .debug_loc     0x00000000000010bf      0xc39 src/windows/library_menus.c.28.o
 .debug_loc     0x0000000000001cf8      0x463 src/windows/main_menu.c.28.o
 .debug_loc     0x000000000000215b      0x3db src/windows/message_window.c.28.o
 .debug_loc     0x0000000000002536      0x6f8 src/windows/now_playing.c.28.o

.debug_aranges  0x0000000000000000      0x510
 .debug_aranges
                0x0000000000000000       0x48 src/common.c.28.o
 .debug_aranges
                0x0000000000000048       0x18 src/gbitmap.c.28.o
 .debug_aranges
                0x0000000000000060       0x60 src/ipod.c.28.o
 .debug_aranges
                0x00000000000000c0       0xc0 src/ipod_state.c.28.o
 .debug_aranges
                0x0000000000000180       0x68 src/layers/marquee_text.c.28.o
 .debug_aranges
                0x00000000000001e8       0x48 src/layers/progress_bar.c.28.o
 .debug_aranges
                0x0000000000000230       0x48 src/settings.c.28.o
 .debug_aranges
                0x0000000000000278       0x98 src/windows/library_menus.c.28.o
 .debug_aranges
                0x0000000000000310       0xa0 src/windows/main_menu.c.28.o
 .debug_aranges
                0x00000000000003b0       0x60 src/windows/message_window.c.28.o
 .debug_aranges
                0x0000000000000410       0xd0 src/windows/now_playing.c.28.o
 .debug_aranges
                0x00000000000004e0       0x18 aplite/appinfo.auto.c.28.o
 .debug_aranges
                0x00000000000004f8       0x18 aplite/src/resource_ids.auto.c.28.o

.debug_ranges   0x0000000000000000      0x6e0
 .debug_ranges  0x0000000000000000       0x38 src/common.c.28.o
 .debug_ranges  0x0000000000000038       0x50 src/ipod.c.28.o
 .debug_ranges  0x0000000000000088      0x1d0 src/ipod_state.c.28.o
 .debug_ranges  0x0000000000000258       0x58 src/layers/marquee_text.c.28.o
 .debug_ranges  0x00000000000002b0       0x38 src/layers/progress_bar.c.28.o
 .debug_ranges  0x00000000000002e8       0x38 src/settings.c.28.o
 .debug_ranges  0x0000000000000320      0x128 src/windows/library_menus.c.28.o
 .debug_ranges  0x0000000000000448       0xc8 src/windows/main_menu.c.28.o
 .debug_ranges  0x0000000000000510       0x50 src/windows/message_window.c.28.o
 .debug_ranges  0x0000000000000560      0x180 src/windows/now_playing.c.28.o

.debug_line     0x0000000000000000     0x2889
 .debug_line    0x0000000000000000      0x25c src/common.c.28.o
 .debug_line    0x000000000000025c       0x1d src/gbitmap.c.28.o
 .debug_line    0x0000000000000279      0x38c src/ipod.c.28.o
 .debug_line    0x0000000000000605      0x510 src/ipod_state.c.28.o
 .debug_line    0x0000000000000b15      0x312 src/layers/marquee_text.c.28.o
 .debug_line    0x0000000000000e27      0x286 src/layers/progress_bar.c.28.o
 .debug_line    0x00000000000010ad      0x25c src/settings.c.28.o
 .debug_line    0x0000000000001309      0x5b2 src/windows/library_menus.c.28.o
 .debug_line    0x00000000000018bb      0x446 src/windows/main_menu.c.28.o
 .debug_line    0x0000000000001d01      0x34c src/windows/message_window.c.28.o
 .debug_line    0x000000000000204d      0x63f src/windows/now_playing.c.28.o
 .debug_line    0x000000000000268c      0x139 aplite/appinfo.auto.c.28.o
 .debug_line    0x00000000000027c5       0xc4 aplite/src/resource_ids.auto.c.28.o

.debug_str      0x0000000000000000     0x32c2
 .debug_str     0x0000000000000000      0x7d7 src/common.c.28.o
                                        0x8a1 (size before relaxing)
 .debug_str     0x00000000000007d7       0x11 src/gbitmap.c.28.o
                                         0xf0 (size before relaxing)
 .debug_str     0x00000000000007e8      0x4d4 src/ipod.c.28.o
                                        0x87a (size before relaxing)
 .debug_str     0x0000000000000cbc      0x823 src/ipod_state.c.28.o
                                        0xfaf (size before relaxing)
 .debug_str     0x00000000000014df      0x3b6 src/layers/marquee_text.c.28.o
                                        0x550 (size before relaxing)
 .debug_str     0x0000000000001895      0x1ac src/layers/progress_bar.c.28.o
                                        0x3da (size before relaxing)
 .debug_str     0x0000000000001a41       0xb9 src/settings.c.28.o
                                        0x2bf (size before relaxing)
 .debug_str     0x0000000000001afa      0x817 src/windows/library_menus.c.28.o
                                       0x1212 (size before relaxing)
 .debug_str     0x0000000000002311      0x2ef src/windows/main_menu.c.28.o
                                        0xb5b (size before relaxing)
 .debug_str     0x0000000000002600      0x20f src/windows/message_window.c.28.o
                                        0x878 (size before relaxing)
 .debug_str     0x000000000000280f      0x7ba src/windows/now_playing.c.28.o
                                       0x1716 (size before relaxing)
 .debug_str     0x0000000000002fc9      0x15d aplite/appinfo.auto.c.28.o
                                        0x25e (size before relaxing)
 .debug_str     0x0000000000003126      0x19c aplite/src/resource_ids.auto.c.28.o
                                        0x270 (size before relaxing)

.debug_frame    0x0000000000000000      0xc68
 .debug_frame   0x0000000000000000       0x98 src/common.c.28.o
 .debug_frame   0x0000000000000098      0x104 src/ipod.c.28.o
 .debug_frame   0x000000000000019c      0x200 src/ipod_state.c.28.o
 .debug_frame   0x000000000000039c       0xe4 src/layers/marquee_text.c.28.o
 .debug_frame   0x0000000000000480       0x98 src/layers/progress_bar.c.28.o
 .debug_frame   0x0000000000000518       0x9c src/settings.c.28.o
 .debug_frame   0x00000000000005b4      0x1c0 src/windows/library_menus.c.28.o
 .debug_frame   0x0000000000000774      0x16c src/windows/main_menu.c.28.o
 .debug_frame   0x00000000000008e0      0x114 src/windows/message_window.c.28.o
 .debug_frame   0x00000000000009f4      0x274 src/windows/now_playing.c.28.o
