Archive member included because of file (symbol)

/Users/edwinfinch/Library/Application Support/Pebble SDK/SDKs/current/sdk-core/pebble/aplite/lib/libpebble.a(tmpqO8TxMpebble.o)
                              src/ipod.c.33.o (app_event_loop)

Allocating common symbols
Common symbol       size              file

ipod_state_callback
                    0x4               src/ipod_state.c.33.o
now_playing_timer   0x4               src/windows/now_playing.c.33.o
connection_window   0x4               src/windows/connection_window.c.33.o
main_menu_window    0x4               src/windows/main_menu.c.33.o
main_menu_items     0x60              src/windows/main_menu.c.33.o
main_menu_icons     0x18              src/windows/main_menu.c.33.o
artist_font         0x4               src/windows/now_playing.c.33.o
s_shuffle_mode      0x1               src/ipod_state.c.33.o
repeat_icon_inverted
                    0x4               src/windows/library_menus.c.33.o
current_callback    0x4               src/settings.c.33.o
now_playing_window  0x4               src/windows/now_playing.c.33.o
background_colour   0x1               src/windows/now_playing.c.33.o
now_playing_settings
                    0x3               src/windows/now_playing.c.33.o
now_playing_progress_bar
                    0x4               src/windows/now_playing.c.33.o
now_playing_artist_layer
                    0x4               src/windows/now_playing.c.33.o
shuffle_icon        0x4               src/windows/library_menus.c.33.o
now_playing_album_art_layer
                    0x8               src/windows/now_playing.c.33.o
menu_stack_count    0x1               src/windows/library_menus.c.33.o
now_playing_title_layer
                    0x4               src/windows/now_playing.c.33.o
action_bar_timer    0x4               src/windows/now_playing.c.33.o
highlight_index     0x4               src/windows/main_menu.c.33.o
s_current_time      0x4               src/ipod_state.c.33.o
main_menu_icons_inverted
                    0x18              src/windows/main_menu.c.33.o
current_type        0x1               src/ipod_state.c.33.o
s_repeat_mode       0x1               src/ipod_state.c.33.o
current_settings    0x3               src/settings.c.33.o
album_art_bitmap    0x8               src/ipod_state.c.33.o
repeat_icon         0x4               src/windows/library_menus.c.33.o
shuffle_icon_inverted
                    0x4               src/windows/library_menus.c.33.o
s_duration          0x4               src/ipod_state.c.33.o
menu_stack          0x10              src/windows/library_menus.c.33.o
window              0x4               src/ipod.c.33.o
artist_frame        0x8               src/windows/now_playing.c.33.o
control_action_bar  0x4               src/windows/now_playing.c.33.o
now_playing_graphics_layer
                    0x4               src/windows/now_playing.c.33.o
s_playback_state    0x1               src/ipod_state.c.33.o
invert_controls_timer
                    0x4               src/windows/now_playing.c.33.o
now_playing_album_art_bitmap
                    0x8               src/windows/now_playing.c.33.o
current_tasty_cookie
                    0x1               src/windows/connection_window.c.33.o

Discarded input sections

 .text          0x0000000000000000        0x0 /usr/local/Cellar/pebble-toolchain/2.0/arm-cs-tools/bin/../lib/gcc/arm-none-eabi/4.7.2/thumb2/crti.o
 .bss           0x0000000000000000        0x0 /usr/local/Cellar/pebble-toolchain/2.0/arm-cs-tools/bin/../lib/gcc/arm-none-eabi/4.7.2/thumb2/crti.o
 .init          0x0000000000000000        0x4 /usr/local/Cellar/pebble-toolchain/2.0/arm-cs-tools/bin/../lib/gcc/arm-none-eabi/4.7.2/thumb2/crti.o
 .fini          0x0000000000000000        0x4 /usr/local/Cellar/pebble-toolchain/2.0/arm-cs-tools/bin/../lib/gcc/arm-none-eabi/4.7.2/thumb2/crti.o
 .text          0x0000000000000000       0xc8 /usr/local/Cellar/pebble-toolchain/2.0/arm-cs-tools/bin/../lib/gcc/arm-none-eabi/4.7.2/thumb2/crtbegin.o
 .bss           0x0000000000000000       0x1c /usr/local/Cellar/pebble-toolchain/2.0/arm-cs-tools/bin/../lib/gcc/arm-none-eabi/4.7.2/thumb2/crtbegin.o
 .init_array    0x0000000000000000        0x4 /usr/local/Cellar/pebble-toolchain/2.0/arm-cs-tools/bin/../lib/gcc/arm-none-eabi/4.7.2/thumb2/crtbegin.o
 .fini_array    0x0000000000000000        0x4 /usr/local/Cellar/pebble-toolchain/2.0/arm-cs-tools/bin/../lib/gcc/arm-none-eabi/4.7.2/thumb2/crtbegin.o
 .eh_frame      0x0000000000000000        0x0 /usr/local/Cellar/pebble-toolchain/2.0/arm-cs-tools/bin/../lib/gcc/arm-none-eabi/4.7.2/thumb2/crtbegin.o
 .jcr           0x0000000000000000        0x0 /usr/local/Cellar/pebble-toolchain/2.0/arm-cs-tools/bin/../lib/gcc/arm-none-eabi/4.7.2/thumb2/crtbegin.o
 .tm_clone_table
                0x0000000000000000        0x0 /usr/local/Cellar/pebble-toolchain/2.0/arm-cs-tools/bin/../lib/gcc/arm-none-eabi/4.7.2/thumb2/crtbegin.o
 .text          0x0000000000000000        0x0 src/common.c.33.o
[...]
Memory Configuration

Name             Origin             Length             Attributes
APP              0x0000000000000000 0x0000000000006000 xrw
*default*        0x0000000000000000 0xffffffffffffffff

Linker script and memory map

LOAD /usr/local/Cellar/pebble-toolchain/2.0/arm-cs-tools/bin/../lib/gcc/arm-none-eabi/4.7.2/thumb2/crti.o
LOAD /usr/local/Cellar/pebble-toolchain/2.0/arm-cs-tools/bin/../lib/gcc/arm-none-eabi/4.7.2/thumb2/crtbegin.o
LOAD src/common.c.33.o
LOAD src/gbitmap.c.33.o
LOAD src/ipod.c.33.o
LOAD src/ipod_state.c.33.o
LOAD src/layers/marquee_text.c.33.o
LOAD src/layers/progress_bar.c.33.o
LOAD src/settings.c.33.o
LOAD src/windows/connection_window.c.33.o
LOAD src/windows/library_menus.c.33.o
LOAD src/windows/main_menu.c.33.o
LOAD src/windows/message_window.c.33.o
LOAD src/windows/now_playing.c.33.o
LOAD aplite/appinfo.auto.c.33.o
LOAD aplite/src/resource_ids.auto.c.33.o
LOAD /Users/edwinfinch/Library/Application Support/Pebble SDK/SDKs/current/sdk-core/pebble/aplite/lib/libpebble.a
START GROUP
LOAD /usr/local/Cellar/pebble-toolchain/2.0/arm-cs-tools/bin/../lib/gcc/arm-none-eabi/4.7.2/thumb2/libgcc.a
LOAD /usr/local/Cellar/pebble-toolchain/2.0/arm-cs-tools/bin/../lib/gcc/arm-none-eabi/4.7.2/../../../../arm-none-eabi/lib/thumb2/libc.a
END GROUP
LOAD /usr/local/Cellar/pebble-toolchain/2.0/arm-cs-tools/bin/../lib/gcc/arm-none-eabi/4.7.2/thumb2/crtend.o
LOAD /usr/local/Cellar/pebble-toolchain/2.0/arm-cs-tools/bin/../lib/gcc/arm-none-eabi/4.7.2/thumb2/crtn.o

.header         0x0000000000000000       0x82
 *(.pbl_header)
 .pbl_header    0x0000000000000000       0x82 aplite/appinfo.auto.c.33.o
                0x0000000000000000                __pbl_app_info

.note.gnu.build-id
                0x0000000000000082       0x26
                0x0000000000000082                PROVIDE (BUILD_ID, .)
 *(.note.gnu.build-id)
 *fill*         0x0000000000000082        0x2 
 .note.gnu.build-id
                0x0000000000000084       0x24 linker stubs

.text           0x00000000000000a8     0x339c
 *(.text)
 .text          0x00000000000000a8       0x14 /Users/edwinfinch/Library/Application Support/Pebble SDK/SDKs/current/sdk-core/pebble/aplite/lib/libpebble.a(tmpqO8TxMpebble.o)
 *(.text.*)
 .text.ipod_message_timer_fire
                0x00000000000000bc        0x4 src/common.c.33.o
                0x00000000000000bc                ipod_message_timer_fire
 .text.ipod_message_destroy
                0x00000000000000c0       0x14 src/common.c.33.o
                0x00000000000000c0                ipod_message_destroy
 .text.ipod_message_outbox_get
                0x00000000000000d4       0x3c src/common.c.33.o
                0x00000000000000d4                ipod_message_outbox_get
 .text.tick_handler
                0x0000000000000110        0xe src/ipod.c.33.o
                0x0000000000000110                tick_handler
 *fill*         0x000000000000011e        0x2 
 .text.ipod_create
                0x0000000000000120       0x30 src/ipod.c.33.o
                0x0000000000000120                ipod_create
 .text.ipod_app_timer_handler
                0x0000000000000150        0xe src/ipod.c.33.o
                0x0000000000000150                ipod_app_timer_handler
 *fill*         0x000000000000015e        0x2 
 .text.startup.main
                0x0000000000000160       0x34 src/ipod.c.33.o
                0x0000000000000160                main
 .text.ipod_state_tick
                0x0000000000000194       0x50 src/ipod_state.c.33.o
                0x0000000000000194                ipod_state_tick
 .text.ipod_state_set_callback
                0x00000000000001e4       0x14 src/ipod_state.c.33.o
                0x00000000000001e4                ipod_state_set_callback
 .text.ipod_state_current_time
                0x00000000000001f8       0x14 src/ipod_state.c.33.o
                0x00000000000001f8                ipod_state_current_time
 .text.ipod_state_duration
                0x000000000000020c       0x14 src/ipod_state.c.33.o
                0x000000000000020c                ipod_state_duration
 .text.ipod_get_playback_state
                0x0000000000000220       0x14 src/ipod_state.c.33.o
                0x0000000000000220                ipod_get_playback_state
 .text.ipod_get_artist
                0x0000000000000234        0xc src/ipod_state.c.33.o
                0x0000000000000234                ipod_get_artist
 .text.ipod_get_title
                0x0000000000000240        0xc src/ipod_state.c.33.o
                0x0000000000000240                ipod_get_title
 .text.now_playing_request
                0x000000000000024c       0x64 src/ipod_state.c.33.o
                0x000000000000024c                now_playing_request
 .text.call_callback
                0x00000000000002b0       0x4c src/ipod_state.c.33.o
                0x00000000000002b0                call_callback
 .text.destroy_all_album_art
                0x00000000000002fc       0x40 src/ipod_state.c.33.o
                0x00000000000002fc                destroy_all_album_art
 .text.create_bitmap
                0x000000000000033c       0x74 src/ipod_state.c.33.o
                0x000000000000033c                create_bitmap
 .text.process_album_art_tuple
                0x00000000000003b0      0x108 src/ipod_state.c.33.o
                0x00000000000003b0                process_album_art_tuple
 .text.process_tuple
                0x00000000000004b8      0x1bc src/ipod_state.c.33.o
                0x00000000000004b8                process_tuple
 .text.ipod_received_handler
                0x0000000000000674       0x20 src/ipod_state.c.33.o
                0x0000000000000674                ipod_received_handler
 .text.ipod_state_create
                0x0000000000000694       0x28 src/ipod_state.c.33.o
                0x0000000000000694                ipod_state_create
 .text.marquee_text_layer_update_proc
                0x00000000000006bc      0x186 src/layers/marquee_text.c.33.o
                0x00000000000006bc                marquee_text_layer_update_proc
 *fill*         0x0000000000000842        0x2 
 .text.marquee_text_layer_destroy
                0x0000000000000844       0x34 src/layers/marquee_text.c.33.o
                0x0000000000000844                marquee_text_layer_destroy
 .text.marquee_text_layer_get_layer
                0x0000000000000878        0x4 src/layers/marquee_text.c.33.o
                0x0000000000000878                marquee_text_layer_get_layer
 .text.marquee_text_layer_mark_dirty
                0x000000000000087c       0x14 src/layers/marquee_text.c.33.o
                0x000000000000087c                marquee_text_layer_mark_dirty
 .text.marquee_text_layer_set_font
                0x0000000000000890        0x6 src/layers/marquee_text.c.33.o
                0x0000000000000890                marquee_text_layer_set_font
 .text.marquee_text_layer_set_text
                0x0000000000000896        0x6 src/layers/marquee_text.c.33.o
                0x0000000000000896                marquee_text_layer_set_text
 .text.marquee_text_layer_create
                0x000000000000089c       0x90 src/layers/marquee_text.c.33.o
                0x000000000000089c                marquee_text_layer_create
 .text.marquee_text_layer_tick
                0x000000000000092c       0x30 src/layers/marquee_text.c.33.o
                0x000000000000092c                marquee_text_layer_tick
 .text.progress_bar_update_proc
                0x000000000000095c       0x64 src/layers/progress_bar.c.33.o
 .text.progress_bar_layer_create
                0x00000000000009c0       0x40 src/layers/progress_bar.c.33.o
                0x00000000000009c0                progress_bar_layer_create
 .text.progress_bar_layer_destroy
                0x0000000000000a00       0x14 src/layers/progress_bar.c.33.o
                0x0000000000000a00                progress_bar_layer_destroy
 .text.progress_bar_layer_get_layer
                0x0000000000000a14        0x4 src/layers/progress_bar.c.33.o
                0x0000000000000a14                progress_bar_layer_get_layer
 .text.progress_bar_layer_set_range
                0x0000000000000a18        0xe src/layers/progress_bar.c.33.o
                0x0000000000000a18                progress_bar_layer_set_range
 .text.progress_bar_layer_set_value
                0x0000000000000a26        0xc src/layers/progress_bar.c.33.o
                0x0000000000000a26                progress_bar_layer_set_value
 *fill*         0x0000000000000a32        0x2 
 .text.settings_service_subscribe
                0x0000000000000a34       0x14 src/settings.c.33.o
                0x0000000000000a34                settings_service_subscribe
 .text.settings_get_settings
                0x0000000000000a48       0x34 src/settings.c.33.o
                0x0000000000000a48                settings_get_settings
 .text.settings_prepare_defaults
                0x0000000000000a7c       0x1c src/settings.c.33.o
                0x0000000000000a7c                settings_prepare_defaults
 .text.settings_load
                0x0000000000000a98       0x28 src/settings.c.33.o
                0x0000000000000a98                settings_load
 .text.settings_save
                0x0000000000000ac0       0x18 src/settings.c.33.o
                0x0000000000000ac0                settings_save
 .text.settings_set_settings
                0x0000000000000ad8       0x44 src/settings.c.33.o
                0x0000000000000ad8                settings_set_settings
 .text.connection_window_unload
                0x0000000000000b1c       0x38 src/windows/connection_window.c.33.o
                0x0000000000000b1c                connection_window_unload
 .text.connection_window_load
                0x0000000000000b54      0x2c4 src/windows/connection_window.c.33.o
                0x0000000000000b54                connection_window_load
 .text.connection_window_background_proc
                0x0000000000000e18       0x2e src/windows/connection_window.c.33.o
                0x0000000000000e18                connection_window_background_proc
 *fill*         0x0000000000000e46        0x2 
 .text.connection_window_click_config_provider
                0x0000000000000e48       0x24 src/windows/connection_window.c.33.o
                0x0000000000000e48                connection_window_click_config_provider
 .text.connection_window_click_back
                0x0000000000000e6c        0x6 src/windows/connection_window.c.33.o
                0x0000000000000e6c                connection_window_click_back
 *fill*         0x0000000000000e72        0x2 
 .text.connection_window_click_select
                0x0000000000000e74       0x34 src/windows/connection_window.c.33.o
                0x0000000000000e74                connection_window_click_select
 .text.connection_window_send_test_message
                0x0000000000000ea8       0x48 src/windows/connection_window.c.33.o
                0x0000000000000ea8                connection_window_send_test_message
 .text.connection_window_reload
                0x0000000000000ef0       0x5c src/windows/connection_window.c.33.o
                0x0000000000000ef0                connection_window_reload
 .text.connection_window_push
                0x0000000000000f4c       0x98 src/windows/connection_window.c.33.o
                0x0000000000000f4c                connection_window_push
 .text.connection_window_pebblekit_connection_handler
                0x0000000000000fe4       0x24 src/windows/connection_window.c.33.o
                0x0000000000000fe4                connection_window_pebblekit_connection_handler
 .text.connection_window_pebble_app_connection_handler
                0x0000000000001008       0x24 src/windows/connection_window.c.33.o
                0x0000000000001008                connection_window_pebble_app_connection_handler
 .text.connection_window_outbox_failed_handler
                0x000000000000102c        0x6 src/windows/connection_window.c.33.o
                0x000000000000102c                connection_window_outbox_failed_handler
 .text.connection_window_inbox_dropped_handler
                0x0000000000001032        0xe src/windows/connection_window.c.33.o
                0x0000000000001032                connection_window_inbox_dropped_handler
 .text.connection_window_got_test_message
                0x0000000000001040       0x20 src/windows/connection_window.c.33.o
                0x0000000000001040                connection_window_got_test_message
 .text.connection_window_set_wakeup_cookie
                0x0000000000001060       0x14 src/windows/connection_window.c.33.o
                0x0000000000001060                connection_window_set_wakeup_cookie
 .text.connection_window_attach
                0x0000000000001074       0x34 src/windows/connection_window.c.33.o
                0x0000000000001074                connection_window_attach
 .text.get_num_rows
                0x00000000000010a8       0x34 src/windows/library_menus.c.33.o
                0x00000000000010a8                get_num_rows
 .text.draw_row
                0x00000000000010dc      0x244 src/windows/library_menus.c.33.o
                0x00000000000010dc                draw_row
 .text.library_menus_window_unload
                0x0000000000001320       0x78 src/windows/library_menus.c.33.o
                0x0000000000001320                library_menus_window_unload
 .text.library_menus_create
                0x0000000000001398       0x18 src/windows/library_menus.c.33.o
                0x0000000000001398                library_menus_create
 .text.library_menus_pop_all
                0x00000000000013b0       0x28 src/windows/library_menus.c.33.o
                0x00000000000013b0                library_menus_pop_all
 .text.build_parent_history
                0x00000000000013d8       0x7c src/windows/library_menus.c.33.o
                0x00000000000013d8                build_parent_history
 .text.send_library_request
                0x0000000000001454       0x34 src/windows/library_menus.c.33.o
                0x0000000000001454                send_library_request
 .text.selection_changed
                0x0000000000001488       0x7a src/windows/library_menus.c.33.o
                0x0000000000001488                selection_changed
 *fill*         0x0000000000001502        0x2 
 .text.play_track
                0x0000000000001504       0x6c src/windows/library_menus.c.33.o
                0x0000000000001504                play_track
 .text.clear_library_entry_data
                0x0000000000001570       0x16 src/windows/library_menus.c.33.o
                0x0000000000001570                clear_library_entry_data
 *fill*         0x0000000000001586        0x2 
 .text.library_menus_display_view
                0x0000000000001588      0x1ac src/windows/library_menus.c.33.o
                0x0000000000001588                library_menus_display_view
 .text.select_click
                0x0000000000001734       0xbc src/windows/library_menus.c.33.o
                0x0000000000001734                select_click
 .text.library_menus_inbox
                0x00000000000017f0      0x1b4 src/windows/library_menus.c.33.o
                0x00000000000017f0                library_menus_inbox
 .text.main_menu_get_num_sections
                0x00000000000019a4        0x4 src/windows/main_menu.c.33.o
                0x00000000000019a4                main_menu_get_num_sections
 .text.menu_get_num_rows_callback
                0x00000000000019a8        0x4 src/windows/main_menu.c.33.o
                0x00000000000019a8                menu_get_num_rows_callback
 .text.menu_get_header_height_callback
                0x00000000000019ac        0x4 src/windows/main_menu.c.33.o
                0x00000000000019ac                menu_get_header_height_callback
 .text.update_highlight_colours
                0x00000000000019b0        0x2 src/windows/main_menu.c.33.o
                0x00000000000019b0                update_highlight_colours
 *fill*         0x00000000000019b2        0x2 
 .text.menu_select_callback
                0x00000000000019b4       0x20 src/windows/main_menu.c.33.o
                0x00000000000019b4                menu_select_callback
 .text.open_composer_list
                0x00000000000019d4       0x10 src/windows/main_menu.c.33.o
                0x00000000000019d4                open_composer_list
 .text.open_genre_list
                0x00000000000019e4       0x10 src/windows/main_menu.c.33.o
                0x00000000000019e4                open_genre_list
 .text.open_playlist_list
                0x00000000000019f4       0x10 src/windows/main_menu.c.33.o
                0x00000000000019f4                open_playlist_list
 .text.open_album_list
                0x0000000000001a04       0x10 src/windows/main_menu.c.33.o
                0x0000000000001a04                open_album_list
 .text.open_artist_list
                0x0000000000001a14       0x10 src/windows/main_menu.c.33.o
                0x0000000000001a14                open_artist_list
 .text.open_now_playing
                0x0000000000001a24        0x4 src/windows/main_menu.c.33.o
                0x0000000000001a24                open_now_playing
 .text.menu_selection_changed
                0x0000000000001a28       0x2c src/windows/main_menu.c.33.o
                0x0000000000001a28                menu_selection_changed
 .text.main_menu_appear
                0x0000000000001a54        0x6 src/windows/main_menu.c.33.o
                0x0000000000001a54                main_menu_appear
 .text.main_menu_send_now_playing_request
                0x0000000000001a5a        0x6 src/windows/main_menu.c.33.o
                0x0000000000001a5a                main_menu_send_now_playing_request
 .text.menu_draw_row_callback
                0x0000000000001a60       0x28 src/windows/main_menu.c.33.o
                0x0000000000001a60                menu_draw_row_callback
 .text.main_menu_create
                0x0000000000001a88      0x1bc src/windows/main_menu.c.33.o
                0x0000000000001a88                main_menu_create
 .text.main_menu_destroy
                0x0000000000001c44       0x10 src/windows/main_menu.c.33.o
                0x0000000000001c44                main_menu_destroy
 .text.now_playing_window_appear
                0x0000000000001c54        0x6 src/windows/now_playing.c.33.o
                0x0000000000001c54                now_playing_window_appear
 *fill*         0x0000000000001c5a        0x2 
 .text.now_playing_window_unload
                0x0000000000001c5c      0x118 src/windows/now_playing.c.33.o
                0x0000000000001c5c                now_playing_window_unload
 .text.now_playing_click_config_provider
                0x0000000000001d74       0x44 src/windows/now_playing.c.33.o
                0x0000000000001d74                now_playing_click_config_provider
 .text.animate_action_bar
                0x0000000000001db8       0x20 src/windows/now_playing.c.33.o
                0x0000000000001db8                animate_action_bar
 .text.now_playing_graphics_proc
                0x0000000000001dd8      0x198 src/windows/now_playing.c.33.o
                0x0000000000001dd8                now_playing_graphics_proc
 .text.display_no_album
                0x0000000000001f70       0x40 src/windows/now_playing.c.33.o
                0x0000000000001f70                display_no_album
 .text.now_playing_is_playing_music
                0x0000000000001fb0        0xe src/windows/now_playing.c.33.o
                0x0000000000001fb0                now_playing_is_playing_music
 *fill*         0x0000000000001fbe        0x2 
 .text.now_playing_invert_button_controls
                0x0000000000001fc0       0xc8 src/windows/now_playing.c.33.o
                0x0000000000001fc0                now_playing_invert_button_controls
 .text.now_playing_check_for_no_music
                0x0000000000002088       0x48 src/windows/now_playing.c.33.o
                0x0000000000002088                now_playing_check_for_no_music
 .text.now_playing_send_state_change
                0x00000000000020d0       0x1e src/windows/now_playing.c.33.o
                0x00000000000020d0                now_playing_send_state_change
 *fill*         0x00000000000020ee        0x2 
 .text.now_playing_set_album_art
                0x00000000000020f0       0x68 src/windows/now_playing.c.33.o
                0x00000000000020f0                now_playing_set_album_art
 .text.now_playing_tick
                0x0000000000002158       0x58 src/windows/now_playing.c.33.o
                0x0000000000002158                now_playing_tick
 .text.now_playing_animation_tick
                0x00000000000021b0       0x3c src/windows/now_playing.c.33.o
                0x00000000000021b0                now_playing_animation_tick
 .text.now_playing_new_settings
                0x00000000000021ec       0xf8 src/windows/now_playing.c.33.o
                0x00000000000021ec                now_playing_new_settings
 .text.now_playing_action_bar_handle
                0x00000000000022e4       0x98 src/windows/now_playing.c.33.o
                0x00000000000022e4                now_playing_action_bar_handle
 .text.now_playing_long_clicked_select
                0x000000000000237c       0x40 src/windows/now_playing.c.33.o
                0x000000000000237c                now_playing_long_clicked_select
 .text.now_playing_state_callback
                0x00000000000023bc      0x134 src/windows/now_playing.c.33.o
                0x00000000000023bc                now_playing_state_callback
 .text.now_playing_window_load
                0x00000000000024f0      0x350 src/windows/now_playing.c.33.o
                0x00000000000024f0                now_playing_window_load
 .text.now_playing_reset_invert_controls
                0x0000000000002840       0x40 src/windows/now_playing.c.33.o
                0x0000000000002840                now_playing_reset_invert_controls
 .text.now_playing_clicked_down
                0x0000000000002880       0x2c src/windows/now_playing.c.33.o
                0x0000000000002880                now_playing_clicked_down
 .text.now_playing_clicked_select
                0x00000000000028ac       0x58 src/windows/now_playing.c.33.o
                0x00000000000028ac                now_playing_clicked_select
 .text.now_playing_clicked_up
                0x0000000000002904       0x2c src/windows/now_playing.c.33.o
                0x0000000000002904                now_playing_clicked_up
 .text.now_playing_show
                0x0000000000002930       0x84 src/windows/now_playing.c.33.o
                0x0000000000002930                now_playing_show
 .text.app_event_loop
                0x00000000000029b4        0xc /Users/edwinfinch/Library/Application Support/Pebble SDK/SDKs/current/sdk-core/pebble/aplite/lib/libpebble.a(tmpqO8TxMpebble.o)
                0x00000000000029b4                app_event_loop
 .text.app_log  0x00000000000029c0        0xc /Users/edwinfinch/Library/Application Support/Pebble SDK/SDKs/current/sdk-core/pebble/aplite/lib/libpebble.a(tmpqO8TxMpebble.o)
                0x00000000000029c0                app_log
 .text.app_message_open
                0x00000000000029cc        0xc /Users/edwinfinch/Library/Application Support/Pebble SDK/SDKs/current/sdk-core/pebble/aplite/lib/libpebble.a(tmpqO8TxMpebble.o)
                0x00000000000029cc                app_message_open
 .text.app_timer_cancel
                0x00000000000029d8        0xc /Users/edwinfinch/Library/Application Support/Pebble SDK/SDKs/current/sdk-core/pebble/aplite/lib/libpebble.a(tmpqO8TxMpebble.o)
                0x00000000000029d8                app_timer_cancel
 .text.app_timer_register
                0x00000000000029e4        0xc /Users/edwinfinch/Library/Application Support/Pebble SDK/SDKs/current/sdk-core/pebble/aplite/lib/libpebble.a(tmpqO8TxMpebble.o)
                0x00000000000029e4                app_timer_register
 .text.bitmap_layer_create
                0x00000000000029f0        0xc /Users/edwinfinch/Library/Application Support/Pebble SDK/SDKs/current/sdk-core/pebble/aplite/lib/libpebble.a(tmpqO8TxMpebble.o)
                0x00000000000029f0                bitmap_layer_create
 .text.bitmap_layer_destroy
                0x00000000000029fc        0xc /Users/edwinfinch/Library/Application Support/Pebble SDK/SDKs/current/sdk-core/pebble/aplite/lib/libpebble.a(tmpqO8TxMpebble.o)
                0x00000000000029fc                bitmap_layer_destroy
 .text.bitmap_layer_get_layer
                0x0000000000002a08        0xc /Users/edwinfinch/Library/Application Support/Pebble SDK/SDKs/current/sdk-core/pebble/aplite/lib/libpebble.a(tmpqO8TxMpebble.o)
                0x0000000000002a08                bitmap_layer_get_layer
 .text.bitmap_layer_set_bitmap
                0x0000000000002a14        0xc /Users/edwinfinch/Library/Application Support/Pebble SDK/SDKs/current/sdk-core/pebble/aplite/lib/libpebble.a(tmpqO8TxMpebble.o)
                0x0000000000002a14                bitmap_layer_set_bitmap
 .text.dict_find
                0x0000000000002a20        0xc /Users/edwinfinch/Library/Application Support/Pebble SDK/SDKs/current/sdk-core/pebble/aplite/lib/libpebble.a(tmpqO8TxMpebble.o)
                0x0000000000002a20                dict_find
 .text.dict_read_first
                0x0000000000002a2c        0xc /Users/edwinfinch/Library/Application Support/Pebble SDK/SDKs/current/sdk-core/pebble/aplite/lib/libpebble.a(tmpqO8TxMpebble.o)
                0x0000000000002a2c                dict_read_first
 .text.dict_read_next
                0x0000000000002a38        0xc /Users/edwinfinch/Library/Application Support/Pebble SDK/SDKs/current/sdk-core/pebble/aplite/lib/libpebble.a(tmpqO8TxMpebble.o)
                0x0000000000002a38                dict_read_next
 .text.dict_write_data
                0x0000000000002a44        0xc /Users/edwinfinch/Library/Application Support/Pebble SDK/SDKs/current/sdk-core/pebble/aplite/lib/libpebble.a(tmpqO8TxMpebble.o)
                0x0000000000002a44                dict_write_data
 .text.dict_write_int16
                0x0000000000002a50        0xc /Users/edwinfinch/Library/Application Support/Pebble SDK/SDKs/current/sdk-core/pebble/aplite/lib/libpebble.a(tmpqO8TxMpebble.o)
                0x0000000000002a50                dict_write_int16
 .text.dict_write_int32
                0x0000000000002a5c        0xc /Users/edwinfinch/Library/Application Support/Pebble SDK/SDKs/current/sdk-core/pebble/aplite/lib/libpebble.a(tmpqO8TxMpebble.o)
                0x0000000000002a5c                dict_write_int32
 .text.dict_write_int8
                0x0000000000002a68        0xc /Users/edwinfinch/Library/Application Support/Pebble SDK/SDKs/current/sdk-core/pebble/aplite/lib/libpebble.a(tmpqO8TxMpebble.o)
                0x0000000000002a68                dict_write_int8
 .text.dict_write_uint16
                0x0000000000002a74        0xc /Users/edwinfinch/Library/Application Support/Pebble SDK/SDKs/current/sdk-core/pebble/aplite/lib/libpebble.a(tmpqO8TxMpebble.o)
                0x0000000000002a74                dict_write_uint16
 .text.dict_write_uint32
                0x0000000000002a80        0xc /Users/edwinfinch/Library/Application Support/Pebble SDK/SDKs/current/sdk-core/pebble/aplite/lib/libpebble.a(tmpqO8TxMpebble.o)
                0x0000000000002a80                dict_write_uint32
 .text.dict_write_uint8
                0x0000000000002a8c        0xc /Users/edwinfinch/Library/Application Support/Pebble SDK/SDKs/current/sdk-core/pebble/aplite/lib/libpebble.a(tmpqO8TxMpebble.o)
                0x0000000000002a8c                dict_write_uint8
 .text.fonts_get_system_font
                0x0000000000002a98        0xc /Users/edwinfinch/Library/Application Support/Pebble SDK/SDKs/current/sdk-core/pebble/aplite/lib/libpebble.a(tmpqO8TxMpebble.o)
                0x0000000000002a98                fonts_get_system_font
 .text.free     0x0000000000002aa4        0xc /Users/edwinfinch/Library/Application Support/Pebble SDK/SDKs/current/sdk-core/pebble/aplite/lib/libpebble.a(tmpqO8TxMpebble.o)
                0x0000000000002aa4                free
 .text.gbitmap_create_with_resource
                0x0000000000002ab0        0xc /Users/edwinfinch/Library/Application Support/Pebble SDK/SDKs/current/sdk-core/pebble/aplite/lib/libpebble.a(tmpqO8TxMpebble.o)
                0x0000000000002ab0                gbitmap_create_with_resource
 .text.gbitmap_destroy
                0x0000000000002abc        0xc /Users/edwinfinch/Library/Application Support/Pebble SDK/SDKs/current/sdk-core/pebble/aplite/lib/libpebble.a(tmpqO8TxMpebble.o)
                0x0000000000002abc                gbitmap_destroy
 .text.graphics_context_set_compositing_mode
                0x0000000000002ac8        0xc /Users/edwinfinch/Library/Application Support/Pebble SDK/SDKs/current/sdk-core/pebble/aplite/lib/libpebble.a(tmpqO8TxMpebble.o)
                0x0000000000002ac8                graphics_context_set_compositing_mode
 .text.graphics_draw_bitmap_in_rect
                0x0000000000002ad4        0xc /Users/edwinfinch/Library/Application Support/Pebble SDK/SDKs/current/sdk-core/pebble/aplite/lib/libpebble.a(tmpqO8TxMpebble.o)
                0x0000000000002ad4                graphics_draw_bitmap_in_rect
 .text.graphics_fill_rect
                0x0000000000002ae0        0xc /Users/edwinfinch/Library/Application Support/Pebble SDK/SDKs/current/sdk-core/pebble/aplite/lib/libpebble.a(tmpqO8TxMpebble.o)
                0x0000000000002ae0                graphics_fill_rect
 .text.layer_add_child
                0x0000000000002aec        0xc /Users/edwinfinch/Library/Application Support/Pebble SDK/SDKs/current/sdk-core/pebble/aplite/lib/libpebble.a(tmpqO8TxMpebble.o)
                0x0000000000002aec                layer_add_child
 .text.layer_create
                0x0000000000002af8        0xc /Users/edwinfinch/Library/Application Support/Pebble SDK/SDKs/current/sdk-core/pebble/aplite/lib/libpebble.a(tmpqO8TxMpebble.o)
                0x0000000000002af8                layer_create
 .text.layer_create_with_data
                0x0000000000002b04        0xc /Users/edwinfinch/Library/Application Support/Pebble SDK/SDKs/current/sdk-core/pebble/aplite/lib/libpebble.a(tmpqO8TxMpebble.o)
                0x0000000000002b04                layer_create_with_data
 .text.layer_destroy
                0x0000000000002b10        0xc /Users/edwinfinch/Library/Application Support/Pebble SDK/SDKs/current/sdk-core/pebble/aplite/lib/libpebble.a(tmpqO8TxMpebble.o)
                0x0000000000002b10                layer_destroy
 .text.layer_get_bounds
                0x0000000000002b1c        0xc /Users/edwinfinch/Library/Application Support/Pebble SDK/SDKs/current/sdk-core/pebble/aplite/lib/libpebble.a(tmpqO8TxMpebble.o)
                0x0000000000002b1c                layer_get_bounds
 .text.layer_get_data
                0x0000000000002b28        0xc /Users/edwinfinch/Library/Application Support/Pebble SDK/SDKs/current/sdk-core/pebble/aplite/lib/libpebble.a(tmpqO8TxMpebble.o)
                0x0000000000002b28                layer_get_data
 .text.layer_get_frame
                0x0000000000002b34        0xc /Users/edwinfinch/Library/Application Support/Pebble SDK/SDKs/current/sdk-core/pebble/aplite/lib/libpebble.a(tmpqO8TxMpebble.o)
                0x0000000000002b34                layer_get_frame
 .text.layer_mark_dirty
                0x0000000000002b40        0xc /Users/edwinfinch/Library/Application Support/Pebble SDK/SDKs/current/sdk-core/pebble/aplite/lib/libpebble.a(tmpqO8TxMpebble.o)
                0x0000000000002b40                layer_mark_dirty
 .text.layer_set_bounds
                0x0000000000002b4c        0xc /Users/edwinfinch/Library/Application Support/Pebble SDK/SDKs/current/sdk-core/pebble/aplite/lib/libpebble.a(tmpqO8TxMpebble.o)
                0x0000000000002b4c                layer_set_bounds
 .text.layer_set_hidden
                0x0000000000002b58        0xc /Users/edwinfinch/Library/Application Support/Pebble SDK/SDKs/current/sdk-core/pebble/aplite/lib/libpebble.a(tmpqO8TxMpebble.o)
                0x0000000000002b58                layer_set_hidden
 .text.layer_set_update_proc
                0x0000000000002b64        0xc /Users/edwinfinch/Library/Application Support/Pebble SDK/SDKs/current/sdk-core/pebble/aplite/lib/libpebble.a(tmpqO8TxMpebble.o)
                0x0000000000002b64                layer_set_update_proc
 .text.malloc   0x0000000000002b70        0xc /Users/edwinfinch/Library/Application Support/Pebble SDK/SDKs/current/sdk-core/pebble/aplite/lib/libpebble.a(tmpqO8TxMpebble.o)
                0x0000000000002b70                malloc
 .text.memcpy   0x0000000000002b7c        0xc /Users/edwinfinch/Library/Application Support/Pebble SDK/SDKs/current/sdk-core/pebble/aplite/lib/libpebble.a(tmpqO8TxMpebble.o)
                0x0000000000002b7c                memcpy
 .text.memmove  0x0000000000002b88        0xc /Users/edwinfinch/Library/Application Support/Pebble SDK/SDKs/current/sdk-core/pebble/aplite/lib/libpebble.a(tmpqO8TxMpebble.o)
                0x0000000000002b88                memmove
 .text.memset   0x0000000000002b94        0xc /Users/edwinfinch/Library/Application Support/Pebble SDK/SDKs/current/sdk-core/pebble/aplite/lib/libpebble.a(tmpqO8TxMpebble.o)
                0x0000000000002b94                memset
 .text.menu_cell_basic_draw
                0x0000000000002ba0        0xc /Users/edwinfinch/Library/Application Support/Pebble SDK/SDKs/current/sdk-core/pebble/aplite/lib/libpebble.a(tmpqO8TxMpebble.o)
                0x0000000000002ba0                menu_cell_basic_draw
 .text.menu_layer_destroy
                0x0000000000002bac        0xc /Users/edwinfinch/Library/Application Support/Pebble SDK/SDKs/current/sdk-core/pebble/aplite/lib/libpebble.a(tmpqO8TxMpebble.o)
                0x0000000000002bac                menu_layer_destroy
 .text.menu_layer_get_layer
                0x0000000000002bb8        0xc /Users/edwinfinch/Library/Application Support/Pebble SDK/SDKs/current/sdk-core/pebble/aplite/lib/libpebble.a(tmpqO8TxMpebble.o)
                0x0000000000002bb8                menu_layer_get_layer
 .text.menu_layer_reload_data
                0x0000000000002bc4        0xc /Users/edwinfinch/Library/Application Support/Pebble SDK/SDKs/current/sdk-core/pebble/aplite/lib/libpebble.a(tmpqO8TxMpebble.o)
                0x0000000000002bc4                menu_layer_reload_data
 .text.menu_layer_set_click_config_onto_window
                0x0000000000002bd0        0xc /Users/edwinfinch/Library/Application Support/Pebble SDK/SDKs/current/sdk-core/pebble/aplite/lib/libpebble.a(tmpqO8TxMpebble.o)
                0x0000000000002bd0                menu_layer_set_click_config_onto_window
 .text.menu_layer_set_selected_index
                0x0000000000002bdc        0xc /Users/edwinfinch/Library/Application Support/Pebble SDK/SDKs/current/sdk-core/pebble/aplite/lib/libpebble.a(tmpqO8TxMpebble.o)
                0x0000000000002bdc                menu_layer_set_selected_index
 .text.scroll_layer_add_child
                0x0000000000002be8        0xc /Users/edwinfinch/Library/Application Support/Pebble SDK/SDKs/current/sdk-core/pebble/aplite/lib/libpebble.a(tmpqO8TxMpebble.o)
                0x0000000000002be8                scroll_layer_add_child
 .text.scroll_layer_create
                0x0000000000002bf4        0xc /Users/edwinfinch/Library/Application Support/Pebble SDK/SDKs/current/sdk-core/pebble/aplite/lib/libpebble.a(tmpqO8TxMpebble.o)
                0x0000000000002bf4                scroll_layer_create
 .text.scroll_layer_destroy
                0x0000000000002c00        0xc /Users/edwinfinch/Library/Application Support/Pebble SDK/SDKs/current/sdk-core/pebble/aplite/lib/libpebble.a(tmpqO8TxMpebble.o)
                0x0000000000002c00                scroll_layer_destroy
 .text.scroll_layer_get_layer
                0x0000000000002c0c        0xc /Users/edwinfinch/Library/Application Support/Pebble SDK/SDKs/current/sdk-core/pebble/aplite/lib/libpebble.a(tmpqO8TxMpebble.o)
                0x0000000000002c0c                scroll_layer_get_layer
 .text.scroll_layer_set_callbacks
                0x0000000000002c18        0xc /Users/edwinfinch/Library/Application Support/Pebble SDK/SDKs/current/sdk-core/pebble/aplite/lib/libpebble.a(tmpqO8TxMpebble.o)
                0x0000000000002c18                scroll_layer_set_callbacks
 .text.scroll_layer_set_click_config_onto_window
                0x0000000000002c24        0xc /Users/edwinfinch/Library/Application Support/Pebble SDK/SDKs/current/sdk-core/pebble/aplite/lib/libpebble.a(tmpqO8TxMpebble.o)
                0x0000000000002c24                scroll_layer_set_click_config_onto_window
 .text.scroll_layer_set_content_size
                0x0000000000002c30        0xc /Users/edwinfinch/Library/Application Support/Pebble SDK/SDKs/current/sdk-core/pebble/aplite/lib/libpebble.a(tmpqO8TxMpebble.o)
                0x0000000000002c30                scroll_layer_set_content_size
 .text.snprintf
                0x0000000000002c3c        0xc /Users/edwinfinch/Library/Application Support/Pebble SDK/SDKs/current/sdk-core/pebble/aplite/lib/libpebble.a(tmpqO8TxMpebble.o)
                0x0000000000002c3c                snprintf
 .text.strcmp   0x0000000000002c48        0xc /Users/edwinfinch/Library/Application Support/Pebble SDK/SDKs/current/sdk-core/pebble/aplite/lib/libpebble.a(tmpqO8TxMpebble.o)
                0x0000000000002c48                strcmp
 .text.strlen   0x0000000000002c54        0xc /Users/edwinfinch/Library/Application Support/Pebble SDK/SDKs/current/sdk-core/pebble/aplite/lib/libpebble.a(tmpqO8TxMpebble.o)
                0x0000000000002c54                strlen
 .text.strncpy  0x0000000000002c60        0xc /Users/edwinfinch/Library/Application Support/Pebble SDK/SDKs/current/sdk-core/pebble/aplite/lib/libpebble.a(tmpqO8TxMpebble.o)
                0x0000000000002c60                strncpy
 .text.tick_timer_service_subscribe
                0x0000000000002c6c        0xc /Users/edwinfinch/Library/Application Support/Pebble SDK/SDKs/current/sdk-core/pebble/aplite/lib/libpebble.a(tmpqO8TxMpebble.o)
                0x0000000000002c6c                tick_timer_service_subscribe
 .text.vibes_double_pulse
                0x0000000000002c78        0xc /Users/edwinfinch/Library/Application Support/Pebble SDK/SDKs/current/sdk-core/pebble/aplite/lib/libpebble.a(tmpqO8TxMpebble.o)
                0x0000000000002c78                vibes_double_pulse
 .text.vibes_enqueue_custom_pattern
                0x0000000000002c84        0xc /Users/edwinfinch/Library/Application Support/Pebble SDK/SDKs/current/sdk-core/pebble/aplite/lib/libpebble.a(tmpqO8TxMpebble.o)
                0x0000000000002c84                vibes_enqueue_custom_pattern
 .text.window_create
                0x0000000000002c90        0xc /Users/edwinfinch/Library/Application Support/Pebble SDK/SDKs/current/sdk-core/pebble/aplite/lib/libpebble.a(tmpqO8TxMpebble.o)
                0x0000000000002c90                window_create
 .text.window_destroy
                0x0000000000002c9c        0xc /Users/edwinfinch/Library/Application Support/Pebble SDK/SDKs/current/sdk-core/pebble/aplite/lib/libpebble.a(tmpqO8TxMpebble.o)
                0x0000000000002c9c                window_destroy
 .text.window_get_root_layer
                0x0000000000002ca8        0xc /Users/edwinfinch/Library/Application Support/Pebble SDK/SDKs/current/sdk-core/pebble/aplite/lib/libpebble.a(tmpqO8TxMpebble.o)
                0x0000000000002ca8                window_get_root_layer
 .text.window_set_window_handlers
                0x0000000000002cb4        0xc /Users/edwinfinch/Library/Application Support/Pebble SDK/SDKs/current/sdk-core/pebble/aplite/lib/libpebble.a(tmpqO8TxMpebble.o)
                0x0000000000002cb4                window_set_window_handlers
 .text.window_stack_pop
                0x0000000000002cc0        0xc /Users/edwinfinch/Library/Application Support/Pebble SDK/SDKs/current/sdk-core/pebble/aplite/lib/libpebble.a(tmpqO8TxMpebble.o)
                0x0000000000002cc0                window_stack_pop
 .text.window_stack_pop_all
                0x0000000000002ccc        0xc /Users/edwinfinch/Library/Application Support/Pebble SDK/SDKs/current/sdk-core/pebble/aplite/lib/libpebble.a(tmpqO8TxMpebble.o)
                0x0000000000002ccc                window_stack_pop_all
 .text.window_stack_push
                0x0000000000002cd8        0xc /Users/edwinfinch/Library/Application Support/Pebble SDK/SDKs/current/sdk-core/pebble/aplite/lib/libpebble.a(tmpqO8TxMpebble.o)
                0x0000000000002cd8                window_stack_push
 .text.window_stack_remove
                0x0000000000002ce4        0xc /Users/edwinfinch/Library/Application Support/Pebble SDK/SDKs/current/sdk-core/pebble/aplite/lib/libpebble.a(tmpqO8TxMpebble.o)
                0x0000000000002ce4                window_stack_remove
 .text.app_message_outbox_begin
                0x0000000000002cf0        0xc /Users/edwinfinch/Library/Application Support/Pebble SDK/SDKs/current/sdk-core/pebble/aplite/lib/libpebble.a(tmpqO8TxMpebble.o)
                0x0000000000002cf0                app_message_outbox_begin
 .text.app_message_outbox_send
                0x0000000000002cfc        0xc /Users/edwinfinch/Library/Application Support/Pebble SDK/SDKs/current/sdk-core/pebble/aplite/lib/libpebble.a(tmpqO8TxMpebble.o)
                0x0000000000002cfc                app_message_outbox_send
 .text.app_message_register_inbox_dropped
                0x0000000000002d08        0xc /Users/edwinfinch/Library/Application Support/Pebble SDK/SDKs/current/sdk-core/pebble/aplite/lib/libpebble.a(tmpqO8TxMpebble.o)
                0x0000000000002d08                app_message_register_inbox_dropped
 .text.app_message_register_inbox_received
                0x0000000000002d14        0xc /Users/edwinfinch/Library/Application Support/Pebble SDK/SDKs/current/sdk-core/pebble/aplite/lib/libpebble.a(tmpqO8TxMpebble.o)
                0x0000000000002d14                app_message_register_inbox_received
 .text.app_message_register_outbox_failed
                0x0000000000002d20        0xc /Users/edwinfinch/Library/Application Support/Pebble SDK/SDKs/current/sdk-core/pebble/aplite/lib/libpebble.a(tmpqO8TxMpebble.o)
                0x0000000000002d20                app_message_register_outbox_failed
 .text.window_long_click_subscribe
                0x0000000000002d2c        0xc /Users/edwinfinch/Library/Application Support/Pebble SDK/SDKs/current/sdk-core/pebble/aplite/lib/libpebble.a(tmpqO8TxMpebble.o)
                0x0000000000002d2c                window_long_click_subscribe
 .text.window_single_click_subscribe
                0x0000000000002d38        0xc /Users/edwinfinch/Library/Application Support/Pebble SDK/SDKs/current/sdk-core/pebble/aplite/lib/libpebble.a(tmpqO8TxMpebble.o)
                0x0000000000002d38                window_single_click_subscribe
 .text.graphics_draw_text
                0x0000000000002d44        0xc /Users/edwinfinch/Library/Application Support/Pebble SDK/SDKs/current/sdk-core/pebble/aplite/lib/libpebble.a(tmpqO8TxMpebble.o)
                0x0000000000002d44                graphics_draw_text
 .text.persist_read_data
                0x0000000000002d50        0xc /Users/edwinfinch/Library/Application Support/Pebble SDK/SDKs/current/sdk-core/pebble/aplite/lib/libpebble.a(tmpqO8TxMpebble.o)
                0x0000000000002d50                persist_read_data
 .text.persist_write_data
                0x0000000000002d5c        0xc /Users/edwinfinch/Library/Application Support/Pebble SDK/SDKs/current/sdk-core/pebble/aplite/lib/libpebble.a(tmpqO8TxMpebble.o)
                0x0000000000002d5c                persist_write_data
 .text.graphics_text_layout_get_content_size
                0x0000000000002d68        0xc /Users/edwinfinch/Library/Application Support/Pebble SDK/SDKs/current/sdk-core/pebble/aplite/lib/libpebble.a(tmpqO8TxMpebble.o)
                0x0000000000002d68                graphics_text_layout_get_content_size
 .text.heap_bytes_free
                0x0000000000002d74        0xc /Users/edwinfinch/Library/Application Support/Pebble SDK/SDKs/current/sdk-core/pebble/aplite/lib/libpebble.a(tmpqO8TxMpebble.o)
                0x0000000000002d74                heap_bytes_free
 .text.watch_info_get_model
                0x0000000000002d80        0xc /Users/edwinfinch/Library/Application Support/Pebble SDK/SDKs/current/sdk-core/pebble/aplite/lib/libpebble.a(tmpqO8TxMpebble.o)
                0x0000000000002d80                watch_info_get_model
 .text.launch_reason
                0x0000000000002d8c        0xc /Users/edwinfinch/Library/Application Support/Pebble SDK/SDKs/current/sdk-core/pebble/aplite/lib/libpebble.a(tmpqO8TxMpebble.o)
                0x0000000000002d8c                launch_reason
 .text.wakeup_get_launch_event
                0x0000000000002d98        0xc /Users/edwinfinch/Library/Application Support/Pebble SDK/SDKs/current/sdk-core/pebble/aplite/lib/libpebble.a(tmpqO8TxMpebble.o)
                0x0000000000002d98                wakeup_get_launch_event
 .text.wakeup_schedule
                0x0000000000002da4        0xc /Users/edwinfinch/Library/Application Support/Pebble SDK/SDKs/current/sdk-core/pebble/aplite/lib/libpebble.a(tmpqO8TxMpebble.o)
                0x0000000000002da4                wakeup_schedule
 .text.graphics_context_set_fill_color
                0x0000000000002db0        0xc /Users/edwinfinch/Library/Application Support/Pebble SDK/SDKs/current/sdk-core/pebble/aplite/lib/libpebble.a(tmpqO8TxMpebble.o)
                0x0000000000002db0                graphics_context_set_fill_color
 .text.graphics_context_set_text_color
                0x0000000000002dbc        0xc /Users/edwinfinch/Library/Application Support/Pebble SDK/SDKs/current/sdk-core/pebble/aplite/lib/libpebble.a(tmpqO8TxMpebble.o)
                0x0000000000002dbc                graphics_context_set_text_color
 .text.window_set_background_color
                0x0000000000002dc8        0xc /Users/edwinfinch/Library/Application Support/Pebble SDK/SDKs/current/sdk-core/pebble/aplite/lib/libpebble.a(tmpqO8TxMpebble.o)
                0x0000000000002dc8                window_set_background_color
 .text.gbitmap_get_bounds
                0x0000000000002dd4        0xc /Users/edwinfinch/Library/Application Support/Pebble SDK/SDKs/current/sdk-core/pebble/aplite/lib/libpebble.a(tmpqO8TxMpebble.o)
                0x0000000000002dd4                gbitmap_get_bounds
 .text.gbitmap_create_from_png_data
                0x0000000000002de0        0xc /Users/edwinfinch/Library/Application Support/Pebble SDK/SDKs/current/sdk-core/pebble/aplite/lib/libpebble.a(tmpqO8TxMpebble.o)
                0x0000000000002de0                gbitmap_create_from_png_data
 .text.menu_layer_create
                0x0000000000002dec        0xc /Users/edwinfinch/Library/Application Support/Pebble SDK/SDKs/current/sdk-core/pebble/aplite/lib/libpebble.a(tmpqO8TxMpebble.o)
                0x0000000000002dec                menu_layer_create
 .text.action_bar_layer_add_to_window
                0x0000000000002df8        0xc /Users/edwinfinch/Library/Application Support/Pebble SDK/SDKs/current/sdk-core/pebble/aplite/lib/libpebble.a(tmpqO8TxMpebble.o)
                0x0000000000002df8                action_bar_layer_add_to_window
 .text.action_bar_layer_create
                0x0000000000002e04        0xc /Users/edwinfinch/Library/Application Support/Pebble SDK/SDKs/current/sdk-core/pebble/aplite/lib/libpebble.a(tmpqO8TxMpebble.o)
                0x0000000000002e04                action_bar_layer_create
 .text.action_bar_layer_destroy
                0x0000000000002e10        0xc /Users/edwinfinch/Library/Application Support/Pebble SDK/SDKs/current/sdk-core/pebble/aplite/lib/libpebble.a(tmpqO8TxMpebble.o)
                0x0000000000002e10                action_bar_layer_destroy
 .text.action_bar_layer_get_layer
                0x0000000000002e1c        0xc /Users/edwinfinch/Library/Application Support/Pebble SDK/SDKs/current/sdk-core/pebble/aplite/lib/libpebble.a(tmpqO8TxMpebble.o)
                0x0000000000002e1c                action_bar_layer_get_layer
 .text.action_bar_layer_set_click_config_provider
                0x0000000000002e28        0xc /Users/edwinfinch/Library/Application Support/Pebble SDK/SDKs/current/sdk-core/pebble/aplite/lib/libpebble.a(tmpqO8TxMpebble.o)
                0x0000000000002e28                action_bar_layer_set_click_config_provider
 .text.action_bar_layer_set_icon_animated
                0x0000000000002e34        0xc /Users/edwinfinch/Library/Application Support/Pebble SDK/SDKs/current/sdk-core/pebble/aplite/lib/libpebble.a(tmpqO8TxMpebble.o)
                0x0000000000002e34                action_bar_layer_set_icon_animated
 .text.menu_cell_layer_is_highlighted
                0x0000000000002e40        0xc /Users/edwinfinch/Library/Application Support/Pebble SDK/SDKs/current/sdk-core/pebble/aplite/lib/libpebble.a(tmpqO8TxMpebble.o)
                0x0000000000002e40                menu_cell_layer_is_highlighted
 .text.text_layer_create
                0x0000000000002e4c        0xc /Users/edwinfinch/Library/Application Support/Pebble SDK/SDKs/current/sdk-core/pebble/aplite/lib/libpebble.a(tmpqO8TxMpebble.o)
                0x0000000000002e4c                text_layer_create
 .text.text_layer_destroy
                0x0000000000002e58        0xc /Users/edwinfinch/Library/Application Support/Pebble SDK/SDKs/current/sdk-core/pebble/aplite/lib/libpebble.a(tmpqO8TxMpebble.o)
                0x0000000000002e58                text_layer_destroy
 .text.text_layer_get_layer
                0x0000000000002e64        0xc /Users/edwinfinch/Library/Application Support/Pebble SDK/SDKs/current/sdk-core/pebble/aplite/lib/libpebble.a(tmpqO8TxMpebble.o)
                0x0000000000002e64                text_layer_get_layer
 .text.text_layer_set_background_color
                0x0000000000002e70        0xc /Users/edwinfinch/Library/Application Support/Pebble SDK/SDKs/current/sdk-core/pebble/aplite/lib/libpebble.a(tmpqO8TxMpebble.o)
                0x0000000000002e70                text_layer_set_background_color
 .text.text_layer_set_font
                0x0000000000002e7c        0xc /Users/edwinfinch/Library/Application Support/Pebble SDK/SDKs/current/sdk-core/pebble/aplite/lib/libpebble.a(tmpqO8TxMpebble.o)
                0x0000000000002e7c                text_layer_set_font
 .text.text_layer_set_overflow_mode
                0x0000000000002e88        0xc /Users/edwinfinch/Library/Application Support/Pebble SDK/SDKs/current/sdk-core/pebble/aplite/lib/libpebble.a(tmpqO8TxMpebble.o)
                0x0000000000002e88                text_layer_set_overflow_mode
 .text.text_layer_set_text
                0x0000000000002e94        0xc /Users/edwinfinch/Library/Application Support/Pebble SDK/SDKs/current/sdk-core/pebble/aplite/lib/libpebble.a(tmpqO8TxMpebble.o)
                0x0000000000002e94                text_layer_set_text
 .text.text_layer_set_text_color
                0x0000000000002ea0        0xc /Users/edwinfinch/Library/Application Support/Pebble SDK/SDKs/current/sdk-core/pebble/aplite/lib/libpebble.a(tmpqO8TxMpebble.o)
                0x0000000000002ea0                text_layer_set_text_color
 .text.time     0x0000000000002eac        0xc /Users/edwinfinch/Library/Application Support/Pebble SDK/SDKs/current/sdk-core/pebble/aplite/lib/libpebble.a(tmpqO8TxMpebble.o)
                0x0000000000002eac                time
 .text.menu_layer_set_highlight_colors
                0x0000000000002eb8        0xc /Users/edwinfinch/Library/Application Support/Pebble SDK/SDKs/current/sdk-core/pebble/aplite/lib/libpebble.a(tmpqO8TxMpebble.o)
                0x0000000000002eb8                menu_layer_set_highlight_colors
 .text.menu_layer_set_normal_colors
                0x0000000000002ec4        0xc /Users/edwinfinch/Library/Application Support/Pebble SDK/SDKs/current/sdk-core/pebble/aplite/lib/libpebble.a(tmpqO8TxMpebble.o)
                0x0000000000002ec4                menu_layer_set_normal_colors
 .text.menu_layer_set_callbacks
                0x0000000000002ed0        0xc /Users/edwinfinch/Library/Application Support/Pebble SDK/SDKs/current/sdk-core/pebble/aplite/lib/libpebble.a(tmpqO8TxMpebble.o)
                0x0000000000002ed0                menu_layer_set_callbacks
 .text.connection_service_peek_pebble_app_connection
                0x0000000000002edc        0xc /Users/edwinfinch/Library/Application Support/Pebble SDK/SDKs/current/sdk-core/pebble/aplite/lib/libpebble.a(tmpqO8TxMpebble.o)
                0x0000000000002edc                connection_service_peek_pebble_app_connection
 .text.connection_service_peek_pebblekit_connection
                0x0000000000002ee8        0xc /Users/edwinfinch/Library/Application Support/Pebble SDK/SDKs/current/sdk-core/pebble/aplite/lib/libpebble.a(tmpqO8TxMpebble.o)
                0x0000000000002ee8                connection_service_peek_pebblekit_connection
 .text.connection_service_subscribe
                0x0000000000002ef4        0xc /Users/edwinfinch/Library/Application Support/Pebble SDK/SDKs/current/sdk-core/pebble/aplite/lib/libpebble.a(tmpqO8TxMpebble.o)
                0x0000000000002ef4                connection_service_subscribe
 *(.rodata)
 .rodata        0x0000000000002f00        0x8 src/windows/connection_window.c.33.o
 .rodata        0x0000000000002f08       0x10 src/windows/library_menus.c.33.o
 .rodata        0x0000000000002f18        0x8 src/windows/main_menu.c.33.o
 .rodata        0x0000000000002f20       0x20 src/windows/now_playing.c.33.o
 *(.rodata*)
 .rodata.str1.1
                0x0000000000002f40       0x1a src/layers/marquee_text.c.33.o
 .rodata.str1.1
                0x0000000000002f5a      0x3bf src/windows/connection_window.c.33.o
                                        0x3c6 (size before relaxing)
 .rodata.str1.1
                0x0000000000003319       0x7f src/windows/library_menus.c.33.o
                                         0x80 (size before relaxing)
 .rodata.str1.1
                0x0000000000003398       0x5c src/windows/main_menu.c.33.o
                                         0x5d (size before relaxing)
 .rodata.str1.1
                0x00000000000033f4       0x47 src/windows/now_playing.c.33.o
                                         0x5d (size before relaxing)
 *fill*         0x000000000000343b        0x1 
 .rodata.segments.7811
                0x000000000000343c        0x8 src/windows/now_playing.c.33.o

.glue_7         0x0000000000003444        0x0
 .glue_7        0x0000000000000000        0x0 linker stubs

.glue_7t        0x0000000000003444        0x0
 .glue_7t       0x0000000000000000        0x0 linker stubs

.vfp11_veneer   0x0000000000003444        0x0
 .vfp11_veneer  0x0000000000000000        0x0 linker stubs

.v4_bx          0x0000000000003444        0x0
 .v4_bx         0x0000000000000000        0x0 linker stubs

.iplt           0x0000000000003444        0x0
 .iplt          0x0000000000000000        0x0 /usr/local/Cellar/pebble-toolchain/2.0/arm-cs-tools/bin/../lib/gcc/arm-none-eabi/4.7.2/thumb2/crtbegin.o

.rel.dyn        0x0000000000003444        0x0
 .rel.iplt      0x0000000000000000        0x0 /usr/local/Cellar/pebble-toolchain/2.0/arm-cs-tools/bin/../lib/gcc/arm-none-eabi/4.7.2/thumb2/crtbegin.o
 .rel.got       0x0000000000000000        0x0 /usr/local/Cellar/pebble-toolchain/2.0/arm-cs-tools/bin/../lib/gcc/arm-none-eabi/4.7.2/thumb2/crtbegin.o

.data           0x0000000000003444       0x8d
 *(.data)
 .data          0x0000000000003444        0x0 /usr/local/Cellar/pebble-toolchain/2.0/arm-cs-tools/bin/../lib/gcc/arm-none-eabi/4.7.2/thumb2/crti.o
 .data          0x0000000000003444        0x4 /usr/local/Cellar/pebble-toolchain/2.0/arm-cs-tools/bin/../lib/gcc/arm-none-eabi/4.7.2/thumb2/crtbegin.o
                0x0000000000003444                __dso_handle
 .data          0x0000000000003448        0x0 src/common.c.33.o
 .data          0x0000000000003448        0x0 src/gbitmap.c.33.o
 .data          0x0000000000003448        0x0 src/ipod.c.33.o
 .data          0x0000000000003448        0x0 src/ipod_state.c.33.o
 .data          0x0000000000003448        0x0 src/layers/marquee_text.c.33.o
 .data          0x0000000000003448        0x0 src/layers/progress_bar.c.33.o
 .data          0x0000000000003448        0x0 src/settings.c.33.o
 .data          0x0000000000003448        0x8 src/windows/connection_window.c.33.o
 .data          0x0000000000003450        0x0 src/windows/library_menus.c.33.o
 .data          0x0000000000003450        0x0 src/windows/main_menu.c.33.o
 .data          0x0000000000003450        0x0 src/windows/message_window.c.33.o
 .data          0x0000000000003450        0x8 src/windows/now_playing.c.33.o
 .data          0x0000000000003458        0x0 aplite/appinfo.auto.c.33.o
 .data          0x0000000000003458        0x0 aplite/src/resource_ids.auto.c.33.o
 .data          0x0000000000003458        0x0 /Users/edwinfinch/Library/Application Support/Pebble SDK/SDKs/current/sdk-core/pebble/aplite/lib/libpebble.a(tmpqO8TxMpebble.o)
 .data          0x0000000000003458        0x0 /usr/local/Cellar/pebble-toolchain/2.0/arm-cs-tools/bin/../lib/gcc/arm-none-eabi/4.7.2/thumb2/crtend.o
 .data          0x0000000000003458        0x0 /usr/local/Cellar/pebble-toolchain/2.0/arm-cs-tools/bin/../lib/gcc/arm-none-eabi/4.7.2/thumb2/crtn.o
 *(.data.*)
 .data.s_sequence_number
                0x0000000000003458        0x4 src/common.c.33.o
 .data.first_open
                0x000000000000345c        0x1 src/ipod_state.c.33.o
                0x000000000000345c                first_open
 .data.first_call
                0x000000000000345d        0x1 src/ipod_state.c.33.o
                0x000000000000345d                first_call
 *fill*         0x000000000000345e        0x2 
 .data.rel.local.connection_titles
                0x0000000000003460       0x18 src/windows/connection_window.c.33.o
                0x0000000000003460                connection_titles
 .data.rel.local.connection_descriptions
                0x0000000000003478       0x18 src/windows/connection_window.c.33.o
                0x0000000000003478                connection_descriptions
 .data.rel.local.repeat_modes
                0x0000000000003490       0x10 src/windows/library_menus.c.33.o
                0x0000000000003490                repeat_modes
 .data.rel.ro.local.titles.7774
                0x00000000000034a0       0x18 src/windows/main_menu.c.33.o
 .data.rel.ro.callbacks.7775
                0x00000000000034b8       0x18 src/windows/main_menu.c.33.o
 .data.now_playing_action_bar_is_showing
                0x00000000000034d0        0x1 src/windows/now_playing.c.33.o
                0x00000000000034d0                now_playing_action_bar_is_showing

.igot.plt       0x00000000000034d4        0x0
 .igot.plt      0x0000000000000000        0x0 /usr/local/Cellar/pebble-toolchain/2.0/arm-cs-tools/bin/../lib/gcc/arm-none-eabi/4.7.2/thumb2/crtbegin.o

.got            0x00000000000034d4       0x8c
 .got           0x00000000000034d4       0x8c /usr/local/Cellar/pebble-toolchain/2.0/arm-cs-tools/bin/../lib/gcc/arm-none-eabi/4.7.2/thumb2/crtbegin.o

.got.plt        0x0000000000003560        0xc
 .got.plt       0x0000000000003560        0xc /usr/local/Cellar/pebble-toolchain/2.0/arm-cs-tools/bin/../lib/gcc/arm-none-eabi/4.7.2/thumb2/crtbegin.o
                0x0000000000003560                _GLOBAL_OFFSET_TABLE_

.bss            0x000000000000356c      0x2f8
 *(.bss)
 *(.bss.*)
 .bss.s_artist  0x000000000000356c       0x64 src/ipod_state.c.33.o
 .bss.s_title   0x00000000000035d0       0x64 src/ipod_state.c.33.o
 .bss.now_playing_album_art_size
                0x0000000000003634        0x8 src/ipod_state.c.33.o
 .bss.album_art_data
                0x000000000000363c        0x8 src/ipod_state.c.33.o
 .bss.head      0x0000000000003644        0x4 src/layers/marquee_text.c.33.o
 .bss.description.7734
                0x0000000000003648       0x96 src/windows/connection_window.c.33.o
 .bss.title.7733
                0x00000000000036de       0x1e src/windows/connection_window.c.33.o
 .bss.main_menu_layer
                0x00000000000036fc        0x4 src/windows/main_menu.c.33.o
                0x00000000000036fc                main_menu_layer
 .bss.already_requested
                0x0000000000003700        0x1 src/windows/main_menu.c.33.o
                0x0000000000003700                already_requested
 .bss.draw_no_album
                0x0000000000003701        0x1 src/windows/now_playing.c.33.o
 *fill*         0x0000000000003702        0x2 
 .bss.no_album_art_bitmap
                0x0000000000003704        0x4 src/windows/now_playing.c.33.o
                0x0000000000003704                no_album_art_bitmap
 .bss.icon_fast_forward
                0x0000000000003708        0x4 src/windows/now_playing.c.33.o
 .bss.controlling_volume
                0x000000000000370c        0x1 src/windows/now_playing.c.33.o
 .bss.current_jump.7756
                0x000000000000370d        0x1 src/windows/now_playing.c.33.o
 *fill*         0x000000000000370e        0x2 
 .bss.icon_play
                0x0000000000003710        0x4 src/windows/now_playing.c.33.o
 .bss.icon_pause
                0x0000000000003714        0x4 src/windows/now_playing.c.33.o
 .bss.icon_more
                0x0000000000003718        0x4 src/windows/now_playing.c.33.o
 .bss.icon_volume_up
                0x000000000000371c        0x4 src/windows/now_playing.c.33.o
 .bss.previous_play_status
                0x0000000000003720        0x1 src/windows/now_playing.c.33.o
                0x0000000000003720                previous_play_status
 .bss.pebble_controls_pushed_select
                0x0000000000003721        0x1 src/windows/now_playing.c.33.o
                0x0000000000003721                pebble_controls_pushed_select
 *fill*         0x0000000000003722        0x2 
 .bss.icon_rewind
                0x0000000000003724        0x4 src/windows/now_playing.c.33.o
 .bss.icon_volume_down
                0x0000000000003728        0x4 src/windows/now_playing.c.33.o
 .bss.action_bar_timer_registered
                0x000000000000372c        0x1 src/windows/now_playing.c.33.o
                0x000000000000372c                action_bar_timer_registered
 .bss.is_shown  0x000000000000372d        0x1 src/windows/now_playing.c.33.o
 *fill*         0x000000000000372e        0x2 
 COMMON         0x0000000000003730        0x4 src/ipod.c.33.o
                0x0000000000003730                window
 COMMON         0x0000000000003734       0x1d src/ipod_state.c.33.o
                0x0000000000003734                ipod_state_callback
                0x0000000000003738                s_shuffle_mode
                0x000000000000373c                s_current_time
                0x0000000000003740                current_type
                0x0000000000003741                s_repeat_mode
                0x0000000000003744                album_art_bitmap
                0x000000000000374c                s_duration
                0x0000000000003750                s_playback_state
 *fill*         0x0000000000003751        0x3 
 COMMON         0x0000000000003754        0x7 src/settings.c.33.o
                0x0000000000003754                current_callback
                0x0000000000003758                current_settings
 *fill*         0x000000000000375b        0x1 
 COMMON         0x000000000000375c        0x5 src/windows/connection_window.c.33.o
                0x000000000000375c                connection_window
                0x0000000000003760                current_tasty_cookie
 *fill*         0x0000000000003761        0x3 
 COMMON         0x0000000000003764       0x24 src/windows/library_menus.c.33.o
                0x0000000000003764                repeat_icon_inverted
                0x0000000000003768                shuffle_icon
                0x000000000000376c                menu_stack_count
                0x0000000000003770                repeat_icon
                0x0000000000003774                shuffle_icon_inverted
                0x0000000000003778                menu_stack
 COMMON         0x0000000000003788       0x98 src/windows/main_menu.c.33.o
                0x0000000000003788                main_menu_window
                0x000000000000378c                main_menu_items
                0x00000000000037ec                main_menu_icons
                0x0000000000003804                highlight_index
                0x0000000000003808                main_menu_icons_inverted
 COMMON         0x0000000000003820       0x44 src/windows/now_playing.c.33.o
                0x0000000000003820                now_playing_timer
                0x0000000000003824                artist_font
                0x0000000000003828                now_playing_window
                0x000000000000382c                background_colour
                0x000000000000382d                now_playing_settings
                0x0000000000003830                now_playing_progress_bar
                0x0000000000003834                now_playing_artist_layer
                0x0000000000003838                now_playing_album_art_layer
                0x0000000000003840                now_playing_title_layer
                0x0000000000003844                action_bar_timer
                0x0000000000003848                artist_frame
                0x0000000000003850                control_action_bar
                0x0000000000003854                now_playing_graphics_layer
                0x0000000000003858                invert_controls_timer
                0x000000000000385c                now_playing_album_art_bitmap

DISCARD
 libc.a(*)
 libm.a(*)
 libgcc.a(*)
 *(.eh_frame)
OUTPUT(/Users/edwinfinch/Desktop/Lignite Music/music-pebble/build/aplite/pebble-app.elf elf32-littlearm)

.ARM.attributes
                0x0000000000000000       0x27
 .ARM.attributes
                0x0000000000000000       0x19 /usr/local/Cellar/pebble-toolchain/2.0/arm-cs-tools/bin/../lib/gcc/arm-none-eabi/4.7.2/thumb2/crti.o
 .ARM.attributes
                0x0000000000000019       0x29 /usr/local/Cellar/pebble-toolchain/2.0/arm-cs-tools/bin/../lib/gcc/arm-none-eabi/4.7.2/thumb2/crtbegin.o
 .ARM.attributes
                0x0000000000000042       0x33 src/common.c.33.o
 .ARM.attributes
                0x0000000000000075       0x33 src/gbitmap.c.33.o
 .ARM.attributes
                0x00000000000000a8       0x33 src/ipod.c.33.o
 .ARM.attributes
                0x00000000000000db       0x33 src/ipod_state.c.33.o
 .ARM.attributes
                0x000000000000010e       0x33 src/layers/marquee_text.c.33.o
 .ARM.attributes
                0x0000000000000141       0x33 src/layers/progress_bar.c.33.o
 .ARM.attributes
                0x0000000000000174       0x33 src/settings.c.33.o
 .ARM.attributes
                0x00000000000001a7       0x33 src/windows/connection_window.c.33.o
 .ARM.attributes
                0x00000000000001da       0x33 src/windows/library_menus.c.33.o
 .ARM.attributes
                0x000000000000020d       0x33 src/windows/main_menu.c.33.o
 .ARM.attributes
                0x0000000000000240       0x33 src/windows/message_window.c.33.o
 .ARM.attributes
                0x0000000000000273       0x33 src/windows/now_playing.c.33.o
 .ARM.attributes
                0x00000000000002a6       0x33 aplite/appinfo.auto.c.33.o
 .ARM.attributes
                0x00000000000002d9       0x33 aplite/src/resource_ids.auto.c.33.o
 .ARM.attributes
                0x000000000000030c       0x21 /Users/edwinfinch/Library/Application Support/Pebble SDK/SDKs/current/sdk-core/pebble/aplite/lib/libpebble.a(tmpqO8TxMpebble.o)
 .ARM.attributes
                0x000000000000032d       0x29 /usr/local/Cellar/pebble-toolchain/2.0/arm-cs-tools/bin/../lib/gcc/arm-none-eabi/4.7.2/thumb2/crtend.o
 .ARM.attributes
                0x0000000000000356       0x19 /usr/local/Cellar/pebble-toolchain/2.0/arm-cs-tools/bin/../lib/gcc/arm-none-eabi/4.7.2/thumb2/crtn.o

.comment        0x0000000000000000       0x4e
 .comment       0x0000000000000000       0x4e /usr/local/Cellar/pebble-toolchain/2.0/arm-cs-tools/bin/../lib/gcc/arm-none-eabi/4.7.2/thumb2/crtbegin.o
                                         0x4f (size before relaxing)
 .comment       0x0000000000000000       0x4f src/common.c.33.o
 .comment       0x0000000000000000       0x4f src/gbitmap.c.33.o
 .comment       0x0000000000000000       0x4f src/ipod.c.33.o
 .comment       0x0000000000000000       0x4f src/ipod_state.c.33.o
 .comment       0x0000000000000000       0x4f src/layers/marquee_text.c.33.o
 .comment       0x0000000000000000       0x4f src/layers/progress_bar.c.33.o
 .comment       0x0000000000000000       0x4f src/settings.c.33.o
 .comment       0x0000000000000000       0x4f src/windows/connection_window.c.33.o
 .comment       0x0000000000000000       0x4f src/windows/library_menus.c.33.o
 .comment       0x0000000000000000       0x4f src/windows/main_menu.c.33.o
 .comment       0x0000000000000000       0x4f src/windows/message_window.c.33.o
 .comment       0x0000000000000000       0x4f src/windows/now_playing.c.33.o
 .comment       0x0000000000000000       0x4f aplite/appinfo.auto.c.33.o
 .comment       0x0000000000000000       0x4f aplite/src/resource_ids.auto.c.33.o
 .comment       0x0000000000000000       0x4f /usr/local/Cellar/pebble-toolchain/2.0/arm-cs-tools/bin/../lib/gcc/arm-none-eabi/4.7.2/thumb2/crtend.o

.debug_info     0x0000000000000000     0xa09c
 .debug_info    0x0000000000000000      0xa1b src/common.c.33.o
 .debug_info    0x0000000000000a1b       0x79 src/gbitmap.c.33.o
 .debug_info    0x0000000000000a94      0x4a5 src/ipod.c.33.o
 .debug_info    0x0000000000000f39     0x10f8 src/ipod_state.c.33.o
 .debug_info    0x0000000000002031      0x9cc src/layers/marquee_text.c.33.o
 .debug_info    0x00000000000029fd      0x66d src/layers/progress_bar.c.33.o
 .debug_info    0x000000000000306a      0x270 src/settings.c.33.o
 .debug_info    0x00000000000032da     0x16e1 src/windows/connection_window.c.33.o
 .debug_info    0x00000000000049bb     0x1dd9 src/windows/library_menus.c.33.o
 .debug_info    0x0000000000006794     0x10e9 src/windows/main_menu.c.33.o
 .debug_info    0x000000000000787d       0x79 src/windows/message_window.c.33.o
 .debug_info    0x00000000000078f6     0x231f src/windows/now_playing.c.33.o
 .debug_info    0x0000000000009c15      0x2e6 aplite/appinfo.auto.c.33.o
 .debug_info    0x0000000000009efb      0x1a1 aplite/src/resource_ids.auto.c.33.o

.debug_abbrev   0x0000000000000000     0x2004
 .debug_abbrev  0x0000000000000000      0x290 src/common.c.33.o
 .debug_abbrev  0x0000000000000290       0x26 src/gbitmap.c.33.o
 .debug_abbrev  0x00000000000002b6      0x1e6 src/ipod.c.33.o
 .debug_abbrev  0x000000000000049c      0x3bc src/ipod_state.c.33.o
 .debug_abbrev  0x0000000000000858      0x2be src/layers/marquee_text.c.33.o
 .debug_abbrev  0x0000000000000b16      0x2a4 src/layers/progress_bar.c.33.o
 .debug_abbrev  0x0000000000000dba      0x1aa src/settings.c.33.o
 .debug_abbrev  0x0000000000000f64      0x341 src/windows/connection_window.c.33.o
 .debug_abbrev  0x00000000000012a5      0x481 src/windows/library_menus.c.33.o
 .debug_abbrev  0x0000000000001726      0x308 src/windows/main_menu.c.33.o
 .debug_abbrev  0x0000000000001a2e       0x26 src/windows/message_window.c.33.o
 .debug_abbrev  0x0000000000001a54      0x4e4 src/windows/now_playing.c.33.o
 .debug_abbrev  0x0000000000001f38       0x88 aplite/appinfo.auto.c.33.o
 .debug_abbrev  0x0000000000001fc0       0x44 aplite/src/resource_ids.auto.c.33.o

.debug_loc      0x0000000000000000     0x2dd7
 .debug_loc     0x0000000000000000      0x1e0 src/common.c.33.o
 .debug_loc     0x00000000000001e0       0xc2 src/ipod.c.33.o
 .debug_loc     0x00000000000002a2      0x561 src/ipod_state.c.33.o
 .debug_loc     0x0000000000000803      0x2b5 src/layers/marquee_text.c.33.o
 .debug_loc     0x0000000000000ab8      0x22a src/layers/progress_bar.c.33.o
 .debug_loc     0x0000000000000ce2       0x7e src/settings.c.33.o
 .debug_loc     0x0000000000000d60      0x5a6 src/windows/connection_window.c.33.o
 .debug_loc     0x0000000000001306      0xf25 src/windows/library_menus.c.33.o
 .debug_loc     0x000000000000222b      0x43c src/windows/main_menu.c.33.o
 .debug_loc     0x0000000000002667      0x770 src/windows/now_playing.c.33.o

.debug_aranges  0x0000000000000000      0x518
 .debug_aranges
                0x0000000000000000       0x48 src/common.c.33.o
 .debug_aranges
                0x0000000000000048       0x18 src/gbitmap.c.33.o
 .debug_aranges
                0x0000000000000060       0x38 src/ipod.c.33.o
 .debug_aranges
                0x0000000000000098       0xa0 src/ipod_state.c.33.o
 .debug_aranges
                0x0000000000000138       0x68 src/layers/marquee_text.c.33.o
 .debug_aranges
                0x00000000000001a0       0x48 src/layers/progress_bar.c.33.o
 .debug_aranges
                0x00000000000001e8       0x48 src/settings.c.33.o
 .debug_aranges
                0x0000000000000230       0xa0 src/windows/connection_window.c.33.o
 .debug_aranges
                0x00000000000002d0       0x88 src/windows/library_menus.c.33.o
 .debug_aranges
                0x0000000000000358       0xa0 src/windows/main_menu.c.33.o
 .debug_aranges
                0x00000000000003f8       0x18 src/windows/message_window.c.33.o
 .debug_aranges
                0x0000000000000410       0xd8 src/windows/now_playing.c.33.o
 .debug_aranges
                0x00000000000004e8       0x18 aplite/appinfo.auto.c.33.o
 .debug_aranges
                0x0000000000000500       0x18 aplite/src/resource_ids.auto.c.33.o

.debug_ranges   0x0000000000000000      0x640
 .debug_ranges  0x0000000000000000       0x38 src/common.c.33.o
 .debug_ranges  0x0000000000000038       0x28 src/ipod.c.33.o
 .debug_ranges  0x0000000000000060      0x138 src/ipod_state.c.33.o
 .debug_ranges  0x0000000000000198       0x58 src/layers/marquee_text.c.33.o
 .debug_ranges  0x00000000000001f0       0x38 src/layers/progress_bar.c.33.o
 .debug_ranges  0x0000000000000228       0x38 src/settings.c.33.o
 .debug_ranges  0x0000000000000260       0xa8 src/windows/connection_window.c.33.o
 .debug_ranges  0x0000000000000308      0x110 src/windows/library_menus.c.33.o
 .debug_ranges  0x0000000000000418       0xa8 src/windows/main_menu.c.33.o
 .debug_ranges  0x00000000000004c0      0x180 src/windows/now_playing.c.33.o

.debug_line     0x0000000000000000     0x2836
 .debug_line    0x0000000000000000      0x25d src/common.c.33.o
 .debug_line    0x000000000000025d       0x1d src/gbitmap.c.33.o
 .debug_line    0x000000000000027a      0x2ac src/ipod.c.33.o
 .debug_line    0x0000000000000526      0x47b src/ipod_state.c.33.o
 .debug_line    0x00000000000009a1      0x312 src/layers/marquee_text.c.33.o
 .debug_line    0x0000000000000cb3      0x286 src/layers/progress_bar.c.33.o
 .debug_line    0x0000000000000f39      0x257 src/settings.c.33.o
 .debug_line    0x0000000000001190      0x4c7 src/windows/connection_window.c.33.o
 .debug_line    0x0000000000001657      0x602 src/windows/library_menus.c.33.o
 .debug_line    0x0000000000001c59      0x3c6 src/windows/main_menu.c.33.o
 .debug_line    0x000000000000201f       0x1d src/windows/message_window.c.33.o
 .debug_line    0x000000000000203c      0x5fd src/windows/now_playing.c.33.o
 .debug_line    0x0000000000002639      0x139 aplite/appinfo.auto.c.33.o
 .debug_line    0x0000000000002772       0xc4 aplite/src/resource_ids.auto.c.33.o

.debug_str      0x0000000000000000     0x37b5
 .debug_str     0x0000000000000000      0x80d src/common.c.33.o
                                        0x8e6 (size before relaxing)
 .debug_str     0x000000000000080d       0x11 src/gbitmap.c.33.o
                                         0xf0 (size before relaxing)
 .debug_str     0x000000000000081e      0x215 src/ipod.c.33.o
                                        0x469 (size before relaxing)
 .debug_str     0x0000000000000a33      0x805 src/ipod_state.c.33.o
                                        0xef8 (size before relaxing)
 .debug_str     0x0000000000001238      0x3b6 src/layers/marquee_text.c.33.o
                                        0x550 (size before relaxing)
 .debug_str     0x00000000000015ee      0x1ac src/layers/progress_bar.c.33.o
                                        0x3da (size before relaxing)
 .debug_str     0x000000000000179a       0xab src/settings.c.33.o
                                        0x234 (size before relaxing)
 .debug_str     0x0000000000001845      0x822 src/windows/connection_window.c.33.o
                                       0x12ef (size before relaxing)
 .debug_str     0x0000000000002067      0x8d5 src/windows/library_menus.c.33.o
                                       0x1471 (size before relaxing)
 .debug_str     0x000000000000293c      0x377 src/windows/main_menu.c.33.o
                                        0xb71 (size before relaxing)
 .debug_str     0x0000000000002cb3       0x20 src/windows/message_window.c.33.o
                                         0xff (size before relaxing)
 .debug_str     0x0000000000002cd3      0x7b8 src/windows/now_playing.c.33.o
                                       0x1845 (size before relaxing)
 .debug_str     0x000000000000348b      0x15d aplite/appinfo.auto.c.33.o
                                        0x25e (size before relaxing)
 .debug_str     0x00000000000035e8      0x1cd aplite/src/resource_ids.auto.c.33.o
                                        0x2a1 (size before relaxing)

.debug_frame    0x0000000000000000      0xbb4
 .debug_frame   0x0000000000000000       0x98 src/common.c.33.o
 .debug_frame   0x0000000000000098       0x70 src/ipod.c.33.o
 .debug_frame   0x0000000000000108      0x190 src/ipod_state.c.33.o
 .debug_frame   0x0000000000000298       0xe4 src/layers/marquee_text.c.33.o
 .debug_frame   0x000000000000037c       0x98 src/layers/progress_bar.c.33.o
 .debug_frame   0x0000000000000414       0x8c src/settings.c.33.o
 .debug_frame   0x00000000000004a0      0x1a0 src/windows/connection_window.c.33.o
 .debug_frame   0x0000000000000640      0x198 src/windows/library_menus.c.33.o
 .debug_frame   0x00000000000007d8      0x150 src/windows/main_menu.c.33.o
 .debug_frame   0x0000000000000928      0x28c src/windows/now_playing.c.33.o
