Archive member included because of file (symbol)

/Users/edwinfinch/Library/Application Support/Pebble SDK/SDKs/current/sdk-core/pebble/aplite/lib/libpebble.a(tmpqO8TxMpebble.o)
                              src/ipod.c.33.o (app_event_loop)

Allocating common symbols
Common symbol       size              file

ipod_state_callback
                    0x4               src/ipod_state.c.33.o
now_playing_timer   0x4               src/windows/now_playing.c.33.o
connection_window   0x4               src/windows/connection_window.c.33.o
main_menu_window    0x4               src/windows/main_menu.c.33.o
main_menu_items     0x60              src/windows/main_menu.c.33.o
main_menu_icons     0x18              src/windows/main_menu.c.33.o
artist_font         0x4               src/windows/now_playing.c.33.o
s_shuffle_mode      0x1               src/ipod_state.c.33.o
repeat_icon_inverted
                    0x4               src/windows/library_menus.c.33.o
current_callback    0x4               src/settings.c.33.o
now_playing_window  0x4               src/windows/now_playing.c.33.o
background_colour   0x1               src/windows/now_playing.c.33.o
now_playing_settings
                    0x4               src/windows/now_playing.c.33.o
now_playing_progress_bar
                    0x4               src/windows/now_playing.c.33.o
now_playing_artist_layer
                    0x4               src/windows/now_playing.c.33.o
shuffle_icon        0x4               src/windows/library_menus.c.33.o
now_playing_album_art_layer
                    0x8               src/windows/now_playing.c.33.o
menu_stack_count    0x1               src/windows/library_menus.c.33.o
now_playing_title_layer
                    0x4               src/windows/now_playing.c.33.o
action_bar_timer    0x4               src/windows/now_playing.c.33.o
highlight_index     0x4               src/windows/main_menu.c.33.o
s_current_time      0x4               src/ipod_state.c.33.o
main_menu_icons_inverted
                    0x18              src/windows/main_menu.c.33.o
current_type        0x1               src/ipod_state.c.33.o
s_repeat_mode       0x1               src/ipod_state.c.33.o
current_settings    0x4               src/settings.c.33.o
album_art_bitmap    0x8               src/ipod_state.c.33.o
repeat_icon         0x4               src/windows/library_menus.c.33.o
shuffle_icon_inverted
                    0x4               src/windows/library_menus.c.33.o
s_duration          0x4               src/ipod_state.c.33.o
menu_stack          0x10              src/windows/library_menus.c.33.o
window              0x4               src/ipod.c.33.o
artist_frame        0x8               src/windows/now_playing.c.33.o
control_action_bar  0x4               src/windows/now_playing.c.33.o
now_playing_graphics_layer
                    0x4               src/windows/now_playing.c.33.o
s_playback_state    0x1               src/ipod_state.c.33.o
invert_controls_timer
                    0x4               src/windows/now_playing.c.33.o
now_playing_album_art_bitmap
                    0x8               src/windows/now_playing.c.33.o
current_tasty_cookie
                    0x1               src/windows/connection_window.c.33.o

Discarded input sections

 .text          0x0000000000000000        0x0 /usr/local/Cellar/pebble-toolchain/2.0/arm-cs-tools/bin/../lib/gcc/arm-none-eabi/4.7.2/thumb2/crti.o
 .bss           0x0000000000000000        0x0 /usr/local/Cellar/pebble-toolchain/2.0/arm-cs-tools/bin/../lib/gcc/arm-none-eabi/4.7.2/thumb2/crti.o
 .init          0x0000000000000000        0x4 /usr/local/Cellar/pebble-toolchain/2.0/arm-cs-tools/bin/../lib/gcc/arm-none-eabi/4.7.2/thumb2/crti.o
 .fini          0x0000000000000000        0x4 /usr/local/Cellar/pebble-toolchain/2.0/arm-cs-tools/bin/../lib/gcc/arm-none-eabi/4.7.2/thumb2/crti.o
 .text          0x0000000000000000       0xc8 /usr/local/Cellar/pebble-toolchain/2.0/arm-cs-tools/bin/../lib/gcc/arm-none-eabi/4.7.2/thumb2/crtbegin.o
 .bss           0x0000000000000000       0x1c /usr/local/Cellar/pebble-toolchain/2.0/arm-cs-tools/bin/../lib/gcc/arm-none-eabi/4.7.2/thumb2/crtbegin.o
 .init_array    0x0000000000000000        0x4 /usr/local/Cellar/pebble-toolchain/2.0/arm-cs-tools/bin/../lib/gcc/arm-none-eabi/4.7.2/thumb2/crtbegin.o
 .fini_array    0x0000000000000000        0x4 /usr/local/Cellar/pebble-toolchain/2.0/arm-cs-tools/bin/../lib/gcc/arm-none-eabi/4.7.2/thumb2/crtbegin.o
 .eh_frame      0x0000000000000000        0x0 /usr/local/Cellar/pebble-toolchain/2.0/arm-cs-tools/bin/../lib/gcc/arm-none-eabi/4.7.2/thumb2/crtbegin.o
 .jcr           0x0000000000000000        0x0 /usr/local/Cellar/pebble-toolchain/2.0/arm-cs-tools/bin/../lib/gcc/arm-none-eabi/4.7.2/thumb2/crtbegin.o
 .tm_clone_table
                0x0000000000000000        0x0 /usr/local/Cellar/pebble-toolchain/2.0/arm-cs-tools/bin/../lib/gcc/arm-none-eabi/4.7.2/thumb2/crtbegin.o
 .text          0x0000000000000000        0x0 src/common.c.33.o
[...]
Memory Configuration

Name             Origin             Length             Attributes
APP              0x0000000000000000 0x0000000000006000 xrw
*default*        0x0000000000000000 0xffffffffffffffff

Linker script and memory map

LOAD /usr/local/Cellar/pebble-toolchain/2.0/arm-cs-tools/bin/../lib/gcc/arm-none-eabi/4.7.2/thumb2/crti.o
LOAD /usr/local/Cellar/pebble-toolchain/2.0/arm-cs-tools/bin/../lib/gcc/arm-none-eabi/4.7.2/thumb2/crtbegin.o
LOAD src/common.c.33.o
LOAD src/gbitmap.c.33.o
LOAD src/ipod.c.33.o
LOAD src/ipod_state.c.33.o
LOAD src/layers/marquee_text.c.33.o
LOAD src/layers/progress_bar.c.33.o
LOAD src/settings.c.33.o
LOAD src/windows/connection_window.c.33.o
LOAD src/windows/library_menus.c.33.o
LOAD src/windows/main_menu.c.33.o
LOAD src/windows/message_window.c.33.o
LOAD src/windows/now_playing.c.33.o
LOAD aplite/appinfo.auto.c.33.o
LOAD aplite/src/resource_ids.auto.c.33.o
LOAD /Users/edwinfinch/Library/Application Support/Pebble SDK/SDKs/current/sdk-core/pebble/aplite/lib/libpebble.a
START GROUP
LOAD /usr/local/Cellar/pebble-toolchain/2.0/arm-cs-tools/bin/../lib/gcc/arm-none-eabi/4.7.2/thumb2/libgcc.a
LOAD /usr/local/Cellar/pebble-toolchain/2.0/arm-cs-tools/bin/../lib/gcc/arm-none-eabi/4.7.2/../../../../arm-none-eabi/lib/thumb2/libc.a
END GROUP
LOAD /usr/local/Cellar/pebble-toolchain/2.0/arm-cs-tools/bin/../lib/gcc/arm-none-eabi/4.7.2/thumb2/crtend.o
LOAD /usr/local/Cellar/pebble-toolchain/2.0/arm-cs-tools/bin/../lib/gcc/arm-none-eabi/4.7.2/thumb2/crtn.o

.header         0x0000000000000000       0x82
 *(.pbl_header)
 .pbl_header    0x0000000000000000       0x82 aplite/appinfo.auto.c.33.o
                0x0000000000000000                __pbl_app_info

.note.gnu.build-id
                0x0000000000000082       0x26
                0x0000000000000082                PROVIDE (BUILD_ID, .)
 *(.note.gnu.build-id)
 *fill*         0x0000000000000082        0x2 
 .note.gnu.build-id
                0x0000000000000084       0x24 linker stubs

.text           0x00000000000000a8     0x3433
 *(.text)
 .text          0x00000000000000a8       0x14 /Users/edwinfinch/Library/Application Support/Pebble SDK/SDKs/current/sdk-core/pebble/aplite/lib/libpebble.a(tmpqO8TxMpebble.o)
 *(.text.*)
 .text.ipod_message_timer_fire
                0x00000000000000bc        0x4 src/common.c.33.o
                0x00000000000000bc                ipod_message_timer_fire
 .text.ipod_message_destroy
                0x00000000000000c0       0x14 src/common.c.33.o
                0x00000000000000c0                ipod_message_destroy
 .text.ipod_message_outbox_get
                0x00000000000000d4       0x3c src/common.c.33.o
                0x00000000000000d4                ipod_message_outbox_get
 .text.tick_handler
                0x0000000000000110        0xe src/ipod.c.33.o
                0x0000000000000110                tick_handler
 *fill*         0x000000000000011e        0x2 
 .text.ipod_create
                0x0000000000000120       0x30 src/ipod.c.33.o
                0x0000000000000120                ipod_create
 .text.ipod_app_timer_handler
                0x0000000000000150        0xe src/ipod.c.33.o
                0x0000000000000150                ipod_app_timer_handler
 *fill*         0x000000000000015e        0x2 
 .text.startup.main
                0x0000000000000160       0x34 src/ipod.c.33.o
                0x0000000000000160                main
 .text.ipod_state_set_callback
                0x0000000000000194       0x14 src/ipod_state.c.33.o
                0x0000000000000194                ipod_state_set_callback
 .text.ipod_state_current_time
                0x00000000000001a8       0x14 src/ipod_state.c.33.o
                0x00000000000001a8                ipod_state_current_time
 .text.ipod_state_duration
                0x00000000000001bc       0x14 src/ipod_state.c.33.o
                0x00000000000001bc                ipod_state_duration
 .text.ipod_get_playback_state
                0x00000000000001d0       0x14 src/ipod_state.c.33.o
                0x00000000000001d0                ipod_get_playback_state
 .text.ipod_get_artist
                0x00000000000001e4        0xc src/ipod_state.c.33.o
                0x00000000000001e4                ipod_get_artist
 .text.ipod_get_title
                0x00000000000001f0        0xc src/ipod_state.c.33.o
                0x00000000000001f0                ipod_get_title
 .text.now_playing_request
                0x00000000000001fc       0x64 src/ipod_state.c.33.o
                0x00000000000001fc                now_playing_request
 .text.ipod_state_tick
                0x0000000000000260       0x58 src/ipod_state.c.33.o
                0x0000000000000260                ipod_state_tick
 .text.call_callback
                0x00000000000002b8       0x4c src/ipod_state.c.33.o
                0x00000000000002b8                call_callback
 .text.destroy_all_album_art
                0x0000000000000304       0x40 src/ipod_state.c.33.o
                0x0000000000000304                destroy_all_album_art
 .text.create_bitmap
                0x0000000000000344       0x74 src/ipod_state.c.33.o
                0x0000000000000344                create_bitmap
 .text.process_album_art_tuple
                0x00000000000003b8      0x108 src/ipod_state.c.33.o
                0x00000000000003b8                process_album_art_tuple
 .text.process_tuple
                0x00000000000004c0      0x184 src/ipod_state.c.33.o
                0x00000000000004c0                process_tuple
 .text.ipod_received_handler
                0x0000000000000644       0x20 src/ipod_state.c.33.o
                0x0000000000000644                ipod_received_handler
 .text.ipod_state_create
                0x0000000000000664       0x28 src/ipod_state.c.33.o
                0x0000000000000664                ipod_state_create
 .text.marquee_text_layer_update_proc
                0x000000000000068c      0x186 src/layers/marquee_text.c.33.o
                0x000000000000068c                marquee_text_layer_update_proc
 *fill*         0x0000000000000812        0x2 
 .text.marquee_text_layer_destroy
                0x0000000000000814       0x34 src/layers/marquee_text.c.33.o
                0x0000000000000814                marquee_text_layer_destroy
 .text.marquee_text_layer_get_layer
                0x0000000000000848        0x4 src/layers/marquee_text.c.33.o
                0x0000000000000848                marquee_text_layer_get_layer
 .text.marquee_text_layer_mark_dirty
                0x000000000000084c       0x14 src/layers/marquee_text.c.33.o
                0x000000000000084c                marquee_text_layer_mark_dirty
 .text.marquee_text_layer_set_font
                0x0000000000000860        0x6 src/layers/marquee_text.c.33.o
                0x0000000000000860                marquee_text_layer_set_font
 .text.marquee_text_layer_set_text
                0x0000000000000866        0x6 src/layers/marquee_text.c.33.o
                0x0000000000000866                marquee_text_layer_set_text
 .text.marquee_text_layer_create
                0x000000000000086c       0x90 src/layers/marquee_text.c.33.o
                0x000000000000086c                marquee_text_layer_create
 .text.marquee_text_layer_tick
                0x00000000000008fc       0x30 src/layers/marquee_text.c.33.o
                0x00000000000008fc                marquee_text_layer_tick
 .text.progress_bar_update_proc
                0x000000000000092c       0x64 src/layers/progress_bar.c.33.o
 .text.progress_bar_layer_create
                0x0000000000000990       0x40 src/layers/progress_bar.c.33.o
                0x0000000000000990                progress_bar_layer_create
 .text.progress_bar_layer_destroy
                0x00000000000009d0       0x14 src/layers/progress_bar.c.33.o
                0x00000000000009d0                progress_bar_layer_destroy
 .text.progress_bar_layer_get_layer
                0x00000000000009e4        0x4 src/layers/progress_bar.c.33.o
                0x00000000000009e4                progress_bar_layer_get_layer
 .text.progress_bar_layer_set_range
                0x00000000000009e8        0xe src/layers/progress_bar.c.33.o
                0x00000000000009e8                progress_bar_layer_set_range
 .text.progress_bar_layer_set_value
                0x00000000000009f6        0xc src/layers/progress_bar.c.33.o
                0x00000000000009f6                progress_bar_layer_set_value
 *fill*         0x0000000000000a02        0x2 
 .text.settings_service_subscribe
                0x0000000000000a04       0x14 src/settings.c.33.o
                0x0000000000000a04                settings_service_subscribe
 .text.settings_get_settings
                0x0000000000000a18       0x3c src/settings.c.33.o
                0x0000000000000a18                settings_get_settings
 .text.settings_prepare_defaults
                0x0000000000000a54       0x20 src/settings.c.33.o
                0x0000000000000a54                settings_prepare_defaults
 .text.settings_load
                0x0000000000000a74       0x28 src/settings.c.33.o
                0x0000000000000a74                settings_load
 .text.settings_save
                0x0000000000000a9c       0x18 src/settings.c.33.o
                0x0000000000000a9c                settings_save
 .text.settings_set_settings
                0x0000000000000ab4       0x34 src/settings.c.33.o
                0x0000000000000ab4                settings_set_settings
 .text.connection_window_unload
                0x0000000000000ae8       0x38 src/windows/connection_window.c.33.o
                0x0000000000000ae8                connection_window_unload
 .text.connection_window_load
                0x0000000000000b20      0x2d0 src/windows/connection_window.c.33.o
                0x0000000000000b20                connection_window_load
 .text.connection_window_background_proc
                0x0000000000000df0       0x2e src/windows/connection_window.c.33.o
                0x0000000000000df0                connection_window_background_proc
 *fill*         0x0000000000000e1e        0x2 
 .text.connection_window_click_config_provider
                0x0000000000000e20       0x24 src/windows/connection_window.c.33.o
                0x0000000000000e20                connection_window_click_config_provider
 .text.connection_window_click_back
                0x0000000000000e44        0x6 src/windows/connection_window.c.33.o
                0x0000000000000e44                connection_window_click_back
 *fill*         0x0000000000000e4a        0x2 
 .text.connection_window_click_select
                0x0000000000000e4c       0x34 src/windows/connection_window.c.33.o
                0x0000000000000e4c                connection_window_click_select
 .text.connection_window_send_test_message
                0x0000000000000e80       0x48 src/windows/connection_window.c.33.o
                0x0000000000000e80                connection_window_send_test_message
 .text.connection_window_reload
                0x0000000000000ec8       0x5c src/windows/connection_window.c.33.o
                0x0000000000000ec8                connection_window_reload
 .text.connection_window_push
                0x0000000000000f24       0x98 src/windows/connection_window.c.33.o
                0x0000000000000f24                connection_window_push
 .text.connection_window_pebblekit_connection_handler
                0x0000000000000fbc       0x24 src/windows/connection_window.c.33.o
                0x0000000000000fbc                connection_window_pebblekit_connection_handler
 .text.connection_window_pebble_app_connection_handler
                0x0000000000000fe0       0x24 src/windows/connection_window.c.33.o
                0x0000000000000fe0                connection_window_pebble_app_connection_handler
 .text.connection_window_outbox_failed_handler
                0x0000000000001004        0x6 src/windows/connection_window.c.33.o
                0x0000000000001004                connection_window_outbox_failed_handler
 .text.connection_window_inbox_dropped_handler
                0x000000000000100a        0xe src/windows/connection_window.c.33.o
                0x000000000000100a                connection_window_inbox_dropped_handler
 .text.connection_window_got_test_message
                0x0000000000001018       0x20 src/windows/connection_window.c.33.o
                0x0000000000001018                connection_window_got_test_message
 .text.connection_window_set_wakeup_cookie
                0x0000000000001038       0x14 src/windows/connection_window.c.33.o
                0x0000000000001038                connection_window_set_wakeup_cookie
 .text.connection_window_attach
                0x000000000000104c       0x34 src/windows/connection_window.c.33.o
                0x000000000000104c                connection_window_attach
 .text.get_num_rows
                0x0000000000001080       0x34 src/windows/library_menus.c.33.o
                0x0000000000001080                get_num_rows
 .text.draw_row
                0x00000000000010b4      0x244 src/windows/library_menus.c.33.o
                0x00000000000010b4                draw_row
 .text.library_menus_window_unload
                0x00000000000012f8       0x78 src/windows/library_menus.c.33.o
                0x00000000000012f8                library_menus_window_unload
 .text.library_menus_create
                0x0000000000001370       0x18 src/windows/library_menus.c.33.o
                0x0000000000001370                library_menus_create
 .text.library_menus_pop_all
                0x0000000000001388       0x28 src/windows/library_menus.c.33.o
                0x0000000000001388                library_menus_pop_all
 .text.build_parent_history
                0x00000000000013b0       0x7c src/windows/library_menus.c.33.o
                0x00000000000013b0                build_parent_history
 .text.send_library_request
                0x000000000000142c       0x34 src/windows/library_menus.c.33.o
                0x000000000000142c                send_library_request
 .text.selection_changed
                0x0000000000001460       0x7a src/windows/library_menus.c.33.o
                0x0000000000001460                selection_changed
 *fill*         0x00000000000014da        0x2 
 .text.play_track
                0x00000000000014dc       0x6c src/windows/library_menus.c.33.o
                0x00000000000014dc                play_track
 .text.clear_library_entry_data
                0x0000000000001548       0x16 src/windows/library_menus.c.33.o
                0x0000000000001548                clear_library_entry_data
 *fill*         0x000000000000155e        0x2 
 .text.library_menus_display_view
                0x0000000000001560      0x1b4 src/windows/library_menus.c.33.o
                0x0000000000001560                library_menus_display_view
 .text.select_click
                0x0000000000001714       0xbc src/windows/library_menus.c.33.o
                0x0000000000001714                select_click
 .text.library_menus_inbox
                0x00000000000017d0      0x190 src/windows/library_menus.c.33.o
                0x00000000000017d0                library_menus_inbox
 .text.main_menu_get_num_sections
                0x0000000000001960        0x4 src/windows/main_menu.c.33.o
                0x0000000000001960                main_menu_get_num_sections
 .text.menu_get_num_rows_callback
                0x0000000000001964        0x4 src/windows/main_menu.c.33.o
                0x0000000000001964                menu_get_num_rows_callback
 .text.menu_get_header_height_callback
                0x0000000000001968        0x4 src/windows/main_menu.c.33.o
                0x0000000000001968                menu_get_header_height_callback
 .text.update_highlight_colours
                0x000000000000196c        0x2 src/windows/main_menu.c.33.o
                0x000000000000196c                update_highlight_colours
 *fill*         0x000000000000196e        0x2 
 .text.menu_select_callback
                0x0000000000001970       0x20 src/windows/main_menu.c.33.o
                0x0000000000001970                menu_select_callback
 .text.open_composer_list
                0x0000000000001990       0x10 src/windows/main_menu.c.33.o
                0x0000000000001990                open_composer_list
 .text.open_genre_list
                0x00000000000019a0       0x10 src/windows/main_menu.c.33.o
                0x00000000000019a0                open_genre_list
 .text.open_playlist_list
                0x00000000000019b0       0x10 src/windows/main_menu.c.33.o
                0x00000000000019b0                open_playlist_list
 .text.open_album_list
                0x00000000000019c0       0x10 src/windows/main_menu.c.33.o
                0x00000000000019c0                open_album_list
 .text.open_artist_list
                0x00000000000019d0       0x10 src/windows/main_menu.c.33.o
                0x00000000000019d0                open_artist_list
 .text.open_now_playing
                0x00000000000019e0        0x4 src/windows/main_menu.c.33.o
                0x00000000000019e0                open_now_playing
 .text.menu_selection_changed
                0x00000000000019e4       0x2c src/windows/main_menu.c.33.o
                0x00000000000019e4                menu_selection_changed
 .text.main_menu_appear
                0x0000000000001a10        0x6 src/windows/main_menu.c.33.o
                0x0000000000001a10                main_menu_appear
 .text.main_menu_send_now_playing_request
                0x0000000000001a16        0x6 src/windows/main_menu.c.33.o
                0x0000000000001a16                main_menu_send_now_playing_request
 .text.menu_draw_row_callback
                0x0000000000001a1c       0x28 src/windows/main_menu.c.33.o
                0x0000000000001a1c                menu_draw_row_callback
 .text.main_menu_create
                0x0000000000001a44      0x1a4 src/windows/main_menu.c.33.o
                0x0000000000001a44                main_menu_create
 .text.main_menu_destroy
                0x0000000000001be8       0x10 src/windows/main_menu.c.33.o
                0x0000000000001be8                main_menu_destroy
 .text.now_playing_window_appear
                0x0000000000001bf8        0x6 src/windows/now_playing.c.33.o
                0x0000000000001bf8                now_playing_window_appear
 *fill*         0x0000000000001bfe        0x2 
 .text.now_playing_window_unload
                0x0000000000001c00      0x118 src/windows/now_playing.c.33.o
                0x0000000000001c00                now_playing_window_unload
 .text.now_playing_click_config_provider
                0x0000000000001d18       0x44 src/windows/now_playing.c.33.o
                0x0000000000001d18                now_playing_click_config_provider
 .text.animate_action_bar
                0x0000000000001d5c       0x20 src/windows/now_playing.c.33.o
                0x0000000000001d5c                animate_action_bar
 .text.now_playing_graphics_proc
                0x0000000000001d7c      0x26c src/windows/now_playing.c.33.o
                0x0000000000001d7c                now_playing_graphics_proc
 .text.display_no_album
                0x0000000000001fe8       0x40 src/windows/now_playing.c.33.o
                0x0000000000001fe8                display_no_album
 .text.now_playing_is_playing_music
                0x0000000000002028        0xe src/windows/now_playing.c.33.o
                0x0000000000002028                now_playing_is_playing_music
 *fill*         0x0000000000002036        0x2 
 .text.now_playing_invert_button_controls
                0x0000000000002038       0xc8 src/windows/now_playing.c.33.o
                0x0000000000002038                now_playing_invert_button_controls
 .text.now_playing_check_for_no_music
                0x0000000000002100       0x48 src/windows/now_playing.c.33.o
                0x0000000000002100                now_playing_check_for_no_music
 .text.now_playing_send_state_change
                0x0000000000002148       0x1e src/windows/now_playing.c.33.o
                0x0000000000002148                now_playing_send_state_change
 *fill*         0x0000000000002166        0x2 
 .text.now_playing_set_album_art
                0x0000000000002168       0x68 src/windows/now_playing.c.33.o
                0x0000000000002168                now_playing_set_album_art
 .text.now_playing_tick
                0x00000000000021d0       0x58 src/windows/now_playing.c.33.o
                0x00000000000021d0                now_playing_tick
 .text.now_playing_animation_tick
                0x0000000000002228       0x3c src/windows/now_playing.c.33.o
                0x0000000000002228                now_playing_animation_tick
 .text.now_playing_new_settings
                0x0000000000002264       0xf0 src/windows/now_playing.c.33.o
                0x0000000000002264                now_playing_new_settings
 .text.now_playing_action_bar_handle
                0x0000000000002354       0x98 src/windows/now_playing.c.33.o
                0x0000000000002354                now_playing_action_bar_handle
 .text.now_playing_long_clicked_select
                0x00000000000023ec       0x40 src/windows/now_playing.c.33.o
                0x00000000000023ec                now_playing_long_clicked_select
 .text.now_playing_state_callback
                0x000000000000242c      0x134 src/windows/now_playing.c.33.o
                0x000000000000242c                now_playing_state_callback
 .text.now_playing_window_load
                0x0000000000002560      0x350 src/windows/now_playing.c.33.o
                0x0000000000002560                now_playing_window_load
 .text.now_playing_reset_invert_controls
                0x00000000000028b0       0x40 src/windows/now_playing.c.33.o
                0x00000000000028b0                now_playing_reset_invert_controls
 .text.now_playing_clicked_down
                0x00000000000028f0       0x2c src/windows/now_playing.c.33.o
                0x00000000000028f0                now_playing_clicked_down
 .text.now_playing_clicked_select
                0x000000000000291c       0x58 src/windows/now_playing.c.33.o
                0x000000000000291c                now_playing_clicked_select
 .text.now_playing_clicked_up
                0x0000000000002974       0x2c src/windows/now_playing.c.33.o
                0x0000000000002974                now_playing_clicked_up
 .text.now_playing_show
                0x00000000000029a0       0x84 src/windows/now_playing.c.33.o
                0x00000000000029a0                now_playing_show
 .text.app_event_loop
                0x0000000000002a24        0xc /Users/edwinfinch/Library/Application Support/Pebble SDK/SDKs/current/sdk-core/pebble/aplite/lib/libpebble.a(tmpqO8TxMpebble.o)
                0x0000000000002a24                app_event_loop
 .text.app_message_open
                0x0000000000002a30        0xc /Users/edwinfinch/Library/Application Support/Pebble SDK/SDKs/current/sdk-core/pebble/aplite/lib/libpebble.a(tmpqO8TxMpebble.o)
                0x0000000000002a30                app_message_open
 .text.app_timer_cancel
                0x0000000000002a3c        0xc /Users/edwinfinch/Library/Application Support/Pebble SDK/SDKs/current/sdk-core/pebble/aplite/lib/libpebble.a(tmpqO8TxMpebble.o)
                0x0000000000002a3c                app_timer_cancel
 .text.app_timer_register
                0x0000000000002a48        0xc /Users/edwinfinch/Library/Application Support/Pebble SDK/SDKs/current/sdk-core/pebble/aplite/lib/libpebble.a(tmpqO8TxMpebble.o)
                0x0000000000002a48                app_timer_register
 .text.bitmap_layer_create
                0x0000000000002a54        0xc /Users/edwinfinch/Library/Application Support/Pebble SDK/SDKs/current/sdk-core/pebble/aplite/lib/libpebble.a(tmpqO8TxMpebble.o)
                0x0000000000002a54                bitmap_layer_create
 .text.bitmap_layer_destroy
                0x0000000000002a60        0xc /Users/edwinfinch/Library/Application Support/Pebble SDK/SDKs/current/sdk-core/pebble/aplite/lib/libpebble.a(tmpqO8TxMpebble.o)
                0x0000000000002a60                bitmap_layer_destroy
 .text.bitmap_layer_get_layer
                0x0000000000002a6c        0xc /Users/edwinfinch/Library/Application Support/Pebble SDK/SDKs/current/sdk-core/pebble/aplite/lib/libpebble.a(tmpqO8TxMpebble.o)
                0x0000000000002a6c                bitmap_layer_get_layer
 .text.bitmap_layer_set_bitmap
                0x0000000000002a78        0xc /Users/edwinfinch/Library/Application Support/Pebble SDK/SDKs/current/sdk-core/pebble/aplite/lib/libpebble.a(tmpqO8TxMpebble.o)
                0x0000000000002a78                bitmap_layer_set_bitmap
 .text.clock_is_24h_style
                0x0000000000002a84        0xc /Users/edwinfinch/Library/Application Support/Pebble SDK/SDKs/current/sdk-core/pebble/aplite/lib/libpebble.a(tmpqO8TxMpebble.o)
                0x0000000000002a84                clock_is_24h_style
 .text.dict_find
                0x0000000000002a90        0xc /Users/edwinfinch/Library/Application Support/Pebble SDK/SDKs/current/sdk-core/pebble/aplite/lib/libpebble.a(tmpqO8TxMpebble.o)
                0x0000000000002a90                dict_find
 .text.dict_read_first
                0x0000000000002a9c        0xc /Users/edwinfinch/Library/Application Support/Pebble SDK/SDKs/current/sdk-core/pebble/aplite/lib/libpebble.a(tmpqO8TxMpebble.o)
                0x0000000000002a9c                dict_read_first
 .text.dict_read_next
                0x0000000000002aa8        0xc /Users/edwinfinch/Library/Application Support/Pebble SDK/SDKs/current/sdk-core/pebble/aplite/lib/libpebble.a(tmpqO8TxMpebble.o)
                0x0000000000002aa8                dict_read_next
 .text.dict_write_data
                0x0000000000002ab4        0xc /Users/edwinfinch/Library/Application Support/Pebble SDK/SDKs/current/sdk-core/pebble/aplite/lib/libpebble.a(tmpqO8TxMpebble.o)
                0x0000000000002ab4                dict_write_data
 .text.dict_write_int16
                0x0000000000002ac0        0xc /Users/edwinfinch/Library/Application Support/Pebble SDK/SDKs/current/sdk-core/pebble/aplite/lib/libpebble.a(tmpqO8TxMpebble.o)
                0x0000000000002ac0                dict_write_int16
 .text.dict_write_int32
                0x0000000000002acc        0xc /Users/edwinfinch/Library/Application Support/Pebble SDK/SDKs/current/sdk-core/pebble/aplite/lib/libpebble.a(tmpqO8TxMpebble.o)
                0x0000000000002acc                dict_write_int32
 .text.dict_write_int8
                0x0000000000002ad8        0xc /Users/edwinfinch/Library/Application Support/Pebble SDK/SDKs/current/sdk-core/pebble/aplite/lib/libpebble.a(tmpqO8TxMpebble.o)
                0x0000000000002ad8                dict_write_int8
 .text.dict_write_uint16
                0x0000000000002ae4        0xc /Users/edwinfinch/Library/Application Support/Pebble SDK/SDKs/current/sdk-core/pebble/aplite/lib/libpebble.a(tmpqO8TxMpebble.o)
                0x0000000000002ae4                dict_write_uint16
 .text.dict_write_uint32
                0x0000000000002af0        0xc /Users/edwinfinch/Library/Application Support/Pebble SDK/SDKs/current/sdk-core/pebble/aplite/lib/libpebble.a(tmpqO8TxMpebble.o)
                0x0000000000002af0                dict_write_uint32
 .text.dict_write_uint8
                0x0000000000002afc        0xc /Users/edwinfinch/Library/Application Support/Pebble SDK/SDKs/current/sdk-core/pebble/aplite/lib/libpebble.a(tmpqO8TxMpebble.o)
                0x0000000000002afc                dict_write_uint8
 .text.fonts_get_system_font
                0x0000000000002b08        0xc /Users/edwinfinch/Library/Application Support/Pebble SDK/SDKs/current/sdk-core/pebble/aplite/lib/libpebble.a(tmpqO8TxMpebble.o)
                0x0000000000002b08                fonts_get_system_font
 .text.free     0x0000000000002b14        0xc /Users/edwinfinch/Library/Application Support/Pebble SDK/SDKs/current/sdk-core/pebble/aplite/lib/libpebble.a(tmpqO8TxMpebble.o)
                0x0000000000002b14                free
 .text.gbitmap_create_with_resource
                0x0000000000002b20        0xc /Users/edwinfinch/Library/Application Support/Pebble SDK/SDKs/current/sdk-core/pebble/aplite/lib/libpebble.a(tmpqO8TxMpebble.o)
                0x0000000000002b20                gbitmap_create_with_resource
 .text.gbitmap_destroy
                0x0000000000002b2c        0xc /Users/edwinfinch/Library/Application Support/Pebble SDK/SDKs/current/sdk-core/pebble/aplite/lib/libpebble.a(tmpqO8TxMpebble.o)
                0x0000000000002b2c                gbitmap_destroy
 .text.graphics_context_set_compositing_mode
                0x0000000000002b38        0xc /Users/edwinfinch/Library/Application Support/Pebble SDK/SDKs/current/sdk-core/pebble/aplite/lib/libpebble.a(tmpqO8TxMpebble.o)
                0x0000000000002b38                graphics_context_set_compositing_mode
 .text.graphics_draw_bitmap_in_rect
                0x0000000000002b44        0xc /Users/edwinfinch/Library/Application Support/Pebble SDK/SDKs/current/sdk-core/pebble/aplite/lib/libpebble.a(tmpqO8TxMpebble.o)
                0x0000000000002b44                graphics_draw_bitmap_in_rect
 .text.graphics_fill_rect
                0x0000000000002b50        0xc /Users/edwinfinch/Library/Application Support/Pebble SDK/SDKs/current/sdk-core/pebble/aplite/lib/libpebble.a(tmpqO8TxMpebble.o)
                0x0000000000002b50                graphics_fill_rect
 .text.layer_add_child
                0x0000000000002b5c        0xc /Users/edwinfinch/Library/Application Support/Pebble SDK/SDKs/current/sdk-core/pebble/aplite/lib/libpebble.a(tmpqO8TxMpebble.o)
                0x0000000000002b5c                layer_add_child
 .text.layer_create
                0x0000000000002b68        0xc /Users/edwinfinch/Library/Application Support/Pebble SDK/SDKs/current/sdk-core/pebble/aplite/lib/libpebble.a(tmpqO8TxMpebble.o)
                0x0000000000002b68                layer_create
 .text.layer_create_with_data
                0x0000000000002b74        0xc /Users/edwinfinch/Library/Application Support/Pebble SDK/SDKs/current/sdk-core/pebble/aplite/lib/libpebble.a(tmpqO8TxMpebble.o)
                0x0000000000002b74                layer_create_with_data
 .text.layer_destroy
                0x0000000000002b80        0xc /Users/edwinfinch/Library/Application Support/Pebble SDK/SDKs/current/sdk-core/pebble/aplite/lib/libpebble.a(tmpqO8TxMpebble.o)
                0x0000000000002b80                layer_destroy
 .text.layer_get_bounds
                0x0000000000002b8c        0xc /Users/edwinfinch/Library/Application Support/Pebble SDK/SDKs/current/sdk-core/pebble/aplite/lib/libpebble.a(tmpqO8TxMpebble.o)
                0x0000000000002b8c                layer_get_bounds
 .text.layer_get_data
                0x0000000000002b98        0xc /Users/edwinfinch/Library/Application Support/Pebble SDK/SDKs/current/sdk-core/pebble/aplite/lib/libpebble.a(tmpqO8TxMpebble.o)
                0x0000000000002b98                layer_get_data
 .text.layer_get_frame
                0x0000000000002ba4        0xc /Users/edwinfinch/Library/Application Support/Pebble SDK/SDKs/current/sdk-core/pebble/aplite/lib/libpebble.a(tmpqO8TxMpebble.o)
                0x0000000000002ba4                layer_get_frame
 .text.layer_mark_dirty
                0x0000000000002bb0        0xc /Users/edwinfinch/Library/Application Support/Pebble SDK/SDKs/current/sdk-core/pebble/aplite/lib/libpebble.a(tmpqO8TxMpebble.o)
                0x0000000000002bb0                layer_mark_dirty
 .text.layer_set_bounds
                0x0000000000002bbc        0xc /Users/edwinfinch/Library/Application Support/Pebble SDK/SDKs/current/sdk-core/pebble/aplite/lib/libpebble.a(tmpqO8TxMpebble.o)
                0x0000000000002bbc                layer_set_bounds
 .text.layer_set_hidden
                0x0000000000002bc8        0xc /Users/edwinfinch/Library/Application Support/Pebble SDK/SDKs/current/sdk-core/pebble/aplite/lib/libpebble.a(tmpqO8TxMpebble.o)
                0x0000000000002bc8                layer_set_hidden
 .text.layer_set_update_proc
                0x0000000000002bd4        0xc /Users/edwinfinch/Library/Application Support/Pebble SDK/SDKs/current/sdk-core/pebble/aplite/lib/libpebble.a(tmpqO8TxMpebble.o)
                0x0000000000002bd4                layer_set_update_proc
 .text.malloc   0x0000000000002be0        0xc /Users/edwinfinch/Library/Application Support/Pebble SDK/SDKs/current/sdk-core/pebble/aplite/lib/libpebble.a(tmpqO8TxMpebble.o)
                0x0000000000002be0                malloc
 .text.memcpy   0x0000000000002bec        0xc /Users/edwinfinch/Library/Application Support/Pebble SDK/SDKs/current/sdk-core/pebble/aplite/lib/libpebble.a(tmpqO8TxMpebble.o)
                0x0000000000002bec                memcpy
 .text.memmove  0x0000000000002bf8        0xc /Users/edwinfinch/Library/Application Support/Pebble SDK/SDKs/current/sdk-core/pebble/aplite/lib/libpebble.a(tmpqO8TxMpebble.o)
                0x0000000000002bf8                memmove
 .text.memset   0x0000000000002c04        0xc /Users/edwinfinch/Library/Application Support/Pebble SDK/SDKs/current/sdk-core/pebble/aplite/lib/libpebble.a(tmpqO8TxMpebble.o)
                0x0000000000002c04                memset
 .text.menu_cell_basic_draw
                0x0000000000002c10        0xc /Users/edwinfinch/Library/Application Support/Pebble SDK/SDKs/current/sdk-core/pebble/aplite/lib/libpebble.a(tmpqO8TxMpebble.o)
                0x0000000000002c10                menu_cell_basic_draw
 .text.menu_layer_destroy
                0x0000000000002c1c        0xc /Users/edwinfinch/Library/Application Support/Pebble SDK/SDKs/current/sdk-core/pebble/aplite/lib/libpebble.a(tmpqO8TxMpebble.o)
                0x0000000000002c1c                menu_layer_destroy
 .text.menu_layer_get_layer
                0x0000000000002c28        0xc /Users/edwinfinch/Library/Application Support/Pebble SDK/SDKs/current/sdk-core/pebble/aplite/lib/libpebble.a(tmpqO8TxMpebble.o)
                0x0000000000002c28                menu_layer_get_layer
 .text.menu_layer_reload_data
                0x0000000000002c34        0xc /Users/edwinfinch/Library/Application Support/Pebble SDK/SDKs/current/sdk-core/pebble/aplite/lib/libpebble.a(tmpqO8TxMpebble.o)
                0x0000000000002c34                menu_layer_reload_data
 .text.menu_layer_set_click_config_onto_window
                0x0000000000002c40        0xc /Users/edwinfinch/Library/Application Support/Pebble SDK/SDKs/current/sdk-core/pebble/aplite/lib/libpebble.a(tmpqO8TxMpebble.o)
                0x0000000000002c40                menu_layer_set_click_config_onto_window
 .text.menu_layer_set_selected_index
                0x0000000000002c4c        0xc /Users/edwinfinch/Library/Application Support/Pebble SDK/SDKs/current/sdk-core/pebble/aplite/lib/libpebble.a(tmpqO8TxMpebble.o)
                0x0000000000002c4c                menu_layer_set_selected_index
 .text.scroll_layer_add_child
                0x0000000000002c58        0xc /Users/edwinfinch/Library/Application Support/Pebble SDK/SDKs/current/sdk-core/pebble/aplite/lib/libpebble.a(tmpqO8TxMpebble.o)
                0x0000000000002c58                scroll_layer_add_child
 .text.scroll_layer_create
                0x0000000000002c64        0xc /Users/edwinfinch/Library/Application Support/Pebble SDK/SDKs/current/sdk-core/pebble/aplite/lib/libpebble.a(tmpqO8TxMpebble.o)
                0x0000000000002c64                scroll_layer_create
 .text.scroll_layer_destroy
                0x0000000000002c70        0xc /Users/edwinfinch/Library/Application Support/Pebble SDK/SDKs/current/sdk-core/pebble/aplite/lib/libpebble.a(tmpqO8TxMpebble.o)
                0x0000000000002c70                scroll_layer_destroy
 .text.scroll_layer_get_layer
                0x0000000000002c7c        0xc /Users/edwinfinch/Library/Application Support/Pebble SDK/SDKs/current/sdk-core/pebble/aplite/lib/libpebble.a(tmpqO8TxMpebble.o)
                0x0000000000002c7c                scroll_layer_get_layer
 .text.scroll_layer_set_callbacks
                0x0000000000002c88        0xc /Users/edwinfinch/Library/Application Support/Pebble SDK/SDKs/current/sdk-core/pebble/aplite/lib/libpebble.a(tmpqO8TxMpebble.o)
                0x0000000000002c88                scroll_layer_set_callbacks
 .text.scroll_layer_set_click_config_onto_window
                0x0000000000002c94        0xc /Users/edwinfinch/Library/Application Support/Pebble SDK/SDKs/current/sdk-core/pebble/aplite/lib/libpebble.a(tmpqO8TxMpebble.o)
                0x0000000000002c94                scroll_layer_set_click_config_onto_window
 .text.scroll_layer_set_content_size
                0x0000000000002ca0        0xc /Users/edwinfinch/Library/Application Support/Pebble SDK/SDKs/current/sdk-core/pebble/aplite/lib/libpebble.a(tmpqO8TxMpebble.o)
                0x0000000000002ca0                scroll_layer_set_content_size
 .text.snprintf
                0x0000000000002cac        0xc /Users/edwinfinch/Library/Application Support/Pebble SDK/SDKs/current/sdk-core/pebble/aplite/lib/libpebble.a(tmpqO8TxMpebble.o)
                0x0000000000002cac                snprintf
 .text.strcmp   0x0000000000002cb8        0xc /Users/edwinfinch/Library/Application Support/Pebble SDK/SDKs/current/sdk-core/pebble/aplite/lib/libpebble.a(tmpqO8TxMpebble.o)
                0x0000000000002cb8                strcmp
 .text.strftime
                0x0000000000002cc4        0xc /Users/edwinfinch/Library/Application Support/Pebble SDK/SDKs/current/sdk-core/pebble/aplite/lib/libpebble.a(tmpqO8TxMpebble.o)
                0x0000000000002cc4                strftime
 .text.strlen   0x0000000000002cd0        0xc /Users/edwinfinch/Library/Application Support/Pebble SDK/SDKs/current/sdk-core/pebble/aplite/lib/libpebble.a(tmpqO8TxMpebble.o)
                0x0000000000002cd0                strlen
 .text.strncpy  0x0000000000002cdc        0xc /Users/edwinfinch/Library/Application Support/Pebble SDK/SDKs/current/sdk-core/pebble/aplite/lib/libpebble.a(tmpqO8TxMpebble.o)
                0x0000000000002cdc                strncpy
 .text.tick_timer_service_subscribe
                0x0000000000002ce8        0xc /Users/edwinfinch/Library/Application Support/Pebble SDK/SDKs/current/sdk-core/pebble/aplite/lib/libpebble.a(tmpqO8TxMpebble.o)
                0x0000000000002ce8                tick_timer_service_subscribe
 .text.vibes_double_pulse
                0x0000000000002cf4        0xc /Users/edwinfinch/Library/Application Support/Pebble SDK/SDKs/current/sdk-core/pebble/aplite/lib/libpebble.a(tmpqO8TxMpebble.o)
                0x0000000000002cf4                vibes_double_pulse
 .text.vibes_enqueue_custom_pattern
                0x0000000000002d00        0xc /Users/edwinfinch/Library/Application Support/Pebble SDK/SDKs/current/sdk-core/pebble/aplite/lib/libpebble.a(tmpqO8TxMpebble.o)
                0x0000000000002d00                vibes_enqueue_custom_pattern
 .text.window_create
                0x0000000000002d0c        0xc /Users/edwinfinch/Library/Application Support/Pebble SDK/SDKs/current/sdk-core/pebble/aplite/lib/libpebble.a(tmpqO8TxMpebble.o)
                0x0000000000002d0c                window_create
 .text.window_destroy
                0x0000000000002d18        0xc /Users/edwinfinch/Library/Application Support/Pebble SDK/SDKs/current/sdk-core/pebble/aplite/lib/libpebble.a(tmpqO8TxMpebble.o)
                0x0000000000002d18                window_destroy
 .text.window_get_root_layer
                0x0000000000002d24        0xc /Users/edwinfinch/Library/Application Support/Pebble SDK/SDKs/current/sdk-core/pebble/aplite/lib/libpebble.a(tmpqO8TxMpebble.o)
                0x0000000000002d24                window_get_root_layer
 .text.window_set_window_handlers
                0x0000000000002d30        0xc /Users/edwinfinch/Library/Application Support/Pebble SDK/SDKs/current/sdk-core/pebble/aplite/lib/libpebble.a(tmpqO8TxMpebble.o)
                0x0000000000002d30                window_set_window_handlers
 .text.window_stack_pop
                0x0000000000002d3c        0xc /Users/edwinfinch/Library/Application Support/Pebble SDK/SDKs/current/sdk-core/pebble/aplite/lib/libpebble.a(tmpqO8TxMpebble.o)
                0x0000000000002d3c                window_stack_pop
 .text.window_stack_pop_all
                0x0000000000002d48        0xc /Users/edwinfinch/Library/Application Support/Pebble SDK/SDKs/current/sdk-core/pebble/aplite/lib/libpebble.a(tmpqO8TxMpebble.o)
                0x0000000000002d48                window_stack_pop_all
 .text.window_stack_push
                0x0000000000002d54        0xc /Users/edwinfinch/Library/Application Support/Pebble SDK/SDKs/current/sdk-core/pebble/aplite/lib/libpebble.a(tmpqO8TxMpebble.o)
                0x0000000000002d54                window_stack_push
 .text.window_stack_remove
                0x0000000000002d60        0xc /Users/edwinfinch/Library/Application Support/Pebble SDK/SDKs/current/sdk-core/pebble/aplite/lib/libpebble.a(tmpqO8TxMpebble.o)
                0x0000000000002d60                window_stack_remove
 .text.app_message_outbox_begin
                0x0000000000002d6c        0xc /Users/edwinfinch/Library/Application Support/Pebble SDK/SDKs/current/sdk-core/pebble/aplite/lib/libpebble.a(tmpqO8TxMpebble.o)
                0x0000000000002d6c                app_message_outbox_begin
 .text.app_message_outbox_send
                0x0000000000002d78        0xc /Users/edwinfinch/Library/Application Support/Pebble SDK/SDKs/current/sdk-core/pebble/aplite/lib/libpebble.a(tmpqO8TxMpebble.o)
                0x0000000000002d78                app_message_outbox_send
 .text.app_message_register_inbox_dropped
                0x0000000000002d84        0xc /Users/edwinfinch/Library/Application Support/Pebble SDK/SDKs/current/sdk-core/pebble/aplite/lib/libpebble.a(tmpqO8TxMpebble.o)
                0x0000000000002d84                app_message_register_inbox_dropped
 .text.app_message_register_inbox_received
                0x0000000000002d90        0xc /Users/edwinfinch/Library/Application Support/Pebble SDK/SDKs/current/sdk-core/pebble/aplite/lib/libpebble.a(tmpqO8TxMpebble.o)
                0x0000000000002d90                app_message_register_inbox_received
 .text.app_message_register_outbox_failed
                0x0000000000002d9c        0xc /Users/edwinfinch/Library/Application Support/Pebble SDK/SDKs/current/sdk-core/pebble/aplite/lib/libpebble.a(tmpqO8TxMpebble.o)
                0x0000000000002d9c                app_message_register_outbox_failed
 .text.window_long_click_subscribe
                0x0000000000002da8        0xc /Users/edwinfinch/Library/Application Support/Pebble SDK/SDKs/current/sdk-core/pebble/aplite/lib/libpebble.a(tmpqO8TxMpebble.o)
                0x0000000000002da8                window_long_click_subscribe
 .text.window_single_click_subscribe
                0x0000000000002db4        0xc /Users/edwinfinch/Library/Application Support/Pebble SDK/SDKs/current/sdk-core/pebble/aplite/lib/libpebble.a(tmpqO8TxMpebble.o)
                0x0000000000002db4                window_single_click_subscribe
 .text.graphics_draw_text
                0x0000000000002dc0        0xc /Users/edwinfinch/Library/Application Support/Pebble SDK/SDKs/current/sdk-core/pebble/aplite/lib/libpebble.a(tmpqO8TxMpebble.o)
                0x0000000000002dc0                graphics_draw_text
 .text.persist_read_data
                0x0000000000002dcc        0xc /Users/edwinfinch/Library/Application Support/Pebble SDK/SDKs/current/sdk-core/pebble/aplite/lib/libpebble.a(tmpqO8TxMpebble.o)
                0x0000000000002dcc                persist_read_data
 .text.persist_write_data
                0x0000000000002dd8        0xc /Users/edwinfinch/Library/Application Support/Pebble SDK/SDKs/current/sdk-core/pebble/aplite/lib/libpebble.a(tmpqO8TxMpebble.o)
                0x0000000000002dd8                persist_write_data
 .text.graphics_text_layout_get_content_size
                0x0000000000002de4        0xc /Users/edwinfinch/Library/Application Support/Pebble SDK/SDKs/current/sdk-core/pebble/aplite/lib/libpebble.a(tmpqO8TxMpebble.o)
                0x0000000000002de4                graphics_text_layout_get_content_size
 .text.heap_bytes_free
                0x0000000000002df0        0xc /Users/edwinfinch/Library/Application Support/Pebble SDK/SDKs/current/sdk-core/pebble/aplite/lib/libpebble.a(tmpqO8TxMpebble.o)
                0x0000000000002df0                heap_bytes_free
 .text.watch_info_get_model
                0x0000000000002dfc        0xc /Users/edwinfinch/Library/Application Support/Pebble SDK/SDKs/current/sdk-core/pebble/aplite/lib/libpebble.a(tmpqO8TxMpebble.o)
                0x0000000000002dfc                watch_info_get_model
 .text.launch_reason
                0x0000000000002e08        0xc /Users/edwinfinch/Library/Application Support/Pebble SDK/SDKs/current/sdk-core/pebble/aplite/lib/libpebble.a(tmpqO8TxMpebble.o)
                0x0000000000002e08                launch_reason
 .text.wakeup_get_launch_event
                0x0000000000002e14        0xc /Users/edwinfinch/Library/Application Support/Pebble SDK/SDKs/current/sdk-core/pebble/aplite/lib/libpebble.a(tmpqO8TxMpebble.o)
                0x0000000000002e14                wakeup_get_launch_event
 .text.wakeup_schedule
                0x0000000000002e20        0xc /Users/edwinfinch/Library/Application Support/Pebble SDK/SDKs/current/sdk-core/pebble/aplite/lib/libpebble.a(tmpqO8TxMpebble.o)
                0x0000000000002e20                wakeup_schedule
 .text.graphics_context_set_fill_color
                0x0000000000002e2c        0xc /Users/edwinfinch/Library/Application Support/Pebble SDK/SDKs/current/sdk-core/pebble/aplite/lib/libpebble.a(tmpqO8TxMpebble.o)
                0x0000000000002e2c                graphics_context_set_fill_color
 .text.graphics_context_set_text_color
                0x0000000000002e38        0xc /Users/edwinfinch/Library/Application Support/Pebble SDK/SDKs/current/sdk-core/pebble/aplite/lib/libpebble.a(tmpqO8TxMpebble.o)
                0x0000000000002e38                graphics_context_set_text_color
 .text.window_set_background_color
                0x0000000000002e44        0xc /Users/edwinfinch/Library/Application Support/Pebble SDK/SDKs/current/sdk-core/pebble/aplite/lib/libpebble.a(tmpqO8TxMpebble.o)
                0x0000000000002e44                window_set_background_color
 .text.localtime
                0x0000000000002e50        0xc /Users/edwinfinch/Library/Application Support/Pebble SDK/SDKs/current/sdk-core/pebble/aplite/lib/libpebble.a(tmpqO8TxMpebble.o)
                0x0000000000002e50                localtime
 .text.gbitmap_get_bounds
                0x0000000000002e5c        0xc /Users/edwinfinch/Library/Application Support/Pebble SDK/SDKs/current/sdk-core/pebble/aplite/lib/libpebble.a(tmpqO8TxMpebble.o)
                0x0000000000002e5c                gbitmap_get_bounds
 .text.gbitmap_create_from_png_data
                0x0000000000002e68        0xc /Users/edwinfinch/Library/Application Support/Pebble SDK/SDKs/current/sdk-core/pebble/aplite/lib/libpebble.a(tmpqO8TxMpebble.o)
                0x0000000000002e68                gbitmap_create_from_png_data
 .text.menu_layer_create
                0x0000000000002e74        0xc /Users/edwinfinch/Library/Application Support/Pebble SDK/SDKs/current/sdk-core/pebble/aplite/lib/libpebble.a(tmpqO8TxMpebble.o)
                0x0000000000002e74                menu_layer_create
 .text.action_bar_layer_add_to_window
                0x0000000000002e80        0xc /Users/edwinfinch/Library/Application Support/Pebble SDK/SDKs/current/sdk-core/pebble/aplite/lib/libpebble.a(tmpqO8TxMpebble.o)
                0x0000000000002e80                action_bar_layer_add_to_window
 .text.action_bar_layer_create
                0x0000000000002e8c        0xc /Users/edwinfinch/Library/Application Support/Pebble SDK/SDKs/current/sdk-core/pebble/aplite/lib/libpebble.a(tmpqO8TxMpebble.o)
                0x0000000000002e8c                action_bar_layer_create
 .text.action_bar_layer_destroy
                0x0000000000002e98        0xc /Users/edwinfinch/Library/Application Support/Pebble SDK/SDKs/current/sdk-core/pebble/aplite/lib/libpebble.a(tmpqO8TxMpebble.o)
                0x0000000000002e98                action_bar_layer_destroy
 .text.action_bar_layer_get_layer
                0x0000000000002ea4        0xc /Users/edwinfinch/Library/Application Support/Pebble SDK/SDKs/current/sdk-core/pebble/aplite/lib/libpebble.a(tmpqO8TxMpebble.o)
                0x0000000000002ea4                action_bar_layer_get_layer
 .text.action_bar_layer_set_click_config_provider
                0x0000000000002eb0        0xc /Users/edwinfinch/Library/Application Support/Pebble SDK/SDKs/current/sdk-core/pebble/aplite/lib/libpebble.a(tmpqO8TxMpebble.o)
                0x0000000000002eb0                action_bar_layer_set_click_config_provider
 .text.action_bar_layer_set_icon_animated
                0x0000000000002ebc        0xc /Users/edwinfinch/Library/Application Support/Pebble SDK/SDKs/current/sdk-core/pebble/aplite/lib/libpebble.a(tmpqO8TxMpebble.o)
                0x0000000000002ebc                action_bar_layer_set_icon_animated
 .text.menu_cell_layer_is_highlighted
                0x0000000000002ec8        0xc /Users/edwinfinch/Library/Application Support/Pebble SDK/SDKs/current/sdk-core/pebble/aplite/lib/libpebble.a(tmpqO8TxMpebble.o)
                0x0000000000002ec8                menu_cell_layer_is_highlighted
 .text.text_layer_create
                0x0000000000002ed4        0xc /Users/edwinfinch/Library/Application Support/Pebble SDK/SDKs/current/sdk-core/pebble/aplite/lib/libpebble.a(tmpqO8TxMpebble.o)
                0x0000000000002ed4                text_layer_create
 .text.text_layer_destroy
                0x0000000000002ee0        0xc /Users/edwinfinch/Library/Application Support/Pebble SDK/SDKs/current/sdk-core/pebble/aplite/lib/libpebble.a(tmpqO8TxMpebble.o)
                0x0000000000002ee0                text_layer_destroy
 .text.text_layer_get_layer
                0x0000000000002eec        0xc /Users/edwinfinch/Library/Application Support/Pebble SDK/SDKs/current/sdk-core/pebble/aplite/lib/libpebble.a(tmpqO8TxMpebble.o)
                0x0000000000002eec                text_layer_get_layer
 .text.text_layer_set_background_color
                0x0000000000002ef8        0xc /Users/edwinfinch/Library/Application Support/Pebble SDK/SDKs/current/sdk-core/pebble/aplite/lib/libpebble.a(tmpqO8TxMpebble.o)
                0x0000000000002ef8                text_layer_set_background_color
 .text.text_layer_set_font
                0x0000000000002f04        0xc /Users/edwinfinch/Library/Application Support/Pebble SDK/SDKs/current/sdk-core/pebble/aplite/lib/libpebble.a(tmpqO8TxMpebble.o)
                0x0000000000002f04                text_layer_set_font
 .text.text_layer_set_overflow_mode
                0x0000000000002f10        0xc /Users/edwinfinch/Library/Application Support/Pebble SDK/SDKs/current/sdk-core/pebble/aplite/lib/libpebble.a(tmpqO8TxMpebble.o)
                0x0000000000002f10                text_layer_set_overflow_mode
 .text.text_layer_set_text
                0x0000000000002f1c        0xc /Users/edwinfinch/Library/Application Support/Pebble SDK/SDKs/current/sdk-core/pebble/aplite/lib/libpebble.a(tmpqO8TxMpebble.o)
                0x0000000000002f1c                text_layer_set_text
 .text.text_layer_set_text_color
                0x0000000000002f28        0xc /Users/edwinfinch/Library/Application Support/Pebble SDK/SDKs/current/sdk-core/pebble/aplite/lib/libpebble.a(tmpqO8TxMpebble.o)
                0x0000000000002f28                text_layer_set_text_color
 .text.time     0x0000000000002f34        0xc /Users/edwinfinch/Library/Application Support/Pebble SDK/SDKs/current/sdk-core/pebble/aplite/lib/libpebble.a(tmpqO8TxMpebble.o)
                0x0000000000002f34                time
 .text.menu_layer_set_highlight_colors
                0x0000000000002f40        0xc /Users/edwinfinch/Library/Application Support/Pebble SDK/SDKs/current/sdk-core/pebble/aplite/lib/libpebble.a(tmpqO8TxMpebble.o)
                0x0000000000002f40                menu_layer_set_highlight_colors
 .text.menu_layer_set_normal_colors
                0x0000000000002f4c        0xc /Users/edwinfinch/Library/Application Support/Pebble SDK/SDKs/current/sdk-core/pebble/aplite/lib/libpebble.a(tmpqO8TxMpebble.o)
                0x0000000000002f4c                menu_layer_set_normal_colors
 .text.menu_layer_set_callbacks
                0x0000000000002f58        0xc /Users/edwinfinch/Library/Application Support/Pebble SDK/SDKs/current/sdk-core/pebble/aplite/lib/libpebble.a(tmpqO8TxMpebble.o)
                0x0000000000002f58                menu_layer_set_callbacks
 .text.connection_service_peek_pebble_app_connection
                0x0000000000002f64        0xc /Users/edwinfinch/Library/Application Support/Pebble SDK/SDKs/current/sdk-core/pebble/aplite/lib/libpebble.a(tmpqO8TxMpebble.o)
                0x0000000000002f64                connection_service_peek_pebble_app_connection
 .text.connection_service_peek_pebblekit_connection
                0x0000000000002f70        0xc /Users/edwinfinch/Library/Application Support/Pebble SDK/SDKs/current/sdk-core/pebble/aplite/lib/libpebble.a(tmpqO8TxMpebble.o)
                0x0000000000002f70                connection_service_peek_pebblekit_connection
 .text.connection_service_subscribe
                0x0000000000002f7c        0xc /Users/edwinfinch/Library/Application Support/Pebble SDK/SDKs/current/sdk-core/pebble/aplite/lib/libpebble.a(tmpqO8TxMpebble.o)
                0x0000000000002f7c                connection_service_subscribe
 *(.rodata)
 .rodata        0x0000000000002f88        0x8 src/windows/connection_window.c.33.o
 .rodata        0x0000000000002f90       0x10 src/windows/library_menus.c.33.o
 .rodata        0x0000000000002fa0        0x8 src/windows/main_menu.c.33.o
 .rodata        0x0000000000002fa8       0x20 src/windows/now_playing.c.33.o
 *(.rodata*)
 .rodata.str1.1
                0x0000000000002fc8       0x1a src/layers/marquee_text.c.33.o
 .rodata.str1.1
                0x0000000000002fe2      0x3e8 src/windows/connection_window.c.33.o
                                        0x3ef (size before relaxing)
 .rodata.str1.1
                0x00000000000033ca       0x7f src/windows/library_menus.c.33.o
                                         0x80 (size before relaxing)
 .rodata.str1.1
                0x0000000000003449       0x36 src/windows/main_menu.c.33.o
                                         0x37 (size before relaxing)
 *fill*         0x000000000000347f        0x1 
 .rodata.segments.7825
                0x0000000000003480        0x8 src/windows/now_playing.c.33.o
 .rodata.str1.1
                0x0000000000003488       0x53 src/windows/now_playing.c.33.o
                                         0x69 (size before relaxing)

.glue_7         0x00000000000034dc        0x0
 .glue_7        0x0000000000000000        0x0 linker stubs

.glue_7t        0x00000000000034dc        0x0
 .glue_7t       0x0000000000000000        0x0 linker stubs

.vfp11_veneer   0x00000000000034dc        0x0
 .vfp11_veneer  0x0000000000000000        0x0 linker stubs

.v4_bx          0x00000000000034dc        0x0
 .v4_bx         0x0000000000000000        0x0 linker stubs

.iplt           0x00000000000034dc        0x0
 .iplt          0x0000000000000000        0x0 /usr/local/Cellar/pebble-toolchain/2.0/arm-cs-tools/bin/../lib/gcc/arm-none-eabi/4.7.2/thumb2/crtbegin.o

.rel.dyn        0x00000000000034dc        0x0
 .rel.iplt      0x0000000000000000        0x0 /usr/local/Cellar/pebble-toolchain/2.0/arm-cs-tools/bin/../lib/gcc/arm-none-eabi/4.7.2/thumb2/crtbegin.o
 .rel.got       0x0000000000000000        0x0 /usr/local/Cellar/pebble-toolchain/2.0/arm-cs-tools/bin/../lib/gcc/arm-none-eabi/4.7.2/thumb2/crtbegin.o

.data           0x00000000000034dc       0x93
 *(.data)
 .data          0x00000000000034dc        0x0 /usr/local/Cellar/pebble-toolchain/2.0/arm-cs-tools/bin/../lib/gcc/arm-none-eabi/4.7.2/thumb2/crti.o
 .data          0x00000000000034dc        0x4 /usr/local/Cellar/pebble-toolchain/2.0/arm-cs-tools/bin/../lib/gcc/arm-none-eabi/4.7.2/thumb2/crtbegin.o
                0x00000000000034dc                __dso_handle
 .data          0x00000000000034e0        0x0 src/common.c.33.o
 .data          0x00000000000034e0        0x0 src/gbitmap.c.33.o
 .data          0x00000000000034e0        0x0 src/ipod.c.33.o
 .data          0x00000000000034e0        0x0 src/ipod_state.c.33.o
 .data          0x00000000000034e0        0x0 src/layers/marquee_text.c.33.o
 .data          0x00000000000034e0        0x0 src/layers/progress_bar.c.33.o
 .data          0x00000000000034e0        0x0 src/settings.c.33.o
 .data          0x00000000000034e0        0x8 src/windows/connection_window.c.33.o
 .data          0x00000000000034e8        0x0 src/windows/library_menus.c.33.o
 .data          0x00000000000034e8        0x0 src/windows/main_menu.c.33.o
 .data          0x00000000000034e8        0x0 src/windows/message_window.c.33.o
 .data          0x00000000000034e8        0x8 src/windows/now_playing.c.33.o
 .data          0x00000000000034f0        0x0 aplite/appinfo.auto.c.33.o
 .data          0x00000000000034f0        0x0 aplite/src/resource_ids.auto.c.33.o
 .data          0x00000000000034f0        0x0 /Users/edwinfinch/Library/Application Support/Pebble SDK/SDKs/current/sdk-core/pebble/aplite/lib/libpebble.a(tmpqO8TxMpebble.o)
 .data          0x00000000000034f0        0x0 /usr/local/Cellar/pebble-toolchain/2.0/arm-cs-tools/bin/../lib/gcc/arm-none-eabi/4.7.2/thumb2/crtend.o
 .data          0x00000000000034f0        0x0 /usr/local/Cellar/pebble-toolchain/2.0/arm-cs-tools/bin/../lib/gcc/arm-none-eabi/4.7.2/thumb2/crtn.o
 *(.data.*)
 .data.s_sequence_number
                0x00000000000034f0        0x4 src/common.c.33.o
 .data.first_open
                0x00000000000034f4        0x1 src/ipod_state.c.33.o
                0x00000000000034f4                first_open
 .data.first_call
                0x00000000000034f5        0x1 src/ipod_state.c.33.o
                0x00000000000034f5                first_call
 *fill*         0x00000000000034f6        0x2 
 .data.rel.local.connection_titles
                0x00000000000034f8       0x18 src/windows/connection_window.c.33.o
                0x00000000000034f8                connection_titles
 .data.rel.local.connection_descriptions
                0x0000000000003510       0x18 src/windows/connection_window.c.33.o
                0x0000000000003510                connection_descriptions
 .data.rel.local.repeat_modes
                0x0000000000003528       0x10 src/windows/library_menus.c.33.o
                0x0000000000003528                repeat_modes
 .data.rel.ro.local.titles.7776
                0x0000000000003538       0x18 src/windows/main_menu.c.33.o
 .data.rel.ro.callbacks.7777
                0x0000000000003550       0x18 src/windows/main_menu.c.33.o
 .data.time_buffer.7793
                0x0000000000003568        0x6 src/windows/now_playing.c.33.o
 .data.now_playing_action_bar_is_showing
                0x000000000000356e        0x1 src/windows/now_playing.c.33.o
                0x000000000000356e                now_playing_action_bar_is_showing

.igot.plt       0x0000000000003570        0x0
 .igot.plt      0x0000000000000000        0x0 /usr/local/Cellar/pebble-toolchain/2.0/arm-cs-tools/bin/../lib/gcc/arm-none-eabi/4.7.2/thumb2/crtbegin.o

.got            0x0000000000003570       0x8c
 .got           0x0000000000003570       0x8c /usr/local/Cellar/pebble-toolchain/2.0/arm-cs-tools/bin/../lib/gcc/arm-none-eabi/4.7.2/thumb2/crtbegin.o

.got.plt        0x00000000000035fc        0xc
 .got.plt       0x00000000000035fc        0xc /usr/local/Cellar/pebble-toolchain/2.0/arm-cs-tools/bin/../lib/gcc/arm-none-eabi/4.7.2/thumb2/crtbegin.o
                0x00000000000035fc                _GLOBAL_OFFSET_TABLE_

.bss            0x0000000000003608      0x32c
 *(.bss)
 *(.bss.*)
 .bss.s_artist  0x0000000000003608       0x64 src/ipod_state.c.33.o
 .bss.s_title   0x000000000000366c       0x64 src/ipod_state.c.33.o
 .bss.now_playing_album_art_size
                0x00000000000036d0        0x8 src/ipod_state.c.33.o
 .bss.already_requested_new_song
                0x00000000000036d8        0x1 src/ipod_state.c.33.o
                0x00000000000036d8                already_requested_new_song
 *fill*         0x00000000000036d9        0x3 
 .bss.album_art_data
                0x00000000000036dc        0x8 src/ipod_state.c.33.o
 .bss.head      0x00000000000036e4        0x4 src/layers/marquee_text.c.33.o
 .bss.description.7736
                0x00000000000036e8       0xbe src/windows/connection_window.c.33.o
 .bss.title.7735
                0x00000000000037a6       0x1e src/windows/connection_window.c.33.o
 .bss.poppedt   0x00000000000037c4        0x1 src/windows/library_menus.c.33.o
                0x00000000000037c4                poppedt
 *fill*         0x00000000000037c5        0x3 
 .bss.main_menu_layer
                0x00000000000037c8        0x4 src/windows/main_menu.c.33.o
                0x00000000000037c8                main_menu_layer
 .bss.already_requested
                0x00000000000037cc        0x1 src/windows/main_menu.c.33.o
                0x00000000000037cc                already_requested
 .bss.draw_no_album
                0x00000000000037cd        0x1 src/windows/now_playing.c.33.o
 *fill*         0x00000000000037ce        0x2 
 .bss.no_album_art_bitmap
                0x00000000000037d0        0x4 src/windows/now_playing.c.33.o
                0x00000000000037d0                no_album_art_bitmap
 .bss.icon_fast_forward
                0x00000000000037d4        0x4 src/windows/now_playing.c.33.o
 .bss.icon_play
                0x00000000000037d8        0x4 src/windows/now_playing.c.33.o
 .bss.icon_pause
                0x00000000000037dc        0x4 src/windows/now_playing.c.33.o
 .bss.controlling_volume
                0x00000000000037e0        0x1 src/windows/now_playing.c.33.o
 *fill*         0x00000000000037e1        0x3 
 .bss.icon_more
                0x00000000000037e4        0x4 src/windows/now_playing.c.33.o
 .bss.icon_volume_up
                0x00000000000037e8        0x4 src/windows/now_playing.c.33.o
 .bss.current_jump.7758
                0x00000000000037ec        0x1 src/windows/now_playing.c.33.o
 .bss.previous_play_status
                0x00000000000037ed        0x1 src/windows/now_playing.c.33.o
                0x00000000000037ed                previous_play_status
 *fill*         0x00000000000037ee        0x2 
 .bss.icon_rewind
                0x00000000000037f0        0x4 src/windows/now_playing.c.33.o
 .bss.icon_volume_down
                0x00000000000037f4        0x4 src/windows/now_playing.c.33.o
 .bss.pebble_controls_pushed_select
                0x00000000000037f8        0x1 src/windows/now_playing.c.33.o
                0x00000000000037f8                pebble_controls_pushed_select
 .bss.action_bar_timer_registered
                0x00000000000037f9        0x1 src/windows/now_playing.c.33.o
                0x00000000000037f9                action_bar_timer_registered
 .bss.is_shown  0x00000000000037fa        0x1 src/windows/now_playing.c.33.o
 *fill*         0x00000000000037fb        0x1 
 COMMON         0x00000000000037fc        0x4 src/ipod.c.33.o
                0x00000000000037fc                window
 COMMON         0x0000000000003800       0x1d src/ipod_state.c.33.o
                0x0000000000003800                ipod_state_callback
                0x0000000000003804                s_shuffle_mode
                0x0000000000003808                s_current_time
                0x000000000000380c                current_type
                0x000000000000380d                s_repeat_mode
                0x0000000000003810                album_art_bitmap
                0x0000000000003818                s_duration
                0x000000000000381c                s_playback_state
 *fill*         0x000000000000381d        0x3 
 COMMON         0x0000000000003820        0x8 src/settings.c.33.o
                0x0000000000003820                current_callback
                0x0000000000003824                current_settings
 COMMON         0x0000000000003828        0x5 src/windows/connection_window.c.33.o
                0x0000000000003828                connection_window
                0x000000000000382c                current_tasty_cookie
 *fill*         0x000000000000382d        0x3 
 COMMON         0x0000000000003830       0x24 src/windows/library_menus.c.33.o
                0x0000000000003830                repeat_icon_inverted
                0x0000000000003834                shuffle_icon
                0x0000000000003838                menu_stack_count
                0x000000000000383c                repeat_icon
                0x0000000000003840                shuffle_icon_inverted
                0x0000000000003844                menu_stack
 COMMON         0x0000000000003854       0x98 src/windows/main_menu.c.33.o
                0x0000000000003854                main_menu_window
                0x0000000000003858                main_menu_items
                0x00000000000038b8                main_menu_icons
                0x00000000000038d0                highlight_index
                0x00000000000038d4                main_menu_icons_inverted
 COMMON         0x00000000000038ec       0x48 src/windows/now_playing.c.33.o
                0x00000000000038ec                now_playing_timer
                0x00000000000038f0                artist_font
                0x00000000000038f4                now_playing_window
                0x00000000000038f8                background_colour
                0x00000000000038f9                now_playing_settings
                0x0000000000003900                now_playing_progress_bar
                0x0000000000003904                now_playing_artist_layer
                0x0000000000003908                now_playing_album_art_layer
                0x0000000000003910                now_playing_title_layer
                0x0000000000003914                action_bar_timer
                0x0000000000003918                artist_frame
                0x0000000000003920                control_action_bar
                0x0000000000003924                now_playing_graphics_layer
                0x0000000000003928                invert_controls_timer
                0x000000000000392c                now_playing_album_art_bitmap

DISCARD
 libc.a(*)
 libm.a(*)
 libgcc.a(*)
 *(.eh_frame)
OUTPUT(/Users/edwinfinch/Desktop/Lignite Music/music-pebble/build/aplite/pebble-app.elf elf32-littlearm)

.ARM.attributes
                0x0000000000000000       0x27
 .ARM.attributes
                0x0000000000000000       0x19 /usr/local/Cellar/pebble-toolchain/2.0/arm-cs-tools/bin/../lib/gcc/arm-none-eabi/4.7.2/thumb2/crti.o
 .ARM.attributes
                0x0000000000000019       0x29 /usr/local/Cellar/pebble-toolchain/2.0/arm-cs-tools/bin/../lib/gcc/arm-none-eabi/4.7.2/thumb2/crtbegin.o
 .ARM.attributes
                0x0000000000000042       0x33 src/common.c.33.o
 .ARM.attributes
                0x0000000000000075       0x33 src/gbitmap.c.33.o
 .ARM.attributes
                0x00000000000000a8       0x33 src/ipod.c.33.o
 .ARM.attributes
                0x00000000000000db       0x33 src/ipod_state.c.33.o
 .ARM.attributes
                0x000000000000010e       0x33 src/layers/marquee_text.c.33.o
 .ARM.attributes
                0x0000000000000141       0x33 src/layers/progress_bar.c.33.o
 .ARM.attributes
                0x0000000000000174       0x33 src/settings.c.33.o
 .ARM.attributes
                0x00000000000001a7       0x33 src/windows/connection_window.c.33.o
 .ARM.attributes
                0x00000000000001da       0x33 src/windows/library_menus.c.33.o
 .ARM.attributes
                0x000000000000020d       0x33 src/windows/main_menu.c.33.o
 .ARM.attributes
                0x0000000000000240       0x33 src/windows/message_window.c.33.o
 .ARM.attributes
                0x0000000000000273       0x33 src/windows/now_playing.c.33.o
 .ARM.attributes
                0x00000000000002a6       0x33 aplite/appinfo.auto.c.33.o
 .ARM.attributes
                0x00000000000002d9       0x33 aplite/src/resource_ids.auto.c.33.o
 .ARM.attributes
                0x000000000000030c       0x21 /Users/edwinfinch/Library/Application Support/Pebble SDK/SDKs/current/sdk-core/pebble/aplite/lib/libpebble.a(tmpqO8TxMpebble.o)
 .ARM.attributes
                0x000000000000032d       0x29 /usr/local/Cellar/pebble-toolchain/2.0/arm-cs-tools/bin/../lib/gcc/arm-none-eabi/4.7.2/thumb2/crtend.o
 .ARM.attributes
                0x0000000000000356       0x19 /usr/local/Cellar/pebble-toolchain/2.0/arm-cs-tools/bin/../lib/gcc/arm-none-eabi/4.7.2/thumb2/crtn.o

.comment        0x0000000000000000       0x4e
 .comment       0x0000000000000000       0x4e /usr/local/Cellar/pebble-toolchain/2.0/arm-cs-tools/bin/../lib/gcc/arm-none-eabi/4.7.2/thumb2/crtbegin.o
                                         0x4f (size before relaxing)
 .comment       0x0000000000000000       0x4f src/common.c.33.o
 .comment       0x0000000000000000       0x4f src/gbitmap.c.33.o
 .comment       0x0000000000000000       0x4f src/ipod.c.33.o
 .comment       0x0000000000000000       0x4f src/ipod_state.c.33.o
 .comment       0x0000000000000000       0x4f src/layers/marquee_text.c.33.o
 .comment       0x0000000000000000       0x4f src/layers/progress_bar.c.33.o
 .comment       0x0000000000000000       0x4f src/settings.c.33.o
 .comment       0x0000000000000000       0x4f src/windows/connection_window.c.33.o
 .comment       0x0000000000000000       0x4f src/windows/library_menus.c.33.o
 .comment       0x0000000000000000       0x4f src/windows/main_menu.c.33.o
 .comment       0x0000000000000000       0x4f src/windows/message_window.c.33.o
 .comment       0x0000000000000000       0x4f src/windows/now_playing.c.33.o
 .comment       0x0000000000000000       0x4f aplite/appinfo.auto.c.33.o
 .comment       0x0000000000000000       0x4f aplite/src/resource_ids.auto.c.33.o
 .comment       0x0000000000000000       0x4f /usr/local/Cellar/pebble-toolchain/2.0/arm-cs-tools/bin/../lib/gcc/arm-none-eabi/4.7.2/thumb2/crtend.o

.debug_info     0x0000000000000000     0xa396
 .debug_info    0x0000000000000000      0xa22 src/common.c.33.o
 .debug_info    0x0000000000000a22       0x79 src/gbitmap.c.33.o
 .debug_info    0x0000000000000a9b      0x4a5 src/ipod.c.33.o
 .debug_info    0x0000000000000f40     0x10de src/ipod_state.c.33.o
 .debug_info    0x000000000000201e      0x9cc src/layers/marquee_text.c.33.o
 .debug_info    0x00000000000029ea      0x66d src/layers/progress_bar.c.33.o
 .debug_info    0x0000000000003057      0x27e src/settings.c.33.o
 .debug_info    0x00000000000032d5     0x16e8 src/windows/connection_window.c.33.o
 .debug_info    0x00000000000049bd     0x1de6 src/windows/library_menus.c.33.o
 .debug_info    0x00000000000067a3     0x107f src/windows/main_menu.c.33.o
 .debug_info    0x0000000000007822       0x79 src/windows/message_window.c.33.o
 .debug_info    0x000000000000789b     0x2662 src/windows/now_playing.c.33.o
 .debug_info    0x0000000000009efd      0x2e6 aplite/appinfo.auto.c.33.o
 .debug_info    0x000000000000a1e3      0x1b3 aplite/src/resource_ids.auto.c.33.o

.debug_abbrev   0x0000000000000000     0x2044
 .debug_abbrev  0x0000000000000000      0x290 src/common.c.33.o
 .debug_abbrev  0x0000000000000290       0x26 src/gbitmap.c.33.o
 .debug_abbrev  0x00000000000002b6      0x1e6 src/ipod.c.33.o
 .debug_abbrev  0x000000000000049c      0x3bc src/ipod_state.c.33.o
 .debug_abbrev  0x0000000000000858      0x2be src/layers/marquee_text.c.33.o
 .debug_abbrev  0x0000000000000b16      0x2a4 src/layers/progress_bar.c.33.o
 .debug_abbrev  0x0000000000000dba      0x1aa src/settings.c.33.o
 .debug_abbrev  0x0000000000000f64      0x341 src/windows/connection_window.c.33.o
 .debug_abbrev  0x00000000000012a5      0x481 src/windows/library_menus.c.33.o
 .debug_abbrev  0x0000000000001726      0x308 src/windows/main_menu.c.33.o
 .debug_abbrev  0x0000000000001a2e       0x26 src/windows/message_window.c.33.o
 .debug_abbrev  0x0000000000001a54      0x524 src/windows/now_playing.c.33.o
 .debug_abbrev  0x0000000000001f78       0x88 aplite/appinfo.auto.c.33.o
 .debug_abbrev  0x0000000000002000       0x44 aplite/src/resource_ids.auto.c.33.o

.debug_loc      0x0000000000000000     0x2dbf
 .debug_loc     0x0000000000000000      0x1e0 src/common.c.33.o
 .debug_loc     0x00000000000001e0       0xc2 src/ipod.c.33.o
 .debug_loc     0x00000000000002a2      0x568 src/ipod_state.c.33.o
 .debug_loc     0x000000000000080a      0x2b5 src/layers/marquee_text.c.33.o
 .debug_loc     0x0000000000000abf      0x22a src/layers/progress_bar.c.33.o
 .debug_loc     0x0000000000000ce9       0x7e src/settings.c.33.o
 .debug_loc     0x0000000000000d67      0x5a6 src/windows/connection_window.c.33.o
 .debug_loc     0x000000000000130d      0xed3 src/windows/library_menus.c.33.o
 .debug_loc     0x00000000000021e0      0x43c src/windows/main_menu.c.33.o
 .debug_loc     0x000000000000261c      0x7a3 src/windows/now_playing.c.33.o

.debug_aranges  0x0000000000000000      0x518
 .debug_aranges
                0x0000000000000000       0x48 src/common.c.33.o
 .debug_aranges
                0x0000000000000048       0x18 src/gbitmap.c.33.o
 .debug_aranges
                0x0000000000000060       0x38 src/ipod.c.33.o
 .debug_aranges
                0x0000000000000098       0xa0 src/ipod_state.c.33.o
 .debug_aranges
                0x0000000000000138       0x68 src/layers/marquee_text.c.33.o
 .debug_aranges
                0x00000000000001a0       0x48 src/layers/progress_bar.c.33.o
 .debug_aranges
                0x00000000000001e8       0x48 src/settings.c.33.o
 .debug_aranges
                0x0000000000000230       0xa0 src/windows/connection_window.c.33.o
 .debug_aranges
                0x00000000000002d0       0x88 src/windows/library_menus.c.33.o
 .debug_aranges
                0x0000000000000358       0xa0 src/windows/main_menu.c.33.o
 .debug_aranges
                0x00000000000003f8       0x18 src/windows/message_window.c.33.o
 .debug_aranges
                0x0000000000000410       0xd8 src/windows/now_playing.c.33.o
 .debug_aranges
                0x00000000000004e8       0x18 aplite/appinfo.auto.c.33.o
 .debug_aranges
                0x0000000000000500       0x18 aplite/src/resource_ids.auto.c.33.o

.debug_ranges   0x0000000000000000      0x610
 .debug_ranges  0x0000000000000000       0x38 src/common.c.33.o
 .debug_ranges  0x0000000000000038       0x28 src/ipod.c.33.o
 .debug_ranges  0x0000000000000060       0xf0 src/ipod_state.c.33.o
 .debug_ranges  0x0000000000000150       0x58 src/layers/marquee_text.c.33.o
 .debug_ranges  0x00000000000001a8       0x38 src/layers/progress_bar.c.33.o
 .debug_ranges  0x00000000000001e0       0x38 src/settings.c.33.o
 .debug_ranges  0x0000000000000218       0xa8 src/windows/connection_window.c.33.o
 .debug_ranges  0x00000000000002c0      0x128 src/windows/library_menus.c.33.o
 .debug_ranges  0x00000000000003e8       0xa8 src/windows/main_menu.c.33.o
 .debug_ranges  0x0000000000000490      0x180 src/windows/now_playing.c.33.o

.debug_line     0x0000000000000000     0x2941
 .debug_line    0x0000000000000000      0x25d src/common.c.33.o
 .debug_line    0x000000000000025d       0x1d src/gbitmap.c.33.o
 .debug_line    0x000000000000027a      0x2ac src/ipod.c.33.o
 .debug_line    0x0000000000000526      0x473 src/ipod_state.c.33.o
 .debug_line    0x0000000000000999      0x312 src/layers/marquee_text.c.33.o
 .debug_line    0x0000000000000cab      0x286 src/layers/progress_bar.c.33.o
 .debug_line    0x0000000000000f31      0x25b src/settings.c.33.o
 .debug_line    0x000000000000118c      0x4c9 src/windows/connection_window.c.33.o
 .debug_line    0x0000000000001655      0x605 src/windows/library_menus.c.33.o
 .debug_line    0x0000000000001c5a      0x3be src/windows/main_menu.c.33.o
 .debug_line    0x0000000000002018       0x1d src/windows/message_window.c.33.o
 .debug_line    0x0000000000002035      0x70f src/windows/now_playing.c.33.o
 .debug_line    0x0000000000002744      0x139 aplite/appinfo.auto.c.33.o
 .debug_line    0x000000000000287d       0xc4 aplite/src/resource_ids.auto.c.33.o

.debug_str      0x0000000000000000     0x37fc
 .debug_str     0x0000000000000000      0x827 src/common.c.33.o
                                        0x900 (size before relaxing)
 .debug_str     0x0000000000000827       0x11 src/gbitmap.c.33.o
                                         0xf0 (size before relaxing)
 .debug_str     0x0000000000000838      0x215 src/ipod.c.33.o
                                        0x469 (size before relaxing)
 .debug_str     0x0000000000000a4d      0x832 src/ipod_state.c.33.o
                                        0xf3f (size before relaxing)
 .debug_str     0x000000000000127f      0x3b6 src/layers/marquee_text.c.33.o
                                        0x550 (size before relaxing)
 .debug_str     0x0000000000001635      0x1ac src/layers/progress_bar.c.33.o
                                        0x3da (size before relaxing)
 .debug_str     0x00000000000017e1       0xab src/settings.c.33.o
                                        0x23e (size before relaxing)
 .debug_str     0x000000000000188c      0x822 src/windows/connection_window.c.33.o
                                       0x1309 (size before relaxing)
 .debug_str     0x00000000000020ae      0x8dd src/windows/library_menus.c.33.o
                                       0x1493 (size before relaxing)
 .debug_str     0x000000000000298b      0x302 src/windows/main_menu.c.33.o
                                        0xafc (size before relaxing)
 .debug_str     0x0000000000002c8d       0x20 src/windows/message_window.c.33.o
                                         0xff (size before relaxing)
 .debug_str     0x0000000000002cad      0x80f src/windows/now_playing.c.33.o
                                       0x196e (size before relaxing)
 .debug_str     0x00000000000034bc      0x15d aplite/appinfo.auto.c.33.o
                                        0x25e (size before relaxing)
 .debug_str     0x0000000000003619      0x1e3 aplite/src/resource_ids.auto.c.33.o
                                        0x2b7 (size before relaxing)

.debug_frame    0x0000000000000000      0xbbc
 .debug_frame   0x0000000000000000       0x98 src/common.c.33.o
 .debug_frame   0x0000000000000098       0x70 src/ipod.c.33.o
 .debug_frame   0x0000000000000108      0x194 src/ipod_state.c.33.o
 .debug_frame   0x000000000000029c       0xe4 src/layers/marquee_text.c.33.o
 .debug_frame   0x0000000000000380       0x98 src/layers/progress_bar.c.33.o
 .debug_frame   0x0000000000000418       0x8c src/settings.c.33.o
 .debug_frame   0x00000000000004a4      0x1a0 src/windows/connection_window.c.33.o
 .debug_frame   0x0000000000000644      0x19c src/windows/library_menus.c.33.o
 .debug_frame   0x00000000000007e0      0x150 src/windows/main_menu.c.33.o
 .debug_frame   0x0000000000000930      0x28c src/windows/now_playing.c.33.o
