Archive member included because of file (symbol)

/Users/edwinfinch/Library/Application Support/Pebble SDK/SDKs/current/sdk-core/pebble/aplite/lib/libpebble.a(tmpz2MrsRpebble.o)
                              src/ipod.c.28.o (app_event_loop)

Allocating common symbols
Common symbol       size              file

ipod_state_callback
                    0x4               src/ipod_state.c.28.o
now_playing_timer   0x4               src/windows/now_playing.c.28.o
connection_window   0x4               src/windows/connection_window.c.28.o
main_menu_window    0x4               src/windows/main_menu.c.28.o
main_menu_items     0x60              src/windows/main_menu.c.28.o
main_menu_icons     0x18              src/windows/main_menu.c.28.o
artist_font         0x4               src/windows/now_playing.c.28.o
s_shuffle_mode      0x1               src/ipod_state.c.28.o
repeat_icon_inverted
                    0x4               src/windows/library_menus.c.28.o
current_callback    0x4               src/settings.c.28.o
now_playing_window  0x4               src/windows/now_playing.c.28.o
background_colour   0x1               src/windows/now_playing.c.28.o
now_playing_settings
                    0x3               src/windows/now_playing.c.28.o
now_playing_progress_bar
                    0x4               src/windows/now_playing.c.28.o
now_playing_artist_layer
                    0x4               src/windows/now_playing.c.28.o
shuffle_icon        0x4               src/windows/library_menus.c.28.o
now_playing_album_art_layer
                    0x8               src/windows/now_playing.c.28.o
menu_stack_count    0x1               src/windows/library_menus.c.28.o
now_playing_title_layer
                    0x4               src/windows/now_playing.c.28.o
action_bar_timer    0x4               src/windows/now_playing.c.28.o
highlight_index     0x4               src/windows/main_menu.c.28.o
s_current_time      0x4               src/ipod_state.c.28.o
main_menu_icons_inverted
                    0x18              src/windows/main_menu.c.28.o
current_type        0x1               src/ipod_state.c.28.o
s_repeat_mode       0x1               src/ipod_state.c.28.o
current_settings    0x3               src/settings.c.28.o
album_art_bitmap    0x8               src/ipod_state.c.28.o
repeat_icon         0x4               src/windows/library_menus.c.28.o
shuffle_icon_inverted
                    0x4               src/windows/library_menus.c.28.o
s_duration          0x4               src/ipod_state.c.28.o
menu_stack          0x10              src/windows/library_menus.c.28.o
window              0x4               src/ipod.c.28.o
artist_frame        0x8               src/windows/now_playing.c.28.o
control_action_bar  0x4               src/windows/now_playing.c.28.o
now_playing_graphics_layer
                    0x4               src/windows/now_playing.c.28.o
s_playback_state    0x1               src/ipod_state.c.28.o
invert_controls_timer
                    0x4               src/windows/now_playing.c.28.o
now_playing_album_art_bitmap
                    0x8               src/windows/now_playing.c.28.o

Discarded input sections

 .text          0x0000000000000000        0x0 /usr/local/Cellar/pebble-toolchain/2.0/arm-cs-tools/bin/../lib/gcc/arm-none-eabi/4.7.2/thumb2/crti.o
 .bss           0x0000000000000000        0x0 /usr/local/Cellar/pebble-toolchain/2.0/arm-cs-tools/bin/../lib/gcc/arm-none-eabi/4.7.2/thumb2/crti.o
 .init          0x0000000000000000        0x4 /usr/local/Cellar/pebble-toolchain/2.0/arm-cs-tools/bin/../lib/gcc/arm-none-eabi/4.7.2/thumb2/crti.o
 .fini          0x0000000000000000        0x4 /usr/local/Cellar/pebble-toolchain/2.0/arm-cs-tools/bin/../lib/gcc/arm-none-eabi/4.7.2/thumb2/crti.o
 .text          0x0000000000000000       0xc8 /usr/local/Cellar/pebble-toolchain/2.0/arm-cs-tools/bin/../lib/gcc/arm-none-eabi/4.7.2/thumb2/crtbegin.o
 .bss           0x0000000000000000       0x1c /usr/local/Cellar/pebble-toolchain/2.0/arm-cs-tools/bin/../lib/gcc/arm-none-eabi/4.7.2/thumb2/crtbegin.o
 .init_array    0x0000000000000000        0x4 /usr/local/Cellar/pebble-toolchain/2.0/arm-cs-tools/bin/../lib/gcc/arm-none-eabi/4.7.2/thumb2/crtbegin.o
 .fini_array    0x0000000000000000        0x4 /usr/local/Cellar/pebble-toolchain/2.0/arm-cs-tools/bin/../lib/gcc/arm-none-eabi/4.7.2/thumb2/crtbegin.o
 .eh_frame      0x0000000000000000        0x0 /usr/local/Cellar/pebble-toolchain/2.0/arm-cs-tools/bin/../lib/gcc/arm-none-eabi/4.7.2/thumb2/crtbegin.o
 .jcr           0x0000000000000000        0x0 /usr/local/Cellar/pebble-toolchain/2.0/arm-cs-tools/bin/../lib/gcc/arm-none-eabi/4.7.2/thumb2/crtbegin.o
 .tm_clone_table
                0x0000000000000000        0x0 /usr/local/Cellar/pebble-toolchain/2.0/arm-cs-tools/bin/../lib/gcc/arm-none-eabi/4.7.2/thumb2/crtbegin.o
 .text          0x0000000000000000        0x0 src/common.c.28.o
 .bss           0x0000000000000000        0x0 src/common.c.28.o
 .text.reset_sequence_number
[...]
Memory Configuration

Name             Origin             Length             Attributes
APP              0x0000000000000000 0x0000000000006000 xrw
*default*        0x0000000000000000 0xffffffffffffffff

Linker script and memory map

LOAD /usr/local/Cellar/pebble-toolchain/2.0/arm-cs-tools/bin/../lib/gcc/arm-none-eabi/4.7.2/thumb2/crti.o
LOAD /usr/local/Cellar/pebble-toolchain/2.0/arm-cs-tools/bin/../lib/gcc/arm-none-eabi/4.7.2/thumb2/crtbegin.o
LOAD src/common.c.28.o
LOAD src/gbitmap.c.28.o
LOAD src/ipod.c.28.o
LOAD src/ipod_state.c.28.o
LOAD src/layers/marquee_text.c.28.o
LOAD src/layers/progress_bar.c.28.o
LOAD src/settings.c.28.o
LOAD src/windows/connection_window.c.28.o
LOAD src/windows/library_menus.c.28.o
LOAD src/windows/main_menu.c.28.o
LOAD src/windows/message_window.c.28.o
LOAD src/windows/now_playing.c.28.o
LOAD aplite/appinfo.auto.c.28.o
LOAD aplite/src/resource_ids.auto.c.28.o
LOAD /Users/edwinfinch/Library/Application Support/Pebble SDK/SDKs/current/sdk-core/pebble/aplite/lib/libpebble.a
START GROUP
LOAD /usr/local/Cellar/pebble-toolchain/2.0/arm-cs-tools/bin/../lib/gcc/arm-none-eabi/4.7.2/thumb2/libgcc.a
LOAD /usr/local/Cellar/pebble-toolchain/2.0/arm-cs-tools/bin/../lib/gcc/arm-none-eabi/4.7.2/../../../../arm-none-eabi/lib/thumb2/libc.a
END GROUP
LOAD /usr/local/Cellar/pebble-toolchain/2.0/arm-cs-tools/bin/../lib/gcc/arm-none-eabi/4.7.2/thumb2/crtend.o
LOAD /usr/local/Cellar/pebble-toolchain/2.0/arm-cs-tools/bin/../lib/gcc/arm-none-eabi/4.7.2/thumb2/crtn.o

.header         0x0000000000000000       0x82
 *(.pbl_header)
 .pbl_header    0x0000000000000000       0x82 aplite/appinfo.auto.c.28.o
                0x0000000000000000                __pbl_app_info

.note.gnu.build-id
                0x0000000000000082       0x26
                0x0000000000000082                PROVIDE (BUILD_ID, .)
 *(.note.gnu.build-id)
 *fill*         0x0000000000000082        0x2 
 .note.gnu.build-id
                0x0000000000000084       0x24 linker stubs

.text           0x00000000000000a8     0x3a0d
 *(.text)
 .text          0x00000000000000a8       0x14 /Users/edwinfinch/Library/Application Support/Pebble SDK/SDKs/current/sdk-core/pebble/aplite/lib/libpebble.a(tmpz2MrsRpebble.o)
 *(.text.*)
 .text.ipod_message_timer_fire
                0x00000000000000bc        0x4 src/common.c.28.o
                0x00000000000000bc                ipod_message_timer_fire
 .text.on_animation_stopped
                0x00000000000000c0        0x4 src/common.c.28.o
                0x00000000000000c0                on_animation_stopped
 .text.animate_layer
                0x00000000000000c4       0x54 src/common.c.28.o
                0x00000000000000c4                animate_layer
 .text.ipod_message_destroy
                0x0000000000000118       0x14 src/common.c.28.o
                0x0000000000000118                ipod_message_destroy
 .text.ipod_message_outbox_get
                0x000000000000012c       0x3c src/common.c.28.o
                0x000000000000012c                ipod_message_outbox_get
 .text.tick_handler
                0x0000000000000168        0xe src/ipod.c.28.o
                0x0000000000000168                tick_handler
 *fill*         0x0000000000000176        0x2 
 .text.ipod_create
                0x0000000000000178       0x30 src/ipod.c.28.o
                0x0000000000000178                ipod_create
 .text.ipod_app_timer_handler
                0x00000000000001a8        0xe src/ipod.c.28.o
                0x00000000000001a8                ipod_app_timer_handler
 *fill*         0x00000000000001b6        0x2 
 .text.startup.main
                0x00000000000001b8       0x34 src/ipod.c.28.o
                0x00000000000001b8                main
 .text.ipod_state_tick
                0x00000000000001ec       0x50 src/ipod_state.c.28.o
                0x00000000000001ec                ipod_state_tick
 .text.ipod_state_set_callback
                0x000000000000023c       0x14 src/ipod_state.c.28.o
                0x000000000000023c                ipod_state_set_callback
 .text.ipod_state_current_time
                0x0000000000000250       0x14 src/ipod_state.c.28.o
                0x0000000000000250                ipod_state_current_time
 .text.ipod_state_duration
                0x0000000000000264       0x14 src/ipod_state.c.28.o
                0x0000000000000264                ipod_state_duration
 .text.ipod_get_playback_state
                0x0000000000000278       0x14 src/ipod_state.c.28.o
                0x0000000000000278                ipod_get_playback_state
 .text.ipod_get_artist
                0x000000000000028c        0xc src/ipod_state.c.28.o
                0x000000000000028c                ipod_get_artist
 .text.ipod_get_title
                0x0000000000000298        0xc src/ipod_state.c.28.o
                0x0000000000000298                ipod_get_title
 .text.now_playing_request
                0x00000000000002a4       0x64 src/ipod_state.c.28.o
                0x00000000000002a4                now_playing_request
 .text.call_callback
                0x0000000000000308       0x4c src/ipod_state.c.28.o
                0x0000000000000308                call_callback
 .text.destroy_all_album_art
                0x0000000000000354       0x40 src/ipod_state.c.28.o
                0x0000000000000354                destroy_all_album_art
 .text.create_bitmap
                0x0000000000000394       0xac src/ipod_state.c.28.o
                0x0000000000000394                create_bitmap
 .text.process_album_art_tuple
                0x0000000000000440      0x1a0 src/ipod_state.c.28.o
                0x0000000000000440                process_album_art_tuple
 .text.process_tuple
                0x00000000000005e0      0x1d4 src/ipod_state.c.28.o
                0x00000000000005e0                process_tuple
 .text.ipod_received_handler
                0x00000000000007b4       0x20 src/ipod_state.c.28.o
                0x00000000000007b4                ipod_received_handler
 .text.ipod_state_create
                0x00000000000007d4       0x30 src/ipod_state.c.28.o
                0x00000000000007d4                ipod_state_create
 .text.marquee_text_layer_update_proc
                0x0000000000000804      0x186 src/layers/marquee_text.c.28.o
                0x0000000000000804                marquee_text_layer_update_proc
 *fill*         0x000000000000098a        0x2 
 .text.marquee_text_layer_destroy
                0x000000000000098c       0x34 src/layers/marquee_text.c.28.o
                0x000000000000098c                marquee_text_layer_destroy
 .text.marquee_text_layer_get_layer
                0x00000000000009c0        0x4 src/layers/marquee_text.c.28.o
                0x00000000000009c0                marquee_text_layer_get_layer
 .text.marquee_text_layer_mark_dirty
                0x00000000000009c4       0x14 src/layers/marquee_text.c.28.o
                0x00000000000009c4                marquee_text_layer_mark_dirty
 .text.marquee_text_layer_set_font
                0x00000000000009d8        0x6 src/layers/marquee_text.c.28.o
                0x00000000000009d8                marquee_text_layer_set_font
 .text.marquee_text_layer_set_text
                0x00000000000009de        0x6 src/layers/marquee_text.c.28.o
                0x00000000000009de                marquee_text_layer_set_text
 .text.marquee_text_layer_create
                0x00000000000009e4       0x90 src/layers/marquee_text.c.28.o
                0x00000000000009e4                marquee_text_layer_create
 .text.marquee_text_layer_tick
                0x0000000000000a74       0x30 src/layers/marquee_text.c.28.o
                0x0000000000000a74                marquee_text_layer_tick
 .text.progress_bar_update_proc
                0x0000000000000aa4       0x64 src/layers/progress_bar.c.28.o
 .text.progress_bar_layer_create
                0x0000000000000b08       0x40 src/layers/progress_bar.c.28.o
                0x0000000000000b08                progress_bar_layer_create
 .text.progress_bar_layer_destroy
                0x0000000000000b48       0x14 src/layers/progress_bar.c.28.o
                0x0000000000000b48                progress_bar_layer_destroy
 .text.progress_bar_layer_get_layer
                0x0000000000000b5c        0x4 src/layers/progress_bar.c.28.o
                0x0000000000000b5c                progress_bar_layer_get_layer
 .text.progress_bar_layer_set_range
                0x0000000000000b60        0xe src/layers/progress_bar.c.28.o
                0x0000000000000b60                progress_bar_layer_set_range
 .text.progress_bar_layer_set_value
                0x0000000000000b6e        0xc src/layers/progress_bar.c.28.o
                0x0000000000000b6e                progress_bar_layer_set_value
 *fill*         0x0000000000000b7a        0x2 
 .text.settings_service_subscribe
                0x0000000000000b7c       0x14 src/settings.c.28.o
                0x0000000000000b7c                settings_service_subscribe
 .text.settings_get_settings
                0x0000000000000b90       0x34 src/settings.c.28.o
                0x0000000000000b90                settings_get_settings
 .text.settings_prepare_defaults
                0x0000000000000bc4       0x1c src/settings.c.28.o
                0x0000000000000bc4                settings_prepare_defaults
 .text.settings_load
                0x0000000000000be0       0x44 src/settings.c.28.o
                0x0000000000000be0                settings_load
 .text.settings_save
                0x0000000000000c24       0x3c src/settings.c.28.o
                0x0000000000000c24                settings_save
 .text.settings_set_settings
                0x0000000000000c60       0x44 src/settings.c.28.o
                0x0000000000000c60                settings_set_settings
 .text.connection_window_unload
                0x0000000000000ca4        0x2 src/windows/connection_window.c.28.o
                0x0000000000000ca4                connection_window_unload
 .text.connection_window_pebble_app_connection_handler
                0x0000000000000ca6        0x2 src/windows/connection_window.c.28.o
                0x0000000000000ca6                connection_window_pebble_app_connection_handler
 .text.connection_window_pebblekit_connection_handler
                0x0000000000000ca8        0x2 src/windows/connection_window.c.28.o
                0x0000000000000ca8                connection_window_pebblekit_connection_handler
 *fill*         0x0000000000000caa        0x2 
 .text.connection_window_outbox_failed_handler
                0x0000000000000cac       0x20 src/windows/connection_window.c.28.o
                0x0000000000000cac                connection_window_outbox_failed_handler
 .text.connection_window_inbox_dropped_handler
                0x0000000000000ccc       0x20 src/windows/connection_window.c.28.o
                0x0000000000000ccc                connection_window_inbox_dropped_handler
 .text.connection_window_load
                0x0000000000000cec      0x340 src/windows/connection_window.c.28.o
                0x0000000000000cec                connection_window_load
 .text.connection_window_background_proc
                0x000000000000102c       0x2e src/windows/connection_window.c.28.o
                0x000000000000102c                connection_window_background_proc
 *fill*         0x000000000000105a        0x2 
 .text.connection_window_click_config_provider
                0x000000000000105c       0x24 src/windows/connection_window.c.28.o
                0x000000000000105c                connection_window_click_config_provider
 .text.connection_window_click_back
                0x0000000000001080        0x6 src/windows/connection_window.c.28.o
                0x0000000000001080                connection_window_click_back
 *fill*         0x0000000000001086        0x2 
 .text.connection_window_click_select
                0x0000000000001088       0x40 src/windows/connection_window.c.28.o
                0x0000000000001088                connection_window_click_select
 .text.connection_window_push
                0x00000000000010c8       0xa4 src/windows/connection_window.c.28.o
                0x00000000000010c8                connection_window_push
 .text.connection_window_debug_fire
                0x000000000000116c        0x6 src/windows/connection_window.c.28.o
                0x000000000000116c                connection_window_debug_fire
 *fill*         0x0000000000001172        0x2 
 .text.connection_window_attach
                0x0000000000001174       0x48 src/windows/connection_window.c.28.o
                0x0000000000001174                connection_window_attach
 .text.get_num_rows
                0x00000000000011bc       0x34 src/windows/library_menus.c.28.o
                0x00000000000011bc                get_num_rows
 .text.draw_row
                0x00000000000011f0      0x244 src/windows/library_menus.c.28.o
                0x00000000000011f0                draw_row
 .text.library_menus_window_unload
                0x0000000000001434       0x98 src/windows/library_menus.c.28.o
                0x0000000000001434                library_menus_window_unload
 .text.library_menus_create
                0x00000000000014cc       0x18 src/windows/library_menus.c.28.o
                0x00000000000014cc                library_menus_create
 .text.library_menus_pop_all
                0x00000000000014e4       0x28 src/windows/library_menus.c.28.o
                0x00000000000014e4                library_menus_pop_all
 .text.build_parent_history
                0x000000000000150c       0x7c src/windows/library_menus.c.28.o
                0x000000000000150c                build_parent_history
 .text.send_library_request
                0x0000000000001588       0x74 src/windows/library_menus.c.28.o
                0x0000000000001588                send_library_request
 .text.selection_changed
                0x00000000000015fc       0x7a src/windows/library_menus.c.28.o
                0x00000000000015fc                selection_changed
 *fill*         0x0000000000001676        0x2 
 .text.play_track
                0x0000000000001678       0x74 src/windows/library_menus.c.28.o
                0x0000000000001678                play_track
 .text.clear_library_entry_data
                0x00000000000016ec       0x16 src/windows/library_menus.c.28.o
                0x00000000000016ec                clear_library_entry_data
 *fill*         0x0000000000001702        0x2 
 .text.library_menus_display_view
                0x0000000000001704      0x1f8 src/windows/library_menus.c.28.o
                0x0000000000001704                library_menus_display_view
 .text.select_click
                0x00000000000018fc       0xbc src/windows/library_menus.c.28.o
                0x00000000000018fc                select_click
 .text.library_menus_inbox
                0x00000000000019b8      0x1e8 src/windows/library_menus.c.28.o
                0x00000000000019b8                library_menus_inbox
 .text.main_menu_get_num_sections
                0x0000000000001ba0        0x4 src/windows/main_menu.c.28.o
                0x0000000000001ba0                main_menu_get_num_sections
 .text.menu_get_num_rows_callback
                0x0000000000001ba4        0x4 src/windows/main_menu.c.28.o
                0x0000000000001ba4                menu_get_num_rows_callback
 .text.menu_get_header_height_callback
                0x0000000000001ba8        0x4 src/windows/main_menu.c.28.o
                0x0000000000001ba8                menu_get_header_height_callback
 .text.menu_select_callback
                0x0000000000001bac       0x20 src/windows/main_menu.c.28.o
                0x0000000000001bac                menu_select_callback
 .text.open_composer_list
                0x0000000000001bcc       0x10 src/windows/main_menu.c.28.o
                0x0000000000001bcc                open_composer_list
 .text.open_genre_list
                0x0000000000001bdc       0x10 src/windows/main_menu.c.28.o
                0x0000000000001bdc                open_genre_list
 .text.open_playlist_list
                0x0000000000001bec       0x10 src/windows/main_menu.c.28.o
                0x0000000000001bec                open_playlist_list
 .text.open_album_list
                0x0000000000001bfc       0x10 src/windows/main_menu.c.28.o
                0x0000000000001bfc                open_album_list
 .text.open_artist_list
                0x0000000000001c0c       0x10 src/windows/main_menu.c.28.o
                0x0000000000001c0c                open_artist_list
 .text.open_now_playing
                0x0000000000001c1c        0x4 src/windows/main_menu.c.28.o
                0x0000000000001c1c                open_now_playing
 .text.menu_selection_changed
                0x0000000000001c20       0x2c src/windows/main_menu.c.28.o
                0x0000000000001c20                menu_selection_changed
 .text.main_menu_send_now_playing_request
                0x0000000000001c4c        0x6 src/windows/main_menu.c.28.o
                0x0000000000001c4c                main_menu_send_now_playing_request
 *fill*         0x0000000000001c52        0x2 
 .text.menu_draw_row_callback
                0x0000000000001c54       0x70 src/windows/main_menu.c.28.o
                0x0000000000001c54                menu_draw_row_callback
 .text.update_highlight_colours
                0x0000000000001cc4       0x58 src/windows/main_menu.c.28.o
                0x0000000000001cc4                update_highlight_colours
 .text.main_menu_create
                0x0000000000001d1c      0x148 src/windows/main_menu.c.28.o
                0x0000000000001d1c                main_menu_create
 .text.main_menu_destroy
                0x0000000000001e64       0x4c src/windows/main_menu.c.28.o
                0x0000000000001e64                main_menu_destroy
 .text.now_playing_window_unload
                0x0000000000001eb0      0x118 src/windows/now_playing.c.28.o
                0x0000000000001eb0                now_playing_window_unload
 .text.now_playing_click_config_provider
                0x0000000000001fc8       0x44 src/windows/now_playing.c.28.o
                0x0000000000001fc8                now_playing_click_config_provider
 .text.animate_action_bar
                0x000000000000200c       0x8c src/windows/now_playing.c.28.o
                0x000000000000200c                animate_action_bar
 .text.now_playing_graphics_proc
                0x0000000000002098      0x198 src/windows/now_playing.c.28.o
                0x0000000000002098                now_playing_graphics_proc
 .text.display_no_album
                0x0000000000002230       0x40 src/windows/now_playing.c.28.o
                0x0000000000002230                display_no_album
 .text.now_playing_is_playing_music
                0x0000000000002270        0xe src/windows/now_playing.c.28.o
                0x0000000000002270                now_playing_is_playing_music
 *fill*         0x000000000000227e        0x2 
 .text.now_playing_invert_button_controls
                0x0000000000002280       0xc8 src/windows/now_playing.c.28.o
                0x0000000000002280                now_playing_invert_button_controls
 .text.now_playing_check_for_no_music
                0x0000000000002348       0x54 src/windows/now_playing.c.28.o
                0x0000000000002348                now_playing_check_for_no_music
 .text.now_playing_send_state_change
                0x000000000000239c       0x1e src/windows/now_playing.c.28.o
                0x000000000000239c                now_playing_send_state_change
 *fill*         0x00000000000023ba        0x2 
 .text.now_playing_set_album_art
                0x00000000000023bc       0x68 src/windows/now_playing.c.28.o
                0x00000000000023bc                now_playing_set_album_art
 .text.now_playing_tick
                0x0000000000002424       0x58 src/windows/now_playing.c.28.o
                0x0000000000002424                now_playing_tick
 .text.now_playing_animation_tick
                0x000000000000247c       0x3c src/windows/now_playing.c.28.o
                0x000000000000247c                now_playing_animation_tick
 .text.now_playing_new_settings
                0x00000000000024b8       0xf8 src/windows/now_playing.c.28.o
                0x00000000000024b8                now_playing_new_settings
 .text.now_playing_action_bar_handle
                0x00000000000025b0       0x98 src/windows/now_playing.c.28.o
                0x00000000000025b0                now_playing_action_bar_handle
 .text.now_playing_long_clicked_select
                0x0000000000002648       0x40 src/windows/now_playing.c.28.o
                0x0000000000002648                now_playing_long_clicked_select
 .text.now_playing_state_callback
                0x0000000000002688      0x134 src/windows/now_playing.c.28.o
                0x0000000000002688                now_playing_state_callback
 .text.now_playing_window_load
                0x00000000000027bc      0x3bc src/windows/now_playing.c.28.o
                0x00000000000027bc                now_playing_window_load
 .text.now_playing_reset_invert_controls
                0x0000000000002b78       0x40 src/windows/now_playing.c.28.o
                0x0000000000002b78                now_playing_reset_invert_controls
 .text.now_playing_clicked_down
                0x0000000000002bb8       0x2c src/windows/now_playing.c.28.o
                0x0000000000002bb8                now_playing_clicked_down
 .text.now_playing_clicked_select
                0x0000000000002be4       0x58 src/windows/now_playing.c.28.o
                0x0000000000002be4                now_playing_clicked_select
 .text.now_playing_clicked_up
                0x0000000000002c3c       0x2c src/windows/now_playing.c.28.o
                0x0000000000002c3c                now_playing_clicked_up
 .text.now_playing_show
                0x0000000000002c68       0x94 src/windows/now_playing.c.28.o
                0x0000000000002c68                now_playing_show
 .text.app_event_loop
                0x0000000000002cfc        0xc /Users/edwinfinch/Library/Application Support/Pebble SDK/SDKs/current/sdk-core/pebble/aplite/lib/libpebble.a(tmpz2MrsRpebble.o)
                0x0000000000002cfc                app_event_loop
 .text.app_log  0x0000000000002d08        0xc /Users/edwinfinch/Library/Application Support/Pebble SDK/SDKs/current/sdk-core/pebble/aplite/lib/libpebble.a(tmpz2MrsRpebble.o)
                0x0000000000002d08                app_log
 .text.app_message_open
                0x0000000000002d14        0xc /Users/edwinfinch/Library/Application Support/Pebble SDK/SDKs/current/sdk-core/pebble/aplite/lib/libpebble.a(tmpz2MrsRpebble.o)
                0x0000000000002d14                app_message_open
 .text.app_timer_cancel
                0x0000000000002d20        0xc /Users/edwinfinch/Library/Application Support/Pebble SDK/SDKs/current/sdk-core/pebble/aplite/lib/libpebble.a(tmpz2MrsRpebble.o)
                0x0000000000002d20                app_timer_cancel
 .text.app_timer_register
                0x0000000000002d2c        0xc /Users/edwinfinch/Library/Application Support/Pebble SDK/SDKs/current/sdk-core/pebble/aplite/lib/libpebble.a(tmpz2MrsRpebble.o)
                0x0000000000002d2c                app_timer_register
 .text.bitmap_layer_create
                0x0000000000002d38        0xc /Users/edwinfinch/Library/Application Support/Pebble SDK/SDKs/current/sdk-core/pebble/aplite/lib/libpebble.a(tmpz2MrsRpebble.o)
                0x0000000000002d38                bitmap_layer_create
 .text.bitmap_layer_destroy
                0x0000000000002d44        0xc /Users/edwinfinch/Library/Application Support/Pebble SDK/SDKs/current/sdk-core/pebble/aplite/lib/libpebble.a(tmpz2MrsRpebble.o)
                0x0000000000002d44                bitmap_layer_destroy
 .text.bitmap_layer_get_layer
                0x0000000000002d50        0xc /Users/edwinfinch/Library/Application Support/Pebble SDK/SDKs/current/sdk-core/pebble/aplite/lib/libpebble.a(tmpz2MrsRpebble.o)
                0x0000000000002d50                bitmap_layer_get_layer
 .text.bitmap_layer_set_bitmap
                0x0000000000002d5c        0xc /Users/edwinfinch/Library/Application Support/Pebble SDK/SDKs/current/sdk-core/pebble/aplite/lib/libpebble.a(tmpz2MrsRpebble.o)
                0x0000000000002d5c                bitmap_layer_set_bitmap
 .text.dict_find
                0x0000000000002d68        0xc /Users/edwinfinch/Library/Application Support/Pebble SDK/SDKs/current/sdk-core/pebble/aplite/lib/libpebble.a(tmpz2MrsRpebble.o)
                0x0000000000002d68                dict_find
 .text.dict_read_first
                0x0000000000002d74        0xc /Users/edwinfinch/Library/Application Support/Pebble SDK/SDKs/current/sdk-core/pebble/aplite/lib/libpebble.a(tmpz2MrsRpebble.o)
                0x0000000000002d74                dict_read_first
 .text.dict_read_next
                0x0000000000002d80        0xc /Users/edwinfinch/Library/Application Support/Pebble SDK/SDKs/current/sdk-core/pebble/aplite/lib/libpebble.a(tmpz2MrsRpebble.o)
                0x0000000000002d80                dict_read_next
 .text.dict_write_data
                0x0000000000002d8c        0xc /Users/edwinfinch/Library/Application Support/Pebble SDK/SDKs/current/sdk-core/pebble/aplite/lib/libpebble.a(tmpz2MrsRpebble.o)
                0x0000000000002d8c                dict_write_data
 .text.dict_write_int16
                0x0000000000002d98        0xc /Users/edwinfinch/Library/Application Support/Pebble SDK/SDKs/current/sdk-core/pebble/aplite/lib/libpebble.a(tmpz2MrsRpebble.o)
                0x0000000000002d98                dict_write_int16
 .text.dict_write_int32
                0x0000000000002da4        0xc /Users/edwinfinch/Library/Application Support/Pebble SDK/SDKs/current/sdk-core/pebble/aplite/lib/libpebble.a(tmpz2MrsRpebble.o)
                0x0000000000002da4                dict_write_int32
 .text.dict_write_int8
                0x0000000000002db0        0xc /Users/edwinfinch/Library/Application Support/Pebble SDK/SDKs/current/sdk-core/pebble/aplite/lib/libpebble.a(tmpz2MrsRpebble.o)
                0x0000000000002db0                dict_write_int8
 .text.dict_write_uint16
                0x0000000000002dbc        0xc /Users/edwinfinch/Library/Application Support/Pebble SDK/SDKs/current/sdk-core/pebble/aplite/lib/libpebble.a(tmpz2MrsRpebble.o)
                0x0000000000002dbc                dict_write_uint16
 .text.dict_write_uint32
                0x0000000000002dc8        0xc /Users/edwinfinch/Library/Application Support/Pebble SDK/SDKs/current/sdk-core/pebble/aplite/lib/libpebble.a(tmpz2MrsRpebble.o)
                0x0000000000002dc8                dict_write_uint32
 .text.dict_write_uint8
                0x0000000000002dd4        0xc /Users/edwinfinch/Library/Application Support/Pebble SDK/SDKs/current/sdk-core/pebble/aplite/lib/libpebble.a(tmpz2MrsRpebble.o)
                0x0000000000002dd4                dict_write_uint8
 .text.fonts_get_system_font
                0x0000000000002de0        0xc /Users/edwinfinch/Library/Application Support/Pebble SDK/SDKs/current/sdk-core/pebble/aplite/lib/libpebble.a(tmpz2MrsRpebble.o)
                0x0000000000002de0                fonts_get_system_font
 .text.free     0x0000000000002dec        0xc /Users/edwinfinch/Library/Application Support/Pebble SDK/SDKs/current/sdk-core/pebble/aplite/lib/libpebble.a(tmpz2MrsRpebble.o)
                0x0000000000002dec                free
 .text.gbitmap_create_with_resource
                0x0000000000002df8        0xc /Users/edwinfinch/Library/Application Support/Pebble SDK/SDKs/current/sdk-core/pebble/aplite/lib/libpebble.a(tmpz2MrsRpebble.o)
                0x0000000000002df8                gbitmap_create_with_resource
 .text.gbitmap_destroy
                0x0000000000002e04        0xc /Users/edwinfinch/Library/Application Support/Pebble SDK/SDKs/current/sdk-core/pebble/aplite/lib/libpebble.a(tmpz2MrsRpebble.o)
                0x0000000000002e04                gbitmap_destroy
 .text.graphics_context_set_compositing_mode
                0x0000000000002e10        0xc /Users/edwinfinch/Library/Application Support/Pebble SDK/SDKs/current/sdk-core/pebble/aplite/lib/libpebble.a(tmpz2MrsRpebble.o)
                0x0000000000002e10                graphics_context_set_compositing_mode
 .text.graphics_draw_bitmap_in_rect
                0x0000000000002e1c        0xc /Users/edwinfinch/Library/Application Support/Pebble SDK/SDKs/current/sdk-core/pebble/aplite/lib/libpebble.a(tmpz2MrsRpebble.o)
                0x0000000000002e1c                graphics_draw_bitmap_in_rect
 .text.graphics_fill_rect
                0x0000000000002e28        0xc /Users/edwinfinch/Library/Application Support/Pebble SDK/SDKs/current/sdk-core/pebble/aplite/lib/libpebble.a(tmpz2MrsRpebble.o)
                0x0000000000002e28                graphics_fill_rect
 .text.layer_add_child
                0x0000000000002e34        0xc /Users/edwinfinch/Library/Application Support/Pebble SDK/SDKs/current/sdk-core/pebble/aplite/lib/libpebble.a(tmpz2MrsRpebble.o)
                0x0000000000002e34                layer_add_child
 .text.layer_create
                0x0000000000002e40        0xc /Users/edwinfinch/Library/Application Support/Pebble SDK/SDKs/current/sdk-core/pebble/aplite/lib/libpebble.a(tmpz2MrsRpebble.o)
                0x0000000000002e40                layer_create
 .text.layer_create_with_data
                0x0000000000002e4c        0xc /Users/edwinfinch/Library/Application Support/Pebble SDK/SDKs/current/sdk-core/pebble/aplite/lib/libpebble.a(tmpz2MrsRpebble.o)
                0x0000000000002e4c                layer_create_with_data
 .text.layer_destroy
                0x0000000000002e58        0xc /Users/edwinfinch/Library/Application Support/Pebble SDK/SDKs/current/sdk-core/pebble/aplite/lib/libpebble.a(tmpz2MrsRpebble.o)
                0x0000000000002e58                layer_destroy
 .text.layer_get_bounds
                0x0000000000002e64        0xc /Users/edwinfinch/Library/Application Support/Pebble SDK/SDKs/current/sdk-core/pebble/aplite/lib/libpebble.a(tmpz2MrsRpebble.o)
                0x0000000000002e64                layer_get_bounds
 .text.layer_get_data
                0x0000000000002e70        0xc /Users/edwinfinch/Library/Application Support/Pebble SDK/SDKs/current/sdk-core/pebble/aplite/lib/libpebble.a(tmpz2MrsRpebble.o)
                0x0000000000002e70                layer_get_data
 .text.layer_get_frame
                0x0000000000002e7c        0xc /Users/edwinfinch/Library/Application Support/Pebble SDK/SDKs/current/sdk-core/pebble/aplite/lib/libpebble.a(tmpz2MrsRpebble.o)
                0x0000000000002e7c                layer_get_frame
 .text.layer_mark_dirty
                0x0000000000002e88        0xc /Users/edwinfinch/Library/Application Support/Pebble SDK/SDKs/current/sdk-core/pebble/aplite/lib/libpebble.a(tmpz2MrsRpebble.o)
                0x0000000000002e88                layer_mark_dirty
 .text.layer_set_bounds
                0x0000000000002e94        0xc /Users/edwinfinch/Library/Application Support/Pebble SDK/SDKs/current/sdk-core/pebble/aplite/lib/libpebble.a(tmpz2MrsRpebble.o)
                0x0000000000002e94                layer_set_bounds
 .text.layer_set_hidden
                0x0000000000002ea0        0xc /Users/edwinfinch/Library/Application Support/Pebble SDK/SDKs/current/sdk-core/pebble/aplite/lib/libpebble.a(tmpz2MrsRpebble.o)
                0x0000000000002ea0                layer_set_hidden
 .text.layer_set_update_proc
                0x0000000000002eac        0xc /Users/edwinfinch/Library/Application Support/Pebble SDK/SDKs/current/sdk-core/pebble/aplite/lib/libpebble.a(tmpz2MrsRpebble.o)
                0x0000000000002eac                layer_set_update_proc
 .text.malloc   0x0000000000002eb8        0xc /Users/edwinfinch/Library/Application Support/Pebble SDK/SDKs/current/sdk-core/pebble/aplite/lib/libpebble.a(tmpz2MrsRpebble.o)
                0x0000000000002eb8                malloc
 .text.memcpy   0x0000000000002ec4        0xc /Users/edwinfinch/Library/Application Support/Pebble SDK/SDKs/current/sdk-core/pebble/aplite/lib/libpebble.a(tmpz2MrsRpebble.o)
                0x0000000000002ec4                memcpy
 .text.memmove  0x0000000000002ed0        0xc /Users/edwinfinch/Library/Application Support/Pebble SDK/SDKs/current/sdk-core/pebble/aplite/lib/libpebble.a(tmpz2MrsRpebble.o)
                0x0000000000002ed0                memmove
 .text.memset   0x0000000000002edc        0xc /Users/edwinfinch/Library/Application Support/Pebble SDK/SDKs/current/sdk-core/pebble/aplite/lib/libpebble.a(tmpz2MrsRpebble.o)
                0x0000000000002edc                memset
 .text.menu_cell_basic_draw
                0x0000000000002ee8        0xc /Users/edwinfinch/Library/Application Support/Pebble SDK/SDKs/current/sdk-core/pebble/aplite/lib/libpebble.a(tmpz2MrsRpebble.o)
                0x0000000000002ee8                menu_cell_basic_draw
 .text.menu_layer_destroy
                0x0000000000002ef4        0xc /Users/edwinfinch/Library/Application Support/Pebble SDK/SDKs/current/sdk-core/pebble/aplite/lib/libpebble.a(tmpz2MrsRpebble.o)
                0x0000000000002ef4                menu_layer_destroy
 .text.menu_layer_get_layer
                0x0000000000002f00        0xc /Users/edwinfinch/Library/Application Support/Pebble SDK/SDKs/current/sdk-core/pebble/aplite/lib/libpebble.a(tmpz2MrsRpebble.o)
                0x0000000000002f00                menu_layer_get_layer
 .text.menu_layer_reload_data
                0x0000000000002f0c        0xc /Users/edwinfinch/Library/Application Support/Pebble SDK/SDKs/current/sdk-core/pebble/aplite/lib/libpebble.a(tmpz2MrsRpebble.o)
                0x0000000000002f0c                menu_layer_reload_data
 .text.menu_layer_set_click_config_onto_window
                0x0000000000002f18        0xc /Users/edwinfinch/Library/Application Support/Pebble SDK/SDKs/current/sdk-core/pebble/aplite/lib/libpebble.a(tmpz2MrsRpebble.o)
                0x0000000000002f18                menu_layer_set_click_config_onto_window
 .text.menu_layer_set_selected_index
                0x0000000000002f24        0xc /Users/edwinfinch/Library/Application Support/Pebble SDK/SDKs/current/sdk-core/pebble/aplite/lib/libpebble.a(tmpz2MrsRpebble.o)
                0x0000000000002f24                menu_layer_set_selected_index
 .text.persist_write_int
                0x0000000000002f30        0xc /Users/edwinfinch/Library/Application Support/Pebble SDK/SDKs/current/sdk-core/pebble/aplite/lib/libpebble.a(tmpz2MrsRpebble.o)
                0x0000000000002f30                persist_write_int
 .text.scroll_layer_add_child
                0x0000000000002f3c        0xc /Users/edwinfinch/Library/Application Support/Pebble SDK/SDKs/current/sdk-core/pebble/aplite/lib/libpebble.a(tmpz2MrsRpebble.o)
                0x0000000000002f3c                scroll_layer_add_child
 .text.scroll_layer_create
                0x0000000000002f48        0xc /Users/edwinfinch/Library/Application Support/Pebble SDK/SDKs/current/sdk-core/pebble/aplite/lib/libpebble.a(tmpz2MrsRpebble.o)
                0x0000000000002f48                scroll_layer_create
 .text.scroll_layer_get_layer
                0x0000000000002f54        0xc /Users/edwinfinch/Library/Application Support/Pebble SDK/SDKs/current/sdk-core/pebble/aplite/lib/libpebble.a(tmpz2MrsRpebble.o)
                0x0000000000002f54                scroll_layer_get_layer
 .text.scroll_layer_set_callbacks
                0x0000000000002f60        0xc /Users/edwinfinch/Library/Application Support/Pebble SDK/SDKs/current/sdk-core/pebble/aplite/lib/libpebble.a(tmpz2MrsRpebble.o)
                0x0000000000002f60                scroll_layer_set_callbacks
 .text.scroll_layer_set_click_config_onto_window
                0x0000000000002f6c        0xc /Users/edwinfinch/Library/Application Support/Pebble SDK/SDKs/current/sdk-core/pebble/aplite/lib/libpebble.a(tmpz2MrsRpebble.o)
                0x0000000000002f6c                scroll_layer_set_click_config_onto_window
 .text.scroll_layer_set_content_size
                0x0000000000002f78        0xc /Users/edwinfinch/Library/Application Support/Pebble SDK/SDKs/current/sdk-core/pebble/aplite/lib/libpebble.a(tmpz2MrsRpebble.o)
                0x0000000000002f78                scroll_layer_set_content_size
 .text.strcmp   0x0000000000002f84        0xc /Users/edwinfinch/Library/Application Support/Pebble SDK/SDKs/current/sdk-core/pebble/aplite/lib/libpebble.a(tmpz2MrsRpebble.o)
                0x0000000000002f84                strcmp
 .text.strcpy   0x0000000000002f90        0xc /Users/edwinfinch/Library/Application Support/Pebble SDK/SDKs/current/sdk-core/pebble/aplite/lib/libpebble.a(tmpz2MrsRpebble.o)
                0x0000000000002f90                strcpy
 .text.strlen   0x0000000000002f9c        0xc /Users/edwinfinch/Library/Application Support/Pebble SDK/SDKs/current/sdk-core/pebble/aplite/lib/libpebble.a(tmpz2MrsRpebble.o)
                0x0000000000002f9c                strlen
 .text.strncpy  0x0000000000002fa8        0xc /Users/edwinfinch/Library/Application Support/Pebble SDK/SDKs/current/sdk-core/pebble/aplite/lib/libpebble.a(tmpz2MrsRpebble.o)
                0x0000000000002fa8                strncpy
 .text.tick_timer_service_subscribe
                0x0000000000002fb4        0xc /Users/edwinfinch/Library/Application Support/Pebble SDK/SDKs/current/sdk-core/pebble/aplite/lib/libpebble.a(tmpz2MrsRpebble.o)
                0x0000000000002fb4                tick_timer_service_subscribe
 .text.vibes_double_pulse
                0x0000000000002fc0        0xc /Users/edwinfinch/Library/Application Support/Pebble SDK/SDKs/current/sdk-core/pebble/aplite/lib/libpebble.a(tmpz2MrsRpebble.o)
                0x0000000000002fc0                vibes_double_pulse
 .text.vibes_enqueue_custom_pattern
                0x0000000000002fcc        0xc /Users/edwinfinch/Library/Application Support/Pebble SDK/SDKs/current/sdk-core/pebble/aplite/lib/libpebble.a(tmpz2MrsRpebble.o)
                0x0000000000002fcc                vibes_enqueue_custom_pattern
 .text.window_create
                0x0000000000002fd8        0xc /Users/edwinfinch/Library/Application Support/Pebble SDK/SDKs/current/sdk-core/pebble/aplite/lib/libpebble.a(tmpz2MrsRpebble.o)
                0x0000000000002fd8                window_create
 .text.window_destroy
                0x0000000000002fe4        0xc /Users/edwinfinch/Library/Application Support/Pebble SDK/SDKs/current/sdk-core/pebble/aplite/lib/libpebble.a(tmpz2MrsRpebble.o)
                0x0000000000002fe4                window_destroy
 .text.window_get_root_layer
                0x0000000000002ff0        0xc /Users/edwinfinch/Library/Application Support/Pebble SDK/SDKs/current/sdk-core/pebble/aplite/lib/libpebble.a(tmpz2MrsRpebble.o)
                0x0000000000002ff0                window_get_root_layer
 .text.window_set_window_handlers
                0x0000000000002ffc        0xc /Users/edwinfinch/Library/Application Support/Pebble SDK/SDKs/current/sdk-core/pebble/aplite/lib/libpebble.a(tmpz2MrsRpebble.o)
                0x0000000000002ffc                window_set_window_handlers
 .text.window_stack_pop_all
                0x0000000000003008        0xc /Users/edwinfinch/Library/Application Support/Pebble SDK/SDKs/current/sdk-core/pebble/aplite/lib/libpebble.a(tmpz2MrsRpebble.o)
                0x0000000000003008                window_stack_pop_all
 .text.window_stack_push
                0x0000000000003014        0xc /Users/edwinfinch/Library/Application Support/Pebble SDK/SDKs/current/sdk-core/pebble/aplite/lib/libpebble.a(tmpz2MrsRpebble.o)
                0x0000000000003014                window_stack_push
 .text.window_stack_remove
                0x0000000000003020        0xc /Users/edwinfinch/Library/Application Support/Pebble SDK/SDKs/current/sdk-core/pebble/aplite/lib/libpebble.a(tmpz2MrsRpebble.o)
                0x0000000000003020                window_stack_remove
 .text.app_message_outbox_begin
                0x000000000000302c        0xc /Users/edwinfinch/Library/Application Support/Pebble SDK/SDKs/current/sdk-core/pebble/aplite/lib/libpebble.a(tmpz2MrsRpebble.o)
                0x000000000000302c                app_message_outbox_begin
 .text.app_message_outbox_send
                0x0000000000003038        0xc /Users/edwinfinch/Library/Application Support/Pebble SDK/SDKs/current/sdk-core/pebble/aplite/lib/libpebble.a(tmpz2MrsRpebble.o)
                0x0000000000003038                app_message_outbox_send
 .text.app_message_register_inbox_dropped
                0x0000000000003044        0xc /Users/edwinfinch/Library/Application Support/Pebble SDK/SDKs/current/sdk-core/pebble/aplite/lib/libpebble.a(tmpz2MrsRpebble.o)
                0x0000000000003044                app_message_register_inbox_dropped
 .text.app_message_register_inbox_received
                0x0000000000003050        0xc /Users/edwinfinch/Library/Application Support/Pebble SDK/SDKs/current/sdk-core/pebble/aplite/lib/libpebble.a(tmpz2MrsRpebble.o)
                0x0000000000003050                app_message_register_inbox_received
 .text.app_message_register_outbox_failed
                0x000000000000305c        0xc /Users/edwinfinch/Library/Application Support/Pebble SDK/SDKs/current/sdk-core/pebble/aplite/lib/libpebble.a(tmpz2MrsRpebble.o)
                0x000000000000305c                app_message_register_outbox_failed
 .text.window_long_click_subscribe
                0x0000000000003068        0xc /Users/edwinfinch/Library/Application Support/Pebble SDK/SDKs/current/sdk-core/pebble/aplite/lib/libpebble.a(tmpz2MrsRpebble.o)
                0x0000000000003068                window_long_click_subscribe
 .text.window_single_click_subscribe
                0x0000000000003074        0xc /Users/edwinfinch/Library/Application Support/Pebble SDK/SDKs/current/sdk-core/pebble/aplite/lib/libpebble.a(tmpz2MrsRpebble.o)
                0x0000000000003074                window_single_click_subscribe
 .text.graphics_draw_text
                0x0000000000003080        0xc /Users/edwinfinch/Library/Application Support/Pebble SDK/SDKs/current/sdk-core/pebble/aplite/lib/libpebble.a(tmpz2MrsRpebble.o)
                0x0000000000003080                graphics_draw_text
 .text.persist_read_data
                0x000000000000308c        0xc /Users/edwinfinch/Library/Application Support/Pebble SDK/SDKs/current/sdk-core/pebble/aplite/lib/libpebble.a(tmpz2MrsRpebble.o)
                0x000000000000308c                persist_read_data
 .text.persist_write_data
                0x0000000000003098        0xc /Users/edwinfinch/Library/Application Support/Pebble SDK/SDKs/current/sdk-core/pebble/aplite/lib/libpebble.a(tmpz2MrsRpebble.o)
                0x0000000000003098                persist_write_data
 .text.graphics_text_layout_get_content_size
                0x00000000000030a4        0xc /Users/edwinfinch/Library/Application Support/Pebble SDK/SDKs/current/sdk-core/pebble/aplite/lib/libpebble.a(tmpz2MrsRpebble.o)
                0x00000000000030a4                graphics_text_layout_get_content_size
 .text.heap_bytes_free
                0x00000000000030b0        0xc /Users/edwinfinch/Library/Application Support/Pebble SDK/SDKs/current/sdk-core/pebble/aplite/lib/libpebble.a(tmpz2MrsRpebble.o)
                0x00000000000030b0                heap_bytes_free
 .text.watch_info_get_model
                0x00000000000030bc        0xc /Users/edwinfinch/Library/Application Support/Pebble SDK/SDKs/current/sdk-core/pebble/aplite/lib/libpebble.a(tmpz2MrsRpebble.o)
                0x00000000000030bc                watch_info_get_model
 .text.wakeup_schedule
                0x00000000000030c8        0xc /Users/edwinfinch/Library/Application Support/Pebble SDK/SDKs/current/sdk-core/pebble/aplite/lib/libpebble.a(tmpz2MrsRpebble.o)
                0x00000000000030c8                wakeup_schedule
 .text.graphics_context_set_fill_color
                0x00000000000030d4        0xc /Users/edwinfinch/Library/Application Support/Pebble SDK/SDKs/current/sdk-core/pebble/aplite/lib/libpebble.a(tmpz2MrsRpebble.o)
                0x00000000000030d4                graphics_context_set_fill_color
 .text.graphics_context_set_text_color
                0x00000000000030e0        0xc /Users/edwinfinch/Library/Application Support/Pebble SDK/SDKs/current/sdk-core/pebble/aplite/lib/libpebble.a(tmpz2MrsRpebble.o)
                0x00000000000030e0                graphics_context_set_text_color
 .text.window_set_background_color
                0x00000000000030ec        0xc /Users/edwinfinch/Library/Application Support/Pebble SDK/SDKs/current/sdk-core/pebble/aplite/lib/libpebble.a(tmpz2MrsRpebble.o)
                0x00000000000030ec                window_set_background_color
 .text.animation_schedule
                0x00000000000030f8        0xc /Users/edwinfinch/Library/Application Support/Pebble SDK/SDKs/current/sdk-core/pebble/aplite/lib/libpebble.a(tmpz2MrsRpebble.o)
                0x00000000000030f8                animation_schedule
 .text.animation_set_delay
                0x0000000000003104        0xc /Users/edwinfinch/Library/Application Support/Pebble SDK/SDKs/current/sdk-core/pebble/aplite/lib/libpebble.a(tmpz2MrsRpebble.o)
                0x0000000000003104                animation_set_delay
 .text.animation_set_duration
                0x0000000000003110        0xc /Users/edwinfinch/Library/Application Support/Pebble SDK/SDKs/current/sdk-core/pebble/aplite/lib/libpebble.a(tmpz2MrsRpebble.o)
                0x0000000000003110                animation_set_duration
 .text.animation_set_handlers
                0x000000000000311c        0xc /Users/edwinfinch/Library/Application Support/Pebble SDK/SDKs/current/sdk-core/pebble/aplite/lib/libpebble.a(tmpz2MrsRpebble.o)
                0x000000000000311c                animation_set_handlers
 .text.property_animation_create_layer_frame
                0x0000000000003128        0xc /Users/edwinfinch/Library/Application Support/Pebble SDK/SDKs/current/sdk-core/pebble/aplite/lib/libpebble.a(tmpz2MrsRpebble.o)
                0x0000000000003128                property_animation_create_layer_frame
 .text.property_animation_destroy
                0x0000000000003134        0xc /Users/edwinfinch/Library/Application Support/Pebble SDK/SDKs/current/sdk-core/pebble/aplite/lib/libpebble.a(tmpz2MrsRpebble.o)
                0x0000000000003134                property_animation_destroy
 .text.property_animation_get_animation
                0x0000000000003140        0xc /Users/edwinfinch/Library/Application Support/Pebble SDK/SDKs/current/sdk-core/pebble/aplite/lib/libpebble.a(tmpz2MrsRpebble.o)
                0x0000000000003140                property_animation_get_animation
 .text.gbitmap_get_bounds
                0x000000000000314c        0xc /Users/edwinfinch/Library/Application Support/Pebble SDK/SDKs/current/sdk-core/pebble/aplite/lib/libpebble.a(tmpz2MrsRpebble.o)
                0x000000000000314c                gbitmap_get_bounds
 .text.gbitmap_create_from_png_data
                0x0000000000003158        0xc /Users/edwinfinch/Library/Application Support/Pebble SDK/SDKs/current/sdk-core/pebble/aplite/lib/libpebble.a(tmpz2MrsRpebble.o)
                0x0000000000003158                gbitmap_create_from_png_data
 .text.menu_layer_create
                0x0000000000003164        0xc /Users/edwinfinch/Library/Application Support/Pebble SDK/SDKs/current/sdk-core/pebble/aplite/lib/libpebble.a(tmpz2MrsRpebble.o)
                0x0000000000003164                menu_layer_create
 .text.action_bar_layer_add_to_window
                0x0000000000003170        0xc /Users/edwinfinch/Library/Application Support/Pebble SDK/SDKs/current/sdk-core/pebble/aplite/lib/libpebble.a(tmpz2MrsRpebble.o)
                0x0000000000003170                action_bar_layer_add_to_window
 .text.action_bar_layer_create
                0x000000000000317c        0xc /Users/edwinfinch/Library/Application Support/Pebble SDK/SDKs/current/sdk-core/pebble/aplite/lib/libpebble.a(tmpz2MrsRpebble.o)
                0x000000000000317c                action_bar_layer_create
 .text.action_bar_layer_destroy
                0x0000000000003188        0xc /Users/edwinfinch/Library/Application Support/Pebble SDK/SDKs/current/sdk-core/pebble/aplite/lib/libpebble.a(tmpz2MrsRpebble.o)
                0x0000000000003188                action_bar_layer_destroy
 .text.action_bar_layer_get_layer
                0x0000000000003194        0xc /Users/edwinfinch/Library/Application Support/Pebble SDK/SDKs/current/sdk-core/pebble/aplite/lib/libpebble.a(tmpz2MrsRpebble.o)
                0x0000000000003194                action_bar_layer_get_layer
 .text.action_bar_layer_set_click_config_provider
                0x00000000000031a0        0xc /Users/edwinfinch/Library/Application Support/Pebble SDK/SDKs/current/sdk-core/pebble/aplite/lib/libpebble.a(tmpz2MrsRpebble.o)
                0x00000000000031a0                action_bar_layer_set_click_config_provider
 .text.action_bar_layer_set_icon_animated
                0x00000000000031ac        0xc /Users/edwinfinch/Library/Application Support/Pebble SDK/SDKs/current/sdk-core/pebble/aplite/lib/libpebble.a(tmpz2MrsRpebble.o)
                0x00000000000031ac                action_bar_layer_set_icon_animated
 .text.menu_cell_layer_is_highlighted
                0x00000000000031b8        0xc /Users/edwinfinch/Library/Application Support/Pebble SDK/SDKs/current/sdk-core/pebble/aplite/lib/libpebble.a(tmpz2MrsRpebble.o)
                0x00000000000031b8                menu_cell_layer_is_highlighted
 .text.text_layer_create
                0x00000000000031c4        0xc /Users/edwinfinch/Library/Application Support/Pebble SDK/SDKs/current/sdk-core/pebble/aplite/lib/libpebble.a(tmpz2MrsRpebble.o)
                0x00000000000031c4                text_layer_create
 .text.text_layer_get_layer
                0x00000000000031d0        0xc /Users/edwinfinch/Library/Application Support/Pebble SDK/SDKs/current/sdk-core/pebble/aplite/lib/libpebble.a(tmpz2MrsRpebble.o)
                0x00000000000031d0                text_layer_get_layer
 .text.text_layer_set_background_color
                0x00000000000031dc        0xc /Users/edwinfinch/Library/Application Support/Pebble SDK/SDKs/current/sdk-core/pebble/aplite/lib/libpebble.a(tmpz2MrsRpebble.o)
                0x00000000000031dc                text_layer_set_background_color
 .text.text_layer_set_font
                0x00000000000031e8        0xc /Users/edwinfinch/Library/Application Support/Pebble SDK/SDKs/current/sdk-core/pebble/aplite/lib/libpebble.a(tmpz2MrsRpebble.o)
                0x00000000000031e8                text_layer_set_font
 .text.text_layer_set_size
                0x00000000000031f4        0xc /Users/edwinfinch/Library/Application Support/Pebble SDK/SDKs/current/sdk-core/pebble/aplite/lib/libpebble.a(tmpz2MrsRpebble.o)
                0x00000000000031f4                text_layer_set_size
 .text.text_layer_set_text
                0x0000000000003200        0xc /Users/edwinfinch/Library/Application Support/Pebble SDK/SDKs/current/sdk-core/pebble/aplite/lib/libpebble.a(tmpz2MrsRpebble.o)
                0x0000000000003200                text_layer_set_text
 .text.text_layer_set_text_color
                0x000000000000320c        0xc /Users/edwinfinch/Library/Application Support/Pebble SDK/SDKs/current/sdk-core/pebble/aplite/lib/libpebble.a(tmpz2MrsRpebble.o)
                0x000000000000320c                text_layer_set_text_color
 .text.time     0x0000000000003218        0xc /Users/edwinfinch/Library/Application Support/Pebble SDK/SDKs/current/sdk-core/pebble/aplite/lib/libpebble.a(tmpz2MrsRpebble.o)
                0x0000000000003218                time
 .text.menu_layer_set_highlight_colors
                0x0000000000003224        0xc /Users/edwinfinch/Library/Application Support/Pebble SDK/SDKs/current/sdk-core/pebble/aplite/lib/libpebble.a(tmpz2MrsRpebble.o)
                0x0000000000003224                menu_layer_set_highlight_colors
 .text.menu_layer_set_normal_colors
                0x0000000000003230        0xc /Users/edwinfinch/Library/Application Support/Pebble SDK/SDKs/current/sdk-core/pebble/aplite/lib/libpebble.a(tmpz2MrsRpebble.o)
                0x0000000000003230                menu_layer_set_normal_colors
 .text.menu_layer_set_callbacks
                0x000000000000323c        0xc /Users/edwinfinch/Library/Application Support/Pebble SDK/SDKs/current/sdk-core/pebble/aplite/lib/libpebble.a(tmpz2MrsRpebble.o)
                0x000000000000323c                menu_layer_set_callbacks
 .text.connection_service_peek_pebble_app_connection
                0x0000000000003248        0xc /Users/edwinfinch/Library/Application Support/Pebble SDK/SDKs/current/sdk-core/pebble/aplite/lib/libpebble.a(tmpz2MrsRpebble.o)
                0x0000000000003248                connection_service_peek_pebble_app_connection
 .text.connection_service_peek_pebblekit_connection
                0x0000000000003254        0xc /Users/edwinfinch/Library/Application Support/Pebble SDK/SDKs/current/sdk-core/pebble/aplite/lib/libpebble.a(tmpz2MrsRpebble.o)
                0x0000000000003254                connection_service_peek_pebblekit_connection
 .text.connection_service_subscribe
                0x0000000000003260        0xc /Users/edwinfinch/Library/Application Support/Pebble SDK/SDKs/current/sdk-core/pebble/aplite/lib/libpebble.a(tmpz2MrsRpebble.o)
                0x0000000000003260                connection_service_subscribe
 *(.rodata)
 .rodata        0x000000000000326c        0x8 src/windows/connection_window.c.28.o
 .rodata        0x0000000000003274       0x10 src/windows/library_menus.c.28.o
 .rodata        0x0000000000003284        0x8 src/windows/main_menu.c.28.o
 .rodata        0x000000000000328c       0x20 src/windows/now_playing.c.28.o
 *(.rodata*)
 .rodata.str1.1
                0x00000000000032ac      0x115 src/ipod_state.c.28.o
 .rodata.str1.1
                0x00000000000033c1       0x1a src/layers/marquee_text.c.28.o
 .rodata.str1.1
                0x00000000000033db       0x60 src/settings.c.28.o
 .rodata.str1.1
                0x000000000000343b      0x3bb src/windows/connection_window.c.28.o
                                        0x3be (size before relaxing)
 .rodata.str1.1
                0x00000000000037f6      0x1b9 src/windows/library_menus.c.28.o
                                        0x1ba (size before relaxing)
 .rodata.str1.1
                0x00000000000039af       0x65 src/windows/main_menu.c.28.o
                                         0x66 (size before relaxing)
 .rodata.segments.7782
                0x0000000000003a14        0x8 src/windows/now_playing.c.28.o
 .rodata.str1.1
                0x0000000000003a1c       0x99 src/windows/now_playing.c.28.o
                                         0xaf (size before relaxing)

.glue_7         0x0000000000003ab8        0x0
 .glue_7        0x0000000000000000        0x0 linker stubs

.glue_7t        0x0000000000003ab8        0x0
 .glue_7t       0x0000000000000000        0x0 linker stubs

.vfp11_veneer   0x0000000000003ab8        0x0
 .vfp11_veneer  0x0000000000000000        0x0 linker stubs

.v4_bx          0x0000000000003ab8        0x0
 .v4_bx         0x0000000000000000        0x0 linker stubs

.iplt           0x0000000000003ab8        0x0
 .iplt          0x0000000000000000        0x0 /usr/local/Cellar/pebble-toolchain/2.0/arm-cs-tools/bin/../lib/gcc/arm-none-eabi/4.7.2/thumb2/crtbegin.o

.rel.dyn        0x0000000000003ab8        0x0
 .rel.iplt      0x0000000000000000        0x0 /usr/local/Cellar/pebble-toolchain/2.0/arm-cs-tools/bin/../lib/gcc/arm-none-eabi/4.7.2/thumb2/crtbegin.o
 .rel.got       0x0000000000000000        0x0 /usr/local/Cellar/pebble-toolchain/2.0/arm-cs-tools/bin/../lib/gcc/arm-none-eabi/4.7.2/thumb2/crtbegin.o

.data           0x0000000000003ab8       0x5d
 *(.data)
 .data          0x0000000000003ab8        0x0 /usr/local/Cellar/pebble-toolchain/2.0/arm-cs-tools/bin/../lib/gcc/arm-none-eabi/4.7.2/thumb2/crti.o
 .data          0x0000000000003ab8        0x4 /usr/local/Cellar/pebble-toolchain/2.0/arm-cs-tools/bin/../lib/gcc/arm-none-eabi/4.7.2/thumb2/crtbegin.o
                0x0000000000003ab8                __dso_handle
 .data          0x0000000000003abc        0x0 src/common.c.28.o
 .data          0x0000000000003abc        0x0 src/gbitmap.c.28.o
 .data          0x0000000000003abc        0x0 src/ipod.c.28.o
 .data          0x0000000000003abc        0x0 src/ipod_state.c.28.o
 .data          0x0000000000003abc        0x0 src/layers/marquee_text.c.28.o
 .data          0x0000000000003abc        0x0 src/layers/progress_bar.c.28.o
 .data          0x0000000000003abc        0x0 src/settings.c.28.o
 .data          0x0000000000003abc        0x8 src/windows/connection_window.c.28.o
 .data          0x0000000000003ac4        0x0 src/windows/library_menus.c.28.o
 .data          0x0000000000003ac4        0x0 src/windows/main_menu.c.28.o
 .data          0x0000000000003ac4        0x0 src/windows/message_window.c.28.o
 .data          0x0000000000003ac4        0x8 src/windows/now_playing.c.28.o
 .data          0x0000000000003acc        0x0 aplite/appinfo.auto.c.28.o
 .data          0x0000000000003acc        0x0 aplite/src/resource_ids.auto.c.28.o
 .data          0x0000000000003acc        0x0 /Users/edwinfinch/Library/Application Support/Pebble SDK/SDKs/current/sdk-core/pebble/aplite/lib/libpebble.a(tmpz2MrsRpebble.o)
 .data          0x0000000000003acc        0x0 /usr/local/Cellar/pebble-toolchain/2.0/arm-cs-tools/bin/../lib/gcc/arm-none-eabi/4.7.2/thumb2/crtend.o
 .data          0x0000000000003acc        0x0 /usr/local/Cellar/pebble-toolchain/2.0/arm-cs-tools/bin/../lib/gcc/arm-none-eabi/4.7.2/thumb2/crtn.o
 *(.data.*)
 .data.s_sequence_number
                0x0000000000003acc        0x4 src/common.c.28.o
 .data.first_open
                0x0000000000003ad0        0x1 src/ipod_state.c.28.o
                0x0000000000003ad0                first_open
 .data.first_call
                0x0000000000003ad1        0x1 src/ipod_state.c.28.o
                0x0000000000003ad1                first_call
 *fill*         0x0000000000003ad2        0x2 
 .data.rel.local.repeat_modes
                0x0000000000003ad4       0x10 src/windows/library_menus.c.28.o
                0x0000000000003ad4                repeat_modes
 .data.rel.ro.callbacks.7740
                0x0000000000003ae4       0x18 src/windows/main_menu.c.28.o
 .data.rel.ro.local.titles.7739
                0x0000000000003afc       0x18 src/windows/main_menu.c.28.o
 .data.now_playing_action_bar_is_showing
                0x0000000000003b14        0x1 src/windows/now_playing.c.28.o
                0x0000000000003b14                now_playing_action_bar_is_showing

.igot.plt       0x0000000000003b18        0x0
 .igot.plt      0x0000000000000000        0x0 /usr/local/Cellar/pebble-toolchain/2.0/arm-cs-tools/bin/../lib/gcc/arm-none-eabi/4.7.2/thumb2/crtbegin.o

.got            0x0000000000003b18       0x8c
 .got           0x0000000000003b18       0x8c /usr/local/Cellar/pebble-toolchain/2.0/arm-cs-tools/bin/../lib/gcc/arm-none-eabi/4.7.2/thumb2/crtbegin.o

.got.plt        0x0000000000003ba4        0xc
 .got.plt       0x0000000000003ba4        0xc /usr/local/Cellar/pebble-toolchain/2.0/arm-cs-tools/bin/../lib/gcc/arm-none-eabi/4.7.2/thumb2/crtbegin.o
                0x0000000000003ba4                _GLOBAL_OFFSET_TABLE_

.bss            0x0000000000003bb0      0x358
 *(.bss)
 *(.bss.*)
 .bss.s_artist  0x0000000000003bb0       0x64 src/ipod_state.c.28.o
 .bss.s_title   0x0000000000003c14       0x64 src/ipod_state.c.28.o
 .bss.now_playing_album_art_size
                0x0000000000003c78        0x8 src/ipod_state.c.28.o
 .bss.s_album   0x0000000000003c80       0x64 src/ipod_state.c.28.o
 .bss.album_art_data
                0x0000000000003ce4        0x8 src/ipod_state.c.28.o
 .bss.head      0x0000000000003cec        0x4 src/layers/marquee_text.c.28.o
 .bss.description.7699
                0x0000000000003cf0       0x96 src/windows/connection_window.c.28.o
 .bss.title.7698
                0x0000000000003d86       0x1e src/windows/connection_window.c.28.o
 .bss.main_menu_layer
                0x0000000000003da4        0x4 src/windows/main_menu.c.28.o
                0x0000000000003da4                main_menu_layer
 .bss.already_requested
                0x0000000000003da8        0x1 src/windows/main_menu.c.28.o
                0x0000000000003da8                already_requested
 .bss.draw_no_album
                0x0000000000003da9        0x1 src/windows/now_playing.c.28.o
 *fill*         0x0000000000003daa        0x2 
 .bss.no_album_art_bitmap
                0x0000000000003dac        0x4 src/windows/now_playing.c.28.o
                0x0000000000003dac                no_album_art_bitmap
 .bss.icon_fast_forward
                0x0000000000003db0        0x4 src/windows/now_playing.c.28.o
 .bss.action_bar_hidden
                0x0000000000003db4        0x2 src/windows/now_playing.c.28.o
                0x0000000000003db4                action_bar_hidden
 .bss.controlling_volume
                0x0000000000003db6        0x1 src/windows/now_playing.c.28.o
 *fill*         0x0000000000003db7        0x1 
 .bss.icon_play
                0x0000000000003db8        0x4 src/windows/now_playing.c.28.o
 .bss.icon_pause
                0x0000000000003dbc        0x4 src/windows/now_playing.c.28.o
 .bss.icon_more
                0x0000000000003dc0        0x4 src/windows/now_playing.c.28.o
 .bss.icon_volume_up
                0x0000000000003dc4        0x4 src/windows/now_playing.c.28.o
 .bss.action_bar_showing
                0x0000000000003dc8        0x2 src/windows/now_playing.c.28.o
                0x0000000000003dc8                action_bar_showing
 .bss.pebble_controls_pushed_select
                0x0000000000003dca        0x1 src/windows/now_playing.c.28.o
                0x0000000000003dca                pebble_controls_pushed_select
 .bss.current_jump.7722
                0x0000000000003dcb        0x1 src/windows/now_playing.c.28.o
 .bss.icon_rewind
                0x0000000000003dcc        0x4 src/windows/now_playing.c.28.o
 .bss.icon_volume_down
                0x0000000000003dd0        0x4 src/windows/now_playing.c.28.o
 .bss.action_bar_timer_registered
                0x0000000000003dd4        0x1 src/windows/now_playing.c.28.o
                0x0000000000003dd4                action_bar_timer_registered
 .bss.previous_play_status
                0x0000000000003dd5        0x1 src/windows/now_playing.c.28.o
                0x0000000000003dd5                previous_play_status
 .bss.is_shown  0x0000000000003dd6        0x1 src/windows/now_playing.c.28.o
 *fill*         0x0000000000003dd7        0x1 
 COMMON         0x0000000000003dd8        0x4 src/ipod.c.28.o
                0x0000000000003dd8                window
 COMMON         0x0000000000003ddc       0x1d src/ipod_state.c.28.o
                0x0000000000003ddc                ipod_state_callback
                0x0000000000003de0                s_shuffle_mode
                0x0000000000003de4                s_current_time
                0x0000000000003de8                current_type
                0x0000000000003de9                s_repeat_mode
                0x0000000000003dec                album_art_bitmap
                0x0000000000003df4                s_duration
                0x0000000000003df8                s_playback_state
 *fill*         0x0000000000003df9        0x3 
 COMMON         0x0000000000003dfc        0x7 src/settings.c.28.o
                0x0000000000003dfc                current_callback
                0x0000000000003e00                current_settings
 *fill*         0x0000000000003e03        0x1 
 COMMON         0x0000000000003e04        0x4 src/windows/connection_window.c.28.o
                0x0000000000003e04                connection_window
 COMMON         0x0000000000003e08       0x24 src/windows/library_menus.c.28.o
                0x0000000000003e08                repeat_icon_inverted
                0x0000000000003e0c                shuffle_icon
                0x0000000000003e10                menu_stack_count
                0x0000000000003e14                repeat_icon
                0x0000000000003e18                shuffle_icon_inverted
                0x0000000000003e1c                menu_stack
 COMMON         0x0000000000003e2c       0x98 src/windows/main_menu.c.28.o
                0x0000000000003e2c                main_menu_window
                0x0000000000003e30                main_menu_items
                0x0000000000003e90                main_menu_icons
                0x0000000000003ea8                highlight_index
                0x0000000000003eac                main_menu_icons_inverted
 COMMON         0x0000000000003ec4       0x44 src/windows/now_playing.c.28.o
                0x0000000000003ec4                now_playing_timer
                0x0000000000003ec8                artist_font
                0x0000000000003ecc                now_playing_window
                0x0000000000003ed0                background_colour
                0x0000000000003ed1                now_playing_settings
                0x0000000000003ed4                now_playing_progress_bar
                0x0000000000003ed8                now_playing_artist_layer
                0x0000000000003edc                now_playing_album_art_layer
                0x0000000000003ee4                now_playing_title_layer
                0x0000000000003ee8                action_bar_timer
                0x0000000000003eec                artist_frame
                0x0000000000003ef4                control_action_bar
                0x0000000000003ef8                now_playing_graphics_layer
                0x0000000000003efc                invert_controls_timer
                0x0000000000003f00                now_playing_album_art_bitmap

DISCARD
 libc.a(*)
 libm.a(*)
 libgcc.a(*)
 *(.eh_frame)
OUTPUT(/Users/edwinfinch/Desktop/Lignite Music/music-pebble/build/aplite/pebble-app.elf elf32-littlearm)

.ARM.attributes
                0x0000000000000000       0x27
 .ARM.attributes
                0x0000000000000000       0x19 /usr/local/Cellar/pebble-toolchain/2.0/arm-cs-tools/bin/../lib/gcc/arm-none-eabi/4.7.2/thumb2/crti.o
 .ARM.attributes
                0x0000000000000019       0x29 /usr/local/Cellar/pebble-toolchain/2.0/arm-cs-tools/bin/../lib/gcc/arm-none-eabi/4.7.2/thumb2/crtbegin.o
 .ARM.attributes
                0x0000000000000042       0x33 src/common.c.28.o
 .ARM.attributes
                0x0000000000000075       0x33 src/gbitmap.c.28.o
 .ARM.attributes
                0x00000000000000a8       0x33 src/ipod.c.28.o
 .ARM.attributes
                0x00000000000000db       0x33 src/ipod_state.c.28.o
 .ARM.attributes
                0x000000000000010e       0x33 src/layers/marquee_text.c.28.o
 .ARM.attributes
                0x0000000000000141       0x33 src/layers/progress_bar.c.28.o
 .ARM.attributes
                0x0000000000000174       0x33 src/settings.c.28.o
 .ARM.attributes
                0x00000000000001a7       0x33 src/windows/connection_window.c.28.o
 .ARM.attributes
                0x00000000000001da       0x33 src/windows/library_menus.c.28.o
 .ARM.attributes
                0x000000000000020d       0x33 src/windows/main_menu.c.28.o
 .ARM.attributes
                0x0000000000000240       0x33 src/windows/message_window.c.28.o
 .ARM.attributes
                0x0000000000000273       0x33 src/windows/now_playing.c.28.o
 .ARM.attributes
                0x00000000000002a6       0x33 aplite/appinfo.auto.c.28.o
 .ARM.attributes
                0x00000000000002d9       0x33 aplite/src/resource_ids.auto.c.28.o
 .ARM.attributes
                0x000000000000030c       0x21 /Users/edwinfinch/Library/Application Support/Pebble SDK/SDKs/current/sdk-core/pebble/aplite/lib/libpebble.a(tmpz2MrsRpebble.o)
 .ARM.attributes
                0x000000000000032d       0x29 /usr/local/Cellar/pebble-toolchain/2.0/arm-cs-tools/bin/../lib/gcc/arm-none-eabi/4.7.2/thumb2/crtend.o
 .ARM.attributes
                0x0000000000000356       0x19 /usr/local/Cellar/pebble-toolchain/2.0/arm-cs-tools/bin/../lib/gcc/arm-none-eabi/4.7.2/thumb2/crtn.o

.comment        0x0000000000000000       0x4e
 .comment       0x0000000000000000       0x4e /usr/local/Cellar/pebble-toolchain/2.0/arm-cs-tools/bin/../lib/gcc/arm-none-eabi/4.7.2/thumb2/crtbegin.o
                                         0x4f (size before relaxing)
 .comment       0x0000000000000000       0x4f src/common.c.28.o
 .comment       0x0000000000000000       0x4f src/gbitmap.c.28.o
 .comment       0x0000000000000000       0x4f src/ipod.c.28.o
 .comment       0x0000000000000000       0x4f src/ipod_state.c.28.o
 .comment       0x0000000000000000       0x4f src/layers/marquee_text.c.28.o
 .comment       0x0000000000000000       0x4f src/layers/progress_bar.c.28.o
 .comment       0x0000000000000000       0x4f src/settings.c.28.o
 .comment       0x0000000000000000       0x4f src/windows/connection_window.c.28.o
 .comment       0x0000000000000000       0x4f src/windows/library_menus.c.28.o
 .comment       0x0000000000000000       0x4f src/windows/main_menu.c.28.o
 .comment       0x0000000000000000       0x4f src/windows/message_window.c.28.o
 .comment       0x0000000000000000       0x4f src/windows/now_playing.c.28.o
 .comment       0x0000000000000000       0x4f aplite/appinfo.auto.c.28.o
 .comment       0x0000000000000000       0x4f aplite/src/resource_ids.auto.c.28.o
 .comment       0x0000000000000000       0x4f /usr/local/Cellar/pebble-toolchain/2.0/arm-cs-tools/bin/../lib/gcc/arm-none-eabi/4.7.2/thumb2/crtend.o

.debug_info     0x0000000000000000     0xae77
 .debug_info    0x0000000000000000      0xa15 src/common.c.28.o
 .debug_info    0x0000000000000a15       0x79 src/gbitmap.c.28.o
 .debug_info    0x0000000000000a8e      0x4ad src/ipod.c.28.o
 .debug_info    0x0000000000000f3b     0x128b src/ipod_state.c.28.o
 .debug_info    0x00000000000021c6      0x9cc src/layers/marquee_text.c.28.o
 .debug_info    0x0000000000002b92      0x66d src/layers/progress_bar.c.28.o
 .debug_info    0x00000000000031ff      0x32e src/settings.c.28.o
 .debug_info    0x000000000000352d     0x14c6 src/windows/connection_window.c.28.o
 .debug_info    0x00000000000049f3     0x1eee src/windows/library_menus.c.28.o
 .debug_info    0x00000000000068e1      0xfd8 src/windows/main_menu.c.28.o
 .debug_info    0x00000000000078b9      0xca7 src/windows/message_window.c.28.o
 .debug_info    0x0000000000008560     0x2490 src/windows/now_playing.c.28.o
 .debug_info    0x000000000000a9f0      0x2e6 aplite/appinfo.auto.c.28.o
 .debug_info    0x000000000000acd6      0x1a1 aplite/src/resource_ids.auto.c.28.o

.debug_abbrev   0x0000000000000000     0x229f
 .debug_abbrev  0x0000000000000000      0x290 src/common.c.28.o
 .debug_abbrev  0x0000000000000290       0x26 src/gbitmap.c.28.o
 .debug_abbrev  0x00000000000002b6      0x1fb src/ipod.c.28.o
 .debug_abbrev  0x00000000000004b1      0x3cc src/ipod_state.c.28.o
 .debug_abbrev  0x000000000000087d      0x2be src/layers/marquee_text.c.28.o
 .debug_abbrev  0x0000000000000b3b      0x2a4 src/layers/progress_bar.c.28.o
 .debug_abbrev  0x0000000000000ddf      0x1b1 src/settings.c.28.o
 .debug_abbrev  0x0000000000000f90      0x349 src/windows/connection_window.c.28.o
 .debug_abbrev  0x00000000000012d9      0x481 src/windows/library_menus.c.28.o
 .debug_abbrev  0x000000000000175a      0x2f0 src/windows/main_menu.c.28.o
 .debug_abbrev  0x0000000000001a4a      0x282 src/windows/message_window.c.28.o
 .debug_abbrev  0x0000000000001ccc      0x507 src/windows/now_playing.c.28.o
 .debug_abbrev  0x00000000000021d3       0x88 aplite/appinfo.auto.c.28.o
 .debug_abbrev  0x000000000000225b       0x44 aplite/src/resource_ids.auto.c.28.o

.debug_loc      0x0000000000000000     0x3220
 .debug_loc     0x0000000000000000      0x1e0 src/common.c.28.o
 .debug_loc     0x00000000000001e0       0xc2 src/ipod.c.28.o
 .debug_loc     0x00000000000002a2      0x593 src/ipod_state.c.28.o
 .debug_loc     0x0000000000000835      0x2b5 src/layers/marquee_text.c.28.o
 .debug_loc     0x0000000000000aea      0x22a src/layers/progress_bar.c.28.o
 .debug_loc     0x0000000000000d14       0xbc src/settings.c.28.o
 .debug_loc     0x0000000000000dd0      0x4a1 src/windows/connection_window.c.28.o
 .debug_loc     0x0000000000001271      0xfda src/windows/library_menus.c.28.o
 .debug_loc     0x000000000000224b      0x40e src/windows/main_menu.c.28.o
 .debug_loc     0x0000000000002659      0x458 src/windows/message_window.c.28.o
 .debug_loc     0x0000000000002ab1      0x76f src/windows/now_playing.c.28.o

.debug_aranges  0x0000000000000000      0x550
 .debug_aranges
                0x0000000000000000       0x48 src/common.c.28.o
 .debug_aranges
                0x0000000000000048       0x18 src/gbitmap.c.28.o
 .debug_aranges
                0x0000000000000060       0x38 src/ipod.c.28.o
 .debug_aranges
                0x0000000000000098       0xb8 src/ipod_state.c.28.o
 .debug_aranges
                0x0000000000000150       0x68 src/layers/marquee_text.c.28.o
 .debug_aranges
                0x00000000000001b8       0x48 src/layers/progress_bar.c.28.o
 .debug_aranges
                0x0000000000000200       0x48 src/settings.c.28.o
 .debug_aranges
                0x0000000000000248       0x88 src/windows/connection_window.c.28.o
 .debug_aranges
                0x00000000000002d0       0x88 src/windows/library_menus.c.28.o
 .debug_aranges
                0x0000000000000358       0x98 src/windows/main_menu.c.28.o
 .debug_aranges
                0x00000000000003f0       0x60 src/windows/message_window.c.28.o
 .debug_aranges
                0x0000000000000450       0xd0 src/windows/now_playing.c.28.o
 .debug_aranges
                0x0000000000000520       0x18 aplite/appinfo.auto.c.28.o
 .debug_aranges
                0x0000000000000538       0x18 aplite/src/resource_ids.auto.c.28.o

.debug_ranges   0x0000000000000000      0x6c8
 .debug_ranges  0x0000000000000000       0x38 src/common.c.28.o
 .debug_ranges  0x0000000000000038       0x28 src/ipod.c.28.o
 .debug_ranges  0x0000000000000060      0x168 src/ipod_state.c.28.o
 .debug_ranges  0x00000000000001c8       0x58 src/layers/marquee_text.c.28.o
 .debug_ranges  0x0000000000000220       0x38 src/layers/progress_bar.c.28.o
 .debug_ranges  0x0000000000000258       0x38 src/settings.c.28.o
 .debug_ranges  0x0000000000000290       0x78 src/windows/connection_window.c.28.o
 .debug_ranges  0x0000000000000308      0x128 src/windows/library_menus.c.28.o
 .debug_ranges  0x0000000000000430       0xa0 src/windows/main_menu.c.28.o
 .debug_ranges  0x00000000000004d0       0x50 src/windows/message_window.c.28.o
 .debug_ranges  0x0000000000000520      0x1a8 src/windows/now_playing.c.28.o

.debug_line     0x0000000000000000     0x2bc4
 .debug_line    0x0000000000000000      0x25d src/common.c.28.o
 .debug_line    0x000000000000025d       0x1d src/gbitmap.c.28.o
 .debug_line    0x000000000000027a      0x2ac src/ipod.c.28.o
 .debug_line    0x0000000000000526      0x4b0 src/ipod_state.c.28.o
 .debug_line    0x00000000000009d6      0x312 src/layers/marquee_text.c.28.o
 .debug_line    0x0000000000000ce8      0x286 src/layers/progress_bar.c.28.o
 .debug_line    0x0000000000000f6e      0x25c src/settings.c.28.o
 .debug_line    0x00000000000011ca      0x413 src/windows/connection_window.c.28.o
 .debug_line    0x00000000000015dd      0x610 src/windows/library_menus.c.28.o
 .debug_line    0x0000000000001bed      0x418 src/windows/main_menu.c.28.o
 .debug_line    0x0000000000002005      0x346 src/windows/message_window.c.28.o
 .debug_line    0x000000000000234b      0x67c src/windows/now_playing.c.28.o
 .debug_line    0x00000000000029c7      0x139 aplite/appinfo.auto.c.28.o
 .debug_line    0x0000000000002b00       0xc4 aplite/src/resource_ids.auto.c.28.o

.debug_str      0x0000000000000000     0x3818
 .debug_str     0x0000000000000000      0x7fc src/common.c.28.o
                                        0x8cd (size before relaxing)
 .debug_str     0x00000000000007fc       0x11 src/gbitmap.c.28.o
                                         0xf0 (size before relaxing)
 .debug_str     0x000000000000080d      0x207 src/ipod.c.28.o
                                        0x469 (size before relaxing)
 .debug_str     0x0000000000000a14      0x8b8 src/ipod_state.c.28.o
                                        0xf92 (size before relaxing)
 .debug_str     0x00000000000012cc      0x3b6 src/layers/marquee_text.c.28.o
                                        0x550 (size before relaxing)
 .debug_str     0x0000000000001682      0x1ac src/layers/progress_bar.c.28.o
                                        0x3da (size before relaxing)
 .debug_str     0x000000000000182e       0xb9 src/settings.c.28.o
                                        0x2bf (size before relaxing)
 .debug_str     0x00000000000018e7      0x736 src/windows/connection_window.c.28.o
                                        0xf0c (size before relaxing)
 .debug_str     0x000000000000201d      0x8bc src/windows/library_menus.c.28.o
                                       0x14db (size before relaxing)
 .debug_str     0x00000000000028d9      0x2b0 src/windows/main_menu.c.28.o
                                        0xa9c (size before relaxing)
 .debug_str     0x0000000000002b89      0x1f0 src/windows/message_window.c.28.o
                                        0x75a (size before relaxing)
 .debug_str     0x0000000000002d79      0x775 src/windows/now_playing.c.28.o
                                       0x18b5 (size before relaxing)
 .debug_str     0x00000000000034ee      0x15d aplite/appinfo.auto.c.28.o
                                        0x25e (size before relaxing)
 .debug_str     0x000000000000364b      0x1cd aplite/src/resource_ids.auto.c.28.o
                                        0x2a1 (size before relaxing)

.debug_frame    0x0000000000000000      0xcc4
 .debug_frame   0x0000000000000000       0x98 src/common.c.28.o
 .debug_frame   0x0000000000000098       0x70 src/ipod.c.28.o
 .debug_frame   0x0000000000000108      0x1cc src/ipod_state.c.28.o
 .debug_frame   0x00000000000002d4       0xe4 src/layers/marquee_text.c.28.o
 .debug_frame   0x00000000000003b8       0x98 src/layers/progress_bar.c.28.o
 .debug_frame   0x0000000000000450       0x9c src/settings.c.28.o
 .debug_frame   0x00000000000004ec      0x164 src/windows/connection_window.c.28.o
 .debug_frame   0x0000000000000650      0x1a0 src/windows/library_menus.c.28.o
 .debug_frame   0x00000000000007f0      0x15c src/windows/main_menu.c.28.o
 .debug_frame   0x000000000000094c       0xf8 src/windows/message_window.c.28.o
 .debug_frame   0x0000000000000a44      0x280 src/windows/now_playing.c.28.o
