Archive member included because of file (symbol)

/Users/edwinfinch/Library/Application Support/Pebble SDK/SDKs/current/sdk-core/pebble/basalt/lib/libpebble.a(tmpzgFxQqpebble.o)
                              src/ipod.c.19.o (app_event_loop)

Allocating common symbols
Common symbol       size              file

ipod_state_callback
                    0x4               src/ipod_state.c.19.o
now_playing_timer   0x4               src/windows/now_playing.c.19.o
main_menu_items     0x60              src/windows/main_menu.c.19.o
main_menu_icons     0x18              src/windows/main_menu.c.19.o
artist_font         0x4               src/windows/now_playing.c.19.o
s_shuffle_mode      0x1               src/ipod_state.c.19.o
now_playing_window  0x4               src/windows/now_playing.c.19.o
background_colour   0x1               src/windows/now_playing.c.19.o
now_playing_settings
                    0x1               src/windows/now_playing.c.19.o
now_playing_progress_bar
                    0x4               src/windows/now_playing.c.19.o
now_playing_artist_layer
                    0x4               src/windows/now_playing.c.19.o
now_playing_album_art_layer
                    0x4               src/windows/now_playing.c.19.o
menu_stack_count    0x1               src/windows/library_menus.c.19.o
now_playing_title_layer
                    0x4               src/windows/now_playing.c.19.o
action_bar_timer    0x4               src/windows/now_playing.c.19.o
highlight_index     0x4               src/windows/main_menu.c.19.o
s_current_time      0x4               src/ipod_state.c.19.o
main_menu_icons_inverted
                    0x18              src/windows/main_menu.c.19.o
now_playing_album_layer
                    0x4               src/windows/now_playing.c.19.o
current_type        0x1               src/ipod_state.c.19.o
no_album_art_bitmap
                    0x4               src/windows/now_playing.c.19.o
s_repeat_mode       0x1               src/ipod_state.c.19.o
current_settings    0x1               src/settings.c.19.o
album_art_bitmap    0x4               src/ipod_state.c.19.o
s_duration          0x4               src/ipod_state.c.19.o
main_menu_layer     0x4               src/windows/main_menu.c.19.o
menu_stack          0x10              src/windows/library_menus.c.19.o
window              0x4               src/ipod.c.19.o
control_action_bar  0x4               src/windows/now_playing.c.19.o
now_playing_graphics_layer
                    0x4               src/windows/now_playing.c.19.o
s_playback_state    0x1               src/ipod_state.c.19.o
now_playing_album_art_bitmap
                    0x4               src/windows/now_playing.c.19.o

Discarded input sections

 .text          0x0000000000000000        0x0 /usr/local/Cellar/pebble-toolchain/2.0/arm-cs-tools/bin/../lib/gcc/arm-none-eabi/4.7.2/thumb2/crti.o
 .bss           0x0000000000000000        0x0 /usr/local/Cellar/pebble-toolchain/2.0/arm-cs-tools/bin/../lib/gcc/arm-none-eabi/4.7.2/thumb2/crti.o
 .init          0x0000000000000000        0x4 /usr/local/Cellar/pebble-toolchain/2.0/arm-cs-tools/bin/../lib/gcc/arm-none-eabi/4.7.2/thumb2/crti.o
 .fini          0x0000000000000000        0x4 /usr/local/Cellar/pebble-toolchain/2.0/arm-cs-tools/bin/../lib/gcc/arm-none-eabi/4.7.2/thumb2/crti.o
 .text          0x0000000000000000       0xc8 /usr/local/Cellar/pebble-toolchain/2.0/arm-cs-tools/bin/../lib/gcc/arm-none-eabi/4.7.2/thumb2/crtbegin.o
 .bss           0x0000000000000000       0x1c /usr/local/Cellar/pebble-toolchain/2.0/arm-cs-tools/bin/../lib/gcc/arm-none-eabi/4.7.2/thumb2/crtbegin.o
 .init_array    0x0000000000000000        0x4 /usr/local/Cellar/pebble-toolchain/2.0/arm-cs-tools/bin/../lib/gcc/arm-none-eabi/4.7.2/thumb2/crtbegin.o
 .fini_array    0x0000000000000000        0x4 /usr/local/Cellar/pebble-toolchain/2.0/arm-cs-tools/bin/../lib/gcc/arm-none-eabi/4.7.2/thumb2/crtbegin.o
 .eh_frame      0x0000000000000000        0x0 /usr/local/Cellar/pebble-toolchain/2.0/arm-cs-tools/bin/../lib/gcc/arm-none-eabi/4.7.2/thumb2/crtbegin.o
 .jcr           0x0000000000000000        0x0 /usr/local/Cellar/pebble-toolchain/2.0/arm-cs-tools/bin/../lib/gcc/arm-none-eabi/4.7.2/thumb2/crtbegin.o
 .tm_clone_table
                0x0000000000000000        0x0 /usr/local/Cellar/pebble-toolchain/2.0/arm-cs-tools/bin/../lib/gcc/arm-none-eabi/4.7.2/thumb2/crtbegin.o
 .text          0x0000000000000000        0x0 src/common.c.19.o
 .bss           0x0000000000000000        0x0 src/common.c.19.o
 .text.reset_sequence_number
                0x0000000000000000       0x22 src/common.c.19.o
 .text          0x0000000000000000        0x0 src/gbitmap.c.19.o
 .bss           0x0000000000000000        0x0 src/gbitmap.c.19.o
 .text.get_gbitmapformat_text
                0x0000000000000000       0x4c src/gbitmap.c.19.o
 .text.gbitmap_fill_all_except
                0x0000000000000000       0x6e src/gbitmap.c.19.o
 .text.gbitmap_color_palette_contains_color
[...]
Memory Configuration

Name             Origin             Length             Attributes
APP              0x0000000000000000 0x0000000000010000 xrw
*default*        0x0000000000000000 0xffffffffffffffff

Linker script and memory map

LOAD /usr/local/Cellar/pebble-toolchain/2.0/arm-cs-tools/bin/../lib/gcc/arm-none-eabi/4.7.2/thumb2/crti.o
LOAD /usr/local/Cellar/pebble-toolchain/2.0/arm-cs-tools/bin/../lib/gcc/arm-none-eabi/4.7.2/thumb2/crtbegin.o
LOAD src/common.c.19.o
LOAD src/gbitmap.c.19.o
LOAD src/ipod.c.19.o
LOAD src/ipod_state.c.19.o
LOAD src/layers/marquee_text.c.19.o
LOAD src/layers/progress_bar.c.19.o
LOAD src/settings.c.19.o
LOAD src/windows/library_menus.c.19.o
LOAD src/windows/main_menu.c.19.o
LOAD src/windows/now_playing.c.19.o
LOAD basalt/appinfo.auto.c.19.o
LOAD basalt/src/resource_ids.auto.c.19.o
LOAD /Users/edwinfinch/Library/Application Support/Pebble SDK/SDKs/current/sdk-core/pebble/basalt/lib/libpebble.a
START GROUP
LOAD /usr/local/Cellar/pebble-toolchain/2.0/arm-cs-tools/bin/../lib/gcc/arm-none-eabi/4.7.2/thumb2/libgcc.a
LOAD /usr/local/Cellar/pebble-toolchain/2.0/arm-cs-tools/bin/../lib/gcc/arm-none-eabi/4.7.2/../../../../arm-none-eabi/lib/thumb2/libc.a
END GROUP
LOAD /usr/local/Cellar/pebble-toolchain/2.0/arm-cs-tools/bin/../lib/gcc/arm-none-eabi/4.7.2/thumb2/crtend.o
LOAD /usr/local/Cellar/pebble-toolchain/2.0/arm-cs-tools/bin/../lib/gcc/arm-none-eabi/4.7.2/thumb2/crtn.o

.header         0x0000000000000000       0x82
 *(.pbl_header)
 .pbl_header    0x0000000000000000       0x82 basalt/appinfo.auto.c.19.o
                0x0000000000000000                __pbl_app_info

.note.gnu.build-id
                0x0000000000000082       0x26
                0x0000000000000082                PROVIDE (BUILD_ID, .)
 *(.note.gnu.build-id)
 *fill*         0x0000000000000082        0x2 
 .note.gnu.build-id
                0x0000000000000084       0x24 linker stubs

.text           0x00000000000000a8     0x259b
 *(.text)
 .text          0x00000000000000a8       0x14 /Users/edwinfinch/Library/Application Support/Pebble SDK/SDKs/current/sdk-core/pebble/basalt/lib/libpebble.a(tmpzgFxQqpebble.o)
 *(.text.*)
 .text.on_animation_stopped
                0x00000000000000bc        0x2 src/common.c.19.o
                0x00000000000000bc                on_animation_stopped
 *fill*         0x00000000000000be        0x2 
 .text.ipod_message_timer_fire
                0x00000000000000c0       0x2c src/common.c.19.o
                0x00000000000000c0                ipod_message_timer_fire
 .text.animate_layer
                0x00000000000000ec       0x54 src/common.c.19.o
                0x00000000000000ec                animate_layer
 .text.ipod_message_outbox_get
                0x0000000000000140       0x88 src/common.c.19.o
                0x0000000000000140                ipod_message_outbox_get
 .text.ipod_message_destroy
                0x00000000000001c8       0x14 src/common.c.19.o
                0x00000000000001c8                ipod_message_destroy
 .text.get_num_palette_colors
                0x00000000000001dc       0x20 src/gbitmap.c.19.o
                0x00000000000001dc                get_num_palette_colors
 .text.replace_gbitmap_color
                0x00000000000001fc       0x50 src/gbitmap.c.19.o
                0x00000000000001fc                replace_gbitmap_color
 .text.failed_outbox
                0x000000000000024c       0x20 src/ipod.c.19.o
                0x000000000000024c                failed_outbox
 .text.dropped_inbox
                0x000000000000026c       0x20 src/ipod.c.19.o
                0x000000000000026c                dropped_inbox
 .text.tick_handler
                0x000000000000028c        0xe src/ipod.c.19.o
                0x000000000000028c                tick_handler
 *fill*         0x000000000000029a        0x2 
 .text.ipod_init
                0x000000000000029c       0x30 src/ipod.c.19.o
                0x000000000000029c                ipod_init
 .text.ipod_app_timer_handler
                0x00000000000002cc        0xe src/ipod.c.19.o
                0x00000000000002cc                ipod_app_timer_handler
 *fill*         0x00000000000002da        0x2 
 .text.startup.main
                0x00000000000002dc       0x48 src/ipod.c.19.o
                0x00000000000002dc                main
 .text.create_bitmap
                0x0000000000000324       0x3c src/ipod_state.c.19.o
                0x0000000000000324                create_bitmap
 .text.ipod_state_tick
                0x0000000000000360       0x5c src/ipod_state.c.19.o
                0x0000000000000360                ipod_state_tick
 .text.ipod_state_set_callback
                0x00000000000003bc       0x14 src/ipod_state.c.19.o
                0x00000000000003bc                ipod_state_set_callback
 .text.ipod_state_current_time
                0x00000000000003d0       0x14 src/ipod_state.c.19.o
                0x00000000000003d0                ipod_state_current_time
 .text.ipod_state_duration
                0x00000000000003e4       0x14 src/ipod_state.c.19.o
                0x00000000000003e4                ipod_state_duration
 .text.ipod_get_playback_state
                0x00000000000003f8       0x14 src/ipod_state.c.19.o
                0x00000000000003f8                ipod_get_playback_state
 .text.ipod_get_album
                0x000000000000040c        0xc src/ipod_state.c.19.o
                0x000000000000040c                ipod_get_album
 .text.ipod_get_artist
                0x0000000000000418        0xc src/ipod_state.c.19.o
                0x0000000000000418                ipod_get_artist
 .text.ipod_get_title
                0x0000000000000424        0xc src/ipod_state.c.19.o
                0x0000000000000424                ipod_get_title
 .text.call_callback
                0x0000000000000430       0x38 src/ipod_state.c.19.o
                0x0000000000000430                call_callback
 .text.process_album_art_tuple
                0x0000000000000468      0x198 src/ipod_state.c.19.o
                0x0000000000000468                process_album_art_tuple
 .text.process_tuple
                0x0000000000000600      0x140 src/ipod_state.c.19.o
                0x0000000000000600                process_tuple
 .text.ipod_received_handler
                0x0000000000000740       0x3c src/ipod_state.c.19.o
                0x0000000000000740                ipod_received_handler
 .text.ipod_state_create
                0x000000000000077c       0x30 src/ipod_state.c.19.o
                0x000000000000077c                ipod_state_create
 .text.marquee_text_layer_update_proc
                0x00000000000007ac      0x186 src/layers/marquee_text.c.19.o
                0x00000000000007ac                marquee_text_layer_update_proc
 *fill*         0x0000000000000932        0x2 
 .text.marquee_text_layer_destroy
                0x0000000000000934       0x34 src/layers/marquee_text.c.19.o
                0x0000000000000934                marquee_text_layer_destroy
 .text.marquee_text_layer_get_layer
                0x0000000000000968        0x4 src/layers/marquee_text.c.19.o
                0x0000000000000968                marquee_text_layer_get_layer
 .text.marquee_text_layer_mark_dirty
                0x000000000000096c       0x14 src/layers/marquee_text.c.19.o
                0x000000000000096c                marquee_text_layer_mark_dirty
 .text.marquee_text_layer_set_font
                0x0000000000000980        0x6 src/layers/marquee_text.c.19.o
                0x0000000000000980                marquee_text_layer_set_font
 .text.marquee_text_layer_set_text
                0x0000000000000986        0x6 src/layers/marquee_text.c.19.o
                0x0000000000000986                marquee_text_layer_set_text
 .text.marquee_text_layer_create
                0x000000000000098c       0x90 src/layers/marquee_text.c.19.o
                0x000000000000098c                marquee_text_layer_create
 .text.marquee_text_layer_tick
                0x0000000000000a1c       0x30 src/layers/marquee_text.c.19.o
                0x0000000000000a1c                marquee_text_layer_tick
 .text.progress_bar_update_proc
                0x0000000000000a4c       0x5e src/layers/progress_bar.c.19.o
 *fill*         0x0000000000000aaa        0x2 
 .text.progress_bar_layer_create
                0x0000000000000aac       0x44 src/layers/progress_bar.c.19.o
                0x0000000000000aac                progress_bar_layer_create
 .text.progress_bar_layer_destroy
                0x0000000000000af0       0x14 src/layers/progress_bar.c.19.o
                0x0000000000000af0                progress_bar_layer_destroy
 .text.progress_bar_layer_get_layer
                0x0000000000000b04        0x4 src/layers/progress_bar.c.19.o
                0x0000000000000b04                progress_bar_layer_get_layer
 .text.progress_bar_layer_set_range
                0x0000000000000b08        0xe src/layers/progress_bar.c.19.o
                0x0000000000000b08                progress_bar_layer_set_range
 .text.progress_bar_layer_set_value
                0x0000000000000b16        0xc src/layers/progress_bar.c.19.o
                0x0000000000000b16                progress_bar_layer_set_value
 *fill*         0x0000000000000b22        0x2 
 .text.settings_get_settings
                0x0000000000000b24       0x18 src/settings.c.19.o
                0x0000000000000b24                settings_get_settings
 .text.settings_load
                0x0000000000000b3c       0x3c src/settings.c.19.o
                0x0000000000000b3c                settings_load
 .text.settings_save
                0x0000000000000b78       0x3c src/settings.c.19.o
                0x0000000000000b78                settings_save
 .text.get_num_rows
                0x0000000000000bb4       0x10 src/windows/library_menus.c.19.o
                0x0000000000000bb4                get_num_rows
 .text.draw_row
                0x0000000000000bc4       0x22 src/windows/library_menus.c.19.o
                0x0000000000000bc4                draw_row
 *fill*         0x0000000000000be6        0x2 
 .text.library_menus_window_unload
                0x0000000000000be8       0x54 src/windows/library_menus.c.19.o
                0x0000000000000be8                library_menus_window_unload
 .text.library_menus_create
                0x0000000000000c3c       0x18 src/windows/library_menus.c.19.o
                0x0000000000000c3c                library_menus_create
 .text.build_parent_history
                0x0000000000000c54       0x7c src/windows/library_menus.c.19.o
                0x0000000000000c54                build_parent_history
 .text.send_library_request
                0x0000000000000cd0       0x3c src/windows/library_menus.c.19.o
                0x0000000000000cd0                send_library_request
 .text.selection_changed
                0x0000000000000d0c       0x58 src/windows/library_menus.c.19.o
                0x0000000000000d0c                selection_changed
 .text.play_track
                0x0000000000000d64       0x78 src/windows/library_menus.c.19.o
                0x0000000000000d64                play_track
 .text.library_menus_display_view
                0x0000000000000ddc      0x194 src/windows/library_menus.c.19.o
                0x0000000000000ddc                library_menus_display_view
 .text.select_click
                0x0000000000000f70       0x50 src/windows/library_menus.c.19.o
                0x0000000000000f70                select_click
 .text.library_menus_inbox
                0x0000000000000fc0      0x1d8 src/windows/library_menus.c.19.o
                0x0000000000000fc0                library_menus_inbox
 .text.main_menu_get_num_sections
                0x0000000000001198        0x4 src/windows/main_menu.c.19.o
                0x0000000000001198                main_menu_get_num_sections
 .text.menu_get_num_rows_callback
                0x000000000000119c        0x4 src/windows/main_menu.c.19.o
                0x000000000000119c                menu_get_num_rows_callback
 .text.menu_get_header_height_callback
                0x00000000000011a0        0x4 src/windows/main_menu.c.19.o
                0x00000000000011a0                menu_get_header_height_callback
 .text.menu_select_callback
                0x00000000000011a4       0x20 src/windows/main_menu.c.19.o
                0x00000000000011a4                menu_select_callback
 .text.open_composer_list
                0x00000000000011c4        0x6 src/windows/main_menu.c.19.o
                0x00000000000011c4                open_composer_list
 .text.open_genre_list
                0x00000000000011ca        0x6 src/windows/main_menu.c.19.o
                0x00000000000011ca                open_genre_list
 .text.open_playlist_list
                0x00000000000011d0        0x6 src/windows/main_menu.c.19.o
                0x00000000000011d0                open_playlist_list
 .text.open_album_list
                0x00000000000011d6        0x6 src/windows/main_menu.c.19.o
                0x00000000000011d6                open_album_list
 .text.open_artist_list
                0x00000000000011dc        0x6 src/windows/main_menu.c.19.o
                0x00000000000011dc                open_artist_list
 .text.open_now_playing
                0x00000000000011e2        0x4 src/windows/main_menu.c.19.o
                0x00000000000011e2                open_now_playing
 *fill*         0x00000000000011e6        0x2 
 .text.menu_draw_row_callback
                0x00000000000011e8       0x70 src/windows/main_menu.c.19.o
                0x00000000000011e8                menu_draw_row_callback
 .text.menu_selection_changed
                0x0000000000001258       0x2c src/windows/main_menu.c.19.o
                0x0000000000001258                menu_selection_changed
 .text.update_highlight_colours
                0x0000000000001284       0x38 src/windows/main_menu.c.19.o
                0x0000000000001284                update_highlight_colours
 .text.main_menu_create
                0x00000000000012bc      0x168 src/windows/main_menu.c.19.o
                0x00000000000012bc                main_menu_create
 .text.now_playing_window_unload
                0x0000000000001424       0xb8 src/windows/now_playing.c.19.o
                0x0000000000001424                now_playing_window_unload
 .text.now_playing_click_config_provider
                0x00000000000014dc       0x44 src/windows/now_playing.c.19.o
                0x00000000000014dc                now_playing_click_config_provider
 .text.animate_action_bar
                0x0000000000001520       0x80 src/windows/now_playing.c.19.o
                0x0000000000001520                animate_action_bar
 .text.now_playing_graphics_proc
                0x00000000000015a0       0x98 src/windows/now_playing.c.19.o
                0x00000000000015a0                now_playing_graphics_proc
 .text.display_no_album
                0x0000000000001638       0x20 src/windows/now_playing.c.19.o
                0x0000000000001638                display_no_album
 .text.now_playing_is_playing_music
                0x0000000000001658        0xe src/windows/now_playing.c.19.o
                0x0000000000001658                now_playing_is_playing_music
 .text.now_playing_send_state_change
                0x0000000000001666       0x26 src/windows/now_playing.c.19.o
                0x0000000000001666                now_playing_send_state_change
 .text.now_playing_set_album_art
                0x000000000000168c       0x50 src/windows/now_playing.c.19.o
                0x000000000000168c                now_playing_set_album_art
 .text.now_playing_tick
                0x00000000000016dc       0x58 src/windows/now_playing.c.19.o
                0x00000000000016dc                now_playing_tick
 .text.now_playing_animation_tick
                0x0000000000001734       0x3c src/windows/now_playing.c.19.o
                0x0000000000001734                now_playing_animation_tick
 .text.now_playing_action_bar_handle
                0x0000000000001770       0xc8 src/windows/now_playing.c.19.o
                0x0000000000001770                now_playing_action_bar_handle
 .text.now_playing_long_clicked_select
                0x0000000000001838       0x88 src/windows/now_playing.c.19.o
                0x0000000000001838                now_playing_long_clicked_select
 .text.now_playing_clicked_down
                0x00000000000018c0       0x24 src/windows/now_playing.c.19.o
                0x00000000000018c0                now_playing_clicked_down
 .text.now_playing_clicked_select
                0x00000000000018e4       0x12 src/windows/now_playing.c.19.o
                0x00000000000018e4                now_playing_clicked_select
 *fill*         0x00000000000018f6        0x2 
 .text.now_playing_clicked_up
                0x00000000000018f8       0x24 src/windows/now_playing.c.19.o
                0x00000000000018f8                now_playing_clicked_up
 .text.now_playing_state_callback
                0x000000000000191c       0xdc src/windows/now_playing.c.19.o
                0x000000000000191c                now_playing_state_callback
 .text.now_playing_window_load
                0x00000000000019f8      0x2cc src/windows/now_playing.c.19.o
                0x00000000000019f8                now_playing_window_load
 .text.now_playing_show
                0x0000000000001cc4       0x68 src/windows/now_playing.c.19.o
                0x0000000000001cc4                now_playing_show
 .text.app_event_loop
                0x0000000000001d2c        0xc /Users/edwinfinch/Library/Application Support/Pebble SDK/SDKs/current/sdk-core/pebble/basalt/lib/libpebble.a(tmpzgFxQqpebble.o)
                0x0000000000001d2c                app_event_loop
 .text.app_log  0x0000000000001d38        0xc /Users/edwinfinch/Library/Application Support/Pebble SDK/SDKs/current/sdk-core/pebble/basalt/lib/libpebble.a(tmpzgFxQqpebble.o)
                0x0000000000001d38                app_log
 .text.app_message_open
                0x0000000000001d44        0xc /Users/edwinfinch/Library/Application Support/Pebble SDK/SDKs/current/sdk-core/pebble/basalt/lib/libpebble.a(tmpzgFxQqpebble.o)
                0x0000000000001d44                app_message_open
 .text.app_timer_cancel
                0x0000000000001d50        0xc /Users/edwinfinch/Library/Application Support/Pebble SDK/SDKs/current/sdk-core/pebble/basalt/lib/libpebble.a(tmpzgFxQqpebble.o)
                0x0000000000001d50                app_timer_cancel
 .text.app_timer_register
                0x0000000000001d5c        0xc /Users/edwinfinch/Library/Application Support/Pebble SDK/SDKs/current/sdk-core/pebble/basalt/lib/libpebble.a(tmpzgFxQqpebble.o)
                0x0000000000001d5c                app_timer_register
 .text.bitmap_layer_create
                0x0000000000001d68        0xc /Users/edwinfinch/Library/Application Support/Pebble SDK/SDKs/current/sdk-core/pebble/basalt/lib/libpebble.a(tmpzgFxQqpebble.o)
                0x0000000000001d68                bitmap_layer_create
 .text.bitmap_layer_get_layer
                0x0000000000001d74        0xc /Users/edwinfinch/Library/Application Support/Pebble SDK/SDKs/current/sdk-core/pebble/basalt/lib/libpebble.a(tmpzgFxQqpebble.o)
                0x0000000000001d74                bitmap_layer_get_layer
 .text.bitmap_layer_set_bitmap
                0x0000000000001d80        0xc /Users/edwinfinch/Library/Application Support/Pebble SDK/SDKs/current/sdk-core/pebble/basalt/lib/libpebble.a(tmpzgFxQqpebble.o)
                0x0000000000001d80                bitmap_layer_set_bitmap
 .text.dict_find
                0x0000000000001d8c        0xc /Users/edwinfinch/Library/Application Support/Pebble SDK/SDKs/current/sdk-core/pebble/basalt/lib/libpebble.a(tmpzgFxQqpebble.o)
                0x0000000000001d8c                dict_find
 .text.dict_read_first
                0x0000000000001d98        0xc /Users/edwinfinch/Library/Application Support/Pebble SDK/SDKs/current/sdk-core/pebble/basalt/lib/libpebble.a(tmpzgFxQqpebble.o)
                0x0000000000001d98                dict_read_first
 .text.dict_read_next
                0x0000000000001da4        0xc /Users/edwinfinch/Library/Application Support/Pebble SDK/SDKs/current/sdk-core/pebble/basalt/lib/libpebble.a(tmpzgFxQqpebble.o)
                0x0000000000001da4                dict_read_next
 .text.dict_write_data
                0x0000000000001db0        0xc /Users/edwinfinch/Library/Application Support/Pebble SDK/SDKs/current/sdk-core/pebble/basalt/lib/libpebble.a(tmpzgFxQqpebble.o)
                0x0000000000001db0                dict_write_data
 .text.dict_write_int32
                0x0000000000001dbc        0xc /Users/edwinfinch/Library/Application Support/Pebble SDK/SDKs/current/sdk-core/pebble/basalt/lib/libpebble.a(tmpzgFxQqpebble.o)
                0x0000000000001dbc                dict_write_int32
 .text.dict_write_int8
                0x0000000000001dc8        0xc /Users/edwinfinch/Library/Application Support/Pebble SDK/SDKs/current/sdk-core/pebble/basalt/lib/libpebble.a(tmpzgFxQqpebble.o)
                0x0000000000001dc8                dict_write_int8
 .text.dict_write_uint16
                0x0000000000001dd4        0xc /Users/edwinfinch/Library/Application Support/Pebble SDK/SDKs/current/sdk-core/pebble/basalt/lib/libpebble.a(tmpzgFxQqpebble.o)
                0x0000000000001dd4                dict_write_uint16
 .text.dict_write_uint32
                0x0000000000001de0        0xc /Users/edwinfinch/Library/Application Support/Pebble SDK/SDKs/current/sdk-core/pebble/basalt/lib/libpebble.a(tmpzgFxQqpebble.o)
                0x0000000000001de0                dict_write_uint32
 .text.dict_write_uint8
                0x0000000000001dec        0xc /Users/edwinfinch/Library/Application Support/Pebble SDK/SDKs/current/sdk-core/pebble/basalt/lib/libpebble.a(tmpzgFxQqpebble.o)
                0x0000000000001dec                dict_write_uint8
 .text.fonts_get_system_font
                0x0000000000001df8        0xc /Users/edwinfinch/Library/Application Support/Pebble SDK/SDKs/current/sdk-core/pebble/basalt/lib/libpebble.a(tmpzgFxQqpebble.o)
                0x0000000000001df8                fonts_get_system_font
 .text.free     0x0000000000001e04        0xc /Users/edwinfinch/Library/Application Support/Pebble SDK/SDKs/current/sdk-core/pebble/basalt/lib/libpebble.a(tmpzgFxQqpebble.o)
                0x0000000000001e04                free
 .text.gbitmap_create_with_resource
                0x0000000000001e10        0xc /Users/edwinfinch/Library/Application Support/Pebble SDK/SDKs/current/sdk-core/pebble/basalt/lib/libpebble.a(tmpzgFxQqpebble.o)
                0x0000000000001e10                gbitmap_create_with_resource
 .text.gbitmap_destroy
                0x0000000000001e1c        0xc /Users/edwinfinch/Library/Application Support/Pebble SDK/SDKs/current/sdk-core/pebble/basalt/lib/libpebble.a(tmpzgFxQqpebble.o)
                0x0000000000001e1c                gbitmap_destroy
 .text.graphics_context_set_compositing_mode
                0x0000000000001e28        0xc /Users/edwinfinch/Library/Application Support/Pebble SDK/SDKs/current/sdk-core/pebble/basalt/lib/libpebble.a(tmpzgFxQqpebble.o)
                0x0000000000001e28                graphics_context_set_compositing_mode
 .text.graphics_fill_rect
                0x0000000000001e34        0xc /Users/edwinfinch/Library/Application Support/Pebble SDK/SDKs/current/sdk-core/pebble/basalt/lib/libpebble.a(tmpzgFxQqpebble.o)
                0x0000000000001e34                graphics_fill_rect
 .text.layer_add_child
                0x0000000000001e40        0xc /Users/edwinfinch/Library/Application Support/Pebble SDK/SDKs/current/sdk-core/pebble/basalt/lib/libpebble.a(tmpzgFxQqpebble.o)
                0x0000000000001e40                layer_add_child
 .text.layer_create
                0x0000000000001e4c        0xc /Users/edwinfinch/Library/Application Support/Pebble SDK/SDKs/current/sdk-core/pebble/basalt/lib/libpebble.a(tmpzgFxQqpebble.o)
                0x0000000000001e4c                layer_create
 .text.layer_create_with_data
                0x0000000000001e58        0xc /Users/edwinfinch/Library/Application Support/Pebble SDK/SDKs/current/sdk-core/pebble/basalt/lib/libpebble.a(tmpzgFxQqpebble.o)
                0x0000000000001e58                layer_create_with_data
 .text.layer_destroy
                0x0000000000001e64        0xc /Users/edwinfinch/Library/Application Support/Pebble SDK/SDKs/current/sdk-core/pebble/basalt/lib/libpebble.a(tmpzgFxQqpebble.o)
                0x0000000000001e64                layer_destroy
 .text.layer_get_bounds
                0x0000000000001e70        0xc /Users/edwinfinch/Library/Application Support/Pebble SDK/SDKs/current/sdk-core/pebble/basalt/lib/libpebble.a(tmpzgFxQqpebble.o)
                0x0000000000001e70                layer_get_bounds
 .text.layer_get_data
                0x0000000000001e7c        0xc /Users/edwinfinch/Library/Application Support/Pebble SDK/SDKs/current/sdk-core/pebble/basalt/lib/libpebble.a(tmpzgFxQqpebble.o)
                0x0000000000001e7c                layer_get_data
 .text.layer_get_frame
                0x0000000000001e88        0xc /Users/edwinfinch/Library/Application Support/Pebble SDK/SDKs/current/sdk-core/pebble/basalt/lib/libpebble.a(tmpzgFxQqpebble.o)
                0x0000000000001e88                layer_get_frame
 .text.layer_mark_dirty
                0x0000000000001e94        0xc /Users/edwinfinch/Library/Application Support/Pebble SDK/SDKs/current/sdk-core/pebble/basalt/lib/libpebble.a(tmpzgFxQqpebble.o)
                0x0000000000001e94                layer_mark_dirty
 .text.layer_set_bounds
                0x0000000000001ea0        0xc /Users/edwinfinch/Library/Application Support/Pebble SDK/SDKs/current/sdk-core/pebble/basalt/lib/libpebble.a(tmpzgFxQqpebble.o)
                0x0000000000001ea0                layer_set_bounds
 .text.layer_set_update_proc
                0x0000000000001eac        0xc /Users/edwinfinch/Library/Application Support/Pebble SDK/SDKs/current/sdk-core/pebble/basalt/lib/libpebble.a(tmpzgFxQqpebble.o)
                0x0000000000001eac                layer_set_update_proc
 .text.malloc   0x0000000000001eb8        0xc /Users/edwinfinch/Library/Application Support/Pebble SDK/SDKs/current/sdk-core/pebble/basalt/lib/libpebble.a(tmpzgFxQqpebble.o)
                0x0000000000001eb8                malloc
 .text.memcpy   0x0000000000001ec4        0xc /Users/edwinfinch/Library/Application Support/Pebble SDK/SDKs/current/sdk-core/pebble/basalt/lib/libpebble.a(tmpzgFxQqpebble.o)
                0x0000000000001ec4                memcpy
 .text.memmove  0x0000000000001ed0        0xc /Users/edwinfinch/Library/Application Support/Pebble SDK/SDKs/current/sdk-core/pebble/basalt/lib/libpebble.a(tmpzgFxQqpebble.o)
                0x0000000000001ed0                memmove
 .text.memset   0x0000000000001edc        0xc /Users/edwinfinch/Library/Application Support/Pebble SDK/SDKs/current/sdk-core/pebble/basalt/lib/libpebble.a(tmpzgFxQqpebble.o)
                0x0000000000001edc                memset
 .text.menu_cell_basic_draw
                0x0000000000001ee8        0xc /Users/edwinfinch/Library/Application Support/Pebble SDK/SDKs/current/sdk-core/pebble/basalt/lib/libpebble.a(tmpzgFxQqpebble.o)
                0x0000000000001ee8                menu_cell_basic_draw
 .text.menu_layer_destroy
                0x0000000000001ef4        0xc /Users/edwinfinch/Library/Application Support/Pebble SDK/SDKs/current/sdk-core/pebble/basalt/lib/libpebble.a(tmpzgFxQqpebble.o)
                0x0000000000001ef4                menu_layer_destroy
 .text.menu_layer_get_layer
                0x0000000000001f00        0xc /Users/edwinfinch/Library/Application Support/Pebble SDK/SDKs/current/sdk-core/pebble/basalt/lib/libpebble.a(tmpzgFxQqpebble.o)
                0x0000000000001f00                menu_layer_get_layer
 .text.menu_layer_reload_data
                0x0000000000001f0c        0xc /Users/edwinfinch/Library/Application Support/Pebble SDK/SDKs/current/sdk-core/pebble/basalt/lib/libpebble.a(tmpzgFxQqpebble.o)
                0x0000000000001f0c                menu_layer_reload_data
 .text.menu_layer_set_click_config_onto_window
                0x0000000000001f18        0xc /Users/edwinfinch/Library/Application Support/Pebble SDK/SDKs/current/sdk-core/pebble/basalt/lib/libpebble.a(tmpzgFxQqpebble.o)
                0x0000000000001f18                menu_layer_set_click_config_onto_window
 .text.strcmp   0x0000000000001f24        0xc /Users/edwinfinch/Library/Application Support/Pebble SDK/SDKs/current/sdk-core/pebble/basalt/lib/libpebble.a(tmpzgFxQqpebble.o)
                0x0000000000001f24                strcmp
 .text.strlen   0x0000000000001f30        0xc /Users/edwinfinch/Library/Application Support/Pebble SDK/SDKs/current/sdk-core/pebble/basalt/lib/libpebble.a(tmpzgFxQqpebble.o)
                0x0000000000001f30                strlen
 .text.strncpy  0x0000000000001f3c        0xc /Users/edwinfinch/Library/Application Support/Pebble SDK/SDKs/current/sdk-core/pebble/basalt/lib/libpebble.a(tmpzgFxQqpebble.o)
                0x0000000000001f3c                strncpy
 .text.tick_timer_service_subscribe
                0x0000000000001f48        0xc /Users/edwinfinch/Library/Application Support/Pebble SDK/SDKs/current/sdk-core/pebble/basalt/lib/libpebble.a(tmpzgFxQqpebble.o)
                0x0000000000001f48                tick_timer_service_subscribe
 .text.vibes_enqueue_custom_pattern
                0x0000000000001f54        0xc /Users/edwinfinch/Library/Application Support/Pebble SDK/SDKs/current/sdk-core/pebble/basalt/lib/libpebble.a(tmpzgFxQqpebble.o)
                0x0000000000001f54                vibes_enqueue_custom_pattern
 .text.window_create
                0x0000000000001f60        0xc /Users/edwinfinch/Library/Application Support/Pebble SDK/SDKs/current/sdk-core/pebble/basalt/lib/libpebble.a(tmpzgFxQqpebble.o)
                0x0000000000001f60                window_create
 .text.window_destroy
                0x0000000000001f6c        0xc /Users/edwinfinch/Library/Application Support/Pebble SDK/SDKs/current/sdk-core/pebble/basalt/lib/libpebble.a(tmpzgFxQqpebble.o)
                0x0000000000001f6c                window_destroy
 .text.window_get_root_layer
                0x0000000000001f78        0xc /Users/edwinfinch/Library/Application Support/Pebble SDK/SDKs/current/sdk-core/pebble/basalt/lib/libpebble.a(tmpzgFxQqpebble.o)
                0x0000000000001f78                window_get_root_layer
 .text.window_set_window_handlers
                0x0000000000001f84        0xc /Users/edwinfinch/Library/Application Support/Pebble SDK/SDKs/current/sdk-core/pebble/basalt/lib/libpebble.a(tmpzgFxQqpebble.o)
                0x0000000000001f84                window_set_window_handlers
 .text.window_stack_push
                0x0000000000001f90        0xc /Users/edwinfinch/Library/Application Support/Pebble SDK/SDKs/current/sdk-core/pebble/basalt/lib/libpebble.a(tmpzgFxQqpebble.o)
                0x0000000000001f90                window_stack_push
 .text.app_message_outbox_begin
                0x0000000000001f9c        0xc /Users/edwinfinch/Library/Application Support/Pebble SDK/SDKs/current/sdk-core/pebble/basalt/lib/libpebble.a(tmpzgFxQqpebble.o)
                0x0000000000001f9c                app_message_outbox_begin
 .text.app_message_outbox_send
                0x0000000000001fa8        0xc /Users/edwinfinch/Library/Application Support/Pebble SDK/SDKs/current/sdk-core/pebble/basalt/lib/libpebble.a(tmpzgFxQqpebble.o)
                0x0000000000001fa8                app_message_outbox_send
 .text.app_message_register_inbox_dropped
                0x0000000000001fb4        0xc /Users/edwinfinch/Library/Application Support/Pebble SDK/SDKs/current/sdk-core/pebble/basalt/lib/libpebble.a(tmpzgFxQqpebble.o)
                0x0000000000001fb4                app_message_register_inbox_dropped
 .text.app_message_register_inbox_received
                0x0000000000001fc0        0xc /Users/edwinfinch/Library/Application Support/Pebble SDK/SDKs/current/sdk-core/pebble/basalt/lib/libpebble.a(tmpzgFxQqpebble.o)
                0x0000000000001fc0                app_message_register_inbox_received
 .text.app_message_register_outbox_failed
                0x0000000000001fcc        0xc /Users/edwinfinch/Library/Application Support/Pebble SDK/SDKs/current/sdk-core/pebble/basalt/lib/libpebble.a(tmpzgFxQqpebble.o)
                0x0000000000001fcc                app_message_register_outbox_failed
 .text.window_long_click_subscribe
                0x0000000000001fd8        0xc /Users/edwinfinch/Library/Application Support/Pebble SDK/SDKs/current/sdk-core/pebble/basalt/lib/libpebble.a(tmpzgFxQqpebble.o)
                0x0000000000001fd8                window_long_click_subscribe
 .text.window_single_click_subscribe
                0x0000000000001fe4        0xc /Users/edwinfinch/Library/Application Support/Pebble SDK/SDKs/current/sdk-core/pebble/basalt/lib/libpebble.a(tmpzgFxQqpebble.o)
                0x0000000000001fe4                window_single_click_subscribe
 .text.graphics_draw_text
                0x0000000000001ff0        0xc /Users/edwinfinch/Library/Application Support/Pebble SDK/SDKs/current/sdk-core/pebble/basalt/lib/libpebble.a(tmpzgFxQqpebble.o)
                0x0000000000001ff0                graphics_draw_text
 .text.persist_read_data
                0x0000000000001ffc        0xc /Users/edwinfinch/Library/Application Support/Pebble SDK/SDKs/current/sdk-core/pebble/basalt/lib/libpebble.a(tmpzgFxQqpebble.o)
                0x0000000000001ffc                persist_read_data
 .text.persist_write_data
                0x0000000000002008        0xc /Users/edwinfinch/Library/Application Support/Pebble SDK/SDKs/current/sdk-core/pebble/basalt/lib/libpebble.a(tmpzgFxQqpebble.o)
                0x0000000000002008                persist_write_data
 .text.graphics_text_layout_get_content_size
                0x0000000000002014        0xc /Users/edwinfinch/Library/Application Support/Pebble SDK/SDKs/current/sdk-core/pebble/basalt/lib/libpebble.a(tmpzgFxQqpebble.o)
                0x0000000000002014                graphics_text_layout_get_content_size
 .text.heap_bytes_free
                0x0000000000002020        0xc /Users/edwinfinch/Library/Application Support/Pebble SDK/SDKs/current/sdk-core/pebble/basalt/lib/libpebble.a(tmpzgFxQqpebble.o)
                0x0000000000002020                heap_bytes_free
 .text.graphics_context_set_fill_color
                0x000000000000202c        0xc /Users/edwinfinch/Library/Application Support/Pebble SDK/SDKs/current/sdk-core/pebble/basalt/lib/libpebble.a(tmpzgFxQqpebble.o)
                0x000000000000202c                graphics_context_set_fill_color
 .text.graphics_context_set_text_color
                0x0000000000002038        0xc /Users/edwinfinch/Library/Application Support/Pebble SDK/SDKs/current/sdk-core/pebble/basalt/lib/libpebble.a(tmpzgFxQqpebble.o)
                0x0000000000002038                graphics_context_set_text_color
 .text.window_set_background_color
                0x0000000000002044        0xc /Users/edwinfinch/Library/Application Support/Pebble SDK/SDKs/current/sdk-core/pebble/basalt/lib/libpebble.a(tmpzgFxQqpebble.o)
                0x0000000000002044                window_set_background_color
 .text.animation_schedule
                0x0000000000002050        0xc /Users/edwinfinch/Library/Application Support/Pebble SDK/SDKs/current/sdk-core/pebble/basalt/lib/libpebble.a(tmpzgFxQqpebble.o)
                0x0000000000002050                animation_schedule
 .text.animation_set_delay
                0x000000000000205c        0xc /Users/edwinfinch/Library/Application Support/Pebble SDK/SDKs/current/sdk-core/pebble/basalt/lib/libpebble.a(tmpzgFxQqpebble.o)
                0x000000000000205c                animation_set_delay
 .text.animation_set_duration
                0x0000000000002068        0xc /Users/edwinfinch/Library/Application Support/Pebble SDK/SDKs/current/sdk-core/pebble/basalt/lib/libpebble.a(tmpzgFxQqpebble.o)
                0x0000000000002068                animation_set_duration
 .text.animation_set_handlers
                0x0000000000002074        0xc /Users/edwinfinch/Library/Application Support/Pebble SDK/SDKs/current/sdk-core/pebble/basalt/lib/libpebble.a(tmpzgFxQqpebble.o)
                0x0000000000002074                animation_set_handlers
 .text.property_animation_create_layer_frame
                0x0000000000002080        0xc /Users/edwinfinch/Library/Application Support/Pebble SDK/SDKs/current/sdk-core/pebble/basalt/lib/libpebble.a(tmpzgFxQqpebble.o)
                0x0000000000002080                property_animation_create_layer_frame
 .text.property_animation_get_animation
                0x000000000000208c        0xc /Users/edwinfinch/Library/Application Support/Pebble SDK/SDKs/current/sdk-core/pebble/basalt/lib/libpebble.a(tmpzgFxQqpebble.o)
                0x000000000000208c                property_animation_get_animation
 .text.gbitmap_get_format
                0x0000000000002098        0xc /Users/edwinfinch/Library/Application Support/Pebble SDK/SDKs/current/sdk-core/pebble/basalt/lib/libpebble.a(tmpzgFxQqpebble.o)
                0x0000000000002098                gbitmap_get_format
 .text.gbitmap_get_palette
                0x00000000000020a4        0xc /Users/edwinfinch/Library/Application Support/Pebble SDK/SDKs/current/sdk-core/pebble/basalt/lib/libpebble.a(tmpzgFxQqpebble.o)
                0x00000000000020a4                gbitmap_get_palette
 .text.gbitmap_create_from_png_data
                0x00000000000020b0        0xc /Users/edwinfinch/Library/Application Support/Pebble SDK/SDKs/current/sdk-core/pebble/basalt/lib/libpebble.a(tmpzgFxQqpebble.o)
                0x00000000000020b0                gbitmap_create_from_png_data
 .text.menu_layer_create
                0x00000000000020bc        0xc /Users/edwinfinch/Library/Application Support/Pebble SDK/SDKs/current/sdk-core/pebble/basalt/lib/libpebble.a(tmpzgFxQqpebble.o)
                0x00000000000020bc                menu_layer_create
 .text.action_bar_layer_add_to_window
                0x00000000000020c8        0xc /Users/edwinfinch/Library/Application Support/Pebble SDK/SDKs/current/sdk-core/pebble/basalt/lib/libpebble.a(tmpzgFxQqpebble.o)
                0x00000000000020c8                action_bar_layer_add_to_window
 .text.action_bar_layer_create
                0x00000000000020d4        0xc /Users/edwinfinch/Library/Application Support/Pebble SDK/SDKs/current/sdk-core/pebble/basalt/lib/libpebble.a(tmpzgFxQqpebble.o)
                0x00000000000020d4                action_bar_layer_create
 .text.action_bar_layer_destroy
                0x00000000000020e0        0xc /Users/edwinfinch/Library/Application Support/Pebble SDK/SDKs/current/sdk-core/pebble/basalt/lib/libpebble.a(tmpzgFxQqpebble.o)
                0x00000000000020e0                action_bar_layer_destroy
 .text.action_bar_layer_get_layer
                0x00000000000020ec        0xc /Users/edwinfinch/Library/Application Support/Pebble SDK/SDKs/current/sdk-core/pebble/basalt/lib/libpebble.a(tmpzgFxQqpebble.o)
                0x00000000000020ec                action_bar_layer_get_layer
 .text.action_bar_layer_set_click_config_provider
                0x00000000000020f8        0xc /Users/edwinfinch/Library/Application Support/Pebble SDK/SDKs/current/sdk-core/pebble/basalt/lib/libpebble.a(tmpzgFxQqpebble.o)
                0x00000000000020f8                action_bar_layer_set_click_config_provider
 .text.action_bar_layer_set_icon
                0x0000000000002104        0xc /Users/edwinfinch/Library/Application Support/Pebble SDK/SDKs/current/sdk-core/pebble/basalt/lib/libpebble.a(tmpzgFxQqpebble.o)
                0x0000000000002104                action_bar_layer_set_icon
 .text.menu_cell_layer_is_highlighted
                0x0000000000002110        0xc /Users/edwinfinch/Library/Application Support/Pebble SDK/SDKs/current/sdk-core/pebble/basalt/lib/libpebble.a(tmpzgFxQqpebble.o)
                0x0000000000002110                menu_cell_layer_is_highlighted
 .text.menu_layer_set_highlight_colors
                0x000000000000211c        0xc /Users/edwinfinch/Library/Application Support/Pebble SDK/SDKs/current/sdk-core/pebble/basalt/lib/libpebble.a(tmpzgFxQqpebble.o)
                0x000000000000211c                menu_layer_set_highlight_colors
 .text.menu_layer_set_normal_colors
                0x0000000000002128        0xc /Users/edwinfinch/Library/Application Support/Pebble SDK/SDKs/current/sdk-core/pebble/basalt/lib/libpebble.a(tmpzgFxQqpebble.o)
                0x0000000000002128                menu_layer_set_normal_colors
 .text.menu_layer_set_callbacks
                0x0000000000002134        0xc /Users/edwinfinch/Library/Application Support/Pebble SDK/SDKs/current/sdk-core/pebble/basalt/lib/libpebble.a(tmpzgFxQqpebble.o)
                0x0000000000002134                menu_layer_set_callbacks
 *(.rodata)
 .rodata        0x0000000000002140        0x8 src/windows/library_menus.c.19.o
 .rodata        0x0000000000002148       0x20 src/windows/main_menu.c.19.o
 .rodata        0x0000000000002168       0x30 src/windows/now_playing.c.19.o
 *(.rodata*)
 .rodata.str1.1
                0x0000000000002198       0x4c src/common.c.19.o
 .rodata.CSWTCH.7
                0x00000000000021e4        0x3 src/gbitmap.c.19.o
 .rodata.str1.1
                0x00000000000021e7       0xa1 src/ipod.c.19.o
 .rodata.str1.1
                0x0000000000002288      0x189 src/ipod_state.c.19.o
 .rodata.str1.1
                0x0000000000002411       0x1a src/layers/marquee_text.c.19.o
 .rodata.str1.1
                0x000000000000242b       0x60 src/settings.c.19.o
 .rodata.str1.1
                0x000000000000248b       0xe3 src/windows/library_menus.c.19.o
 .rodata.str1.1
                0x000000000000256e       0x36 src/windows/main_menu.c.19.o
 .rodata.segments.7661
                0x00000000000025a4        0x8 src/windows/now_playing.c.19.o
 .rodata.str1.1
                0x00000000000025ac       0x97 src/windows/now_playing.c.19.o

.glue_7         0x0000000000002644        0x0
 .glue_7        0x0000000000000000        0x0 linker stubs

.glue_7t        0x0000000000002644        0x0
 .glue_7t       0x0000000000000000        0x0 linker stubs

.vfp11_veneer   0x0000000000002644        0x0
 .vfp11_veneer  0x0000000000000000        0x0 linker stubs

.v4_bx          0x0000000000002644        0x0
 .v4_bx         0x0000000000000000        0x0 linker stubs

.iplt           0x0000000000002644        0x0
 .iplt          0x0000000000000000        0x0 /usr/local/Cellar/pebble-toolchain/2.0/arm-cs-tools/bin/../lib/gcc/arm-none-eabi/4.7.2/thumb2/crtbegin.o

.rel.dyn        0x0000000000002644        0x0
 .rel.iplt      0x0000000000000000        0x0 /usr/local/Cellar/pebble-toolchain/2.0/arm-cs-tools/bin/../lib/gcc/arm-none-eabi/4.7.2/thumb2/crtbegin.o
 .rel.got       0x0000000000000000        0x0 /usr/local/Cellar/pebble-toolchain/2.0/arm-cs-tools/bin/../lib/gcc/arm-none-eabi/4.7.2/thumb2/crtbegin.o

.data           0x0000000000002644       0x41
 *(.data)
 .data          0x0000000000002644        0x0 /usr/local/Cellar/pebble-toolchain/2.0/arm-cs-tools/bin/../lib/gcc/arm-none-eabi/4.7.2/thumb2/crti.o
 .data          0x0000000000002644        0x4 /usr/local/Cellar/pebble-toolchain/2.0/arm-cs-tools/bin/../lib/gcc/arm-none-eabi/4.7.2/thumb2/crtbegin.o
                0x0000000000002644                __dso_handle
 .data          0x0000000000002648        0x0 src/common.c.19.o
 .data          0x0000000000002648        0x0 src/gbitmap.c.19.o
 .data          0x0000000000002648        0x0 src/ipod.c.19.o
 .data          0x0000000000002648        0x0 src/ipod_state.c.19.o
 .data          0x0000000000002648        0x0 src/layers/marquee_text.c.19.o
 .data          0x0000000000002648        0x0 src/layers/progress_bar.c.19.o
 .data          0x0000000000002648        0x0 src/settings.c.19.o
 .data          0x0000000000002648        0x0 src/windows/library_menus.c.19.o
 .data          0x0000000000002648        0x0 src/windows/main_menu.c.19.o
 .data          0x0000000000002648        0x8 src/windows/now_playing.c.19.o
 .data          0x0000000000002650        0x0 basalt/appinfo.auto.c.19.o
 .data          0x0000000000002650        0x0 basalt/src/resource_ids.auto.c.19.o
 .data          0x0000000000002650        0x0 /Users/edwinfinch/Library/Application Support/Pebble SDK/SDKs/current/sdk-core/pebble/basalt/lib/libpebble.a(tmpzgFxQqpebble.o)
 .data          0x0000000000002650        0x0 /usr/local/Cellar/pebble-toolchain/2.0/arm-cs-tools/bin/../lib/gcc/arm-none-eabi/4.7.2/thumb2/crtend.o
 .data          0x0000000000002650        0x0 /usr/local/Cellar/pebble-toolchain/2.0/arm-cs-tools/bin/../lib/gcc/arm-none-eabi/4.7.2/thumb2/crtn.o
 *(.data.*)
 .data.s_sequence_number
                0x0000000000002650        0x4 src/common.c.19.o
 .data.rel.ro.local.titles.7643
                0x0000000000002654       0x18 src/windows/main_menu.c.19.o
 .data.rel.ro.callbacks.7644
                0x000000000000266c       0x18 src/windows/main_menu.c.19.o
 .data.now_playing_action_bar_is_showing
                0x0000000000002684        0x1 src/windows/now_playing.c.19.o
                0x0000000000002684                now_playing_action_bar_is_showing

.igot.plt       0x0000000000002688        0x0
 .igot.plt      0x0000000000000000        0x0 /usr/local/Cellar/pebble-toolchain/2.0/arm-cs-tools/bin/../lib/gcc/arm-none-eabi/4.7.2/thumb2/crtbegin.o

.got            0x0000000000002688       0x84
 .got           0x0000000000002688       0x84 /usr/local/Cellar/pebble-toolchain/2.0/arm-cs-tools/bin/../lib/gcc/arm-none-eabi/4.7.2/thumb2/crtbegin.o

.got.plt        0x000000000000270c        0xc
 .got.plt       0x000000000000270c        0xc /usr/local/Cellar/pebble-toolchain/2.0/arm-cs-tools/bin/../lib/gcc/arm-none-eabi/4.7.2/thumb2/crtbegin.o
                0x000000000000270c                _GLOBAL_OFFSET_TABLE_

.bss            0x0000000000002718      0x264
 *(.bss)
 *(.bss.*)
 .bss.s_artist  0x0000000000002718       0x64 src/ipod_state.c.19.o
 .bss.s_title   0x000000000000277c       0x64 src/ipod_state.c.19.o
 .bss.current_album_art_size
                0x00000000000027e0        0x4 src/ipod_state.c.19.o
 .bss.s_album   0x00000000000027e4       0x64 src/ipod_state.c.19.o
 .bss.album_art_data
                0x0000000000002848        0x4 src/ipod_state.c.19.o
 .bss.head      0x000000000000284c        0x4 src/layers/marquee_text.c.19.o
 .bss.previous_play_status
                0x0000000000002850        0x1 src/windows/now_playing.c.19.o
                0x0000000000002850                previous_play_status
 *fill*         0x0000000000002851        0x3 
 .bss.icon_fast_forward
                0x0000000000002854        0x4 src/windows/now_playing.c.19.o
 .bss.is_shown  0x0000000000002858        0x1 src/windows/now_playing.c.19.o
 .bss.current_jump.7621
                0x0000000000002859        0x1 src/windows/now_playing.c.19.o
 *fill*         0x000000000000285a        0x2 
 .bss.icon_pause
                0x000000000000285c        0x4 src/windows/now_playing.c.19.o
 .bss.controlling_volume
                0x0000000000002860        0x1 src/windows/now_playing.c.19.o
 *fill*         0x0000000000002861        0x3 
 .bss.icon_volume_up
                0x0000000000002864        0x4 src/windows/now_playing.c.19.o
 .bss.icon_rewind
                0x0000000000002868        0x4 src/windows/now_playing.c.19.o
 .bss.icon_volume_down
                0x000000000000286c        0x4 src/windows/now_playing.c.19.o
 .bss.action_bar_timer_registered
                0x0000000000002870        0x1 src/windows/now_playing.c.19.o
                0x0000000000002870                action_bar_timer_registered
 *fill*         0x0000000000002871        0x3 
 .bss.icon_play
                0x0000000000002874        0x4 src/windows/now_playing.c.19.o
 COMMON         0x0000000000002878        0x4 src/ipod.c.19.o
                0x0000000000002878                window
 COMMON         0x000000000000287c       0x19 src/ipod_state.c.19.o
                0x000000000000287c                ipod_state_callback
                0x0000000000002880                s_shuffle_mode
                0x0000000000002884                s_current_time
                0x0000000000002888                current_type
                0x0000000000002889                s_repeat_mode
                0x000000000000288c                album_art_bitmap
                0x0000000000002890                s_duration
                0x0000000000002894                s_playback_state
 COMMON         0x0000000000002895        0x1 src/settings.c.19.o
                0x0000000000002895                current_settings
 *fill*         0x0000000000002896        0x2 
 COMMON         0x0000000000002898       0x14 src/windows/library_menus.c.19.o
                0x0000000000002898                menu_stack_count
                0x000000000000289c                menu_stack
 COMMON         0x00000000000028ac       0x98 src/windows/main_menu.c.19.o
                0x00000000000028ac                main_menu_items
                0x000000000000290c                main_menu_icons
                0x0000000000002924                highlight_index
                0x0000000000002928                main_menu_icons_inverted
                0x0000000000002940                main_menu_layer
 COMMON         0x0000000000002944       0x38 src/windows/now_playing.c.19.o
                0x0000000000002944                now_playing_timer
                0x0000000000002948                artist_font
                0x000000000000294c                now_playing_window
                0x0000000000002950                background_colour
                0x0000000000002951                now_playing_settings
                0x0000000000002954                now_playing_progress_bar
                0x0000000000002958                now_playing_artist_layer
                0x000000000000295c                now_playing_album_art_layer
                0x0000000000002960                now_playing_title_layer
                0x0000000000002964                action_bar_timer
                0x0000000000002968                now_playing_album_layer
                0x000000000000296c                no_album_art_bitmap
                0x0000000000002970                control_action_bar
                0x0000000000002974                now_playing_graphics_layer
                0x0000000000002978                now_playing_album_art_bitmap

DISCARD
 libc.a(*)
 libm.a(*)
 libgcc.a(*)
 *(.eh_frame)
OUTPUT(/Users/edwinfinch/Desktop/Lignite Music/music-pebble/build/basalt/pebble-app.elf elf32-littlearm)

.ARM.attributes
                0x0000000000000000       0x27
 .ARM.attributes
                0x0000000000000000       0x19 /usr/local/Cellar/pebble-toolchain/2.0/arm-cs-tools/bin/../lib/gcc/arm-none-eabi/4.7.2/thumb2/crti.o
 .ARM.attributes
                0x0000000000000019       0x29 /usr/local/Cellar/pebble-toolchain/2.0/arm-cs-tools/bin/../lib/gcc/arm-none-eabi/4.7.2/thumb2/crtbegin.o
 .ARM.attributes
                0x0000000000000042       0x33 src/common.c.19.o
 .ARM.attributes
                0x0000000000000075       0x33 src/gbitmap.c.19.o
 .ARM.attributes
                0x00000000000000a8       0x33 src/ipod.c.19.o
 .ARM.attributes
                0x00000000000000db       0x33 src/ipod_state.c.19.o
 .ARM.attributes
                0x000000000000010e       0x33 src/layers/marquee_text.c.19.o
 .ARM.attributes
                0x0000000000000141       0x33 src/layers/progress_bar.c.19.o
 .ARM.attributes
                0x0000000000000174       0x33 src/settings.c.19.o
 .ARM.attributes
                0x00000000000001a7       0x33 src/windows/library_menus.c.19.o
 .ARM.attributes
                0x00000000000001da       0x33 src/windows/main_menu.c.19.o
 .ARM.attributes
                0x000000000000020d       0x33 src/windows/now_playing.c.19.o
 .ARM.attributes
                0x0000000000000240       0x33 basalt/appinfo.auto.c.19.o
 .ARM.attributes
                0x0000000000000273       0x33 basalt/src/resource_ids.auto.c.19.o
 .ARM.attributes
                0x00000000000002a6       0x21 /Users/edwinfinch/Library/Application Support/Pebble SDK/SDKs/current/sdk-core/pebble/basalt/lib/libpebble.a(tmpzgFxQqpebble.o)
 .ARM.attributes
                0x00000000000002c7       0x29 /usr/local/Cellar/pebble-toolchain/2.0/arm-cs-tools/bin/../lib/gcc/arm-none-eabi/4.7.2/thumb2/crtend.o
 .ARM.attributes
                0x00000000000002f0       0x19 /usr/local/Cellar/pebble-toolchain/2.0/arm-cs-tools/bin/../lib/gcc/arm-none-eabi/4.7.2/thumb2/crtn.o

.comment        0x0000000000000000       0x4e
 .comment       0x0000000000000000       0x4e /usr/local/Cellar/pebble-toolchain/2.0/arm-cs-tools/bin/../lib/gcc/arm-none-eabi/4.7.2/thumb2/crtbegin.o
                                         0x4f (size before relaxing)
 .comment       0x0000000000000000       0x4f src/common.c.19.o
 .comment       0x0000000000000000       0x4f src/gbitmap.c.19.o
 .comment       0x0000000000000000       0x4f src/ipod.c.19.o
 .comment       0x0000000000000000       0x4f src/ipod_state.c.19.o
 .comment       0x0000000000000000       0x4f src/layers/marquee_text.c.19.o
 .comment       0x0000000000000000       0x4f src/layers/progress_bar.c.19.o
 .comment       0x0000000000000000       0x4f src/settings.c.19.o
 .comment       0x0000000000000000       0x4f src/windows/library_menus.c.19.o
 .comment       0x0000000000000000       0x4f src/windows/main_menu.c.19.o
 .comment       0x0000000000000000       0x4f src/windows/now_playing.c.19.o
 .comment       0x0000000000000000       0x4f basalt/appinfo.auto.c.19.o
 .comment       0x0000000000000000       0x4f basalt/src/resource_ids.auto.c.19.o
 .comment       0x0000000000000000       0x4f /usr/local/Cellar/pebble-toolchain/2.0/arm-cs-tools/bin/../lib/gcc/arm-none-eabi/4.7.2/thumb2/crtend.o

.debug_info     0x0000000000000000     0x8169
 .debug_info    0x0000000000000000      0xa50 src/common.c.19.o
 .debug_info    0x0000000000000a50      0x6fb src/gbitmap.c.19.o
 .debug_info    0x000000000000114b      0x951 src/ipod.c.19.o
 .debug_info    0x0000000000001a9c      0xf15 src/ipod_state.c.19.o
 .debug_info    0x00000000000029b1      0x9cc src/layers/marquee_text.c.19.o
 .debug_info    0x000000000000337d      0x66d src/layers/progress_bar.c.19.o
 .debug_info    0x00000000000039ea      0x299 src/settings.c.19.o
 .debug_info    0x0000000000003c83     0x1589 src/windows/library_menus.c.19.o
 .debug_info    0x000000000000520c      0xed0 src/windows/main_menu.c.19.o
 .debug_info    0x00000000000060dc     0x1c3c src/windows/now_playing.c.19.o
 .debug_info    0x0000000000007d18      0x2e6 basalt/appinfo.auto.c.19.o
 .debug_info    0x0000000000007ffe      0x16b basalt/src/resource_ids.auto.c.19.o

.debug_abbrev   0x0000000000000000     0x1ccf
 .debug_abbrev  0x0000000000000000      0x288 src/common.c.19.o
 .debug_abbrev  0x0000000000000288      0x22d src/gbitmap.c.19.o
 .debug_abbrev  0x00000000000004b5      0x273 src/ipod.c.19.o
 .debug_abbrev  0x0000000000000728      0x378 src/ipod_state.c.19.o
 .debug_abbrev  0x0000000000000aa0      0x2be src/layers/marquee_text.c.19.o
 .debug_abbrev  0x0000000000000d5e      0x2a4 src/layers/progress_bar.c.19.o
 .debug_abbrev  0x0000000000001002      0x17b src/settings.c.19.o
 .debug_abbrev  0x000000000000117d      0x3d0 src/windows/library_menus.c.19.o
 .debug_abbrev  0x000000000000154d      0x2dd src/windows/main_menu.c.19.o
 .debug_abbrev  0x000000000000182a      0x3d9 src/windows/now_playing.c.19.o
 .debug_abbrev  0x0000000000001c03       0x88 basalt/appinfo.auto.c.19.o
 .debug_abbrev  0x0000000000001c8b       0x44 basalt/src/resource_ids.auto.c.19.o

.debug_loc      0x0000000000000000     0x2485
 .debug_loc     0x0000000000000000      0x1a5 src/common.c.19.o
 .debug_loc     0x00000000000001a5      0x488 src/gbitmap.c.19.o
 .debug_loc     0x000000000000062d      0x1c7 src/ipod.c.19.o
 .debug_loc     0x00000000000007f4      0x471 src/ipod_state.c.19.o
 .debug_loc     0x0000000000000c65      0x2b5 src/layers/marquee_text.c.19.o
 .debug_loc     0x0000000000000f1a      0x22a src/layers/progress_bar.c.19.o
 .debug_loc     0x0000000000001144       0x8f src/settings.c.19.o
 .debug_loc     0x00000000000011d3      0x93b src/windows/library_menus.c.19.o
 .debug_loc     0x0000000000001b0e      0x3ee src/windows/main_menu.c.19.o
 .debug_loc     0x0000000000001efc      0x589 src/windows/now_playing.c.19.o

.debug_aranges  0x0000000000000000      0x450
 .debug_aranges
                0x0000000000000000       0x48 src/common.c.19.o
 .debug_aranges
                0x0000000000000048       0x50 src/gbitmap.c.19.o
 .debug_aranges
                0x0000000000000098       0x50 src/ipod.c.19.o
 .debug_aranges
                0x00000000000000e8       0xb0 src/ipod_state.c.19.o
 .debug_aranges
                0x0000000000000198       0x68 src/layers/marquee_text.c.19.o
 .debug_aranges
                0x0000000000000200       0x48 src/layers/progress_bar.c.19.o
 .debug_aranges
                0x0000000000000248       0x38 src/settings.c.19.o
 .debug_aranges
                0x0000000000000280       0x70 src/windows/library_menus.c.19.o
 .debug_aranges
                0x00000000000002f0       0x88 src/windows/main_menu.c.19.o
 .debug_aranges
                0x0000000000000378       0xa8 src/windows/now_playing.c.19.o
 .debug_aranges
                0x0000000000000420       0x18 basalt/appinfo.auto.c.19.o
 .debug_aranges
                0x0000000000000438       0x18 basalt/src/resource_ids.auto.c.19.o

.debug_ranges   0x0000000000000000      0x550
 .debug_ranges  0x0000000000000000       0x38 src/common.c.19.o
 .debug_ranges  0x0000000000000038       0x70 src/gbitmap.c.19.o
 .debug_ranges  0x00000000000000a8       0x40 src/ipod.c.19.o
 .debug_ranges  0x00000000000000e8      0x180 src/ipod_state.c.19.o
 .debug_ranges  0x0000000000000268       0x58 src/layers/marquee_text.c.19.o
 .debug_ranges  0x00000000000002c0       0x38 src/layers/progress_bar.c.19.o
 .debug_ranges  0x00000000000002f8       0x28 src/settings.c.19.o
 .debug_ranges  0x0000000000000320       0xe8 src/windows/library_menus.c.19.o
 .debug_ranges  0x0000000000000408       0xb0 src/windows/main_menu.c.19.o
 .debug_ranges  0x00000000000004b8       0x98 src/windows/now_playing.c.19.o

.debug_line     0x0000000000000000     0x21ec
 .debug_line    0x0000000000000000      0x26f src/common.c.19.o
 .debug_line    0x000000000000026f      0x234 src/gbitmap.c.19.o
 .debug_line    0x00000000000004a3      0x2ce src/ipod.c.19.o
 .debug_line    0x0000000000000771      0x452 src/ipod_state.c.19.o
 .debug_line    0x0000000000000bc3      0x312 src/layers/marquee_text.c.19.o
 .debug_line    0x0000000000000ed5      0x284 src/layers/progress_bar.c.19.o
 .debug_line    0x0000000000001159      0x22f src/settings.c.19.o
 .debug_line    0x0000000000001388      0x460 src/windows/library_menus.c.19.o
 .debug_line    0x00000000000017e8      0x378 src/windows/main_menu.c.19.o
 .debug_line    0x0000000000001b60      0x48f src/windows/now_playing.c.19.o
 .debug_line    0x0000000000001fef      0x139 basalt/appinfo.auto.c.19.o
 .debug_line    0x0000000000002128       0xc4 basalt/src/resource_ids.auto.c.19.o

.debug_str      0x0000000000000000     0x2a8b
 .debug_str     0x0000000000000000      0x73c src/common.c.19.o
                                        0x80e (size before relaxing)
 .debug_str     0x000000000000073c      0x247 src/gbitmap.c.19.o
                                        0x3cc (size before relaxing)
 .debug_str     0x0000000000000983      0x2d4 src/ipod.c.19.o
                                        0x726 (size before relaxing)
 .debug_str     0x0000000000000c57      0x5a6 src/ipod_state.c.19.o
                                        0xbf3 (size before relaxing)
 .debug_str     0x00000000000011fd      0x3a2 src/layers/marquee_text.c.19.o
                                        0x550 (size before relaxing)
 .debug_str     0x000000000000159f      0x1ac src/layers/progress_bar.c.19.o
                                        0x3e2 (size before relaxing)
 .debug_str     0x000000000000174b       0xb1 src/settings.c.19.o
                                        0x239 (size before relaxing)
 .debug_str     0x00000000000017fc      0x65b src/windows/library_menus.c.19.o
                                        0xd6b (size before relaxing)
 .debug_str     0x0000000000001e57      0x2a4 src/windows/main_menu.c.19.o
                                        0x947 (size before relaxing)
 .debug_str     0x00000000000020fb      0x6af src/windows/now_playing.c.19.o
                                       0x13f0 (size before relaxing)
 .debug_str     0x00000000000027aa      0x15d basalt/appinfo.auto.c.19.o
                                        0x25e (size before relaxing)
 .debug_str     0x0000000000002907      0x184 basalt/src/resource_ids.auto.c.19.o
                                        0x258 (size before relaxing)

.debug_frame    0x0000000000000000      0xa34
 .debug_frame   0x0000000000000000       0xa8 src/common.c.19.o
 .debug_frame   0x00000000000000a8       0xdc src/gbitmap.c.19.o
 .debug_frame   0x0000000000000184       0xc8 src/ipod.c.19.o
 .debug_frame   0x000000000000024c      0x194 src/ipod_state.c.19.o
 .debug_frame   0x00000000000003e0       0xe4 src/layers/marquee_text.c.19.o
 .debug_frame   0x00000000000004c4       0x98 src/layers/progress_bar.c.19.o
 .debug_frame   0x000000000000055c       0x68 src/settings.c.19.o
 .debug_frame   0x00000000000005c4      0x148 src/windows/library_menus.c.19.o
 .debug_frame   0x000000000000070c      0x134 src/windows/main_menu.c.19.o
 .debug_frame   0x0000000000000840      0x1f4 src/windows/now_playing.c.19.o
