Archive member included because of file (symbol)

/Users/edwinfinch/Library/Application Support/Pebble SDK/SDKs/current/sdk-core/pebble/basalt/lib/libpebble.a(tmpzgFxQqpebble.o)
                              src/ipod.c.19.o (app_event_loop)

Allocating common symbols
Common symbol       size              file

ipod_state_callback
                    0x4               src/ipod_state.c.19.o
now_playing_timer   0x4               src/now_playing.c.19.o
action_bar          0x4               src/now_playing.c.19.o
album_art_data      0x4               src/now_playing.c.19.o
main_menu_items     0x60              src/main_menu.c.19.o
artist_layer        0x1c              src/now_playing.c.19.o
currentType         0x1               src/ipod_state.c.19.o
album_layer         0x1c              src/now_playing.c.19.o
main_menu_icons     0x18              src/main_menu.c.19.o
s_shuffle_mode      0x1               src/ipod_state.c.19.o
backgroundColour    0x1               src/now_playing.c.19.o
icon_volume_down    0x4               src/now_playing.c.19.o
now_playing_window  0x4               src/now_playing.c.19.o
icon_volume_up      0x4               src/now_playing.c.19.o
menu_font           0x4               src/library_menus.c.19.o
album_art_layer     0x4               src/now_playing.c.19.o
menu_stack_pointer  0x1               src/library_menus.c.19.o
highlight_index     0x4               src/main_menu.c.19.o
icon_rewind         0x4               src/now_playing.c.19.o
s_current_time      0x4               src/ipod_state.c.19.o
main_menu_icons_inverted
                    0x18              src/main_menu.c.19.o
icon_pause          0x4               src/now_playing.c.19.o
title_layer         0x1c              src/now_playing.c.19.o
s_repeat_mode       0x1               src/ipod_state.c.19.o
album_art_bitmap    0x4               src/now_playing.c.19.o
icon_fast_forward   0x4               src/now_playing.c.19.o
graphics_layer      0x4               src/now_playing.c.19.o
icon_play           0x4               src/now_playing.c.19.o
progress_bar        0x14              src/now_playing.c.19.o
s_duration          0x4               src/ipod_state.c.19.o
main_menu_layer     0x4               src/main_menu.c.19.o
menu_stack          0x880             src/library_menus.c.19.o
window              0x4               src/ipod.c.19.o
s_playback_state    0x1               src/ipod_state.c.19.o

Discarded input sections

 .text          0x0000000000000000        0x0 /usr/local/Cellar/pebble-toolchain/2.0/arm-cs-tools/bin/../lib/gcc/arm-none-eabi/4.7.2/thumb2/crti.o
 .bss           0x0000000000000000        0x0 /usr/local/Cellar/pebble-toolchain/2.0/arm-cs-tools/bin/../lib/gcc/arm-none-eabi/4.7.2/thumb2/crti.o
 .init          0x0000000000000000        0x4 /usr/local/Cellar/pebble-toolchain/2.0/arm-cs-tools/bin/../lib/gcc/arm-none-eabi/4.7.2/thumb2/crti.o
 .fini          0x0000000000000000        0x4 /usr/local/Cellar/pebble-toolchain/2.0/arm-cs-tools/bin/../lib/gcc/arm-none-eabi/4.7.2/thumb2/crti.o
 .text          0x0000000000000000       0xc8 /usr/local/Cellar/pebble-toolchain/2.0/arm-cs-tools/bin/../lib/gcc/arm-none-eabi/4.7.2/thumb2/crtbegin.o
 .bss           0x0000000000000000       0x1c /usr/local/Cellar/pebble-toolchain/2.0/arm-cs-tools/bin/../lib/gcc/arm-none-eabi/4.7.2/thumb2/crtbegin.o
 .init_array    0x0000000000000000        0x4 /usr/local/Cellar/pebble-toolchain/2.0/arm-cs-tools/bin/../lib/gcc/arm-none-eabi/4.7.2/thumb2/crtbegin.o
 .fini_array    0x0000000000000000        0x4 /usr/local/Cellar/pebble-toolchain/2.0/arm-cs-tools/bin/../lib/gcc/arm-none-eabi/4.7.2/thumb2/crtbegin.o
 .eh_frame      0x0000000000000000        0x0 /usr/local/Cellar/pebble-toolchain/2.0/arm-cs-tools/bin/../lib/gcc/arm-none-eabi/4.7.2/thumb2/crtbegin.o
 .jcr           0x0000000000000000        0x0 /usr/local/Cellar/pebble-toolchain/2.0/arm-cs-tools/bin/../lib/gcc/arm-none-eabi/4.7.2/thumb2/crtbegin.o
 .tm_clone_table
                0x0000000000000000        0x0 /usr/local/Cellar/pebble-toolchain/2.0/arm-cs-tools/bin/../lib/gcc/arm-none-eabi/4.7.2/thumb2/crtbegin.o
 .text          0x0000000000000000        0x0 src/common.c.19.o
 .bss           0x0000000000000000        0x0 src/common.c.19.o
 .text.reset_sequence_number
                0x0000000000000000       0x24 src/common.c.19.o
 .text          0x0000000000000000        0x0 src/gbitmap_manipulator.c.19.o
 .bss           0x0000000000000000        0x0 src/gbitmap_manipulator.c.19.o
 .text.gbitmap_fill_all_except
                0x0000000000000000       0x6e src/gbitmap_manipulator.c.19.o
 .text.gbitmap_color_palette_contains_color
                0x0000000000000000       0x30 src/gbitmap_manipulator.c.19.o
 .text.get_gcolor_text
                0x0000000000000000       0x28 src/gbitmap_manipulator.c.19.o
 .text.spit_gbitmap_color_palette
                0x0000000000000000       0x98 src/gbitmap_manipulator.c.19.o
 .data.rel.local.GColorsNames
[...]
Memory Configuration

Name             Origin             Length             Attributes
APP              0x0000000000000000 0x0000000000010000 xrw
*default*        0x0000000000000000 0xffffffffffffffff

Linker script and memory map

LOAD /usr/local/Cellar/pebble-toolchain/2.0/arm-cs-tools/bin/../lib/gcc/arm-none-eabi/4.7.2/thumb2/crti.o
LOAD /usr/local/Cellar/pebble-toolchain/2.0/arm-cs-tools/bin/../lib/gcc/arm-none-eabi/4.7.2/thumb2/crtbegin.o
LOAD src/common.c.19.o
LOAD src/gbitmap_manipulator.c.19.o
LOAD src/ipod.c.19.o
LOAD src/ipod_state.c.19.o
LOAD src/library_menus.c.19.o
LOAD src/main_menu.c.19.o
LOAD src/marquee_text.c.19.o
LOAD src/now_playing.c.19.o
LOAD src/progress_bar.c.19.o
LOAD basalt/appinfo.auto.c.19.o
LOAD basalt/src/resource_ids.auto.c.19.o
LOAD /Users/edwinfinch/Library/Application Support/Pebble SDK/SDKs/current/sdk-core/pebble/basalt/lib/libpebble.a
START GROUP
LOAD /usr/local/Cellar/pebble-toolchain/2.0/arm-cs-tools/bin/../lib/gcc/arm-none-eabi/4.7.2/thumb2/libgcc.a
LOAD /usr/local/Cellar/pebble-toolchain/2.0/arm-cs-tools/bin/../lib/gcc/arm-none-eabi/4.7.2/../../../../arm-none-eabi/lib/thumb2/libc.a
END GROUP
LOAD /usr/local/Cellar/pebble-toolchain/2.0/arm-cs-tools/bin/../lib/gcc/arm-none-eabi/4.7.2/thumb2/crtend.o
LOAD /usr/local/Cellar/pebble-toolchain/2.0/arm-cs-tools/bin/../lib/gcc/arm-none-eabi/4.7.2/thumb2/crtn.o

.header         0x0000000000000000       0x82
 *(.pbl_header)
 .pbl_header    0x0000000000000000       0x82 basalt/appinfo.auto.c.19.o
                0x0000000000000000                __pbl_app_info

.note.gnu.build-id
                0x0000000000000082       0x26
                0x0000000000000082                PROVIDE (BUILD_ID, .)
 *(.note.gnu.build-id)
 *fill*         0x0000000000000082        0x2 
 .note.gnu.build-id
                0x0000000000000084       0x24 linker stubs

.text           0x00000000000000a8     0x260c
 *(.text)
 .text          0x00000000000000a8       0x14 /Users/edwinfinch/Library/Application Support/Pebble SDK/SDKs/current/sdk-core/pebble/basalt/lib/libpebble.a(tmpzgFxQqpebble.o)
 *(.text.*)
 .text.ipod_message_timer_fire
                0x00000000000000bc       0x2c src/common.c.19.o
                0x00000000000000bc                ipod_message_timer_fire
 .text.ipod_message_outbox_get
                0x00000000000000e8       0x9c src/common.c.19.o
                0x00000000000000e8                ipod_message_outbox_get
 .text.ipod_message_destroy
                0x0000000000000184       0x14 src/common.c.19.o
                0x0000000000000184                ipod_message_destroy
 .text.get_gbitmapformat_text
                0x0000000000000198       0x4c src/gbitmap_manipulator.c.19.o
                0x0000000000000198                get_gbitmapformat_text
 .text.get_num_palette_colors
                0x00000000000001e4       0x20 src/gbitmap_manipulator.c.19.o
                0x00000000000001e4                get_num_palette_colors
 .text.replace_gbitmap_color
                0x0000000000000204       0x50 src/gbitmap_manipulator.c.19.o
                0x0000000000000204                replace_gbitmap_color
 .text.failed_outbox
                0x0000000000000254       0x20 src/ipod.c.19.o
                0x0000000000000254                failed_outbox
 .text.dropped_inbox
                0x0000000000000274       0x20 src/ipod.c.19.o
                0x0000000000000274                dropped_inbox
 .text.tick_handler
                0x0000000000000294        0xe src/ipod.c.19.o
                0x0000000000000294                tick_handler
 *fill*         0x00000000000002a2        0x2 
 .text.ipod_init
                0x00000000000002a4       0x30 src/ipod.c.19.o
                0x00000000000002a4                ipod_init
 .text.ipod_app_timer_handler
                0x00000000000002d4        0xe src/ipod.c.19.o
                0x00000000000002d4                ipod_app_timer_handler
 *fill*         0x00000000000002e2        0x2 
 .text.send_test_message
                0x00000000000002e4       0x64 src/ipod.c.19.o
                0x00000000000002e4                send_test_message
 .text.startup.main
                0x0000000000000348       0x44 src/ipod.c.19.o
                0x0000000000000348                main
 .text.ipod_state_init
                0x000000000000038c       0x30 src/ipod_state.c.19.o
                0x000000000000038c                ipod_state_init
 .text.ipod_state_tick
                0x00000000000003bc       0x5c src/ipod_state.c.19.o
                0x00000000000003bc                ipod_state_tick
 .text.ipod_state_set_callback
                0x0000000000000418       0x14 src/ipod_state.c.19.o
                0x0000000000000418                ipod_state_set_callback
 .text.ipod_state_current_time
                0x000000000000042c       0x14 src/ipod_state.c.19.o
                0x000000000000042c                ipod_state_current_time
 .text.ipod_state_duration
                0x0000000000000440       0x14 src/ipod_state.c.19.o
                0x0000000000000440                ipod_state_duration
 .text.ipod_get_playback_state
                0x0000000000000454       0x14 src/ipod_state.c.19.o
                0x0000000000000454                ipod_get_playback_state
 .text.ipod_get_album
                0x0000000000000468        0xc src/ipod_state.c.19.o
                0x0000000000000468                ipod_get_album
 .text.ipod_get_artist
                0x0000000000000474        0xc src/ipod_state.c.19.o
                0x0000000000000474                ipod_get_artist
 .text.ipod_get_title
                0x0000000000000480        0xc src/ipod_state.c.19.o
                0x0000000000000480                ipod_get_title
 .text.call_callback
                0x000000000000048c       0x38 src/ipod_state.c.19.o
                0x000000000000048c                call_callback
 .text.process_tuple
                0x00000000000004c4      0x140 src/ipod_state.c.19.o
                0x00000000000004c4                process_tuple
 .text.ipod_received_handler
                0x0000000000000604       0x3c src/ipod_state.c.19.o
                0x0000000000000604                ipod_received_handler
 .text.library_menus_window_unload
                0x0000000000000640       0x1c src/library_menus.c.19.o
                0x0000000000000640                library_menus_window_unload
 .text.get_num_rows
                0x000000000000065c       0x10 src/library_menus.c.19.o
                0x000000000000065c                get_num_rows
 .text.get_cell_height
                0x000000000000066c        0x4 src/library_menus.c.19.o
                0x000000000000066c                get_cell_height
 .text.draw_row
                0x0000000000000670       0x22 src/library_menus.c.19.o
                0x0000000000000670                draw_row
 *fill*         0x0000000000000692        0x2 
 .text.init_library_menus
                0x0000000000000694       0x30 src/library_menus.c.19.o
                0x0000000000000694                init_library_menus
 .text.build_parent_history
                0x00000000000006c4       0x80 src/library_menus.c.19.o
                0x00000000000006c4                build_parent_history
 .text.send_library_request
                0x0000000000000744       0x40 src/library_menus.c.19.o
                0x0000000000000744                send_library_request
 .text.selection_changed
                0x0000000000000784       0x58 src/library_menus.c.19.o
                0x0000000000000784                selection_changed
 .text.play_track
                0x00000000000007dc       0x64 src/library_menus.c.19.o
                0x00000000000007dc                play_track
 .text.display_library_view
                0x0000000000000840      0x150 src/library_menus.c.19.o
                0x0000000000000840                display_library_view
 .text.select_click
                0x0000000000000990       0x50 src/library_menus.c.19.o
                0x0000000000000990                select_click
 .text.menu_get_num_sections_callback
                0x00000000000009e0        0x4 src/main_menu.c.19.o
                0x00000000000009e0                menu_get_num_sections_callback
 .text.menu_get_num_rows_callback
                0x00000000000009e4        0x4 src/main_menu.c.19.o
                0x00000000000009e4                menu_get_num_rows_callback
 .text.menu_get_header_height_callback
                0x00000000000009e8        0x4 src/main_menu.c.19.o
                0x00000000000009e8                menu_get_header_height_callback
 .text.menu_draw_header_callback
                0x00000000000009ec        0x2 src/main_menu.c.19.o
                0x00000000000009ec                menu_draw_header_callback
 *fill*         0x00000000000009ee        0x2 
 .text.menu_select_callback
                0x00000000000009f0       0x20 src/main_menu.c.19.o
                0x00000000000009f0                menu_select_callback
 .text.open_composer_list
                0x0000000000000a10        0x6 src/main_menu.c.19.o
                0x0000000000000a10                open_composer_list
 .text.open_genre_list
                0x0000000000000a16        0x6 src/main_menu.c.19.o
                0x0000000000000a16                open_genre_list
 .text.open_playlist_list
                0x0000000000000a1c        0x6 src/main_menu.c.19.o
                0x0000000000000a1c                open_playlist_list
 .text.open_album_list
                0x0000000000000a22        0x6 src/main_menu.c.19.o
                0x0000000000000a22                open_album_list
 .text.open_artist_list
                0x0000000000000a28        0x6 src/main_menu.c.19.o
                0x0000000000000a28                open_artist_list
 .text.open_now_playing
                0x0000000000000a2e        0x4 src/main_menu.c.19.o
                0x0000000000000a2e                open_now_playing
 *fill*         0x0000000000000a32        0x2 
 .text.update_highlight_colours
                0x0000000000000a34       0x34 src/main_menu.c.19.o
                0x0000000000000a34                update_highlight_colours
 .text.menu_draw_row_callback
                0x0000000000000a68       0xa0 src/main_menu.c.19.o
                0x0000000000000a68                menu_draw_row_callback
 .text.menu_selection_changed
                0x0000000000000b08       0x2c src/main_menu.c.19.o
                0x0000000000000b08                menu_selection_changed
 .text.main_menu_init
                0x0000000000000b34      0x170 src/main_menu.c.19.o
                0x0000000000000b34                main_menu_init
 .text.do_draw  0x0000000000000ca4      0x186 src/marquee_text.c.19.o
 *fill*         0x0000000000000e2a        0x2 
 .text.marquee_text_layer_deinit
                0x0000000000000e2c       0x24 src/marquee_text.c.19.o
                0x0000000000000e2c                marquee_text_layer_deinit
 .text.marquee_text_layer_mark_dirty
                0x0000000000000e50       0x14 src/marquee_text.c.19.o
                0x0000000000000e50                marquee_text_layer_mark_dirty
 .text.marquee_text_layer_set_font
                0x0000000000000e64        0x6 src/marquee_text.c.19.o
                0x0000000000000e64                marquee_text_layer_set_font
 .text.marquee_text_layer_set_text
                0x0000000000000e6a        0x6 src/marquee_text.c.19.o
                0x0000000000000e6a                marquee_text_layer_set_text
 .text.marquee_text_layer_init
                0x0000000000000e70       0x88 src/marquee_text.c.19.o
                0x0000000000000e70                marquee_text_layer_init
 .text.marquee_text_layer_tick
                0x0000000000000ef8       0x30 src/marquee_text.c.19.o
                0x0000000000000ef8                marquee_text_layer_tick
 .text.click_config_provider
                0x0000000000000f28       0x44 src/now_playing.c.19.o
                0x0000000000000f28                click_config_provider
 .text.window_unload
                0x0000000000000f6c       0xac src/now_playing.c.19.o
                0x0000000000000f6c                window_unload
 .text.graphics_proc
                0x0000000000001018       0x40 src/now_playing.c.19.o
                0x0000000000001018                graphics_proc
 .text.long_clicked_select
                0x0000000000001058       0x6c src/now_playing.c.19.o
                0x0000000000001058                long_clicked_select
 .text.state_callback
                0x00000000000010c4       0xf4 src/now_playing.c.19.o
                0x00000000000010c4                state_callback
 .text.create_bitmap
                0x00000000000011b8       0x68 src/now_playing.c.19.o
                0x00000000000011b8                create_bitmap
 .text.show_now_playing
                0x0000000000001220       0x68 src/now_playing.c.19.o
                0x0000000000001220                show_now_playing
 .text.now_playing_tick
                0x0000000000001288       0x20 src/now_playing.c.19.o
                0x0000000000001288                now_playing_tick
 .text.now_playing_animation_tick
                0x00000000000012a8       0x34 src/now_playing.c.19.o
                0x00000000000012a8                now_playing_animation_tick
 .text.send_state_change
                0x00000000000012dc       0x60 src/now_playing.c.19.o
                0x00000000000012dc                send_state_change
 .text.clicked_down
                0x000000000000133c       0x18 src/now_playing.c.19.o
                0x000000000000133c                clicked_down
 .text.clicked_select
                0x0000000000001354        0x6 src/now_playing.c.19.o
                0x0000000000001354                clicked_select
 *fill*         0x000000000000135a        0x2 
 .text.clicked_up
                0x000000000000135c       0x18 src/now_playing.c.19.o
                0x000000000000135c                clicked_up
 .text.request_now_playing
                0x0000000000001374       0x6c src/now_playing.c.19.o
                0x0000000000001374                request_now_playing
 .text.display_no_album
                0x00000000000013e0       0x60 src/now_playing.c.19.o
                0x00000000000013e0                display_no_album
 .text.now_playing_process_album_art_tuple
                0x0000000000001440      0x1bc src/now_playing.c.19.o
                0x0000000000001440                now_playing_process_album_art_tuple
 .text.window_load
                0x00000000000015fc      0x27c src/now_playing.c.19.o
                0x00000000000015fc                window_load
 .text.update_proc
                0x0000000000001878       0x5e src/progress_bar.c.19.o
 *fill*         0x00000000000018d6        0x2 
 .text.progress_bar_layer_init
                0x00000000000018d8       0x38 src/progress_bar.c.19.o
                0x00000000000018d8                progress_bar_layer_init
 .text.progress_bar_layer_set_range
                0x0000000000001910        0xe src/progress_bar.c.19.o
                0x0000000000001910                progress_bar_layer_set_range
 .text.progress_bar_layer_set_value
                0x000000000000191e        0xc src/progress_bar.c.19.o
                0x000000000000191e                progress_bar_layer_set_value
 *fill*         0x000000000000192a        0x2 
 .text.app_event_loop
                0x000000000000192c        0xc /Users/edwinfinch/Library/Application Support/Pebble SDK/SDKs/current/sdk-core/pebble/basalt/lib/libpebble.a(tmpzgFxQqpebble.o)
                0x000000000000192c                app_event_loop
 .text.app_log  0x0000000000001938        0xc /Users/edwinfinch/Library/Application Support/Pebble SDK/SDKs/current/sdk-core/pebble/basalt/lib/libpebble.a(tmpzgFxQqpebble.o)
                0x0000000000001938                app_log
 .text.app_message_open
                0x0000000000001944        0xc /Users/edwinfinch/Library/Application Support/Pebble SDK/SDKs/current/sdk-core/pebble/basalt/lib/libpebble.a(tmpzgFxQqpebble.o)
                0x0000000000001944                app_message_open
 .text.app_timer_register
                0x0000000000001950        0xc /Users/edwinfinch/Library/Application Support/Pebble SDK/SDKs/current/sdk-core/pebble/basalt/lib/libpebble.a(tmpzgFxQqpebble.o)
                0x0000000000001950                app_timer_register
 .text.bitmap_layer_create
                0x000000000000195c        0xc /Users/edwinfinch/Library/Application Support/Pebble SDK/SDKs/current/sdk-core/pebble/basalt/lib/libpebble.a(tmpzgFxQqpebble.o)
                0x000000000000195c                bitmap_layer_create
 .text.bitmap_layer_get_layer
                0x0000000000001968        0xc /Users/edwinfinch/Library/Application Support/Pebble SDK/SDKs/current/sdk-core/pebble/basalt/lib/libpebble.a(tmpzgFxQqpebble.o)
                0x0000000000001968                bitmap_layer_get_layer
 .text.bitmap_layer_set_bitmap
                0x0000000000001974        0xc /Users/edwinfinch/Library/Application Support/Pebble SDK/SDKs/current/sdk-core/pebble/basalt/lib/libpebble.a(tmpzgFxQqpebble.o)
                0x0000000000001974                bitmap_layer_set_bitmap
 .text.dict_find
                0x0000000000001980        0xc /Users/edwinfinch/Library/Application Support/Pebble SDK/SDKs/current/sdk-core/pebble/basalt/lib/libpebble.a(tmpzgFxQqpebble.o)
                0x0000000000001980                dict_find
 .text.dict_read_first
                0x000000000000198c        0xc /Users/edwinfinch/Library/Application Support/Pebble SDK/SDKs/current/sdk-core/pebble/basalt/lib/libpebble.a(tmpzgFxQqpebble.o)
                0x000000000000198c                dict_read_first
 .text.dict_read_next
                0x0000000000001998        0xc /Users/edwinfinch/Library/Application Support/Pebble SDK/SDKs/current/sdk-core/pebble/basalt/lib/libpebble.a(tmpzgFxQqpebble.o)
                0x0000000000001998                dict_read_next
 .text.dict_write_data
                0x00000000000019a4        0xc /Users/edwinfinch/Library/Application Support/Pebble SDK/SDKs/current/sdk-core/pebble/basalt/lib/libpebble.a(tmpzgFxQqpebble.o)
                0x00000000000019a4                dict_write_data
 .text.dict_write_end
                0x00000000000019b0        0xc /Users/edwinfinch/Library/Application Support/Pebble SDK/SDKs/current/sdk-core/pebble/basalt/lib/libpebble.a(tmpzgFxQqpebble.o)
                0x00000000000019b0                dict_write_end
 .text.dict_write_int32
                0x00000000000019bc        0xc /Users/edwinfinch/Library/Application Support/Pebble SDK/SDKs/current/sdk-core/pebble/basalt/lib/libpebble.a(tmpzgFxQqpebble.o)
                0x00000000000019bc                dict_write_int32
 .text.dict_write_int8
                0x00000000000019c8        0xc /Users/edwinfinch/Library/Application Support/Pebble SDK/SDKs/current/sdk-core/pebble/basalt/lib/libpebble.a(tmpzgFxQqpebble.o)
                0x00000000000019c8                dict_write_int8
 .text.dict_write_uint16
                0x00000000000019d4        0xc /Users/edwinfinch/Library/Application Support/Pebble SDK/SDKs/current/sdk-core/pebble/basalt/lib/libpebble.a(tmpzgFxQqpebble.o)
                0x00000000000019d4                dict_write_uint16
 .text.dict_write_uint32
                0x00000000000019e0        0xc /Users/edwinfinch/Library/Application Support/Pebble SDK/SDKs/current/sdk-core/pebble/basalt/lib/libpebble.a(tmpzgFxQqpebble.o)
                0x00000000000019e0                dict_write_uint32
 .text.dict_write_uint8
                0x00000000000019ec        0xc /Users/edwinfinch/Library/Application Support/Pebble SDK/SDKs/current/sdk-core/pebble/basalt/lib/libpebble.a(tmpzgFxQqpebble.o)
                0x00000000000019ec                dict_write_uint8
 .text.fonts_get_system_font
                0x00000000000019f8        0xc /Users/edwinfinch/Library/Application Support/Pebble SDK/SDKs/current/sdk-core/pebble/basalt/lib/libpebble.a(tmpzgFxQqpebble.o)
                0x00000000000019f8                fonts_get_system_font
 .text.free     0x0000000000001a04        0xc /Users/edwinfinch/Library/Application Support/Pebble SDK/SDKs/current/sdk-core/pebble/basalt/lib/libpebble.a(tmpzgFxQqpebble.o)
                0x0000000000001a04                free
 .text.gbitmap_create_with_resource
                0x0000000000001a10        0xc /Users/edwinfinch/Library/Application Support/Pebble SDK/SDKs/current/sdk-core/pebble/basalt/lib/libpebble.a(tmpzgFxQqpebble.o)
                0x0000000000001a10                gbitmap_create_with_resource
 .text.gbitmap_destroy
                0x0000000000001a1c        0xc /Users/edwinfinch/Library/Application Support/Pebble SDK/SDKs/current/sdk-core/pebble/basalt/lib/libpebble.a(tmpzgFxQqpebble.o)
                0x0000000000001a1c                gbitmap_destroy
 .text.graphics_context_set_compositing_mode
                0x0000000000001a28        0xc /Users/edwinfinch/Library/Application Support/Pebble SDK/SDKs/current/sdk-core/pebble/basalt/lib/libpebble.a(tmpzgFxQqpebble.o)
                0x0000000000001a28                graphics_context_set_compositing_mode
 .text.graphics_fill_rect
                0x0000000000001a34        0xc /Users/edwinfinch/Library/Application Support/Pebble SDK/SDKs/current/sdk-core/pebble/basalt/lib/libpebble.a(tmpzgFxQqpebble.o)
                0x0000000000001a34                graphics_fill_rect
 .text.layer_add_child
                0x0000000000001a40        0xc /Users/edwinfinch/Library/Application Support/Pebble SDK/SDKs/current/sdk-core/pebble/basalt/lib/libpebble.a(tmpzgFxQqpebble.o)
                0x0000000000001a40                layer_add_child
 .text.layer_create
                0x0000000000001a4c        0xc /Users/edwinfinch/Library/Application Support/Pebble SDK/SDKs/current/sdk-core/pebble/basalt/lib/libpebble.a(tmpzgFxQqpebble.o)
                0x0000000000001a4c                layer_create
 .text.layer_create_with_data
                0x0000000000001a58        0xc /Users/edwinfinch/Library/Application Support/Pebble SDK/SDKs/current/sdk-core/pebble/basalt/lib/libpebble.a(tmpzgFxQqpebble.o)
                0x0000000000001a58                layer_create_with_data
 .text.layer_get_bounds
                0x0000000000001a64        0xc /Users/edwinfinch/Library/Application Support/Pebble SDK/SDKs/current/sdk-core/pebble/basalt/lib/libpebble.a(tmpzgFxQqpebble.o)
                0x0000000000001a64                layer_get_bounds
 .text.layer_get_data
                0x0000000000001a70        0xc /Users/edwinfinch/Library/Application Support/Pebble SDK/SDKs/current/sdk-core/pebble/basalt/lib/libpebble.a(tmpzgFxQqpebble.o)
                0x0000000000001a70                layer_get_data
 .text.layer_get_frame
                0x0000000000001a7c        0xc /Users/edwinfinch/Library/Application Support/Pebble SDK/SDKs/current/sdk-core/pebble/basalt/lib/libpebble.a(tmpzgFxQqpebble.o)
                0x0000000000001a7c                layer_get_frame
 .text.layer_mark_dirty
                0x0000000000001a88        0xc /Users/edwinfinch/Library/Application Support/Pebble SDK/SDKs/current/sdk-core/pebble/basalt/lib/libpebble.a(tmpzgFxQqpebble.o)
                0x0000000000001a88                layer_mark_dirty
 .text.layer_set_bounds
                0x0000000000001a94        0xc /Users/edwinfinch/Library/Application Support/Pebble SDK/SDKs/current/sdk-core/pebble/basalt/lib/libpebble.a(tmpzgFxQqpebble.o)
                0x0000000000001a94                layer_set_bounds
 .text.layer_set_frame
                0x0000000000001aa0        0xc /Users/edwinfinch/Library/Application Support/Pebble SDK/SDKs/current/sdk-core/pebble/basalt/lib/libpebble.a(tmpzgFxQqpebble.o)
                0x0000000000001aa0                layer_set_frame
 .text.layer_set_hidden
                0x0000000000001aac        0xc /Users/edwinfinch/Library/Application Support/Pebble SDK/SDKs/current/sdk-core/pebble/basalt/lib/libpebble.a(tmpzgFxQqpebble.o)
                0x0000000000001aac                layer_set_hidden
 .text.layer_set_update_proc
                0x0000000000001ab8        0xc /Users/edwinfinch/Library/Application Support/Pebble SDK/SDKs/current/sdk-core/pebble/basalt/lib/libpebble.a(tmpzgFxQqpebble.o)
                0x0000000000001ab8                layer_set_update_proc
 .text.malloc   0x0000000000001ac4        0xc /Users/edwinfinch/Library/Application Support/Pebble SDK/SDKs/current/sdk-core/pebble/basalt/lib/libpebble.a(tmpzgFxQqpebble.o)
                0x0000000000001ac4                malloc
 .text.memcpy   0x0000000000001ad0        0xc /Users/edwinfinch/Library/Application Support/Pebble SDK/SDKs/current/sdk-core/pebble/basalt/lib/libpebble.a(tmpzgFxQqpebble.o)
                0x0000000000001ad0                memcpy
 .text.memset   0x0000000000001adc        0xc /Users/edwinfinch/Library/Application Support/Pebble SDK/SDKs/current/sdk-core/pebble/basalt/lib/libpebble.a(tmpzgFxQqpebble.o)
                0x0000000000001adc                memset
 .text.menu_cell_basic_draw
                0x0000000000001ae8        0xc /Users/edwinfinch/Library/Application Support/Pebble SDK/SDKs/current/sdk-core/pebble/basalt/lib/libpebble.a(tmpzgFxQqpebble.o)
                0x0000000000001ae8                menu_cell_basic_draw
 .text.menu_cell_title_draw
                0x0000000000001af4        0xc /Users/edwinfinch/Library/Application Support/Pebble SDK/SDKs/current/sdk-core/pebble/basalt/lib/libpebble.a(tmpzgFxQqpebble.o)
                0x0000000000001af4                menu_cell_title_draw
 .text.menu_layer_get_layer
                0x0000000000001b00        0xc /Users/edwinfinch/Library/Application Support/Pebble SDK/SDKs/current/sdk-core/pebble/basalt/lib/libpebble.a(tmpzgFxQqpebble.o)
                0x0000000000001b00                menu_layer_get_layer
 .text.menu_layer_set_click_config_onto_window
                0x0000000000001b0c        0xc /Users/edwinfinch/Library/Application Support/Pebble SDK/SDKs/current/sdk-core/pebble/basalt/lib/libpebble.a(tmpzgFxQqpebble.o)
                0x0000000000001b0c                menu_layer_set_click_config_onto_window
 .text.strcmp   0x0000000000001b18        0xc /Users/edwinfinch/Library/Application Support/Pebble SDK/SDKs/current/sdk-core/pebble/basalt/lib/libpebble.a(tmpzgFxQqpebble.o)
                0x0000000000001b18                strcmp
 .text.strlen   0x0000000000001b24        0xc /Users/edwinfinch/Library/Application Support/Pebble SDK/SDKs/current/sdk-core/pebble/basalt/lib/libpebble.a(tmpzgFxQqpebble.o)
                0x0000000000001b24                strlen
 .text.strncpy  0x0000000000001b30        0xc /Users/edwinfinch/Library/Application Support/Pebble SDK/SDKs/current/sdk-core/pebble/basalt/lib/libpebble.a(tmpzgFxQqpebble.o)
                0x0000000000001b30                strncpy
 .text.tick_timer_service_subscribe
                0x0000000000001b3c        0xc /Users/edwinfinch/Library/Application Support/Pebble SDK/SDKs/current/sdk-core/pebble/basalt/lib/libpebble.a(tmpzgFxQqpebble.o)
                0x0000000000001b3c                tick_timer_service_subscribe
 .text.window_create
                0x0000000000001b48        0xc /Users/edwinfinch/Library/Application Support/Pebble SDK/SDKs/current/sdk-core/pebble/basalt/lib/libpebble.a(tmpzgFxQqpebble.o)
                0x0000000000001b48                window_create
 .text.window_get_root_layer
                0x0000000000001b54        0xc /Users/edwinfinch/Library/Application Support/Pebble SDK/SDKs/current/sdk-core/pebble/basalt/lib/libpebble.a(tmpzgFxQqpebble.o)
                0x0000000000001b54                window_get_root_layer
 .text.window_set_window_handlers
                0x0000000000001b60        0xc /Users/edwinfinch/Library/Application Support/Pebble SDK/SDKs/current/sdk-core/pebble/basalt/lib/libpebble.a(tmpzgFxQqpebble.o)
                0x0000000000001b60                window_set_window_handlers
 .text.window_stack_push
                0x0000000000001b6c        0xc /Users/edwinfinch/Library/Application Support/Pebble SDK/SDKs/current/sdk-core/pebble/basalt/lib/libpebble.a(tmpzgFxQqpebble.o)
                0x0000000000001b6c                window_stack_push
 .text.app_message_outbox_begin
                0x0000000000001b78        0xc /Users/edwinfinch/Library/Application Support/Pebble SDK/SDKs/current/sdk-core/pebble/basalt/lib/libpebble.a(tmpzgFxQqpebble.o)
                0x0000000000001b78                app_message_outbox_begin
 .text.app_message_outbox_send
                0x0000000000001b84        0xc /Users/edwinfinch/Library/Application Support/Pebble SDK/SDKs/current/sdk-core/pebble/basalt/lib/libpebble.a(tmpzgFxQqpebble.o)
                0x0000000000001b84                app_message_outbox_send
 .text.app_message_register_inbox_dropped
                0x0000000000001b90        0xc /Users/edwinfinch/Library/Application Support/Pebble SDK/SDKs/current/sdk-core/pebble/basalt/lib/libpebble.a(tmpzgFxQqpebble.o)
                0x0000000000001b90                app_message_register_inbox_dropped
 .text.app_message_register_inbox_received
                0x0000000000001b9c        0xc /Users/edwinfinch/Library/Application Support/Pebble SDK/SDKs/current/sdk-core/pebble/basalt/lib/libpebble.a(tmpzgFxQqpebble.o)
                0x0000000000001b9c                app_message_register_inbox_received
 .text.app_message_register_outbox_failed
                0x0000000000001ba8        0xc /Users/edwinfinch/Library/Application Support/Pebble SDK/SDKs/current/sdk-core/pebble/basalt/lib/libpebble.a(tmpzgFxQqpebble.o)
                0x0000000000001ba8                app_message_register_outbox_failed
 .text.window_long_click_subscribe
                0x0000000000001bb4        0xc /Users/edwinfinch/Library/Application Support/Pebble SDK/SDKs/current/sdk-core/pebble/basalt/lib/libpebble.a(tmpzgFxQqpebble.o)
                0x0000000000001bb4                window_long_click_subscribe
 .text.window_single_click_subscribe
                0x0000000000001bc0        0xc /Users/edwinfinch/Library/Application Support/Pebble SDK/SDKs/current/sdk-core/pebble/basalt/lib/libpebble.a(tmpzgFxQqpebble.o)
                0x0000000000001bc0                window_single_click_subscribe
 .text.graphics_draw_text
                0x0000000000001bcc        0xc /Users/edwinfinch/Library/Application Support/Pebble SDK/SDKs/current/sdk-core/pebble/basalt/lib/libpebble.a(tmpzgFxQqpebble.o)
                0x0000000000001bcc                graphics_draw_text
 .text.graphics_text_layout_get_content_size
                0x0000000000001bd8        0xc /Users/edwinfinch/Library/Application Support/Pebble SDK/SDKs/current/sdk-core/pebble/basalt/lib/libpebble.a(tmpzgFxQqpebble.o)
                0x0000000000001bd8                graphics_text_layout_get_content_size
 .text.heap_bytes_free
                0x0000000000001be4        0xc /Users/edwinfinch/Library/Application Support/Pebble SDK/SDKs/current/sdk-core/pebble/basalt/lib/libpebble.a(tmpzgFxQqpebble.o)
                0x0000000000001be4                heap_bytes_free
 .text.graphics_context_set_fill_color
                0x0000000000001bf0        0xc /Users/edwinfinch/Library/Application Support/Pebble SDK/SDKs/current/sdk-core/pebble/basalt/lib/libpebble.a(tmpzgFxQqpebble.o)
                0x0000000000001bf0                graphics_context_set_fill_color
 .text.graphics_context_set_text_color
                0x0000000000001bfc        0xc /Users/edwinfinch/Library/Application Support/Pebble SDK/SDKs/current/sdk-core/pebble/basalt/lib/libpebble.a(tmpzgFxQqpebble.o)
                0x0000000000001bfc                graphics_context_set_text_color
 .text.window_set_background_color
                0x0000000000001c08        0xc /Users/edwinfinch/Library/Application Support/Pebble SDK/SDKs/current/sdk-core/pebble/basalt/lib/libpebble.a(tmpzgFxQqpebble.o)
                0x0000000000001c08                window_set_background_color
 .text.gbitmap_get_format
                0x0000000000001c14        0xc /Users/edwinfinch/Library/Application Support/Pebble SDK/SDKs/current/sdk-core/pebble/basalt/lib/libpebble.a(tmpzgFxQqpebble.o)
                0x0000000000001c14                gbitmap_get_format
 .text.gbitmap_get_palette
                0x0000000000001c20        0xc /Users/edwinfinch/Library/Application Support/Pebble SDK/SDKs/current/sdk-core/pebble/basalt/lib/libpebble.a(tmpzgFxQqpebble.o)
                0x0000000000001c20                gbitmap_get_palette
 .text.gbitmap_create_from_png_data
                0x0000000000001c2c        0xc /Users/edwinfinch/Library/Application Support/Pebble SDK/SDKs/current/sdk-core/pebble/basalt/lib/libpebble.a(tmpzgFxQqpebble.o)
                0x0000000000001c2c                gbitmap_create_from_png_data
 .text.menu_layer_create
                0x0000000000001c38        0xc /Users/edwinfinch/Library/Application Support/Pebble SDK/SDKs/current/sdk-core/pebble/basalt/lib/libpebble.a(tmpzgFxQqpebble.o)
                0x0000000000001c38                menu_layer_create
 .text.action_bar_layer_add_to_window
                0x0000000000001c44        0xc /Users/edwinfinch/Library/Application Support/Pebble SDK/SDKs/current/sdk-core/pebble/basalt/lib/libpebble.a(tmpzgFxQqpebble.o)
                0x0000000000001c44                action_bar_layer_add_to_window
 .text.action_bar_layer_create
                0x0000000000001c50        0xc /Users/edwinfinch/Library/Application Support/Pebble SDK/SDKs/current/sdk-core/pebble/basalt/lib/libpebble.a(tmpzgFxQqpebble.o)
                0x0000000000001c50                action_bar_layer_create
 .text.action_bar_layer_destroy
                0x0000000000001c5c        0xc /Users/edwinfinch/Library/Application Support/Pebble SDK/SDKs/current/sdk-core/pebble/basalt/lib/libpebble.a(tmpzgFxQqpebble.o)
                0x0000000000001c5c                action_bar_layer_destroy
 .text.action_bar_layer_get_layer
                0x0000000000001c68        0xc /Users/edwinfinch/Library/Application Support/Pebble SDK/SDKs/current/sdk-core/pebble/basalt/lib/libpebble.a(tmpzgFxQqpebble.o)
                0x0000000000001c68                action_bar_layer_get_layer
 .text.action_bar_layer_remove_from_window
                0x0000000000001c74        0xc /Users/edwinfinch/Library/Application Support/Pebble SDK/SDKs/current/sdk-core/pebble/basalt/lib/libpebble.a(tmpzgFxQqpebble.o)
                0x0000000000001c74                action_bar_layer_remove_from_window
 .text.action_bar_layer_set_click_config_provider
                0x0000000000001c80        0xc /Users/edwinfinch/Library/Application Support/Pebble SDK/SDKs/current/sdk-core/pebble/basalt/lib/libpebble.a(tmpzgFxQqpebble.o)
                0x0000000000001c80                action_bar_layer_set_click_config_provider
 .text.action_bar_layer_set_icon
                0x0000000000001c8c        0xc /Users/edwinfinch/Library/Application Support/Pebble SDK/SDKs/current/sdk-core/pebble/basalt/lib/libpebble.a(tmpzgFxQqpebble.o)
                0x0000000000001c8c                action_bar_layer_set_icon
 .text.menu_cell_layer_is_highlighted
                0x0000000000001c98        0xc /Users/edwinfinch/Library/Application Support/Pebble SDK/SDKs/current/sdk-core/pebble/basalt/lib/libpebble.a(tmpzgFxQqpebble.o)
                0x0000000000001c98                menu_cell_layer_is_highlighted
 .text.menu_layer_set_highlight_colors
                0x0000000000001ca4        0xc /Users/edwinfinch/Library/Application Support/Pebble SDK/SDKs/current/sdk-core/pebble/basalt/lib/libpebble.a(tmpzgFxQqpebble.o)
                0x0000000000001ca4                menu_layer_set_highlight_colors
 .text.menu_layer_set_normal_colors
                0x0000000000001cb0        0xc /Users/edwinfinch/Library/Application Support/Pebble SDK/SDKs/current/sdk-core/pebble/basalt/lib/libpebble.a(tmpzgFxQqpebble.o)
                0x0000000000001cb0                menu_layer_set_normal_colors
 .text.menu_layer_set_callbacks
                0x0000000000001cbc        0xc /Users/edwinfinch/Library/Application Support/Pebble SDK/SDKs/current/sdk-core/pebble/basalt/lib/libpebble.a(tmpzgFxQqpebble.o)
                0x0000000000001cbc                menu_layer_set_callbacks
 *(.rodata)
 .rodata        0x0000000000001cc8        0x8 src/library_menus.c.19.o
 .rodata        0x0000000000001cd0       0x20 src/main_menu.c.19.o
 .rodata        0x0000000000001cf0       0x30 src/now_playing.c.19.o
 *(.rodata*)
 .rodata.str1.1
                0x0000000000001d20       0x66 src/common.c.19.o
 .rodata.CSWTCH.7
                0x0000000000001d86        0x3 src/gbitmap_manipulator.c.19.o
 .rodata.str1.1
                0x0000000000001d89      0x530 src/gbitmap_manipulator.c.19.o
 .rodata.str1.1
                0x00000000000022b9       0x87 src/ipod.c.19.o
 .rodata.str1.1
                0x0000000000002340       0x96 src/ipod_state.c.19.o
 .rodata.str1.1
                0x00000000000023d6       0x8f src/library_menus.c.19.o
 .rodata.str1.1
                0x0000000000002465       0x36 src/main_menu.c.19.o
 .rodata.str1.1
                0x000000000000249b       0x1a src/marquee_text.c.19.o
 .rodata.str1.1
                0x00000000000024b5      0x1ff src/now_playing.c.19.o

.glue_7         0x00000000000026b4        0x0
 .glue_7        0x0000000000000000        0x0 linker stubs

.glue_7t        0x00000000000026b4        0x0
 .glue_7t       0x0000000000000000        0x0 linker stubs

.vfp11_veneer   0x00000000000026b4        0x0
 .vfp11_veneer  0x0000000000000000        0x0 linker stubs

.v4_bx          0x00000000000026b4        0x0
 .v4_bx         0x0000000000000000        0x0 linker stubs

.iplt           0x00000000000026b4        0x0
 .iplt          0x0000000000000000        0x0 /usr/local/Cellar/pebble-toolchain/2.0/arm-cs-tools/bin/../lib/gcc/arm-none-eabi/4.7.2/thumb2/crtbegin.o

.rel.dyn        0x00000000000026b4        0x0
 .rel.iplt      0x0000000000000000        0x0 /usr/local/Cellar/pebble-toolchain/2.0/arm-cs-tools/bin/../lib/gcc/arm-none-eabi/4.7.2/thumb2/crtbegin.o
 .rel.got       0x0000000000000000        0x0 /usr/local/Cellar/pebble-toolchain/2.0/arm-cs-tools/bin/../lib/gcc/arm-none-eabi/4.7.2/thumb2/crtbegin.o

.data           0x00000000000026b4       0x38
 *(.data)
 .data          0x00000000000026b4        0x0 /usr/local/Cellar/pebble-toolchain/2.0/arm-cs-tools/bin/../lib/gcc/arm-none-eabi/4.7.2/thumb2/crti.o
 .data          0x00000000000026b4        0x4 /usr/local/Cellar/pebble-toolchain/2.0/arm-cs-tools/bin/../lib/gcc/arm-none-eabi/4.7.2/thumb2/crtbegin.o
                0x00000000000026b4                __dso_handle
 .data          0x00000000000026b8        0x0 src/common.c.19.o
 .data          0x00000000000026b8        0x0 src/gbitmap_manipulator.c.19.o
 .data          0x00000000000026b8        0x0 src/ipod.c.19.o
 .data          0x00000000000026b8        0x0 src/ipod_state.c.19.o
 .data          0x00000000000026b8        0x0 src/library_menus.c.19.o
 .data          0x00000000000026b8        0x0 src/main_menu.c.19.o
 .data          0x00000000000026b8        0x0 src/marquee_text.c.19.o
 .data          0x00000000000026b8        0x0 src/now_playing.c.19.o
 .data          0x00000000000026b8        0x0 src/progress_bar.c.19.o
 .data          0x00000000000026b8        0x0 basalt/appinfo.auto.c.19.o
 .data          0x00000000000026b8        0x0 basalt/src/resource_ids.auto.c.19.o
 .data          0x00000000000026b8        0x0 /Users/edwinfinch/Library/Application Support/Pebble SDK/SDKs/current/sdk-core/pebble/basalt/lib/libpebble.a(tmpzgFxQqpebble.o)
 .data          0x00000000000026b8        0x0 /usr/local/Cellar/pebble-toolchain/2.0/arm-cs-tools/bin/../lib/gcc/arm-none-eabi/4.7.2/thumb2/crtend.o
 .data          0x00000000000026b8        0x0 /usr/local/Cellar/pebble-toolchain/2.0/arm-cs-tools/bin/../lib/gcc/arm-none-eabi/4.7.2/thumb2/crtn.o
 *(.data.*)
 .data.s_sequence_number
                0x00000000000026b8        0x4 src/common.c.19.o
 .data.rel.ro.local.titles.7537
                0x00000000000026bc       0x18 src/main_menu.c.19.o
 .data.rel.ro.callbacks.7538
                0x00000000000026d4       0x18 src/main_menu.c.19.o

.igot.plt       0x00000000000026ec        0x0
 .igot.plt      0x0000000000000000        0x0 /usr/local/Cellar/pebble-toolchain/2.0/arm-cs-tools/bin/../lib/gcc/arm-none-eabi/4.7.2/thumb2/crtbegin.o

.got            0x00000000000026ec       0x8c
 .got           0x00000000000026ec       0x8c /usr/local/Cellar/pebble-toolchain/2.0/arm-cs-tools/bin/../lib/gcc/arm-none-eabi/4.7.2/thumb2/crtbegin.o

.got.plt        0x0000000000002778        0xc
 .got.plt       0x0000000000002778        0xc /usr/local/Cellar/pebble-toolchain/2.0/arm-cs-tools/bin/../lib/gcc/arm-none-eabi/4.7.2/thumb2/crtbegin.o
                0x0000000000002778                _GLOBAL_OFFSET_TABLE_

.bss            0x0000000000002784      0xb18
 *(.bss)
 *(.bss.*)
 .bss.s_artist  0x0000000000002784       0x64 src/ipod_state.c.19.o
 .bss.s_title   0x00000000000027e8       0x64 src/ipod_state.c.19.o
 .bss.s_album   0x000000000000284c       0x64 src/ipod_state.c.19.o
 .bss.head      0x00000000000028b0        0x4 src/marquee_text.c.19.o
 .bss.controlling_volume
                0x00000000000028b4        0x1 src/now_playing.c.19.o
                0x00000000000028b4                controlling_volume
 *fill*         0x00000000000028b5        0x3 
 .bss.currentAlbumArtLength
                0x00000000000028b8        0x4 src/now_playing.c.19.o
                0x00000000000028b8                currentAlbumArtLength
 .bss.is_shown  0x00000000000028bc        0x1 src/now_playing.c.19.o
                0x00000000000028bc                is_shown
 *fill*         0x00000000000028bd        0x3 
 COMMON         0x00000000000028c0        0x4 src/ipod.c.19.o
                0x00000000000028c0                window
 COMMON         0x00000000000028c4       0x15 src/ipod_state.c.19.o
                0x00000000000028c4                ipod_state_callback
                0x00000000000028c8                currentType
                0x00000000000028c9                s_shuffle_mode
                0x00000000000028cc                s_current_time
                0x00000000000028d0                s_repeat_mode
                0x00000000000028d4                s_duration
                0x00000000000028d8                s_playback_state
 *fill*         0x00000000000028d9        0x3 
 COMMON         0x00000000000028dc      0x888 src/library_menus.c.19.o
                0x00000000000028dc                menu_font
                0x00000000000028e0                menu_stack_pointer
                0x00000000000028e4                menu_stack
 COMMON         0x0000000000003164       0x98 src/main_menu.c.19.o
                0x0000000000003164                main_menu_items
                0x00000000000031c4                main_menu_icons
                0x00000000000031dc                highlight_index
                0x00000000000031e0                main_menu_icons_inverted
                0x00000000000031f8                main_menu_layer
 COMMON         0x00000000000031fc       0xa0 src/now_playing.c.19.o
                0x00000000000031fc                now_playing_timer
                0x0000000000003200                action_bar
                0x0000000000003204                album_art_data
                0x0000000000003208                artist_layer
                0x0000000000003224                album_layer
                0x0000000000003240                backgroundColour
                0x0000000000003244                icon_volume_down
                0x0000000000003248                now_playing_window
                0x000000000000324c                icon_volume_up
                0x0000000000003250                album_art_layer
                0x0000000000003254                icon_rewind
                0x0000000000003258                icon_pause
                0x000000000000325c                title_layer
                0x0000000000003278                album_art_bitmap
                0x000000000000327c                icon_fast_forward
                0x0000000000003280                graphics_layer
                0x0000000000003284                icon_play
                0x0000000000003288                progress_bar

DISCARD
 libc.a(*)
 libm.a(*)
 libgcc.a(*)
 *(.eh_frame)
OUTPUT(/Users/edwinfinch/Desktop/Lignite Music/music-pebble/build/basalt/pebble-app.elf elf32-littlearm)

.ARM.attributes
                0x0000000000000000       0x27
 .ARM.attributes
                0x0000000000000000       0x19 /usr/local/Cellar/pebble-toolchain/2.0/arm-cs-tools/bin/../lib/gcc/arm-none-eabi/4.7.2/thumb2/crti.o
 .ARM.attributes
                0x0000000000000019       0x29 /usr/local/Cellar/pebble-toolchain/2.0/arm-cs-tools/bin/../lib/gcc/arm-none-eabi/4.7.2/thumb2/crtbegin.o
 .ARM.attributes
                0x0000000000000042       0x33 src/common.c.19.o
 .ARM.attributes
                0x0000000000000075       0x33 src/gbitmap_manipulator.c.19.o
 .ARM.attributes
                0x00000000000000a8       0x33 src/ipod.c.19.o
 .ARM.attributes
                0x00000000000000db       0x33 src/ipod_state.c.19.o
 .ARM.attributes
                0x000000000000010e       0x33 src/library_menus.c.19.o
 .ARM.attributes
                0x0000000000000141       0x33 src/main_menu.c.19.o
 .ARM.attributes
                0x0000000000000174       0x33 src/marquee_text.c.19.o
 .ARM.attributes
                0x00000000000001a7       0x33 src/now_playing.c.19.o
 .ARM.attributes
                0x00000000000001da       0x33 src/progress_bar.c.19.o
 .ARM.attributes
                0x000000000000020d       0x33 basalt/appinfo.auto.c.19.o
 .ARM.attributes
                0x0000000000000240       0x33 basalt/src/resource_ids.auto.c.19.o
 .ARM.attributes
                0x0000000000000273       0x21 /Users/edwinfinch/Library/Application Support/Pebble SDK/SDKs/current/sdk-core/pebble/basalt/lib/libpebble.a(tmpzgFxQqpebble.o)
 .ARM.attributes
                0x0000000000000294       0x29 /usr/local/Cellar/pebble-toolchain/2.0/arm-cs-tools/bin/../lib/gcc/arm-none-eabi/4.7.2/thumb2/crtend.o
 .ARM.attributes
                0x00000000000002bd       0x19 /usr/local/Cellar/pebble-toolchain/2.0/arm-cs-tools/bin/../lib/gcc/arm-none-eabi/4.7.2/thumb2/crtn.o

.comment        0x0000000000000000       0x4e
 .comment       0x0000000000000000       0x4e /usr/local/Cellar/pebble-toolchain/2.0/arm-cs-tools/bin/../lib/gcc/arm-none-eabi/4.7.2/thumb2/crtbegin.o
                                         0x4f (size before relaxing)
 .comment       0x0000000000000000       0x4f src/common.c.19.o
 .comment       0x0000000000000000       0x4f src/gbitmap_manipulator.c.19.o
 .comment       0x0000000000000000       0x4f src/ipod.c.19.o
 .comment       0x0000000000000000       0x4f src/ipod_state.c.19.o
 .comment       0x0000000000000000       0x4f src/library_menus.c.19.o
 .comment       0x0000000000000000       0x4f src/main_menu.c.19.o
 .comment       0x0000000000000000       0x4f src/marquee_text.c.19.o
 .comment       0x0000000000000000       0x4f src/now_playing.c.19.o
 .comment       0x0000000000000000       0x4f src/progress_bar.c.19.o
 .comment       0x0000000000000000       0x4f basalt/appinfo.auto.c.19.o
 .comment       0x0000000000000000       0x4f basalt/src/resource_ids.auto.c.19.o
 .comment       0x0000000000000000       0x4f /usr/local/Cellar/pebble-toolchain/2.0/arm-cs-tools/bin/../lib/gcc/arm-none-eabi/4.7.2/thumb2/crtend.o

.debug_info     0x0000000000000000     0x74a9
 .debug_info    0x0000000000000000      0x673 src/common.c.19.o
 .debug_info    0x0000000000000673      0x6fb src/gbitmap_manipulator.c.19.o
 .debug_info    0x0000000000000d6e      0x927 src/ipod.c.19.o
 .debug_info    0x0000000000001695      0xabb src/ipod_state.c.19.o
 .debug_info    0x0000000000002150     0x13c1 src/library_menus.c.19.o
 .debug_info    0x0000000000003511     0x1026 src/main_menu.c.19.o
 .debug_info    0x0000000000004537      0x929 src/marquee_text.c.19.o
 .debug_info    0x0000000000004e60     0x1c66 src/now_playing.c.19.o
 .debug_info    0x0000000000006ac6      0x5a4 src/progress_bar.c.19.o
 .debug_info    0x000000000000706a      0x2e6 basalt/appinfo.auto.c.19.o
 .debug_info    0x0000000000007350      0x159 basalt/src/resource_ids.auto.c.19.o

.debug_abbrev   0x0000000000000000     0x1a05
 .debug_abbrev  0x0000000000000000      0x24f src/common.c.19.o
 .debug_abbrev  0x000000000000024f      0x22d src/gbitmap_manipulator.c.19.o
 .debug_abbrev  0x000000000000047c      0x24f src/ipod.c.19.o
 .debug_abbrev  0x00000000000006cb      0x337 src/ipod_state.c.19.o
 .debug_abbrev  0x0000000000000a02      0x3ae src/library_menus.c.19.o
 .debug_abbrev  0x0000000000000db0      0x2df src/main_menu.c.19.o
 .debug_abbrev  0x000000000000108f      0x276 src/marquee_text.c.19.o
 .debug_abbrev  0x0000000000001305      0x3fe src/now_playing.c.19.o
 .debug_abbrev  0x0000000000001703      0x236 src/progress_bar.c.19.o
 .debug_abbrev  0x0000000000001939       0x88 basalt/appinfo.auto.c.19.o
 .debug_abbrev  0x00000000000019c1       0x44 basalt/src/resource_ids.auto.c.19.o

.debug_loc      0x0000000000000000     0x2145
 .debug_loc     0x0000000000000000       0xe6 src/common.c.19.o
 .debug_loc     0x00000000000000e6      0x488 src/gbitmap_manipulator.c.19.o
 .debug_loc     0x000000000000056e      0x1c7 src/ipod.c.19.o
 .debug_loc     0x0000000000000735      0x2b8 src/ipod_state.c.19.o
 .debug_loc     0x00000000000009ed      0x95c src/library_menus.c.19.o
 .debug_loc     0x0000000000001349      0x3fa src/main_menu.c.19.o
 .debug_loc     0x0000000000001743      0x256 src/marquee_text.c.19.o
 .debug_loc     0x0000000000001999      0x5e1 src/now_playing.c.19.o
 .debug_loc     0x0000000000001f7a      0x1cb src/progress_bar.c.19.o

.debug_aranges  0x0000000000000000      0x3e0
 .debug_aranges
                0x0000000000000000       0x38 src/common.c.19.o
 .debug_aranges
                0x0000000000000038       0x50 src/gbitmap_manipulator.c.19.o
 .debug_aranges
                0x0000000000000088       0x50 src/ipod.c.19.o
 .debug_aranges
                0x00000000000000d8       0x98 src/ipod_state.c.19.o
 .debug_aranges
                0x0000000000000170       0x78 src/library_menus.c.19.o
 .debug_aranges
                0x00000000000001e8       0x90 src/main_menu.c.19.o
 .debug_aranges
                0x0000000000000278       0x60 src/marquee_text.c.19.o
 .debug_aranges
                0x00000000000002d8       0xa0 src/now_playing.c.19.o
 .debug_aranges
                0x0000000000000378       0x38 src/progress_bar.c.19.o
 .debug_aranges
                0x00000000000003b0       0x18 basalt/appinfo.auto.c.19.o
 .debug_aranges
                0x00000000000003c8       0x18 basalt/src/resource_ids.auto.c.19.o

.debug_ranges   0x0000000000000000      0x4f8
 .debug_ranges  0x0000000000000000       0x28 src/common.c.19.o
 .debug_ranges  0x0000000000000028       0x70 src/gbitmap_manipulator.c.19.o
 .debug_ranges  0x0000000000000098       0x40 src/ipod.c.19.o
 .debug_ranges  0x00000000000000d8       0xf8 src/ipod_state.c.19.o
 .debug_ranges  0x00000000000001d0       0xf8 src/library_menus.c.19.o
 .debug_ranges  0x00000000000002c8       0xa0 src/main_menu.c.19.o
 .debug_ranges  0x0000000000000368       0x50 src/marquee_text.c.19.o
 .debug_ranges  0x00000000000003b8      0x118 src/now_playing.c.19.o
 .debug_ranges  0x00000000000004d0       0x28 src/progress_bar.c.19.o

.debug_line     0x0000000000000000     0x1b76
 .debug_line    0x0000000000000000      0x20e src/common.c.19.o
 .debug_line    0x000000000000020e      0x240 src/gbitmap_manipulator.c.19.o
 .debug_line    0x000000000000044e      0x209 src/ipod.c.19.o
 .debug_line    0x0000000000000657      0x347 src/ipod_state.c.19.o
 .debug_line    0x000000000000099e      0x3df src/library_menus.c.19.o
 .debug_line    0x0000000000000d7d      0x327 src/main_menu.c.19.o
 .debug_line    0x00000000000010a4      0x298 src/marquee_text.c.19.o
 .debug_line    0x000000000000133c      0x438 src/now_playing.c.19.o
 .debug_line    0x0000000000001774      0x205 src/progress_bar.c.19.o
 .debug_line    0x0000000000001979      0x139 basalt/appinfo.auto.c.19.o
 .debug_line    0x0000000000001ab2       0xc4 basalt/src/resource_ids.auto.c.19.o

.debug_str      0x0000000000000000     0x2422
 .debug_str     0x0000000000000000      0x4a1 src/common.c.19.o
                                        0x539 (size before relaxing)
 .debug_str     0x00000000000004a1      0x253 src/gbitmap_manipulator.c.19.o
                                        0x3d8 (size before relaxing)
 .debug_str     0x00000000000006f4      0x2b2 src/ipod.c.19.o
                                        0x704 (size before relaxing)
 .debug_str     0x00000000000009a6      0x4b5 src/ipod_state.c.19.o
                                        0x94d (size before relaxing)
 .debug_str     0x0000000000000e5b      0x663 src/library_menus.c.19.o
                                        0xbaa (size before relaxing)
 .debug_str     0x00000000000014be      0x3ed src/main_menu.c.19.o
                                        0xa3b (size before relaxing)
 .debug_str     0x00000000000018ab      0x306 src/marquee_text.c.19.o
                                        0x4f8 (size before relaxing)
 .debug_str     0x0000000000001bb1      0x583 src/now_playing.c.19.o
                                       0x1096 (size before relaxing)
 .debug_str     0x0000000000002134       0x26 src/progress_bar.c.19.o
                                        0x37a (size before relaxing)
 .debug_str     0x000000000000215a      0x15d basalt/appinfo.auto.c.19.o
                                        0x25e (size before relaxing)
 .debug_str     0x00000000000022b7      0x16b basalt/src/resource_ids.auto.c.19.o
                                        0x23f (size before relaxing)

.debug_frame    0x0000000000000000      0x914
 .debug_frame   0x0000000000000000       0x78 src/common.c.19.o
 .debug_frame   0x0000000000000078       0xdc src/gbitmap_manipulator.c.19.o
 .debug_frame   0x0000000000000154       0xc8 src/ipod.c.19.o
 .debug_frame   0x000000000000021c      0x140 src/ipod_state.c.19.o
 .debug_frame   0x000000000000035c      0x150 src/library_menus.c.19.o
 .debug_frame   0x00000000000004ac      0x144 src/main_menu.c.19.o
 .debug_frame   0x00000000000005f0       0xcc src/marquee_text.c.19.o
 .debug_frame   0x00000000000006bc      0x1ec src/now_playing.c.19.o
 .debug_frame   0x00000000000008a8       0x6c src/progress_bar.c.19.o
