Archive member included because of file (symbol)

/Users/edwinfinch/Library/Application Support/Pebble SDK/SDKs/current/sdk-core/pebble/basalt/lib/libpebble.a(tmpzgFxQqpebble.o)
                              src/ipod.c.19.o (app_event_loop)

Allocating common symbols
Common symbol       size              file

ipod_state_callback
                    0x4               src/ipod_state.c.19.o
now_playing_timer   0x4               src/now_playing.c.19.o
album_art_data      0x4               src/now_playing.c.19.o
main_menu_items     0x60              src/main_menu.c.19.o
artist_layer        0x1c              src/now_playing.c.19.o
currentType         0x1               src/ipod_state.c.19.o
album_layer         0x1c              src/now_playing.c.19.o
main_menu_icons     0x18              src/main_menu.c.19.o
s_shuffle_mode      0x1               src/ipod_state.c.19.o
backgroundColour    0x1               src/now_playing.c.19.o
icon_volume_down    0x4               src/now_playing.c.19.o
now_playing_window  0x4               src/now_playing.c.19.o
icon_volume_up      0x4               src/now_playing.c.19.o
menu_font           0x4               src/library_menus.c.19.o
album_art_layer     0x4               src/now_playing.c.19.o
action_bar_timer    0x4               src/now_playing.c.19.o
menu_stack_pointer  0x1               src/library_menus.c.19.o
highlight_index     0x4               src/main_menu.c.19.o
icon_rewind         0x4               src/now_playing.c.19.o
s_current_time      0x4               src/ipod_state.c.19.o
main_menu_icons_inverted
                    0x18              src/main_menu.c.19.o
icon_pause          0x4               src/now_playing.c.19.o
title_layer         0x1c              src/now_playing.c.19.o
s_repeat_mode       0x1               src/ipod_state.c.19.o
album_art_bitmap    0x4               src/now_playing.c.19.o
icon_fast_forward   0x4               src/now_playing.c.19.o
graphics_layer      0x4               src/now_playing.c.19.o
icon_play           0x4               src/now_playing.c.19.o
progress_bar        0x14              src/now_playing.c.19.o
s_duration          0x4               src/ipod_state.c.19.o
main_menu_layer     0x4               src/main_menu.c.19.o
menu_stack          0x880             src/library_menus.c.19.o
window              0x4               src/ipod.c.19.o
control_action_bar  0x4               src/now_playing.c.19.o
s_playback_state    0x1               src/ipod_state.c.19.o

Discarded input sections

 .text          0x0000000000000000        0x0 /usr/local/Cellar/pebble-toolchain/2.0/arm-cs-tools/bin/../lib/gcc/arm-none-eabi/4.7.2/thumb2/crti.o
 .bss           0x0000000000000000        0x0 /usr/local/Cellar/pebble-toolchain/2.0/arm-cs-tools/bin/../lib/gcc/arm-none-eabi/4.7.2/thumb2/crti.o
 .init          0x0000000000000000        0x4 /usr/local/Cellar/pebble-toolchain/2.0/arm-cs-tools/bin/../lib/gcc/arm-none-eabi/4.7.2/thumb2/crti.o
 .fini          0x0000000000000000        0x4 /usr/local/Cellar/pebble-toolchain/2.0/arm-cs-tools/bin/../lib/gcc/arm-none-eabi/4.7.2/thumb2/crti.o
 .text          0x0000000000000000       0xc8 /usr/local/Cellar/pebble-toolchain/2.0/arm-cs-tools/bin/../lib/gcc/arm-none-eabi/4.7.2/thumb2/crtbegin.o
 .bss           0x0000000000000000       0x1c /usr/local/Cellar/pebble-toolchain/2.0/arm-cs-tools/bin/../lib/gcc/arm-none-eabi/4.7.2/thumb2/crtbegin.o
 .init_array    0x0000000000000000        0x4 /usr/local/Cellar/pebble-toolchain/2.0/arm-cs-tools/bin/../lib/gcc/arm-none-eabi/4.7.2/thumb2/crtbegin.o
 .fini_array    0x0000000000000000        0x4 /usr/local/Cellar/pebble-toolchain/2.0/arm-cs-tools/bin/../lib/gcc/arm-none-eabi/4.7.2/thumb2/crtbegin.o
 .eh_frame      0x0000000000000000        0x0 /usr/local/Cellar/pebble-toolchain/2.0/arm-cs-tools/bin/../lib/gcc/arm-none-eabi/4.7.2/thumb2/crtbegin.o
 .jcr           0x0000000000000000        0x0 /usr/local/Cellar/pebble-toolchain/2.0/arm-cs-tools/bin/../lib/gcc/arm-none-eabi/4.7.2/thumb2/crtbegin.o
 .tm_clone_table
                0x0000000000000000        0x0 /usr/local/Cellar/pebble-toolchain/2.0/arm-cs-tools/bin/../lib/gcc/arm-none-eabi/4.7.2/thumb2/crtbegin.o
 .text          0x0000000000000000        0x0 src/common.c.19.o
 .bss           0x0000000000000000        0x0 src/common.c.19.o
 .text.reset_sequence_number
                0x0000000000000000       0x24 src/common.c.19.o
 .text          0x0000000000000000        0x0 src/gbitmap_manipulator.c.19.o
 .bss           0x0000000000000000        0x0 src/gbitmap_manipulator.c.19.o
 .text.gbitmap_fill_all_except
                0x0000000000000000       0x6e src/gbitmap_manipulator.c.19.o
 .text.gbitmap_color_palette_contains_color
                0x0000000000000000       0x30 src/gbitmap_manipulator.c.19.o
 .text.get_gcolor_text
                0x0000000000000000       0x28 src/gbitmap_manipulator.c.19.o
 .text.spit_gbitmap_color_palette
                0x0000000000000000       0x98 src/gbitmap_manipulator.c.19.o
[...]
Memory Configuration

Name             Origin             Length             Attributes
APP              0x0000000000000000 0x0000000000010000 xrw
*default*        0x0000000000000000 0xffffffffffffffff

Linker script and memory map

LOAD /usr/local/Cellar/pebble-toolchain/2.0/arm-cs-tools/bin/../lib/gcc/arm-none-eabi/4.7.2/thumb2/crti.o
LOAD /usr/local/Cellar/pebble-toolchain/2.0/arm-cs-tools/bin/../lib/gcc/arm-none-eabi/4.7.2/thumb2/crtbegin.o
LOAD src/common.c.19.o
LOAD src/gbitmap_manipulator.c.19.o
LOAD src/ipod.c.19.o
LOAD src/ipod_state.c.19.o
LOAD src/library_menus.c.19.o
LOAD src/main_menu.c.19.o
LOAD src/marquee_text.c.19.o
LOAD src/now_playing.c.19.o
LOAD src/progress_bar.c.19.o
LOAD basalt/appinfo.auto.c.19.o
LOAD basalt/src/resource_ids.auto.c.19.o
LOAD /Users/edwinfinch/Library/Application Support/Pebble SDK/SDKs/current/sdk-core/pebble/basalt/lib/libpebble.a
START GROUP
LOAD /usr/local/Cellar/pebble-toolchain/2.0/arm-cs-tools/bin/../lib/gcc/arm-none-eabi/4.7.2/thumb2/libgcc.a
LOAD /usr/local/Cellar/pebble-toolchain/2.0/arm-cs-tools/bin/../lib/gcc/arm-none-eabi/4.7.2/../../../../arm-none-eabi/lib/thumb2/libc.a
END GROUP
LOAD /usr/local/Cellar/pebble-toolchain/2.0/arm-cs-tools/bin/../lib/gcc/arm-none-eabi/4.7.2/thumb2/crtend.o
LOAD /usr/local/Cellar/pebble-toolchain/2.0/arm-cs-tools/bin/../lib/gcc/arm-none-eabi/4.7.2/thumb2/crtn.o

.header         0x0000000000000000       0x82
 *(.pbl_header)
 .pbl_header    0x0000000000000000       0x82 basalt/appinfo.auto.c.19.o
                0x0000000000000000                __pbl_app_info

.note.gnu.build-id
                0x0000000000000082       0x26
                0x0000000000000082                PROVIDE (BUILD_ID, .)
 *(.note.gnu.build-id)
 *fill*         0x0000000000000082        0x2 
 .note.gnu.build-id
                0x0000000000000084       0x24 linker stubs

.text           0x00000000000000a8     0x27fc
 *(.text)
 .text          0x00000000000000a8       0x14 /Users/edwinfinch/Library/Application Support/Pebble SDK/SDKs/current/sdk-core/pebble/basalt/lib/libpebble.a(tmpzgFxQqpebble.o)
 *(.text.*)
 .text.on_animation_stopped
                0x00000000000000bc        0x2 src/common.c.19.o
                0x00000000000000bc                on_animation_stopped
 *fill*         0x00000000000000be        0x2 
 .text.ipod_message_timer_fire
                0x00000000000000c0       0x2c src/common.c.19.o
                0x00000000000000c0                ipod_message_timer_fire
 .text.animate_layer
                0x00000000000000ec       0x54 src/common.c.19.o
                0x00000000000000ec                animate_layer
 .text.ipod_message_outbox_get
                0x0000000000000140       0x9c src/common.c.19.o
                0x0000000000000140                ipod_message_outbox_get
 .text.ipod_message_destroy
                0x00000000000001dc       0x14 src/common.c.19.o
                0x00000000000001dc                ipod_message_destroy
 .text.get_gbitmapformat_text
                0x00000000000001f0       0x4c src/gbitmap_manipulator.c.19.o
                0x00000000000001f0                get_gbitmapformat_text
 .text.get_num_palette_colors
                0x000000000000023c       0x20 src/gbitmap_manipulator.c.19.o
                0x000000000000023c                get_num_palette_colors
 .text.replace_gbitmap_color
                0x000000000000025c       0x50 src/gbitmap_manipulator.c.19.o
                0x000000000000025c                replace_gbitmap_color
 .text.failed_outbox
                0x00000000000002ac       0x20 src/ipod.c.19.o
                0x00000000000002ac                failed_outbox
 .text.dropped_inbox
                0x00000000000002cc       0x20 src/ipod.c.19.o
                0x00000000000002cc                dropped_inbox
 .text.tick_handler
                0x00000000000002ec        0xe src/ipod.c.19.o
                0x00000000000002ec                tick_handler
 *fill*         0x00000000000002fa        0x2 
 .text.ipod_init
                0x00000000000002fc       0x30 src/ipod.c.19.o
                0x00000000000002fc                ipod_init
 .text.ipod_app_timer_handler
                0x000000000000032c        0xe src/ipod.c.19.o
                0x000000000000032c                ipod_app_timer_handler
 *fill*         0x000000000000033a        0x2 
 .text.send_test_message
                0x000000000000033c       0x64 src/ipod.c.19.o
                0x000000000000033c                send_test_message
 .text.startup.main
                0x00000000000003a0       0x44 src/ipod.c.19.o
                0x00000000000003a0                main
 .text.ipod_state_init
                0x00000000000003e4       0x30 src/ipod_state.c.19.o
                0x00000000000003e4                ipod_state_init
 .text.ipod_state_tick
                0x0000000000000414       0x5c src/ipod_state.c.19.o
                0x0000000000000414                ipod_state_tick
 .text.ipod_state_set_callback
                0x0000000000000470       0x14 src/ipod_state.c.19.o
                0x0000000000000470                ipod_state_set_callback
 .text.ipod_state_current_time
                0x0000000000000484       0x14 src/ipod_state.c.19.o
                0x0000000000000484                ipod_state_current_time
 .text.ipod_state_duration
                0x0000000000000498       0x14 src/ipod_state.c.19.o
                0x0000000000000498                ipod_state_duration
 .text.ipod_get_playback_state
                0x00000000000004ac       0x14 src/ipod_state.c.19.o
                0x00000000000004ac                ipod_get_playback_state
 .text.ipod_get_album
                0x00000000000004c0        0xc src/ipod_state.c.19.o
                0x00000000000004c0                ipod_get_album
 .text.ipod_get_artist
                0x00000000000004cc        0xc src/ipod_state.c.19.o
                0x00000000000004cc                ipod_get_artist
 .text.ipod_get_title
                0x00000000000004d8        0xc src/ipod_state.c.19.o
                0x00000000000004d8                ipod_get_title
 .text.call_callback
                0x00000000000004e4       0x38 src/ipod_state.c.19.o
                0x00000000000004e4                call_callback
 .text.process_tuple
                0x000000000000051c      0x140 src/ipod_state.c.19.o
                0x000000000000051c                process_tuple
 .text.ipod_received_handler
                0x000000000000065c       0x3c src/ipod_state.c.19.o
                0x000000000000065c                ipod_received_handler
 .text.library_menus_window_unload
                0x0000000000000698       0x1c src/library_menus.c.19.o
                0x0000000000000698                library_menus_window_unload
 .text.get_num_rows
                0x00000000000006b4       0x10 src/library_menus.c.19.o
                0x00000000000006b4                get_num_rows
 .text.get_cell_height
                0x00000000000006c4        0x4 src/library_menus.c.19.o
                0x00000000000006c4                get_cell_height
 .text.draw_row
                0x00000000000006c8       0x22 src/library_menus.c.19.o
                0x00000000000006c8                draw_row
 *fill*         0x00000000000006ea        0x2 
 .text.init_library_menus
                0x00000000000006ec       0x30 src/library_menus.c.19.o
                0x00000000000006ec                init_library_menus
 .text.build_parent_history
                0x000000000000071c       0x80 src/library_menus.c.19.o
                0x000000000000071c                build_parent_history
 .text.send_library_request
                0x000000000000079c       0x40 src/library_menus.c.19.o
                0x000000000000079c                send_library_request
 .text.selection_changed
                0x00000000000007dc       0x58 src/library_menus.c.19.o
                0x00000000000007dc                selection_changed
 .text.play_track
                0x0000000000000834       0x64 src/library_menus.c.19.o
                0x0000000000000834                play_track
 .text.display_library_view
                0x0000000000000898      0x150 src/library_menus.c.19.o
                0x0000000000000898                display_library_view
 .text.select_click
                0x00000000000009e8       0x50 src/library_menus.c.19.o
                0x00000000000009e8                select_click
 .text.menu_get_num_sections_callback
                0x0000000000000a38        0x4 src/main_menu.c.19.o
                0x0000000000000a38                menu_get_num_sections_callback
 .text.menu_get_num_rows_callback
                0x0000000000000a3c        0x4 src/main_menu.c.19.o
                0x0000000000000a3c                menu_get_num_rows_callback
 .text.menu_get_header_height_callback
                0x0000000000000a40        0x4 src/main_menu.c.19.o
                0x0000000000000a40                menu_get_header_height_callback
 .text.menu_select_callback
                0x0000000000000a44       0x20 src/main_menu.c.19.o
                0x0000000000000a44                menu_select_callback
 .text.open_composer_list
                0x0000000000000a64        0x6 src/main_menu.c.19.o
                0x0000000000000a64                open_composer_list
 .text.open_genre_list
                0x0000000000000a6a        0x6 src/main_menu.c.19.o
                0x0000000000000a6a                open_genre_list
 .text.open_playlist_list
                0x0000000000000a70        0x6 src/main_menu.c.19.o
                0x0000000000000a70                open_playlist_list
 .text.open_album_list
                0x0000000000000a76        0x6 src/main_menu.c.19.o
                0x0000000000000a76                open_album_list
 .text.open_artist_list
                0x0000000000000a7c        0x6 src/main_menu.c.19.o
                0x0000000000000a7c                open_artist_list
 .text.open_now_playing
                0x0000000000000a82        0x4 src/main_menu.c.19.o
                0x0000000000000a82                open_now_playing
 *fill*         0x0000000000000a86        0x2 
 .text.update_highlight_colours
                0x0000000000000a88       0x34 src/main_menu.c.19.o
                0x0000000000000a88                update_highlight_colours
 .text.menu_draw_row_callback
                0x0000000000000abc       0xa0 src/main_menu.c.19.o
                0x0000000000000abc                menu_draw_row_callback
 .text.menu_selection_changed
                0x0000000000000b5c       0x2c src/main_menu.c.19.o
                0x0000000000000b5c                menu_selection_changed
 .text.main_menu_init
                0x0000000000000b88      0x164 src/main_menu.c.19.o
                0x0000000000000b88                main_menu_init
 .text.do_draw  0x0000000000000cec      0x186 src/marquee_text.c.19.o
 *fill*         0x0000000000000e72        0x2 
 .text.marquee_text_layer_deinit
                0x0000000000000e74       0x24 src/marquee_text.c.19.o
                0x0000000000000e74                marquee_text_layer_deinit
 .text.marquee_text_layer_mark_dirty
                0x0000000000000e98       0x14 src/marquee_text.c.19.o
                0x0000000000000e98                marquee_text_layer_mark_dirty
 .text.marquee_text_layer_set_font
                0x0000000000000eac        0x6 src/marquee_text.c.19.o
                0x0000000000000eac                marquee_text_layer_set_font
 .text.marquee_text_layer_set_text
                0x0000000000000eb2        0x6 src/marquee_text.c.19.o
                0x0000000000000eb2                marquee_text_layer_set_text
 .text.marquee_text_layer_init
                0x0000000000000eb8       0x88 src/marquee_text.c.19.o
                0x0000000000000eb8                marquee_text_layer_init
 .text.marquee_text_layer_tick
                0x0000000000000f40       0x30 src/marquee_text.c.19.o
                0x0000000000000f40                marquee_text_layer_tick
 .text.click_config_provider
                0x0000000000000f70       0x44 src/now_playing.c.19.o
                0x0000000000000f70                click_config_provider
 .text.window_unload
                0x0000000000000fb4       0xac src/now_playing.c.19.o
                0x0000000000000fb4                window_unload
 .text.graphics_proc
                0x0000000000001060       0x40 src/now_playing.c.19.o
                0x0000000000001060                graphics_proc
 .text.state_callback
                0x00000000000010a0       0xf4 src/now_playing.c.19.o
                0x00000000000010a0                state_callback
 .text.create_bitmap
                0x0000000000001194       0x6c src/now_playing.c.19.o
                0x0000000000001194                create_bitmap
 .text.show_now_playing
                0x0000000000001200       0x68 src/now_playing.c.19.o
                0x0000000000001200                show_now_playing
 .text.now_playing_is_playing_music
                0x0000000000001268        0xe src/now_playing.c.19.o
                0x0000000000001268                now_playing_is_playing_music
 *fill*         0x0000000000001276        0x2 
 .text.now_playing_tick
                0x0000000000001278       0x20 src/now_playing.c.19.o
                0x0000000000001278                now_playing_tick
 .text.now_playing_animation_tick
                0x0000000000001298       0x34 src/now_playing.c.19.o
                0x0000000000001298                now_playing_animation_tick
 .text.now_playing_action_bar_is_showing
                0x00000000000012cc       0x30 src/now_playing.c.19.o
                0x00000000000012cc                now_playing_action_bar_is_showing
 .text.animate_action_bar
                0x00000000000012fc       0x5a src/now_playing.c.19.o
                0x00000000000012fc                animate_action_bar
 *fill*         0x0000000000001356        0x2 
 .text.now_playing_action_bar_handle
                0x0000000000001358       0x68 src/now_playing.c.19.o
                0x0000000000001358                now_playing_action_bar_handle
 .text.long_clicked_select
                0x00000000000013c0       0x88 src/now_playing.c.19.o
                0x00000000000013c0                long_clicked_select
 .text.send_state_change
                0x0000000000001448       0x64 src/now_playing.c.19.o
                0x0000000000001448                send_state_change
 .text.clicked_down
                0x00000000000014ac       0x24 src/now_playing.c.19.o
                0x00000000000014ac                clicked_down
 .text.clicked_select
                0x00000000000014d0       0x12 src/now_playing.c.19.o
                0x00000000000014d0                clicked_select
 *fill*         0x00000000000014e2        0x2 
 .text.clicked_up
                0x00000000000014e4       0x24 src/now_playing.c.19.o
                0x00000000000014e4                clicked_up
 .text.request_now_playing
                0x0000000000001508       0x74 src/now_playing.c.19.o
                0x0000000000001508                request_now_playing
 .text.display_no_album
                0x000000000000157c       0x60 src/now_playing.c.19.o
                0x000000000000157c                display_no_album
 .text.now_playing_process_album_art_tuple
                0x00000000000015dc      0x1c0 src/now_playing.c.19.o
                0x00000000000015dc                now_playing_process_album_art_tuple
 .text.window_load
                0x000000000000179c      0x270 src/now_playing.c.19.o
                0x000000000000179c                window_load
 .text.update_proc
                0x0000000000001a0c       0x5e src/progress_bar.c.19.o
 *fill*         0x0000000000001a6a        0x2 
 .text.progress_bar_layer_init
                0x0000000000001a6c       0x38 src/progress_bar.c.19.o
                0x0000000000001a6c                progress_bar_layer_init
 .text.progress_bar_layer_set_range
                0x0000000000001aa4        0xe src/progress_bar.c.19.o
                0x0000000000001aa4                progress_bar_layer_set_range
 .text.progress_bar_layer_set_value
                0x0000000000001ab2        0xc src/progress_bar.c.19.o
                0x0000000000001ab2                progress_bar_layer_set_value
 *fill*         0x0000000000001abe        0x2 
 .text.app_event_loop
                0x0000000000001ac0        0xc /Users/edwinfinch/Library/Application Support/Pebble SDK/SDKs/current/sdk-core/pebble/basalt/lib/libpebble.a(tmpzgFxQqpebble.o)
                0x0000000000001ac0                app_event_loop
 .text.app_log  0x0000000000001acc        0xc /Users/edwinfinch/Library/Application Support/Pebble SDK/SDKs/current/sdk-core/pebble/basalt/lib/libpebble.a(tmpzgFxQqpebble.o)
                0x0000000000001acc                app_log
 .text.app_message_open
                0x0000000000001ad8        0xc /Users/edwinfinch/Library/Application Support/Pebble SDK/SDKs/current/sdk-core/pebble/basalt/lib/libpebble.a(tmpzgFxQqpebble.o)
                0x0000000000001ad8                app_message_open
 .text.app_timer_cancel
                0x0000000000001ae4        0xc /Users/edwinfinch/Library/Application Support/Pebble SDK/SDKs/current/sdk-core/pebble/basalt/lib/libpebble.a(tmpzgFxQqpebble.o)
                0x0000000000001ae4                app_timer_cancel
 .text.app_timer_register
                0x0000000000001af0        0xc /Users/edwinfinch/Library/Application Support/Pebble SDK/SDKs/current/sdk-core/pebble/basalt/lib/libpebble.a(tmpzgFxQqpebble.o)
                0x0000000000001af0                app_timer_register
 .text.bitmap_layer_create
                0x0000000000001afc        0xc /Users/edwinfinch/Library/Application Support/Pebble SDK/SDKs/current/sdk-core/pebble/basalt/lib/libpebble.a(tmpzgFxQqpebble.o)
                0x0000000000001afc                bitmap_layer_create
 .text.bitmap_layer_get_layer
                0x0000000000001b08        0xc /Users/edwinfinch/Library/Application Support/Pebble SDK/SDKs/current/sdk-core/pebble/basalt/lib/libpebble.a(tmpzgFxQqpebble.o)
                0x0000000000001b08                bitmap_layer_get_layer
 .text.bitmap_layer_set_bitmap
                0x0000000000001b14        0xc /Users/edwinfinch/Library/Application Support/Pebble SDK/SDKs/current/sdk-core/pebble/basalt/lib/libpebble.a(tmpzgFxQqpebble.o)
                0x0000000000001b14                bitmap_layer_set_bitmap
 .text.dict_find
                0x0000000000001b20        0xc /Users/edwinfinch/Library/Application Support/Pebble SDK/SDKs/current/sdk-core/pebble/basalt/lib/libpebble.a(tmpzgFxQqpebble.o)
                0x0000000000001b20                dict_find
 .text.dict_read_first
                0x0000000000001b2c        0xc /Users/edwinfinch/Library/Application Support/Pebble SDK/SDKs/current/sdk-core/pebble/basalt/lib/libpebble.a(tmpzgFxQqpebble.o)
                0x0000000000001b2c                dict_read_first
 .text.dict_read_next
                0x0000000000001b38        0xc /Users/edwinfinch/Library/Application Support/Pebble SDK/SDKs/current/sdk-core/pebble/basalt/lib/libpebble.a(tmpzgFxQqpebble.o)
                0x0000000000001b38                dict_read_next
 .text.dict_write_data
                0x0000000000001b44        0xc /Users/edwinfinch/Library/Application Support/Pebble SDK/SDKs/current/sdk-core/pebble/basalt/lib/libpebble.a(tmpzgFxQqpebble.o)
                0x0000000000001b44                dict_write_data
 .text.dict_write_end
                0x0000000000001b50        0xc /Users/edwinfinch/Library/Application Support/Pebble SDK/SDKs/current/sdk-core/pebble/basalt/lib/libpebble.a(tmpzgFxQqpebble.o)
                0x0000000000001b50                dict_write_end
 .text.dict_write_int32
                0x0000000000001b5c        0xc /Users/edwinfinch/Library/Application Support/Pebble SDK/SDKs/current/sdk-core/pebble/basalt/lib/libpebble.a(tmpzgFxQqpebble.o)
                0x0000000000001b5c                dict_write_int32
 .text.dict_write_int8
                0x0000000000001b68        0xc /Users/edwinfinch/Library/Application Support/Pebble SDK/SDKs/current/sdk-core/pebble/basalt/lib/libpebble.a(tmpzgFxQqpebble.o)
                0x0000000000001b68                dict_write_int8
 .text.dict_write_uint16
                0x0000000000001b74        0xc /Users/edwinfinch/Library/Application Support/Pebble SDK/SDKs/current/sdk-core/pebble/basalt/lib/libpebble.a(tmpzgFxQqpebble.o)
                0x0000000000001b74                dict_write_uint16
 .text.dict_write_uint32
                0x0000000000001b80        0xc /Users/edwinfinch/Library/Application Support/Pebble SDK/SDKs/current/sdk-core/pebble/basalt/lib/libpebble.a(tmpzgFxQqpebble.o)
                0x0000000000001b80                dict_write_uint32
 .text.dict_write_uint8
                0x0000000000001b8c        0xc /Users/edwinfinch/Library/Application Support/Pebble SDK/SDKs/current/sdk-core/pebble/basalt/lib/libpebble.a(tmpzgFxQqpebble.o)
                0x0000000000001b8c                dict_write_uint8
 .text.fonts_get_system_font
                0x0000000000001b98        0xc /Users/edwinfinch/Library/Application Support/Pebble SDK/SDKs/current/sdk-core/pebble/basalt/lib/libpebble.a(tmpzgFxQqpebble.o)
                0x0000000000001b98                fonts_get_system_font
 .text.free     0x0000000000001ba4        0xc /Users/edwinfinch/Library/Application Support/Pebble SDK/SDKs/current/sdk-core/pebble/basalt/lib/libpebble.a(tmpzgFxQqpebble.o)
                0x0000000000001ba4                free
 .text.gbitmap_create_with_resource
                0x0000000000001bb0        0xc /Users/edwinfinch/Library/Application Support/Pebble SDK/SDKs/current/sdk-core/pebble/basalt/lib/libpebble.a(tmpzgFxQqpebble.o)
                0x0000000000001bb0                gbitmap_create_with_resource
 .text.gbitmap_destroy
                0x0000000000001bbc        0xc /Users/edwinfinch/Library/Application Support/Pebble SDK/SDKs/current/sdk-core/pebble/basalt/lib/libpebble.a(tmpzgFxQqpebble.o)
                0x0000000000001bbc                gbitmap_destroy
 .text.graphics_context_set_compositing_mode
                0x0000000000001bc8        0xc /Users/edwinfinch/Library/Application Support/Pebble SDK/SDKs/current/sdk-core/pebble/basalt/lib/libpebble.a(tmpzgFxQqpebble.o)
                0x0000000000001bc8                graphics_context_set_compositing_mode
 .text.graphics_fill_rect
                0x0000000000001bd4        0xc /Users/edwinfinch/Library/Application Support/Pebble SDK/SDKs/current/sdk-core/pebble/basalt/lib/libpebble.a(tmpzgFxQqpebble.o)
                0x0000000000001bd4                graphics_fill_rect
 .text.layer_add_child
                0x0000000000001be0        0xc /Users/edwinfinch/Library/Application Support/Pebble SDK/SDKs/current/sdk-core/pebble/basalt/lib/libpebble.a(tmpzgFxQqpebble.o)
                0x0000000000001be0                layer_add_child
 .text.layer_create
                0x0000000000001bec        0xc /Users/edwinfinch/Library/Application Support/Pebble SDK/SDKs/current/sdk-core/pebble/basalt/lib/libpebble.a(tmpzgFxQqpebble.o)
                0x0000000000001bec                layer_create
 .text.layer_create_with_data
                0x0000000000001bf8        0xc /Users/edwinfinch/Library/Application Support/Pebble SDK/SDKs/current/sdk-core/pebble/basalt/lib/libpebble.a(tmpzgFxQqpebble.o)
                0x0000000000001bf8                layer_create_with_data
 .text.layer_get_bounds
                0x0000000000001c04        0xc /Users/edwinfinch/Library/Application Support/Pebble SDK/SDKs/current/sdk-core/pebble/basalt/lib/libpebble.a(tmpzgFxQqpebble.o)
                0x0000000000001c04                layer_get_bounds
 .text.layer_get_data
                0x0000000000001c10        0xc /Users/edwinfinch/Library/Application Support/Pebble SDK/SDKs/current/sdk-core/pebble/basalt/lib/libpebble.a(tmpzgFxQqpebble.o)
                0x0000000000001c10                layer_get_data
 .text.layer_get_frame
                0x0000000000001c1c        0xc /Users/edwinfinch/Library/Application Support/Pebble SDK/SDKs/current/sdk-core/pebble/basalt/lib/libpebble.a(tmpzgFxQqpebble.o)
                0x0000000000001c1c                layer_get_frame
 .text.layer_mark_dirty
                0x0000000000001c28        0xc /Users/edwinfinch/Library/Application Support/Pebble SDK/SDKs/current/sdk-core/pebble/basalt/lib/libpebble.a(tmpzgFxQqpebble.o)
                0x0000000000001c28                layer_mark_dirty
 .text.layer_set_bounds
                0x0000000000001c34        0xc /Users/edwinfinch/Library/Application Support/Pebble SDK/SDKs/current/sdk-core/pebble/basalt/lib/libpebble.a(tmpzgFxQqpebble.o)
                0x0000000000001c34                layer_set_bounds
 .text.layer_set_frame
                0x0000000000001c40        0xc /Users/edwinfinch/Library/Application Support/Pebble SDK/SDKs/current/sdk-core/pebble/basalt/lib/libpebble.a(tmpzgFxQqpebble.o)
                0x0000000000001c40                layer_set_frame
 .text.layer_set_update_proc
                0x0000000000001c4c        0xc /Users/edwinfinch/Library/Application Support/Pebble SDK/SDKs/current/sdk-core/pebble/basalt/lib/libpebble.a(tmpzgFxQqpebble.o)
                0x0000000000001c4c                layer_set_update_proc
 .text.malloc   0x0000000000001c58        0xc /Users/edwinfinch/Library/Application Support/Pebble SDK/SDKs/current/sdk-core/pebble/basalt/lib/libpebble.a(tmpzgFxQqpebble.o)
                0x0000000000001c58                malloc
 .text.memcpy   0x0000000000001c64        0xc /Users/edwinfinch/Library/Application Support/Pebble SDK/SDKs/current/sdk-core/pebble/basalt/lib/libpebble.a(tmpzgFxQqpebble.o)
                0x0000000000001c64                memcpy
 .text.memset   0x0000000000001c70        0xc /Users/edwinfinch/Library/Application Support/Pebble SDK/SDKs/current/sdk-core/pebble/basalt/lib/libpebble.a(tmpzgFxQqpebble.o)
                0x0000000000001c70                memset
 .text.menu_cell_basic_draw
                0x0000000000001c7c        0xc /Users/edwinfinch/Library/Application Support/Pebble SDK/SDKs/current/sdk-core/pebble/basalt/lib/libpebble.a(tmpzgFxQqpebble.o)
                0x0000000000001c7c                menu_cell_basic_draw
 .text.menu_cell_title_draw
                0x0000000000001c88        0xc /Users/edwinfinch/Library/Application Support/Pebble SDK/SDKs/current/sdk-core/pebble/basalt/lib/libpebble.a(tmpzgFxQqpebble.o)
                0x0000000000001c88                menu_cell_title_draw
 .text.menu_layer_get_layer
                0x0000000000001c94        0xc /Users/edwinfinch/Library/Application Support/Pebble SDK/SDKs/current/sdk-core/pebble/basalt/lib/libpebble.a(tmpzgFxQqpebble.o)
                0x0000000000001c94                menu_layer_get_layer
 .text.menu_layer_set_click_config_onto_window
                0x0000000000001ca0        0xc /Users/edwinfinch/Library/Application Support/Pebble SDK/SDKs/current/sdk-core/pebble/basalt/lib/libpebble.a(tmpzgFxQqpebble.o)
                0x0000000000001ca0                menu_layer_set_click_config_onto_window
 .text.strcmp   0x0000000000001cac        0xc /Users/edwinfinch/Library/Application Support/Pebble SDK/SDKs/current/sdk-core/pebble/basalt/lib/libpebble.a(tmpzgFxQqpebble.o)
                0x0000000000001cac                strcmp
 .text.strlen   0x0000000000001cb8        0xc /Users/edwinfinch/Library/Application Support/Pebble SDK/SDKs/current/sdk-core/pebble/basalt/lib/libpebble.a(tmpzgFxQqpebble.o)
                0x0000000000001cb8                strlen
 .text.strncpy  0x0000000000001cc4        0xc /Users/edwinfinch/Library/Application Support/Pebble SDK/SDKs/current/sdk-core/pebble/basalt/lib/libpebble.a(tmpzgFxQqpebble.o)
                0x0000000000001cc4                strncpy
 .text.tick_timer_service_subscribe
                0x0000000000001cd0        0xc /Users/edwinfinch/Library/Application Support/Pebble SDK/SDKs/current/sdk-core/pebble/basalt/lib/libpebble.a(tmpzgFxQqpebble.o)
                0x0000000000001cd0                tick_timer_service_subscribe
 .text.vibes_enqueue_custom_pattern
                0x0000000000001cdc        0xc /Users/edwinfinch/Library/Application Support/Pebble SDK/SDKs/current/sdk-core/pebble/basalt/lib/libpebble.a(tmpzgFxQqpebble.o)
                0x0000000000001cdc                vibes_enqueue_custom_pattern
 .text.window_create
                0x0000000000001ce8        0xc /Users/edwinfinch/Library/Application Support/Pebble SDK/SDKs/current/sdk-core/pebble/basalt/lib/libpebble.a(tmpzgFxQqpebble.o)
                0x0000000000001ce8                window_create
 .text.window_get_root_layer
                0x0000000000001cf4        0xc /Users/edwinfinch/Library/Application Support/Pebble SDK/SDKs/current/sdk-core/pebble/basalt/lib/libpebble.a(tmpzgFxQqpebble.o)
                0x0000000000001cf4                window_get_root_layer
 .text.window_set_window_handlers
                0x0000000000001d00        0xc /Users/edwinfinch/Library/Application Support/Pebble SDK/SDKs/current/sdk-core/pebble/basalt/lib/libpebble.a(tmpzgFxQqpebble.o)
                0x0000000000001d00                window_set_window_handlers
 .text.window_stack_push
                0x0000000000001d0c        0xc /Users/edwinfinch/Library/Application Support/Pebble SDK/SDKs/current/sdk-core/pebble/basalt/lib/libpebble.a(tmpzgFxQqpebble.o)
                0x0000000000001d0c                window_stack_push
 .text.app_message_outbox_begin
                0x0000000000001d18        0xc /Users/edwinfinch/Library/Application Support/Pebble SDK/SDKs/current/sdk-core/pebble/basalt/lib/libpebble.a(tmpzgFxQqpebble.o)
                0x0000000000001d18                app_message_outbox_begin
 .text.app_message_outbox_send
                0x0000000000001d24        0xc /Users/edwinfinch/Library/Application Support/Pebble SDK/SDKs/current/sdk-core/pebble/basalt/lib/libpebble.a(tmpzgFxQqpebble.o)
                0x0000000000001d24                app_message_outbox_send
 .text.app_message_register_inbox_dropped
                0x0000000000001d30        0xc /Users/edwinfinch/Library/Application Support/Pebble SDK/SDKs/current/sdk-core/pebble/basalt/lib/libpebble.a(tmpzgFxQqpebble.o)
                0x0000000000001d30                app_message_register_inbox_dropped
 .text.app_message_register_inbox_received
                0x0000000000001d3c        0xc /Users/edwinfinch/Library/Application Support/Pebble SDK/SDKs/current/sdk-core/pebble/basalt/lib/libpebble.a(tmpzgFxQqpebble.o)
                0x0000000000001d3c                app_message_register_inbox_received
 .text.app_message_register_outbox_failed
                0x0000000000001d48        0xc /Users/edwinfinch/Library/Application Support/Pebble SDK/SDKs/current/sdk-core/pebble/basalt/lib/libpebble.a(tmpzgFxQqpebble.o)
                0x0000000000001d48                app_message_register_outbox_failed
 .text.window_long_click_subscribe
                0x0000000000001d54        0xc /Users/edwinfinch/Library/Application Support/Pebble SDK/SDKs/current/sdk-core/pebble/basalt/lib/libpebble.a(tmpzgFxQqpebble.o)
                0x0000000000001d54                window_long_click_subscribe
 .text.window_single_click_subscribe
                0x0000000000001d60        0xc /Users/edwinfinch/Library/Application Support/Pebble SDK/SDKs/current/sdk-core/pebble/basalt/lib/libpebble.a(tmpzgFxQqpebble.o)
                0x0000000000001d60                window_single_click_subscribe
 .text.graphics_draw_text
                0x0000000000001d6c        0xc /Users/edwinfinch/Library/Application Support/Pebble SDK/SDKs/current/sdk-core/pebble/basalt/lib/libpebble.a(tmpzgFxQqpebble.o)
                0x0000000000001d6c                graphics_draw_text
 .text.graphics_text_layout_get_content_size
                0x0000000000001d78        0xc /Users/edwinfinch/Library/Application Support/Pebble SDK/SDKs/current/sdk-core/pebble/basalt/lib/libpebble.a(tmpzgFxQqpebble.o)
                0x0000000000001d78                graphics_text_layout_get_content_size
 .text.heap_bytes_free
                0x0000000000001d84        0xc /Users/edwinfinch/Library/Application Support/Pebble SDK/SDKs/current/sdk-core/pebble/basalt/lib/libpebble.a(tmpzgFxQqpebble.o)
                0x0000000000001d84                heap_bytes_free
 .text.graphics_context_set_fill_color
                0x0000000000001d90        0xc /Users/edwinfinch/Library/Application Support/Pebble SDK/SDKs/current/sdk-core/pebble/basalt/lib/libpebble.a(tmpzgFxQqpebble.o)
                0x0000000000001d90                graphics_context_set_fill_color
 .text.graphics_context_set_text_color
                0x0000000000001d9c        0xc /Users/edwinfinch/Library/Application Support/Pebble SDK/SDKs/current/sdk-core/pebble/basalt/lib/libpebble.a(tmpzgFxQqpebble.o)
                0x0000000000001d9c                graphics_context_set_text_color
 .text.window_set_background_color
                0x0000000000001da8        0xc /Users/edwinfinch/Library/Application Support/Pebble SDK/SDKs/current/sdk-core/pebble/basalt/lib/libpebble.a(tmpzgFxQqpebble.o)
                0x0000000000001da8                window_set_background_color
 .text.animation_schedule
                0x0000000000001db4        0xc /Users/edwinfinch/Library/Application Support/Pebble SDK/SDKs/current/sdk-core/pebble/basalt/lib/libpebble.a(tmpzgFxQqpebble.o)
                0x0000000000001db4                animation_schedule
 .text.animation_set_delay
                0x0000000000001dc0        0xc /Users/edwinfinch/Library/Application Support/Pebble SDK/SDKs/current/sdk-core/pebble/basalt/lib/libpebble.a(tmpzgFxQqpebble.o)
                0x0000000000001dc0                animation_set_delay
 .text.animation_set_duration
                0x0000000000001dcc        0xc /Users/edwinfinch/Library/Application Support/Pebble SDK/SDKs/current/sdk-core/pebble/basalt/lib/libpebble.a(tmpzgFxQqpebble.o)
                0x0000000000001dcc                animation_set_duration
 .text.animation_set_handlers
                0x0000000000001dd8        0xc /Users/edwinfinch/Library/Application Support/Pebble SDK/SDKs/current/sdk-core/pebble/basalt/lib/libpebble.a(tmpzgFxQqpebble.o)
                0x0000000000001dd8                animation_set_handlers
 .text.property_animation_create_layer_frame
                0x0000000000001de4        0xc /Users/edwinfinch/Library/Application Support/Pebble SDK/SDKs/current/sdk-core/pebble/basalt/lib/libpebble.a(tmpzgFxQqpebble.o)
                0x0000000000001de4                property_animation_create_layer_frame
 .text.property_animation_get_animation
                0x0000000000001df0        0xc /Users/edwinfinch/Library/Application Support/Pebble SDK/SDKs/current/sdk-core/pebble/basalt/lib/libpebble.a(tmpzgFxQqpebble.o)
                0x0000000000001df0                property_animation_get_animation
 .text.gbitmap_get_format
                0x0000000000001dfc        0xc /Users/edwinfinch/Library/Application Support/Pebble SDK/SDKs/current/sdk-core/pebble/basalt/lib/libpebble.a(tmpzgFxQqpebble.o)
                0x0000000000001dfc                gbitmap_get_format
 .text.gbitmap_get_palette
                0x0000000000001e08        0xc /Users/edwinfinch/Library/Application Support/Pebble SDK/SDKs/current/sdk-core/pebble/basalt/lib/libpebble.a(tmpzgFxQqpebble.o)
                0x0000000000001e08                gbitmap_get_palette
 .text.gbitmap_create_from_png_data
                0x0000000000001e14        0xc /Users/edwinfinch/Library/Application Support/Pebble SDK/SDKs/current/sdk-core/pebble/basalt/lib/libpebble.a(tmpzgFxQqpebble.o)
                0x0000000000001e14                gbitmap_create_from_png_data
 .text.menu_layer_create
                0x0000000000001e20        0xc /Users/edwinfinch/Library/Application Support/Pebble SDK/SDKs/current/sdk-core/pebble/basalt/lib/libpebble.a(tmpzgFxQqpebble.o)
                0x0000000000001e20                menu_layer_create
 .text.action_bar_layer_add_to_window
                0x0000000000001e2c        0xc /Users/edwinfinch/Library/Application Support/Pebble SDK/SDKs/current/sdk-core/pebble/basalt/lib/libpebble.a(tmpzgFxQqpebble.o)
                0x0000000000001e2c                action_bar_layer_add_to_window
 .text.action_bar_layer_create
                0x0000000000001e38        0xc /Users/edwinfinch/Library/Application Support/Pebble SDK/SDKs/current/sdk-core/pebble/basalt/lib/libpebble.a(tmpzgFxQqpebble.o)
                0x0000000000001e38                action_bar_layer_create
 .text.action_bar_layer_destroy
                0x0000000000001e44        0xc /Users/edwinfinch/Library/Application Support/Pebble SDK/SDKs/current/sdk-core/pebble/basalt/lib/libpebble.a(tmpzgFxQqpebble.o)
                0x0000000000001e44                action_bar_layer_destroy
 .text.action_bar_layer_get_layer
                0x0000000000001e50        0xc /Users/edwinfinch/Library/Application Support/Pebble SDK/SDKs/current/sdk-core/pebble/basalt/lib/libpebble.a(tmpzgFxQqpebble.o)
                0x0000000000001e50                action_bar_layer_get_layer
 .text.action_bar_layer_remove_from_window
                0x0000000000001e5c        0xc /Users/edwinfinch/Library/Application Support/Pebble SDK/SDKs/current/sdk-core/pebble/basalt/lib/libpebble.a(tmpzgFxQqpebble.o)
                0x0000000000001e5c                action_bar_layer_remove_from_window
 .text.action_bar_layer_set_click_config_provider
                0x0000000000001e68        0xc /Users/edwinfinch/Library/Application Support/Pebble SDK/SDKs/current/sdk-core/pebble/basalt/lib/libpebble.a(tmpzgFxQqpebble.o)
                0x0000000000001e68                action_bar_layer_set_click_config_provider
 .text.action_bar_layer_set_icon
                0x0000000000001e74        0xc /Users/edwinfinch/Library/Application Support/Pebble SDK/SDKs/current/sdk-core/pebble/basalt/lib/libpebble.a(tmpzgFxQqpebble.o)
                0x0000000000001e74                action_bar_layer_set_icon
 .text.menu_cell_layer_is_highlighted
                0x0000000000001e80        0xc /Users/edwinfinch/Library/Application Support/Pebble SDK/SDKs/current/sdk-core/pebble/basalt/lib/libpebble.a(tmpzgFxQqpebble.o)
                0x0000000000001e80                menu_cell_layer_is_highlighted
 .text.menu_layer_set_highlight_colors
                0x0000000000001e8c        0xc /Users/edwinfinch/Library/Application Support/Pebble SDK/SDKs/current/sdk-core/pebble/basalt/lib/libpebble.a(tmpzgFxQqpebble.o)
                0x0000000000001e8c                menu_layer_set_highlight_colors
 .text.menu_layer_set_normal_colors
                0x0000000000001e98        0xc /Users/edwinfinch/Library/Application Support/Pebble SDK/SDKs/current/sdk-core/pebble/basalt/lib/libpebble.a(tmpzgFxQqpebble.o)
                0x0000000000001e98                menu_layer_set_normal_colors
 .text.menu_layer_set_callbacks
                0x0000000000001ea4        0xc /Users/edwinfinch/Library/Application Support/Pebble SDK/SDKs/current/sdk-core/pebble/basalt/lib/libpebble.a(tmpzgFxQqpebble.o)
                0x0000000000001ea4                menu_layer_set_callbacks
 *(.rodata)
 .rodata        0x0000000000001eb0        0x8 src/library_menus.c.19.o
 .rodata        0x0000000000001eb8       0x20 src/main_menu.c.19.o
 .rodata        0x0000000000001ed8       0x30 src/now_playing.c.19.o
 *(.rodata*)
 .rodata.str1.1
                0x0000000000001f08       0x66 src/common.c.19.o
 .rodata.CSWTCH.7
                0x0000000000001f6e        0x3 src/gbitmap_manipulator.c.19.o
 .rodata.str1.1
                0x0000000000001f71      0x530 src/gbitmap_manipulator.c.19.o
 .rodata.str1.1
                0x00000000000024a1       0x87 src/ipod.c.19.o
 .rodata.str1.1
                0x0000000000002528       0x96 src/ipod_state.c.19.o
 .rodata.str1.1
                0x00000000000025be       0x8f src/library_menus.c.19.o
 .rodata.str1.1
                0x000000000000264d       0x36 src/main_menu.c.19.o
 .rodata.str1.1
                0x0000000000002683       0x1a src/marquee_text.c.19.o
 .rodata.str1.1
                0x000000000000269d      0x1ff src/now_playing.c.19.o
 .rodata.segments.7653
                0x000000000000289c        0x8 src/now_playing.c.19.o

.glue_7         0x00000000000028a4        0x0
 .glue_7        0x0000000000000000        0x0 linker stubs

.glue_7t        0x00000000000028a4        0x0
 .glue_7t       0x0000000000000000        0x0 linker stubs

.vfp11_veneer   0x00000000000028a4        0x0
 .vfp11_veneer  0x0000000000000000        0x0 linker stubs

.v4_bx          0x00000000000028a4        0x0
 .v4_bx         0x0000000000000000        0x0 linker stubs

.iplt           0x00000000000028a4        0x0
 .iplt          0x0000000000000000        0x0 /usr/local/Cellar/pebble-toolchain/2.0/arm-cs-tools/bin/../lib/gcc/arm-none-eabi/4.7.2/thumb2/crtbegin.o

.rel.dyn        0x00000000000028a4        0x0
 .rel.iplt      0x0000000000000000        0x0 /usr/local/Cellar/pebble-toolchain/2.0/arm-cs-tools/bin/../lib/gcc/arm-none-eabi/4.7.2/thumb2/crtbegin.o
 .rel.got       0x0000000000000000        0x0 /usr/local/Cellar/pebble-toolchain/2.0/arm-cs-tools/bin/../lib/gcc/arm-none-eabi/4.7.2/thumb2/crtbegin.o

.data           0x00000000000028a4       0x40
 *(.data)
 .data          0x00000000000028a4        0x0 /usr/local/Cellar/pebble-toolchain/2.0/arm-cs-tools/bin/../lib/gcc/arm-none-eabi/4.7.2/thumb2/crti.o
 .data          0x00000000000028a4        0x4 /usr/local/Cellar/pebble-toolchain/2.0/arm-cs-tools/bin/../lib/gcc/arm-none-eabi/4.7.2/thumb2/crtbegin.o
                0x00000000000028a4                __dso_handle
 .data          0x00000000000028a8        0x0 src/common.c.19.o
 .data          0x00000000000028a8        0x0 src/gbitmap_manipulator.c.19.o
 .data          0x00000000000028a8        0x0 src/ipod.c.19.o
 .data          0x00000000000028a8        0x0 src/ipod_state.c.19.o
 .data          0x00000000000028a8        0x0 src/library_menus.c.19.o
 .data          0x00000000000028a8        0x0 src/main_menu.c.19.o
 .data          0x00000000000028a8        0x0 src/marquee_text.c.19.o
 .data          0x00000000000028a8        0x8 src/now_playing.c.19.o
 .data          0x00000000000028b0        0x0 src/progress_bar.c.19.o
 .data          0x00000000000028b0        0x0 basalt/appinfo.auto.c.19.o
 .data          0x00000000000028b0        0x0 basalt/src/resource_ids.auto.c.19.o
 .data          0x00000000000028b0        0x0 /Users/edwinfinch/Library/Application Support/Pebble SDK/SDKs/current/sdk-core/pebble/basalt/lib/libpebble.a(tmpzgFxQqpebble.o)
 .data          0x00000000000028b0        0x0 /usr/local/Cellar/pebble-toolchain/2.0/arm-cs-tools/bin/../lib/gcc/arm-none-eabi/4.7.2/thumb2/crtend.o
 .data          0x00000000000028b0        0x0 /usr/local/Cellar/pebble-toolchain/2.0/arm-cs-tools/bin/../lib/gcc/arm-none-eabi/4.7.2/thumb2/crtn.o
 *(.data.*)
 .data.s_sequence_number
                0x00000000000028b0        0x4 src/common.c.19.o
 .data.rel.ro.local.titles.7537
                0x00000000000028b4       0x18 src/main_menu.c.19.o
 .data.rel.ro.callbacks.7538
                0x00000000000028cc       0x18 src/main_menu.c.19.o

.igot.plt       0x00000000000028e4        0x0
 .igot.plt      0x0000000000000000        0x0 /usr/local/Cellar/pebble-toolchain/2.0/arm-cs-tools/bin/../lib/gcc/arm-none-eabi/4.7.2/thumb2/crtbegin.o

.got            0x00000000000028e4       0x90
 .got           0x00000000000028e4       0x90 /usr/local/Cellar/pebble-toolchain/2.0/arm-cs-tools/bin/../lib/gcc/arm-none-eabi/4.7.2/thumb2/crtbegin.o

.got.plt        0x0000000000002974        0xc
 .got.plt       0x0000000000002974        0xc /usr/local/Cellar/pebble-toolchain/2.0/arm-cs-tools/bin/../lib/gcc/arm-none-eabi/4.7.2/thumb2/crtbegin.o
                0x0000000000002974                _GLOBAL_OFFSET_TABLE_

.bss            0x0000000000002980      0xb1c
 *(.bss)
 *(.bss.*)
 .bss.s_artist  0x0000000000002980       0x64 src/ipod_state.c.19.o
 .bss.s_title   0x00000000000029e4       0x64 src/ipod_state.c.19.o
 .bss.s_album   0x0000000000002a48       0x64 src/ipod_state.c.19.o
 .bss.head      0x0000000000002aac        0x4 src/marquee_text.c.19.o
 .bss.controlling_volume
                0x0000000000002ab0        0x1 src/now_playing.c.19.o
                0x0000000000002ab0                controlling_volume
 *fill*         0x0000000000002ab1        0x3 
 .bss.currentAlbumArtLength
                0x0000000000002ab4        0x4 src/now_playing.c.19.o
                0x0000000000002ab4                currentAlbumArtLength
 .bss.is_shown  0x0000000000002ab8        0x1 src/now_playing.c.19.o
                0x0000000000002ab8                is_shown
 *fill*         0x0000000000002ab9        0x3 
 COMMON         0x0000000000002abc        0x4 src/ipod.c.19.o
                0x0000000000002abc                window
 COMMON         0x0000000000002ac0       0x15 src/ipod_state.c.19.o
                0x0000000000002ac0                ipod_state_callback
                0x0000000000002ac4                currentType
                0x0000000000002ac5                s_shuffle_mode
                0x0000000000002ac8                s_current_time
                0x0000000000002acc                s_repeat_mode
                0x0000000000002ad0                s_duration
                0x0000000000002ad4                s_playback_state
 *fill*         0x0000000000002ad5        0x3 
 COMMON         0x0000000000002ad8      0x888 src/library_menus.c.19.o
                0x0000000000002ad8                menu_font
                0x0000000000002adc                menu_stack_pointer
                0x0000000000002ae0                menu_stack
 COMMON         0x0000000000003360       0x98 src/main_menu.c.19.o
                0x0000000000003360                main_menu_items
                0x00000000000033c0                main_menu_icons
                0x00000000000033d8                highlight_index
                0x00000000000033dc                main_menu_icons_inverted
                0x00000000000033f4                main_menu_layer
 COMMON         0x00000000000033f8       0xa4 src/now_playing.c.19.o
                0x00000000000033f8                now_playing_timer
                0x00000000000033fc                album_art_data
                0x0000000000003400                artist_layer
                0x000000000000341c                album_layer
                0x0000000000003438                backgroundColour
                0x000000000000343c                icon_volume_down
                0x0000000000003440                now_playing_window
                0x0000000000003444                icon_volume_up
                0x0000000000003448                album_art_layer
                0x000000000000344c                action_bar_timer
                0x0000000000003450                icon_rewind
                0x0000000000003454                icon_pause
                0x0000000000003458                title_layer
                0x0000000000003474                album_art_bitmap
                0x0000000000003478                icon_fast_forward
                0x000000000000347c                graphics_layer
                0x0000000000003480                icon_play
                0x0000000000003484                progress_bar
                0x0000000000003498                control_action_bar

DISCARD
 libc.a(*)
 libm.a(*)
 libgcc.a(*)
 *(.eh_frame)
OUTPUT(/Users/edwinfinch/Desktop/Lignite Music/music-pebble/build/basalt/pebble-app.elf elf32-littlearm)

.ARM.attributes
                0x0000000000000000       0x27
 .ARM.attributes
                0x0000000000000000       0x19 /usr/local/Cellar/pebble-toolchain/2.0/arm-cs-tools/bin/../lib/gcc/arm-none-eabi/4.7.2/thumb2/crti.o
 .ARM.attributes
                0x0000000000000019       0x29 /usr/local/Cellar/pebble-toolchain/2.0/arm-cs-tools/bin/../lib/gcc/arm-none-eabi/4.7.2/thumb2/crtbegin.o
 .ARM.attributes
                0x0000000000000042       0x33 src/common.c.19.o
 .ARM.attributes
                0x0000000000000075       0x33 src/gbitmap_manipulator.c.19.o
 .ARM.attributes
                0x00000000000000a8       0x33 src/ipod.c.19.o
 .ARM.attributes
                0x00000000000000db       0x33 src/ipod_state.c.19.o
 .ARM.attributes
                0x000000000000010e       0x33 src/library_menus.c.19.o
 .ARM.attributes
                0x0000000000000141       0x33 src/main_menu.c.19.o
 .ARM.attributes
                0x0000000000000174       0x33 src/marquee_text.c.19.o
 .ARM.attributes
                0x00000000000001a7       0x33 src/now_playing.c.19.o
 .ARM.attributes
                0x00000000000001da       0x33 src/progress_bar.c.19.o
 .ARM.attributes
                0x000000000000020d       0x33 basalt/appinfo.auto.c.19.o
 .ARM.attributes
                0x0000000000000240       0x33 basalt/src/resource_ids.auto.c.19.o
 .ARM.attributes
                0x0000000000000273       0x21 /Users/edwinfinch/Library/Application Support/Pebble SDK/SDKs/current/sdk-core/pebble/basalt/lib/libpebble.a(tmpzgFxQqpebble.o)
 .ARM.attributes
                0x0000000000000294       0x29 /usr/local/Cellar/pebble-toolchain/2.0/arm-cs-tools/bin/../lib/gcc/arm-none-eabi/4.7.2/thumb2/crtend.o
 .ARM.attributes
                0x00000000000002bd       0x19 /usr/local/Cellar/pebble-toolchain/2.0/arm-cs-tools/bin/../lib/gcc/arm-none-eabi/4.7.2/thumb2/crtn.o

.comment        0x0000000000000000       0x4e
 .comment       0x0000000000000000       0x4e /usr/local/Cellar/pebble-toolchain/2.0/arm-cs-tools/bin/../lib/gcc/arm-none-eabi/4.7.2/thumb2/crtbegin.o
                                         0x4f (size before relaxing)
 .comment       0x0000000000000000       0x4f src/common.c.19.o
 .comment       0x0000000000000000       0x4f src/gbitmap_manipulator.c.19.o
 .comment       0x0000000000000000       0x4f src/ipod.c.19.o
 .comment       0x0000000000000000       0x4f src/ipod_state.c.19.o
 .comment       0x0000000000000000       0x4f src/library_menus.c.19.o
 .comment       0x0000000000000000       0x4f src/main_menu.c.19.o
 .comment       0x0000000000000000       0x4f src/marquee_text.c.19.o
 .comment       0x0000000000000000       0x4f src/now_playing.c.19.o
 .comment       0x0000000000000000       0x4f src/progress_bar.c.19.o
 .comment       0x0000000000000000       0x4f basalt/appinfo.auto.c.19.o
 .comment       0x0000000000000000       0x4f basalt/src/resource_ids.auto.c.19.o
 .comment       0x0000000000000000       0x4f /usr/local/Cellar/pebble-toolchain/2.0/arm-cs-tools/bin/../lib/gcc/arm-none-eabi/4.7.2/thumb2/crtend.o

.debug_info     0x0000000000000000     0x7ad0
 .debug_info    0x0000000000000000      0xa1d src/common.c.19.o
 .debug_info    0x0000000000000a1d      0x6fb src/gbitmap_manipulator.c.19.o
 .debug_info    0x0000000000001118      0x927 src/ipod.c.19.o
 .debug_info    0x0000000000001a3f      0xabb src/ipod_state.c.19.o
 .debug_info    0x00000000000024fa     0x13c1 src/library_menus.c.19.o
 .debug_info    0x00000000000038bb      0xfd8 src/main_menu.c.19.o
 .debug_info    0x0000000000004893      0x929 src/marquee_text.c.19.o
 .debug_info    0x00000000000051bc     0x1f31 src/now_playing.c.19.o
 .debug_info    0x00000000000070ed      0x5a4 src/progress_bar.c.19.o
 .debug_info    0x0000000000007691      0x2e6 basalt/appinfo.auto.c.19.o
 .debug_info    0x0000000000007977      0x159 basalt/src/resource_ids.auto.c.19.o

.debug_abbrev   0x0000000000000000     0x1a70
 .debug_abbrev  0x0000000000000000      0x27b src/common.c.19.o
 .debug_abbrev  0x000000000000027b      0x22d src/gbitmap_manipulator.c.19.o
 .debug_abbrev  0x00000000000004a8      0x24f src/ipod.c.19.o
 .debug_abbrev  0x00000000000006f7      0x337 src/ipod_state.c.19.o
 .debug_abbrev  0x0000000000000a2e      0x3ae src/library_menus.c.19.o
 .debug_abbrev  0x0000000000000ddc      0x2d0 src/main_menu.c.19.o
 .debug_abbrev  0x00000000000010ac      0x276 src/marquee_text.c.19.o
 .debug_abbrev  0x0000000000001322      0x44c src/now_playing.c.19.o
 .debug_abbrev  0x000000000000176e      0x236 src/progress_bar.c.19.o
 .debug_abbrev  0x00000000000019a4       0x88 basalt/appinfo.auto.c.19.o
 .debug_abbrev  0x0000000000001a2c       0x44 basalt/src/resource_ids.auto.c.19.o

.debug_loc      0x0000000000000000     0x2379
 .debug_loc     0x0000000000000000      0x1a5 src/common.c.19.o
 .debug_loc     0x00000000000001a5      0x488 src/gbitmap_manipulator.c.19.o
 .debug_loc     0x000000000000062d      0x1c7 src/ipod.c.19.o
 .debug_loc     0x00000000000007f4      0x2b8 src/ipod_state.c.19.o
 .debug_loc     0x0000000000000aac      0x95c src/library_menus.c.19.o
 .debug_loc     0x0000000000001408      0x3fa src/main_menu.c.19.o
 .debug_loc     0x0000000000001802      0x256 src/marquee_text.c.19.o
 .debug_loc     0x0000000000001a58      0x756 src/now_playing.c.19.o
 .debug_loc     0x00000000000021ae      0x1cb src/progress_bar.c.19.o

.debug_aranges  0x0000000000000000      0x408
 .debug_aranges
                0x0000000000000000       0x48 src/common.c.19.o
 .debug_aranges
                0x0000000000000048       0x50 src/gbitmap_manipulator.c.19.o
 .debug_aranges
                0x0000000000000098       0x50 src/ipod.c.19.o
 .debug_aranges
                0x00000000000000e8       0x98 src/ipod_state.c.19.o
 .debug_aranges
                0x0000000000000180       0x78 src/library_menus.c.19.o
 .debug_aranges
                0x00000000000001f8       0x88 src/main_menu.c.19.o
 .debug_aranges
                0x0000000000000280       0x60 src/marquee_text.c.19.o
 .debug_aranges
                0x00000000000002e0       0xc0 src/now_playing.c.19.o
 .debug_aranges
                0x00000000000003a0       0x38 src/progress_bar.c.19.o
 .debug_aranges
                0x00000000000003d8       0x18 basalt/appinfo.auto.c.19.o
 .debug_aranges
                0x00000000000003f0       0x18 basalt/src/resource_ids.auto.c.19.o

.debug_ranges   0x0000000000000000      0x520
 .debug_ranges  0x0000000000000000       0x38 src/common.c.19.o
 .debug_ranges  0x0000000000000038       0x70 src/gbitmap_manipulator.c.19.o
 .debug_ranges  0x00000000000000a8       0x40 src/ipod.c.19.o
 .debug_ranges  0x00000000000000e8       0xf8 src/ipod_state.c.19.o
 .debug_ranges  0x00000000000001e0       0xf8 src/library_menus.c.19.o
 .debug_ranges  0x00000000000002d8       0x98 src/main_menu.c.19.o
 .debug_ranges  0x0000000000000370       0x50 src/marquee_text.c.19.o
 .debug_ranges  0x00000000000003c0      0x138 src/now_playing.c.19.o
 .debug_ranges  0x00000000000004f8       0x28 src/progress_bar.c.19.o

.debug_line     0x0000000000000000     0x1c02
 .debug_line    0x0000000000000000      0x238 src/common.c.19.o
 .debug_line    0x0000000000000238      0x240 src/gbitmap_manipulator.c.19.o
 .debug_line    0x0000000000000478      0x209 src/ipod.c.19.o
 .debug_line    0x0000000000000681      0x347 src/ipod_state.c.19.o
 .debug_line    0x00000000000009c8      0x3df src/library_menus.c.19.o
 .debug_line    0x0000000000000da7      0x314 src/main_menu.c.19.o
 .debug_line    0x00000000000010bb      0x298 src/marquee_text.c.19.o
 .debug_line    0x0000000000001353      0x4ad src/now_playing.c.19.o
 .debug_line    0x0000000000001800      0x205 src/progress_bar.c.19.o
 .debug_line    0x0000000000001a05      0x139 basalt/appinfo.auto.c.19.o
 .debug_line    0x0000000000001b3e       0xc4 basalt/src/resource_ids.auto.c.19.o

.debug_str      0x0000000000000000     0x264e
 .debug_str     0x0000000000000000      0x5f1 src/common.c.19.o
                                        0x6c3 (size before relaxing)
 .debug_str     0x00000000000005f1      0x253 src/gbitmap_manipulator.c.19.o
                                        0x3d8 (size before relaxing)
 .debug_str     0x0000000000000844      0x2b2 src/ipod.c.19.o
                                        0x704 (size before relaxing)
 .debug_str     0x0000000000000af6      0x4b5 src/ipod_state.c.19.o
                                        0x94d (size before relaxing)
 .debug_str     0x0000000000000fab      0x649 src/library_menus.c.19.o
                                        0xbaa (size before relaxing)
 .debug_str     0x00000000000015f4      0x3d3 src/main_menu.c.19.o
                                        0xa21 (size before relaxing)
 .debug_str     0x00000000000019c7      0x306 src/marquee_text.c.19.o
                                        0x4f8 (size before relaxing)
 .debug_str     0x0000000000001ccd      0x693 src/now_playing.c.19.o
                                       0x11e0 (size before relaxing)
 .debug_str     0x0000000000002360       0x26 src/progress_bar.c.19.o
                                        0x37a (size before relaxing)
 .debug_str     0x0000000000002386      0x15d basalt/appinfo.auto.c.19.o
                                        0x25e (size before relaxing)
 .debug_str     0x00000000000024e3      0x16b basalt/src/resource_ids.auto.c.19.o
                                        0x23f (size before relaxing)

.debug_frame    0x0000000000000000      0x9c0
 .debug_frame   0x0000000000000000       0xa8 src/common.c.19.o
 .debug_frame   0x00000000000000a8       0xdc src/gbitmap_manipulator.c.19.o
 .debug_frame   0x0000000000000184       0xc8 src/ipod.c.19.o
 .debug_frame   0x000000000000024c      0x140 src/ipod_state.c.19.o
 .debug_frame   0x000000000000038c      0x150 src/library_menus.c.19.o
 .debug_frame   0x00000000000004dc      0x134 src/main_menu.c.19.o
 .debug_frame   0x0000000000000610       0xcc src/marquee_text.c.19.o
 .debug_frame   0x00000000000006dc      0x278 src/now_playing.c.19.o
 .debug_frame   0x0000000000000954       0x6c src/progress_bar.c.19.o
